14:47:27.901 T:3724276640   DEBUG: CAMLCodec::Decode: ret: 4, sz: 0, dts_in: 18442240474082.1797[A1DD8], pts_in: 18442240474082.1797[A1DD8], adj:0, ptsOut:6.0667, amlpts:545999, idx:181, timesize:1.0009, drain: 0
14:47:27.911 T:3724276640   DEBUG: CAMLCodec::Decode: ret: 0, sz: 0, dts_in: 18442240474082.1797[A1DD8], pts_in: 18442240474082.1797[A1DD8], adj:0, ptsOut:6.0667, amlpts:545999, idx:181, timesize:1.0009, drain: 0
14:47:27.922 T:3724276640   DEBUG: CAMLCodec::Decode: ret: 2, sz: 0, dts_in: 18442240474082.1797[A1DD8], pts_in: 18442240474082.1797[A1DD8], adj:0, ptsOut:6.0667, amlpts:545999, idx:181, timesize:0.9676, drain: 0
14:47:27.928 T:4115355104   DEBUG: CAMLCodec::ReleaseFrame idx:179
14:47:27.932 T:3724276640   DEBUG: CAMLCodec::Decode: ret: 0, sz: 27770, dts_in: 7.4000[A2990], pts_in: 7.5333[A5870], adj:0, ptsOut:6.0667, amlpts:545999, idx:181, timesize:1.0009, drain: 0
14:47:27.932 T:3724276640   DEBUG: CAMLCodec::Decode: ret: 4, sz: 0, dts_in: 18442240474082.1797[A2990], pts_in: 18442240474082.1797[A5870], adj:0, ptsOut:6.1000, amlpts:549000, idx:182, timesize:1.0009, drain: 0
14:47:27.943 T:3724276640   DEBUG: CAMLCodec::Decode: ret: 0, sz: 0, dts_in: 18442240474082.1797[A2990], pts_in: 18442240474082.1797[A5870], adj:0, ptsOut:6.1000, amlpts:549000, idx:182, timesize:1.0009, drain: 0
14:47:27.953 T:3724276640   DEBUG: CAMLCodec::Decode: ret: 2, sz: 0, dts_in: 18442240474082.1797[A2990], pts_in: 18442240474082.1797[A5870], adj:0, ptsOut:6.1000, amlpts:549000, idx:182, timesize:0.9676, drain: 0
14:47:27.961 T:4115355104   DEBUG: CAMLCodec::ReleaseFrame idx:180
14:47:27.963 T:3724276640   DEBUG: CAMLCodec::Decode: ret: 0, sz: 13094, dts_in: 7.4333[A3548], pts_in: 7.4333[A3548], adj:0, ptsOut:6.1000, amlpts:549000, idx:182, timesize:1.0009, drain: 0
14:47:27.963 T:3724276640   DEBUG: CAMLCodec::Decode: ret: 4, sz: 0, dts_in: 18442240474082.1797[A3548], pts_in: 18442240474082.1797[A3548], adj:0, ptsOut:6.1333, amlpts:551999, idx:183, timesize:1.0009, drain: 0
14:47:27.971 T:3686790048   DEBUG: -->Python Interpreter Initialized<--
14:47:27.971 T:3686790048   DEBUG: CPythonInvoker(12, /etc/seebo/CheckUpdateInternet.py): the source file to load is "/etc/seebo/CheckUpdateInternet.py"
14:47:27.971 T:3686790048 WARNING: CPythonInvoker(12): Script invoked without an addon. Adding all addon modules installed to python path as fallback. This behaviour will be removed in future version.
14:47:27.974 T:3724276640   DEBUG: CAMLCodec::Decode: ret: 0, sz: 0, dts_in: 18442240474082.1797[A3548], pts_in: 18442240474082.1797[A3548], adj:0, ptsOut:6.1333, amlpts:551999, idx:183, timesize:1.0009, drain: 0
14:47:27.994 T:3724276640   DEBUG: Previous line repeats 1 times.
14:47:27.994 T:3724276640   DEBUG: CAMLCodec::Decode: ret: 2, sz: 0, dts_in: 18442240474082.1797[A3548], pts_in: 18442240474082.1797[A3548], adj:0, ptsOut:6.1333, amlpts:551999, idx:183, timesize:0.9676, drain: 0
14:47:27.994 T:3724276640   DEBUG: CAMLCodec::Decode: ret: 4, sz: 14762, dts_in: 7.4667[A4100], pts_in: 7.4667[A4100], adj:0, ptsOut:6.1667, amlpts:554999, idx:184, timesize:1.0009, drain: 0
14:47:27.995 T:4115355104   DEBUG: CAMLCodec::ReleaseFrame idx:181
14:47:28.005 T:3724276640   DEBUG: CAMLCodec::Decode: ret: 0, sz: 0, dts_in: 18442240474082.1797[A4100], pts_in: 18442240474082.1797[A4100], adj:0, ptsOut:6.1667, amlpts:554999, idx:184, timesize:1.0009, drain: 0
14:47:28.026 T:3724276640   DEBUG: Previous line repeats 1 times.
14:47:28.026 T:3724276640   DEBUG: CAMLCodec::Decode: ret: 2, sz: 0, dts_in: 18442240474082.1797[A4100], pts_in: 18442240474082.1797[A4100], adj:0, ptsOut:6.1667, amlpts:554999, idx:184, timesize:0.9676, drain: 0
14:47:28.028 T:4115355104   DEBUG: CAMLCodec::ReleaseFrame idx:182
14:47:28.036 T:3724276640   DEBUG: CAMLCodec::Decode: ret: 0, sz: 12340, dts_in: 7.5000[A4CB8], pts_in: 7.5000[A4CB8], adj:0, ptsOut:6.1667, amlpts:554999, idx:184, timesize:1.0009, drain: 0
14:47:28.036 T:3724276640   DEBUG: CAMLCodec::Decode: ret: 6, sz: 0, dts_in: 18442240474082.1797[A4CB8], pts_in: 18442240474082.1797[A4CB8], adj:0, ptsOut:6.2000, amlpts:558000, idx:185, timesize:0.9676, drain: 0
14:47:28.046 T:3724276640   DEBUG: CAMLCodec::Decode: ret: 0, sz: 24785, dts_in: 7.5333[A5870], pts_in: 7.6667[A8750], adj:0, ptsOut:6.2000, amlpts:558000, idx:185, timesize:1.0009, drain: 0
14:47:28.057 T:3724276640   DEBUG: CAMLCodec::Decode: ret: 0, sz: 0, dts_in: 18442240474082.1797[A5870], pts_in: 18442240474082.1797[A8750], adj:0, ptsOut:6.2000, amlpts:558000, idx:185, timesize:1.0009, drain: 0
14:47:28.061 T:4115355104   DEBUG: CAMLCodec::ReleaseFrame idx:183
14:47:28.067 T:3724276640   DEBUG: CAMLCodec::Decode: ret: 0, sz: 0, dts_in: 18442240474082.1797[A5870], pts_in: 18442240474082.1797[A8750], adj:0, ptsOut:6.2000, amlpts:558000, idx:185, timesize:1.0009, drain: 0
14:47:28.067 T:3724276640   DEBUG: CAMLCodec::Decode: ret: 4, sz: 0, dts_in: 18442240474082.1797[A5870], pts_in: 18442240474082.1797[A8750], adj:0, ptsOut:6.2333, amlpts:560999, idx:186, timesize:1.0009, drain: 0
14:47:28.077 T:3724276640   DEBUG: CAMLCodec::Decode: ret: 0, sz: 0, dts_in: 18442240474082.1797[A5870], pts_in: 18442240474082.1797[A8750], adj:0, ptsOut:6.2333, amlpts:560999, idx:186, timesize:1.0009, drain: 0
14:47:28.088 T:3724276640   DEBUG: CAMLCodec::Decode: ret: 2, sz: 0, dts_in: 18442240474082.1797[A5870], pts_in: 18442240474082.1797[A8750], adj:0, ptsOut:6.2333, amlpts:560999, idx:186, timesize:0.9676, drain: 0
14:47:28.094 T:4115355104   DEBUG: CAMLCodec::ReleaseFrame idx:184
14:47:28.098 T:3724276640   DEBUG: CAMLCodec::Decode: ret: 0, sz: 12081, dts_in: 7.5667[A6428], pts_in: 7.5667[A6428], adj:0, ptsOut:6.2333, amlpts:560999, idx:186, timesize:1.0009, drain: 0
14:47:28.098 T:3724276640   DEBUG: CAMLCodec::Decode: ret: 4, sz: 0, dts_in: 18442240474082.1797[A6428], pts_in: 18442240474082.1797[A6428], adj:0, ptsOut:6.2667, amlpts:563999, idx:187, timesize:1.0009, drain: 0
14:47:28.108 T:3724276640   DEBUG: CAMLCodec::Decode: ret: 0, sz: 0, dts_in: 18442240474082.1797[A6428], pts_in: 18442240474082.1797[A6428], adj:0, ptsOut:6.2667, amlpts:563999, idx:187, timesize:1.0009, drain: 0
14:47:28.115 T:3922715552   DEBUG: Library Data Provider: service version 0.3.2 started
14:47:28.119 T:3724276640   DEBUG: CAMLCodec::Decode: ret: 2, sz: 0, dts_in: 18442240474082.1797[A6428], pts_in: 18442240474082.1797[A6428], adj:0, ptsOut:6.2667, amlpts:563999, idx:187, timesize:0.9676, drain: 0
14:47:28.129 T:3724276640   DEBUG: CAMLCodec::Decode: ret: 0, sz: 12255, dts_in: 7.6000[A6FE0], pts_in: 7.6000[A6FE0], adj:0, ptsOut:6.2667, amlpts:563999, idx:187, timesize:1.0009, drain: 0
14:47:28.129 T:3724276640   DEBUG: CAMLCodec::Decode: ret: 4, sz: 0, dts_in: 18442240474082.1797[A6FE0], pts_in: 18442240474082.1797[A6FE0], adj:0, ptsOut:6.3000, amlpts:567000, idx:188, timesize:1.0009, drain: 0
14:47:28.132 T:4115355104   DEBUG: CAMLCodec::ReleaseFrame idx:185
14:47:28.142 T:3724276640   DEBUG: CAMLCodec::Decode: ret: 0, sz: 0, dts_in: 18442240474082.1797[A6FE0], pts_in: 18442240474082.1797[A6FE0], adj:0, ptsOut:6.3000, amlpts:567000, idx:188, timesize:1.0009, drain: 0
14:47:28.147 T:3922715552   DEBUG: RunQuery took 2 ms for 0 items query: select * from movie_view  WHERE ((movie_view.playCount IS NULL OR movie_view.playCount < 1))
14:47:28.148 T:3686790048   DEBUG: CPythonInvoker(12, /etc/seebo/CheckUpdateInternet.py): setting the Python path to /etc/seebo:/storage/.kodi/addons/plugin.video.youtube/resources/lib/:/usr/share/kodi/addons/script.module.pil/lib:/storage/.kodi/addons/script.module.requests/lib:/storage/.kodi/addons/script.module.metahandler/lib:/storage/.kodi/addons/script.module.urlresolver/lib:/storage/.kodi/addons/script.module.liveresolver/lib:/storage/.kodi/addons/script.module.simplejson/lib:/storage/.kodi/addons/script.module.autocompletion/lib:/storage/.kodi/addons/script.module.addon.signals/lib:/storage/.kodi/addons/script.module.youtube.dl/lib:/storage/.kodi/addons/script.module.kodi65/lib:/storage/.kodi/addons/script.module.routing/lib:/storage/.kodi/addons/script.module.six/lib:/storage/.kodi/addons/script.module.dateutil/lib:/storage/.kodi/addons/script.module.arrow/lib:/storage/.kodi/addons/script.module.beautifulsoup/lib:/storage/.kodi/addons/script.module.musicbrainz/lib:/storage/.kodi/addons/script.module.simplecache/lib:/storage/.kodi/addons/script.module.thetvdb/lib:/storage/.kodi/addons/script.module.metadatautils/lib:/storage/.kodi/addons/script.module.unidecode/lib:/storage/.kodi/addons/script.module.beautifulsoup4/lib:/storage/.kodi/addons/script.module.pyxbmct/lib:/storage/.kodi/addons/script.video.F4mProxy/lib:/storage/.kodi/addons/script.module.addon.common/lib:/storage/.kodi/addons/script.module.httplib2/lib:/storage/.kodi/addons/script.common.plugin.cache/lib:/storage/.kodi/addons/script.module.parsedom/lib:/storage/.kodi/addons/script.module.simple.downloader/lib:/storage/.kodi/addons/script.module.futures/lib:/storage/.kodi/addons/script.module.singledispatch/lib:/storage/.kodi/addons/script.module.livestreamer/lib:/storage/.kodi/addons/script.module.jesusboxmedia.common/lib:/storage/.kodi/addons/script.module.buggalo/lib:/storage/.kodi/addons/script.module.xbmcswift2/lib:/storage/.kodi/addons/script.module.html5lib/lib:/storage/.kodi/addons/script.module.iso8601/lib:/storage/.kodi/addons/script.module.m3u8/lib:/storage/.kodi/addons/script.module.nanscrapers/lib:/storage/.kodi/addons/script.module.python.koding.aio/lib:/storage/.kodi/addons/script.module.xmltodict/lib:/storage/.kodi/addons/service.vpn.manager/libs:/storage/.kodi/addons/script.module.t0mm0.common/lib:/storage/.kodi/addons/script.module.schism.common/lib:/storage/.kodi/addons/script.module.myconnpy/lib:/storage/.kodi/addons/script.module.certifi/lib:/storage/.kodi/addons/script.module.chardet/lib:/storage/.kodi/addons/script.module.idna/lib:/storage/.kodi/addons/script.module.urllib3/lib:/storage/.kodi/addons/script.neptune.artwork/lib:/storage/.kodi/addons/script.neptune.metadata/lib:/storage/.kodi/addons/script.module.resolveurl/lib:/storage/.kodi/addons/script.module.cherrypy/lib:/storage/.kodi/addons/script.module.universalscrapers/lib:/storage/.kodi/addons/script.module.placenta/lib:/storage/.kodi/addons/script.placenta.artwork/lib:/storage/.kodi/addons/script.placenta.metadata/lib:/storage/.kodi/addons/script.module.exodusscrapers/lib:/storage/.kodi/addons/script.module.future/libs:/storage/.kodi/addons/script.module.kodi-six/libs:/storage/.kodi/addons/script.module.slproxy/lib/:/storage/.kodi/addons/script.realdebrid.mod/lib:/storage/.kodi/addons/script.module.yoda/lib:/storage/.kodi/addons/script.yoda.artwork/lib:/storage/.kodi/addons/script.yoda.metadata/lib:/storage/.kodi/addons/script.exodus.artwork/lib:/storage/.kodi/addons/script.exodus.metadata/lib:/storage/.kodi/addons/script.module.exodus/lib:/storage/.kodi/addons/script.tempest.artwork/lib:/storage/.kodi/addons/script.tempest.metadata/lib:/storage/.kodi/addons/script.module.exoscrapers/lib:/storage/.kodi/addons/script.module.pyjsparser/lib:/storage/.kodi/addons/script.module.pytz/lib:/storage/.kodi/addons/script.module.tzlocal/lib:/storage/.kodi/addons/script.module.js2py/lib:/usr/lib/python27.zip:/usr/lib/python2.7:/usr/lib/python2.7/plat-linux2:/usr/lib/python2.7/lib-tk:/usr/lib/python2.7/lib-old:/usr/lib/python2.7/lib-dynload:/usr/lib/python2.7/site-packages:/usr/lib/python2.7/site-packages/gtk-2.0
14:47:28.149 T:3686790048   DEBUG: CPythonInvoker(12, /etc/seebo/CheckUpdateInternet.py): entering source directory /etc/seebo
14:47:28.152 T:3724276640   DEBUG: CAMLCodec::Decode: ret: 2, sz: 0, dts_in: 18442240474082.1797[A6FE0], pts_in: 18442240474082.1797[A6FE0], adj:0, ptsOut:6.3000, amlpts:567000, idx:188, timesize:0.9676, drain: 0
14:47:28.161 T:4115355104   DEBUG: CAMLCodec::ReleaseFrame idx:186
14:47:28.162 T:3724276640   DEBUG: CAMLCodec::Decode: ret: 0, sz: 13325, dts_in: 7.6333[A7B98], pts_in: 7.6333[A7B98], adj:0, ptsOut:6.3000, amlpts:567000, idx:188, timesize:1.0009, drain: 0
14:47:28.162 T:3724276640   DEBUG: CAMLCodec::Decode: ret: 4, sz: 0, dts_in: 18442240474082.1797[A7B98], pts_in: 18442240474082.1797[A7B98], adj:0, ptsOut:6.3333, amlpts:569999, idx:189, timesize:1.0009, drain: 0
14:47:28.173 T:3724276640   DEBUG: CAMLCodec::Decode: ret: 0, sz: 0, dts_in: 18442240474082.1797[A7B98], pts_in: 18442240474082.1797[A7B98], adj:0, ptsOut:6.3333, amlpts:569999, idx:189, timesize:1.0009, drain: 0
14:47:28.181 T:4115355104   DEBUG: CSettingsManager: requested setting (filelists.showhidden) was not found.
14:47:28.183 T:3724276640   DEBUG: Previous line repeats 1 times.
14:47:28.183 T:3724276640   DEBUG: CAMLCodec::Decode: ret: 0, sz: 0, dts_in: 18442240474082.1797[A7B98], pts_in: 18442240474082.1797[A7B98], adj:0, ptsOut:6.3333, amlpts:569999, idx:189, timesize:1.0009, drain: 0
14:47:28.184 T:4115355104    INFO: Loading special://xbmc/system/keymaps/appcommand.xml
14:47:28.185 T:4115355104    INFO: Loading special://xbmc/system/keymaps/customcontroller.AppleRemote.xml
14:47:28.190 T:4115355104    INFO: Loading special://xbmc/system/keymaps/customcontroller.Harmony.xml
14:47:28.193 T:3724276640   DEBUG: CAMLCodec::Decode: ret: 2, sz: 0, dts_in: 18442240474082.1797[A7B98], pts_in: 18442240474082.1797[A7B98], adj:0, ptsOut:6.3333, amlpts:569999, idx:189, timesize:0.9676, drain: 0
14:47:28.198 T:4115355104    INFO: Loading special://xbmc/system/keymaps/gamepad.xml
14:47:28.204 T:3724276640   DEBUG: CAMLCodec::Decode: ret: 0, sz: 23722, dts_in: 7.6667[A8750], pts_in: 7.8000[AB630], adj:0, ptsOut:6.3333, amlpts:569999, idx:189, timesize:1.0009, drain: 0
14:47:28.204 T:3724276640   DEBUG: CAMLCodec::Decode: ret: 4, sz: 0, dts_in: 18442240474082.1797[A8750], pts_in: 18442240474082.1797[AB630], adj:0, ptsOut:6.3667, amlpts:572999, idx:190, timesize:1.0009, drain: 0
14:47:28.207 T:4115355104    INFO: Loading special://xbmc/system/keymaps/joystick.xml
14:47:28.215 T:4115355104    INFO: Loading special://xbmc/system/keymaps/keyboard.xml
14:47:28.217 T:3922715552   DEBUG: RunQuery took 2 ms for 0 items query: select * from episode_view  WHERE ((episode_view.playCount IS NULL OR episode_view.playCount < 1))
14:47:28.229 T:3922715552   DEBUG: GetSongsFullByWhere query = SELECT sv.*, songartistview.* FROM (SELECT songview.* FROM songview  WHERE ((CAST(songview.iTimesPlayed as DECIMAL(5,1)) < 1)) ORDER BY RANDOM() LIMIT 20) AS sv JOIN songartistview ON songartistview.idsong = sv.idsong  ORDER BY songartistview.idsong, songartistview.idRole, songartistview.iOrder
14:47:28.239 T:3922715552   DEBUG: GetAlbumsByWhere query: SELECT albumview.*, albumartistview.* FROM albumview JOIN albumartistview ON albumartistview.idalbum = albumview.idalbum  WHERE albumview.strReleaseType = 'album'
14:47:28.240 T:3922715552   DEBUG: GetAlbumsByWhere - query took 1 ms
14:47:28.244 T:4115355104    INFO: Loading special://xbmc/system/keymaps/mouse.xml
14:47:28.248 T:4115355104    INFO: Loading special://xbmc/system/keymaps/remote.xml
14:47:28.260 T:3922715552   DEBUG: RunQuery took 1 ms for 0 items query: select * from musicvideo_view  WHERE ((musicvideo_view.playCount IS NULL OR musicvideo_view.playCount < 1))
14:47:28.268 T:4115355104    INFO: Loading special://xbmc/system/keymaps/touchscreen.xml
14:47:28.274 T:4115355104   DEBUG: CSettingsManager: requested setting (filelists.showhidden) was not found.
14:47:28.276 T:4115355104   DEBUG: Previous line repeats 1 times.
14:47:28.276 T:4115355104    INFO: Loading special://masterprofile/keymaps/keyboard.xml
14:47:28.280 T:3922715552   DEBUG: RunQuery took 2 ms for 0 items query: select * from movie_view  WHERE ((movie_view.playCount IS NULL OR movie_view.playCount < 1))
14:47:28.297 T:3922715552   DEBUG: RunQuery took 1 ms for 0 items query: select * from episode_view  WHERE ((episode_view.playCount IS NULL OR episode_view.playCount < 1))
14:47:28.305 T:4115355104   DEBUG: CSettingsManager: requested setting (filelists.showhidden) was not found.
14:47:28.306 T:4115355104   DEBUG: Previous line repeats 1 times.
14:47:28.306 T:4115355104    INFO: Loading special://profile/keymaps/keyboard.xml
14:47:28.307 T:3922715552   DEBUG: GetAlbumsByWhere query: SELECT albumview.*, albumartistview.* FROM albumview JOIN albumartistview ON albumartistview.idalbum = albumview.idalbum  WHERE albumview.strReleaseType = 'album'
14:47:28.308 T:3922715552   DEBUG: GetAlbumsByWhere - query took 1 ms
14:47:28.326 T:3922715552   DEBUG: RunQuery took 2 ms for 0 items query: select * from musicvideo_view  WHERE ((musicvideo_view.playCount IS NULL OR musicvideo_view.playCount < 1))
14:47:28.335 T:4115355104    INFO: Loading special://xbmc/system/Lircmap.xml
14:47:28.344 T:4115355104    INFO: * Adding remote mapping for device 'mceusb'
14:47:28.344 T:4115355104    INFO: * Adding remote mapping for device 'XboxDVDDongle'
14:47:28.344 T:4115355104    INFO: * Adding remote mapping for device 'Microsoft_Xbox'
14:47:28.344 T:4115355104    INFO: * Adding remote mapping for device 'PinnacleSysPCTVRemote'
14:47:28.345 T:4115355104    INFO: * Adding remote mapping for device 'anysee'
14:47:28.345 T:4115355104    INFO: * Adding remote mapping for device 'iMON-PAD'
14:47:28.345 T:4115355104    INFO: * Adding remote mapping for device 'Antec_Veris_RM200'
14:47:28.345 T:4115355104    INFO: * Adding remote mapping for device 'MCE_via_iMON'
14:47:28.345 T:4115355104    INFO: * Adding remote mapping for device 'TwinHanRemote'
14:47:28.345 T:4115355104    INFO: * Adding remote mapping for device 'linux-input-layer'
14:47:28.346 T:4115355104    INFO: * Linking remote mapping for 'linux-input-layer' to 'cx23885_remote'
14:47:28.346 T:4115355104    INFO: * Adding remote mapping for device 'mediacenter'
14:47:28.346 T:4115355104    INFO: * Adding remote mapping for device 'devinput'
14:47:28.348 T:4115355104   DEBUG: CButtonTranslator::Load - no userdata Lircmap.xml found, skipping
14:47:28.348 T:3922715552   DEBUG: RunQuery took 3 ms for 0 items query: select * from movie_view  WHERE (movie_view.idFile  IN (SELECT DISTINCT idFile FROM bookmark WHERE type = 1))
14:47:28.351 T:4115355104   DEBUG: CRenderManager::PrepareNextRender m_QueueSkip:5 iter.pts:6.300 front.pts:6.267 renderPts:6.431  latency:0.050
14:47:28.351 T:4115355104   DEBUG: CRenderManager::PrepareNextRender m_QueueSkip:5 iter.pts:6.333 front.pts:6.267 renderPts:6.431  latency:0.050
14:47:28.351 T:4115355104   DEBUG: CAMLCodec::ReleaseFrame idx:187
14:47:28.351 T:4115355104   DEBUG: CAMLCodec::ReleaseFrame idx:188
14:47:28.351 T:4115355104   DEBUG: CAMLCodec::ReleaseFrame idx:189
14:47:28.351 T:3724276640   DEBUG: CAMLCodec::Decode: ret: 6, sz: 0, dts_in: 18442240474082.1797[A8750], pts_in: 18442240474082.1797[AB630], adj:0, ptsOut:6.4000, amlpts:576000, idx:191, timesize:0.9676, drain: 0
14:47:28.351 T:3724276640   DEBUG: CAMLCodec::Decode: ret: 4, sz: 11608, dts_in: 7.7000[A9308], pts_in: 7.7000[A9308], adj:0, ptsOut:6.4333, amlpts:578999, idx:192, timesize:1.0009, drain: 0
14:47:28.352 T:4115355104   DEBUG: CAMLCodec::ReleaseFrame idx:190
14:47:28.363 T:3724276640   DEBUG: CAMLCodec::Decode: ret: 0, sz: 0, dts_in: 18442240474082.1797[A9308], pts_in: 18442240474082.1797[A9308], adj:0, ptsOut:6.4333, amlpts:578999, idx:192, timesize:1.0009, drain: 0
14:47:28.363 T:3724276640   DEBUG: CAMLCodec::Decode: ret: 4, sz: 0, dts_in: 18442240474082.1797[A9308], pts_in: 18442240474082.1797[A9308], adj:0, ptsOut:6.4667, amlpts:581999, idx:193, timesize:1.0009, drain: 0
14:47:28.363 T:4115355104   DEBUG: CAMLCodec::ReleaseFrame idx:191
14:47:28.373 T:3724276640   DEBUG: CAMLCodec::Decode: ret: 0, sz: 0, dts_in: 18442240474082.1797[A9308], pts_in: 18442240474082.1797[A9308], adj:0, ptsOut:6.4667, amlpts:581999, idx:193, timesize:1.0009, drain: 0
14:47:28.378 T:4115355104   DEBUG: CAMLCodec::ReleaseFrame idx:192
14:47:28.378 T:3922715552   DEBUG: RunQuery took 4 ms for 0 items query: SELECT * FROM tvshow_view  WHERE ((CASE WHEN COALESCE(tvshow_view.totalCount - tvshow_view.watchedcount, 0) > 0 THEN 0 ELSE 1 END  < 1)) AND ( ((tvshow_view.watchedcount > 0 AND tvshow_view.watchedcount < tvshow_view.totalCount) OR (tvshow_view.watchedcount = 0 AND EXISTS (SELECT 1 FROM episode_view WHERE episode_view.idShow = tvshow_view.idShow AND episode_view.resumeTimeInSeconds > 0))))
14:47:28.383 T:3724276640   DEBUG: CAMLCodec::Decode: ret: 2, sz: 0, dts_in: 18442240474082.1797[A9308], pts_in: 18442240474082.1797[A9308], adj:0, ptsOut:6.4667, amlpts:581999, idx:193, timesize:0.9342, drain: 0
14:47:28.384 T:3724276640   DEBUG: CVideoPlayerVideo::CalcDropRequirement - hurry: 1
14:47:28.384 T:3724276640   DEBUG: CAMLCodec::Decode: ret: 6, sz: 12046, dts_in: 7.7333[A9EC0], pts_in: 7.7333[A9EC0], adj:0, ptsOut:6.5000, amlpts:585000, idx:194, timesize:0.9342, drain: 0
14:47:28.394 T:3724276640   DEBUG: CAMLCodec::Decode: ret: 2, sz: 13832, dts_in: 7.7667[AAA78], pts_in: 7.7667[AAA78], adj:0, ptsOut:6.5000, amlpts:585000, idx:194, timesize:0.9676, drain: 0
14:47:28.394 T:4115355104   DEBUG: CAMLCodec::ReleaseFrame idx:193
14:47:28.394 T:3724276640   DEBUG: CAMLCodec::Decode: ret: 6, sz: 22774, dts_in: 7.8000[AB630], pts_in: 7.9333[AE510], adj:0, ptsOut:6.5333, amlpts:587999, idx:195, timesize:0.9342, drain: 0
14:47:28.405 T:3724276640   DEBUG: CAMLCodec::Decode: ret: 2, sz: 12279, dts_in: 7.8333[AC1E8], pts_in: 7.8333[AC1E8], adj:0, ptsOut:6.5333, amlpts:587999, idx:195, timesize:0.9676, drain: 0
14:47:28.415 T:3724276640   DEBUG: CAMLCodec::Decode: ret: 0, sz: 13213, dts_in: 7.8667[ACDA0], pts_in: 7.8667[ACDA0], adj:0, ptsOut:6.5333, amlpts:587999, idx:195, timesize:1.0009, drain: 0
14:47:28.415 T:3724276640   DEBUG: CAMLCodec::Decode: ret: 4, sz: 0, dts_in: 18442240474082.1797[ACDA0], pts_in: 18442240474082.1797[ACDA0], adj:0, ptsOut:6.5667, amlpts:590999, idx:196, timesize:1.0009, drain: 0
14:47:28.426 T:3724276640   DEBUG: CAMLCodec::Decode: ret: 0, sz: 0, dts_in: 18442240474082.1797[ACDA0], pts_in: 18442240474082.1797[ACDA0], adj:0, ptsOut:6.5667, amlpts:590999, idx:196, timesize:1.0009, drain: 0
14:47:28.426 T:3678401440   DEBUG: Super Favourites V1001.0.63 : ------------------ Launch Parameters ------------------
14:47:28.426 T:3678401440   DEBUG: Super Favourites V1001.0.63 : ?label=%EC%A6%90%EA%B2%A8%EC%B0%BE%EA%B8%B0&mode=400&path=special%3A%2F%2Fprofile%2Faddon_data%2Fplugin.program.super.favourites%2FSuper+Favourites%2F%EC%A6%90%EA%B2%A8%EC%B0%BE%EA%B8%B0&image=http%3A%2F%2Fpost.phinf.naver.net%2FMjAxOTA2MjdfMTMg%2FMDAxNTYxNTk4MDE2MTk1.lNFEK2r5J1RJEpLlsW5st6GIQhBfE2yyXvPRuMwYr6Ug.12Wj8A63Qo4c0uIeAy-kSZBEgqZmyjWHARw-kw7-P34g.JPEG%2FIIVXkDKTP6eL4kqRUGPzemX9UJ_g.jpg&fanart=special%3A%2F%2Fhome%2Fmedia%2FWallpaper%2Fwallpaper_20170511_134106.jpg&content_type=&reload=
14:47:28.426 T:3678401440   DEBUG: Super Favourites V1001.0.63 : ['plugin://plugin.program.super.favourites/', '2', '?label=%EC%A6%90%EA%B2%A8%EC%B0%BE%EA%B8%B0&mode=400&path=special%3A%2F%2Fprofile%2Faddon_data%2Fplugin.program.super.favourites%2FSuper+Favourites%2F%EC%A6%90%EA%B2%A8%EC%B0%BE%EA%B8%B0&image=http%3A%2F%2Fpost.phinf.naver.net%2FMjAxOTA2MjdfMTMg%2FMDAxNTYxNTk4MDE2MTk1.lNFEK2r5J1RJEpLlsW5st6GIQhBfE2yyXvPRuMwYr6Ug.12Wj8A63Qo4c0uIeAy-kSZBEgqZmyjWHARw-kw7-P34g.JPEG%2FIIVXkDKTP6eL4kqRUGPzemX9UJ_g.jpg&fanart=special%3A%2F%2Fhome%2Fmedia%2FWallpaper%2Fwallpaper_20170511_134106.jpg&content_type=&reload=']
14:47:28.426 T:3678401440   DEBUG: Super Favourites V1001.0.63 : mode        = 400
14:47:28.426 T:3678401440   DEBUG: Super Favourites V1001.0.63 : cmd         = None
14:47:28.426 T:3678401440   DEBUG: Super Favourites V1001.0.63 : folder      =
14:47:28.426 T:3678401440   DEBUG: Super Favourites V1001.0.63 : params      = {'fanart': 'special://home/media/Wallpaper/wallpaper_20170511_134106.jpg', 'image': 'http://post.phinf.naver.net/MjAxOTA2MjdfMTMg/MDAxNTYxNTk4MDE2MTk1.lNFEK2r5J1RJEpLlsW5st6GIQhBfE2yyXvPRuMwYr6Ug.12Wj8A63Qo4c0uIeAy-kSZBEgqZmyjWHARw-kw7-P34g.JPEG/IIVXkDKTP6eL4kqRUGPzemX9UJ_g.jpg', 'label': '\xec\xa6\x90\xea\xb2\xa8\xec\xb0\xbe\xea\xb8\xb0', 'reload': '', 'mode': '400', 'content_type': '', 'path': 'special://profile/addon_data/plugin.program.super.favourites/Super Favourites/\xec\xa6\x90\xea\xb2\xa8\xec\xb0\xbe\xea\xb8\xb0'}
14:47:28.426 T:3678401440   DEBUG: Super Favourites V1001.0.63 : launchMode  =
14:47:28.427 T:3678401440   DEBUG: Super Favourites V1001.0.63 : contentType = tvshows
14:47:28.427 T:3678401440   DEBUG: Super Favourites V1001.0.63 : viewType    = 0
14:47:28.427 T:3678401440   DEBUG: Super Favourites V1001.0.63 : isHome      = False
14:47:28.427 T:3678401440   DEBUG: Super Favourites V1001.0.63 : itemIndex   = -1
14:47:28.427 T:3678401440   DEBUG: Super Favourites V1001.0.63 : ident       = 2
14:47:28.427 T:3678401440   DEBUG: Super Favourites V1001.0.63 : -------------------------------------------------------
14:47:28.428 T:4115355104   DEBUG: CAMLCodec::ReleaseFrame idx:194
14:47:28.428 T:3922715552   DEBUG: GetAlbumsByWhere query: SELECT albumview.*, albumartistview.* FROM albumview JOIN albumartistview ON albumartistview.idalbum = albumview.idalbum  WHERE albumview.strReleaseType = 'album'
14:47:28.430 T:3922715552   DEBUG: GetAlbumsByWhere - query took 1 ms
14:47:28.436 T:3724276640   DEBUG: CAMLCodec::Decode: ret: 2, sz: 0, dts_in: 18442240474082.1797[ACDA0], pts_in: 18442240474082.1797[ACDA0], adj:0, ptsOut:6.5667, amlpts:590999, idx:196, timesize:0.9676, drain: 0
14:47:28.436 T:3724276640   DEBUG: CAMLCodec::Decode: ret: 6, sz: 14359, dts_in: 7.9000[AD958], pts_in: 7.9000[AD958], adj:0, ptsOut:6.6000, amlpts:594000, idx:197, timesize:0.9676, drain: 0
14:47:28.446 T:3724276640   DEBUG: CAMLCodec::Decode: ret: 2, sz: 21975, dts_in: 7.9333[AE510], pts_in: 8.0000[AFC80], adj:0, ptsOut:6.6000, amlpts:594000, idx:197, timesize:0.9676, drain: 0
14:47:28.457 T:3724276640   DEBUG: CAMLCodec::Decode: ret: 0, sz: 10623, dts_in: 7.9667[AF0C8], pts_in: 7.9667[AF0C8], adj:0, ptsOut:6.6000, amlpts:594000, idx:197, timesize:1.0009, drain: 0
14:47:28.461 T:4115355104   DEBUG: CAMLCodec::ReleaseFrame idx:195
14:47:28.467 T:3724276640   DEBUG: CAMLCodec::Decode: ret: 0, sz: 0, dts_in: 18442240474082.1797[AF0C8], pts_in: 18442240474082.1797[AF0C8], adj:0, ptsOut:6.6000, amlpts:594000, idx:197, timesize:1.0009, drain: 0
14:47:28.467 T:3724276640   DEBUG: CAMLCodec::Decode: ret: 4, sz: 0, dts_in: 18442240474082.1797[AF0C8], pts_in: 18442240474082.1797[AF0C8], adj:0, ptsOut:6.6333, amlpts:596999, idx:198, timesize:1.0009, drain: 0
14:47:28.477 T:3724276640   DEBUG: CAMLCodec::Decode: ret: 0, sz: 0, dts_in: 18442240474082.1797[AF0C8], pts_in: 18442240474082.1797[AF0C8], adj:0, ptsOut:6.6333, amlpts:596999, idx:198, timesize:1.0009, drain: 0
14:47:28.494 T:4115355104   DEBUG: Previous line repeats 1 times.
14:47:28.494 T:4115355104   DEBUG: CAMLCodec::ReleaseFrame idx:196
14:47:28.498 T:3724276640   DEBUG: CAMLCodec::Decode: ret: 0, sz: 0, dts_in: 18442240474082.1797[AF0C8], pts_in: 18442240474082.1797[AF0C8], adj:0, ptsOut:6.6333, amlpts:596999, idx:198, timesize:1.0009, drain: 0
14:47:28.498 T:3724276640   DEBUG: CAMLCodec::Decode: ret: 4, sz: 0, dts_in: 18442240474082.1797[AF0C8], pts_in: 18442240474082.1797[AF0C8], adj:0, ptsOut:6.6667, amlpts:599999, idx:199, timesize:1.0009, drain: 0
14:47:28.508 T:3724276640   DEBUG: CAMLCodec::Decode: ret: 0, sz: 0, dts_in: 18442240474082.1797[AF0C8], pts_in: 18442240474082.1797[AF0C8], adj:0, ptsOut:6.6667, amlpts:599999, idx:199, timesize:1.0009, drain: 0
14:47:28.519 T:3724276640   DEBUG: CAMLCodec::Decode: ret: 2, sz: 0, dts_in: 18442240474082.1797[AF0C8], pts_in: 18442240474082.1797[AF0C8], adj:0, ptsOut:6.6667, amlpts:599999, idx:199, timesize:0.9676, drain: 0
14:47:28.528 T:4115355104   DEBUG: CAMLCodec::ReleaseFrame idx:197
14:47:28.529 T:3724276640   DEBUG: CAMLCodec::Decode: ret: 0, sz: 38075, dts_in: 8.0000[AFC80], pts_in: 8.0333[B0838], adj:0, ptsOut:6.6667, amlpts:599999, idx:199, timesize:1.0009, drain: 0
14:47:28.529 T:3724276640   DEBUG: CAMLCodec::Decode: ret: 4, sz: 0, dts_in: 18442240474082.1797[AFC80], pts_in: 18442240474082.1797[B0838], adj:0, ptsOut:6.7000, amlpts:603000, idx:200, timesize:1.0009, drain: 0
14:47:28.540 T:3724276640   DEBUG: CAMLCodec::Decode: ret: 0, sz: 0, dts_in: 18442240474082.1797[AFC80], pts_in: 18442240474082.1797[B0838], adj:0, ptsOut:6.7000, amlpts:603000, idx:200, timesize:1.0009, drain: 0
14:47:28.549 T:3922715552   DEBUG: CFavourites::Load - no system favourites found, skipping
14:47:28.549 T:3922715552   DEBUG: CFavourites::Load - no userdata favourites found, skipping
14:47:28.550 T:3724276640   DEBUG: CAMLCodec::Decode: ret: 2, sz: 0, dts_in: 18442240474082.1797[AFC80], pts_in: 18442240474082.1797[B0838], adj:0, ptsOut:6.7000, amlpts:603000, idx:200, timesize:0.9676, drain: 0
14:47:28.560 T:3724276640   DEBUG: CAMLCodec::Decode: ret: 2, sz: 15657, dts_in: 8.0333[B0838], pts_in: 8.1667[B3718], adj:0, ptsOut:6.7000, amlpts:603000, idx:200, timesize:0.9676, drain: 0
14:47:28.561 T:4115355104   DEBUG: CAMLCodec::ReleaseFrame idx:198
14:47:28.570 T:3724276640   DEBUG: CAMLCodec::Decode: ret: 0, sz: 6568, dts_in: 8.0667[B13F0], pts_in: 8.0667[B13F0], adj:0, ptsOut:6.7000, amlpts:603000, idx:200, timesize:1.0009, drain: 0
14:47:28.571 T:3724276640   DEBUG: CAMLCodec::Decode: ret: 4, sz: 0, dts_in: 18442240474082.1797[B13F0], pts_in: 18442240474082.1797[B13F0], adj:0, ptsOut:6.7333, amlpts:605999, idx:201, timesize:1.0009, drain: 0
14:47:28.573 T:3922715552   DEBUG: Library Data Provider: Total time needed for all queries: 0:00:00.446622
14:47:28.581 T:3724276640   DEBUG: CAMLCodec::Decode: ret: 0, sz: 0, dts_in: 18442240474082.1797[B13F0], pts_in: 18442240474082.1797[B13F0], adj:0, ptsOut:6.7333, amlpts:605999, idx:201, timesize:1.0009, drain: 0
14:47:28.589 T:3577738144   DEBUG: UpdateAudioSystemStatus - no CEC capable amplifier found
14:47:28.591 T:3724276640   DEBUG: CAMLCodec::Decode: ret: 0, sz: 0, dts_in: 18442240474082.1797[B13F0], pts_in: 18442240474082.1797[B13F0], adj:0, ptsOut:6.7333, amlpts:605999, idx:201, timesize:1.0009, drain: 0
14:47:28.594 T:4115355104   DEBUG: CAMLCodec::ReleaseFrame idx:199
14:47:28.601 T:3724276640   DEBUG: CAMLCodec::Decode: ret: 0, sz: 0, dts_in: 18442240474082.1797[B13F0], pts_in: 18442240474082.1797[B13F0], adj:0, ptsOut:6.7333, amlpts:605999, idx:201, timesize:1.0009, drain: 0
14:47:28.602 T:3724276640   DEBUG: CAMLCodec::Decode: ret: 4, sz: 0, dts_in: 18442240474082.1797[B13F0], pts_in: 18442240474082.1797[B13F0], adj:0, ptsOut:6.7667, amlpts:608999, idx:202, timesize:1.0009, drain: 0
14:47:28.612 T:3724276640   DEBUG: CAMLCodec::Decode: ret: 0, sz: 0, dts_in: 18442240474082.1797[B13F0], pts_in: 18442240474082.1797[B13F0], adj:0, ptsOut:6.7667, amlpts:608999, idx:202, timesize:1.0009, drain: 0
14:47:28.622 T:3724276640   DEBUG: CAMLCodec::Decode: ret: 2, sz: 0, dts_in: 18442240474082.1797[B13F0], pts_in: 18442240474082.1797[B13F0], adj:0, ptsOut:6.7667, amlpts:608999, idx:202, timesize:0.9676, drain: 0
14:47:28.628 T:4115355104   DEBUG: CAMLCodec::ReleaseFrame idx:200
14:47:28.633 T:3724276640   DEBUG: CAMLCodec::Decode: ret: 0, sz: 6943, dts_in: 8.1000[B1FA8], pts_in: 8.1000[B1FA8], adj:0, ptsOut:6.7667, amlpts:608999, idx:202, timesize:1.0009, drain: 0
14:47:28.633 T:3724276640   DEBUG: CAMLCodec::Decode: ret: 4, sz: 0, dts_in: 18442240474082.1797[B1FA8], pts_in: 18442240474082.1797[B1FA8], adj:0, ptsOut:6.8000, amlpts:612000, idx:203, timesize:1.0009, drain: 0
14:47:28.651 T:3724276640   DEBUG: CAMLCodec::Decode: ret: 0, sz: 0, dts_in: 18442240474082.1797[B1FA8], pts_in: 18442240474082.1797[B1FA8], adj:0, ptsOut:6.8000, amlpts:612000, idx:203, timesize:1.0009, drain: 0
14:47:28.658 T:4115355104   DEBUG: CAMLCodec::ReleaseFrame idx:201
14:47:28.662 T:3724276640   DEBUG: CAMLCodec::Decode: ret: 2, sz: 0, dts_in: 18442240474082.1797[B1FA8], pts_in: 18442240474082.1797[B1FA8], adj:0, ptsOut:6.8000, amlpts:612000, idx:203, timesize:0.9676, drain: 0
14:47:28.662 T:3724276640   DEBUG: CAMLCodec::Decode: ret: 4, sz: 7540, dts_in: 8.1333[B2B60], pts_in: 8.1333[B2B60], adj:0, ptsOut:6.8333, amlpts:614999, idx:204, timesize:1.0009, drain: 0
14:47:28.672 T:3724276640   DEBUG: CAMLCodec::Decode: ret: 0, sz: 0, dts_in: 18442240474082.1797[B2B60], pts_in: 18442240474082.1797[B2B60], adj:0, ptsOut:6.8333, amlpts:614999, idx:204, timesize:1.0009, drain: 0
14:47:28.683 T:3724276640   DEBUG: Previous line repeats 1 times.
14:47:28.683 T:3724276640   DEBUG: CAMLCodec::Decode: ret: 6, sz: 0, dts_in: 18442240474082.1797[B2B60], pts_in: 18442240474082.1797[B2B60], adj:0, ptsOut:6.8667, amlpts:617999, idx:205, timesize:0.9676, drain: 0
14:47:28.691 T:3880772512   DEBUG:  StorageServer Module loaded RUN
14:47:28.691 T:3880772512   DEBUG: StorageClient-2.5.4 Starting server
14:47:28.696 T:4115355104   DEBUG: CAMLCodec::ReleaseFrame idx:202
14:47:28.698 T:3695178656   DEBUG: Super Favourites V1001.0.63 : ------------------ Launch Parameters ------------------
14:47:28.699 T:3695178656   DEBUG: Super Favourites V1001.0.63 : ?label=LilacTV&mode=400&path=special%3A%2F%2Fprofile%2Faddon_data%2Fplugin.program.super.favourites%2FSuper+Favourites%2FSystem%2FLilacTV&image=http%3A%2F%2Ft1.daumcdn.net%2Fmovie%2F3b66b4fe1ddf22eaab1a552d408184765594e9f1&fanart=http%3A%2F%2Ft1.daumcdn.net%2Fmovie%2Fe3f1635478112dafe97b8bb7ba88bf14f7aa404c&content_type=&reload=
14:47:28.699 T:3695178656   DEBUG: Super Favourites V1001.0.63 : ['plugin://plugin.program.super.favourites/', '1', '?label=LilacTV&mode=400&path=special%3A%2F%2Fprofile%2Faddon_data%2Fplugin.program.super.favourites%2FSuper+Favourites%2FSystem%2FLilacTV&image=http%3A%2F%2Ft1.daumcdn.net%2Fmovie%2F3b66b4fe1ddf22eaab1a552d408184765594e9f1&fanart=http%3A%2F%2Ft1.daumcdn.net%2Fmovie%2Fe3f1635478112dafe97b8bb7ba88bf14f7aa404c&content_type=&reload=']
14:47:28.699 T:3695178656   DEBUG: Super Favourites V1001.0.63 : mode        = 400
14:47:28.699 T:3695178656   DEBUG: Super Favourites V1001.0.63 : cmd         = None
14:47:28.699 T:3695178656   DEBUG: Super Favourites V1001.0.63 : folder      =
14:47:28.699 T:3695178656   DEBUG: Super Favourites V1001.0.63 : params      = {'fanart': 'http://t1.daumcdn.net/movie/e3f1635478112dafe97b8bb7ba88bf14f7aa404c', 'image': 'http://t1.daumcdn.net/movie/3b66b4fe1ddf22eaab1a552d408184765594e9f1', 'label': 'LilacTV', 'reload': '', 'mode': '400', 'content_type': '', 'path': 'special://profile/addon_data/plugin.program.super.favourites/Super Favourites/System/LilacTV'}
14:47:28.699 T:3695178656   DEBUG: Super Favourites V1001.0.63 : launchMode  =
14:47:28.699 T:3695178656   DEBUG: Super Favourites V1001.0.63 : contentType = tvshows
14:47:28.699 T:3695178656   DEBUG: Super Favourites V1001.0.63 : viewType    = 0
14:47:28.700 T:3695178656   DEBUG: Super Favourites V1001.0.63 : isHome      = False
14:47:28.700 T:3695178656   DEBUG: Super Favourites V1001.0.63 : itemIndex   = -1
14:47:28.700 T:3695178656   DEBUG: Super Favourites V1001.0.63 : ident       = 1
14:47:28.700 T:3695178656   DEBUG: Super Favourites V1001.0.63 : -------------------------------------------------------
14:47:28.700 T:3678401440   DEBUG: CSettingsManager: requested setting (filelists.showhidden) was not found.
14:47:28.707 T:3724276640   DEBUG: Previous line repeats 1 times.
14:47:28.707 T:3724276640   DEBUG: CAMLCodec::Decode: ret: 2, sz: 16871, dts_in: 8.1667[B3718], pts_in: 8.3000[B65F8], adj:0, ptsOut:6.8667, amlpts:617999, idx:205, timesize:0.9676, drain: 0
14:47:28.717 T:3724276640   DEBUG: CAMLCodec::Decode: ret: 0, sz: 5283, dts_in: 8.2000[B42D0], pts_in: 8.2000[B42D0], adj:0, ptsOut:6.8667, amlpts:617999, idx:205, timesize:1.0009, drain: 0
14:47:28.727 T:3724276640   DEBUG: CAMLCodec::Decode: ret: 0, sz: 0, dts_in: 18442240474082.1797[B42D0], pts_in: 18442240474082.1797[B42D0], adj:0, ptsOut:6.8667, amlpts:617999, idx:205, timesize:1.0009, drain: 0
14:47:28.728 T:3724276640   DEBUG: CAMLCodec::Decode: ret: 4, sz: 0, dts_in: 18442240474082.1797[B42D0], pts_in: 18442240474082.1797[B42D0], adj:0, ptsOut:6.9000, amlpts:621000, idx:206, timesize:1.0009, drain: 0
14:47:28.728 T:4115355104   DEBUG: CAMLCodec::ReleaseFrame idx:203
14:47:28.738 T:3724276640   DEBUG: CAMLCodec::Decode: ret: 0, sz: 0, dts_in: 18442240474082.1797[B42D0], pts_in: 18442240474082.1797[B42D0], adj:0, ptsOut:6.9000, amlpts:621000, idx:206, timesize:1.0009, drain: 0
14:47:28.748 T:3724276640   DEBUG: CAMLCodec::Decode: ret: 2, sz: 0, dts_in: 18442240474082.1797[B42D0], pts_in: 18442240474082.1797[B42D0], adj:0, ptsOut:6.9000, amlpts:621000, idx:206, timesize:0.9676, drain: 0
14:47:28.758 T:3724276640   DEBUG: CAMLCodec::Decode: ret: 0, sz: 6755, dts_in: 8.2333[B4E88], pts_in: 8.2333[B4E88], adj:0, ptsOut:6.9000, amlpts:621000, idx:206, timesize:1.0009, drain: 0
14:47:28.761 T:4115355104   DEBUG: CAMLCodec::ReleaseFrame idx:204
14:47:28.769 T:3724276640   DEBUG: CAMLCodec::Decode: ret: 0, sz: 0, dts_in: 18442240474082.1797[B4E88], pts_in: 18442240474082.1797[B4E88], adj:0, ptsOut:6.9000, amlpts:621000, idx:206, timesize:1.0009, drain: 0
14:47:28.769 T:3724276640   DEBUG: CAMLCodec::Decode: ret: 4, sz: 0, dts_in: 18442240474082.1797[B4E88], pts_in: 18442240474082.1797[B4E88], adj:0, ptsOut:6.9333, amlpts:623999, idx:207, timesize:1.0009, drain: 0
14:47:28.781 T:3724276640   DEBUG: CAMLCodec::Decode: ret: 0, sz: 0, dts_in: 18442240474082.1797[B4E88], pts_in: 18442240474082.1797[B4E88], adj:0, ptsOut:6.9333, amlpts:623999, idx:207, timesize:1.0009, drain: 0
14:47:28.791 T:3724276640   DEBUG: CAMLCodec::Decode: ret: 2, sz: 0, dts_in: 18442240474082.1797[B4E88], pts_in: 18442240474082.1797[B4E88], adj:0, ptsOut:6.9333, amlpts:623999, idx:207, timesize:0.9676, drain: 0
14:47:28.794 T:4115355104   DEBUG: CAMLCodec::ReleaseFrame idx:205
14:47:28.798 T:3552572320   DEBUG: Super Favourites V1001.0.63 : ------------------ Launch Parameters ------------------
14:47:28.798 T:3552572320   DEBUG: Super Favourites V1001.0.63 : ?label=%EC%B5%9C%EC%8B%A0%EB%93%9C%EB%9D%BC%EB%A7%88&mode=400&path=special%3A%2F%2Fprofile%2Faddon_data%2Fplugin.program.super.favourites%2FSuper+Favourites%2FSystem%2F%EC%B5%9C%EC%8B%A0%EB%93%9C%EB%9D%BC%EB%A7%88&image=https%3A%2F%2Fsp.ondemandkorea.com%2Fincludes%2Ftimthumb.php%3Fw%3D168%26h%3D238%26src%3D%2Fwp-content%2Fthemes%2Fondemandkorea%2Fuploads%2Fposter%2F3651_my_husband_mr_oh_poster_kr.jpg&fanart=%2Fstorage%2F.kodi%2Faddons%2Fplugin.program.super.favourites%2Ffanart.jpg&content_type=&reload=
14:47:28.798 T:3552572320   DEBUG: Super Favourites V1001.0.63 : ['plugin://plugin.program.super.favourites/', '3', '?label=%EC%B5%9C%EC%8B%A0%EB%93%9C%EB%9D%BC%EB%A7%88&mode=400&path=special%3A%2F%2Fprofile%2Faddon_data%2Fplugin.program.super.favourites%2FSuper+Favourites%2FSystem%2F%EC%B5%9C%EC%8B%A0%EB%93%9C%EB%9D%BC%EB%A7%88&image=https%3A%2F%2Fsp.ondemandkorea.com%2Fincludes%2Ftimthumb.php%3Fw%3D168%26h%3D238%26src%3D%2Fwp-content%2Fthemes%2Fondemandkorea%2Fuploads%2Fposter%2F3651_my_husband_mr_oh_poster_kr.jpg&fanart=%2Fstorage%2F.kodi%2Faddons%2Fplugin.program.super.favourites%2Ffanart.jpg&content_type=&reload=']
14:47:28.798 T:3552572320   DEBUG: Super Favourites V1001.0.63 : mode        = 400
14:47:28.798 T:3552572320   DEBUG: Super Favourites V1001.0.63 : cmd         = None
14:47:28.798 T:3552572320   DEBUG: Super Favourites V1001.0.63 : folder      =
14:47:28.799 T:3552572320   DEBUG: Super Favourites V1001.0.63 : params      = {'fanart': '/storage/.kodi/addons/plugin.program.super.favourites/fanart.jpg', 'image': 'https://sp.ondemandkorea.com/includes/timthumb.php?w=168&h=238&src=/wp-content/themes/ondemandkorea/uploads/poster/3651_my_husband_mr_oh_poster_kr.jpg', 'label': '\xec\xb5\x9c\xec\x8b\xa0\xeb\x93\x9c\xeb\x9d\xbc\xeb\xa7\x88', 'reload': '', 'mode': '400', 'content_type': '', 'path': 'special://profile/addon_data/plugin.program.super.favourites/Super Favourites/System/\xec\xb5\x9c\xec\x8b\xa0\xeb\x93\x9c\xeb\x9d\xbc\xeb\xa7\x88'}
14:47:28.799 T:3552572320   DEBUG: Super Favourites V1001.0.63 : launchMode  =
14:47:28.799 T:3552572320   DEBUG: Super Favourites V1001.0.63 : contentType = tvshows
14:47:28.799 T:3552572320   DEBUG: Super Favourites V1001.0.63 : viewType    = 0
14:47:28.799 T:3552572320   DEBUG: Super Favourites V1001.0.63 : isHome      = False
14:47:28.799 T:3552572320   DEBUG: Super Favourites V1001.0.63 : itemIndex   = -1
14:47:28.799 T:3552572320   DEBUG: Super Favourites V1001.0.63 : ident       = 3
14:47:28.799 T:3552572320   DEBUG: Super Favourites V1001.0.63 : -------------------------------------------------------
14:47:28.802 T:3724276640   DEBUG: CAMLCodec::Decode: ret: 0, sz: 5088, dts_in: 8.2667[B5A40], pts_in: 8.2667[B5A40], adj:0, ptsOut:6.9333, amlpts:623999, idx:207, timesize:1.0009, drain: 0
14:47:28.802 T:3724276640   DEBUG: CAMLCodec::Decode: ret: 4, sz: 0, dts_in: 18442240474082.1797[B5A40], pts_in: 18442240474082.1797[B5A40], adj:0, ptsOut:6.9667, amlpts:626999, idx:208, timesize:1.0009, drain: 0
14:47:28.812 T:3724276640   DEBUG: CAMLCodec::Decode: ret: 0, sz: 0, dts_in: 18442240474082.1797[B5A40], pts_in: 18442240474082.1797[B5A40], adj:0, ptsOut:6.9667, amlpts:626999, idx:208, timesize:1.0009, drain: 0
14:47:28.813 T:3695178656   DEBUG: CSettingsManager: requested setting (filelists.showhidden) was not found.
14:47:28.822 T:3724276640   DEBUG: Previous line repeats 1 times.
14:47:28.822 T:3724276640   DEBUG: CAMLCodec::Decode: ret: 2, sz: 0, dts_in: 18442240474082.1797[B5A40], pts_in: 18442240474082.1797[B5A40], adj:0, ptsOut:6.9667, amlpts:626999, idx:208, timesize:0.9676, drain: 0
14:47:28.830 T:4115355104   DEBUG: CAMLCodec::ReleaseFrame idx:206
14:47:28.833 T:3724276640   DEBUG: CAMLCodec::Decode: ret: 0, sz: 8623, dts_in: 8.3000[B65F8], pts_in: 8.4333[B94D8], adj:0, ptsOut:6.9667, amlpts:626999, idx:208, timesize:1.0009, drain: 0
14:47:28.833 T:3724276640   DEBUG: CAMLCodec::Decode: ret: 4, sz: 0, dts_in: 18442240474082.1797[B65F8], pts_in: 18442240474082.1797[B94D8], adj:0, ptsOut:7.0000, amlpts:630000, idx:209, timesize:1.0009, drain: 0
14:47:28.843 T:3724276640   DEBUG: CAMLCodec::Decode: ret: 0, sz: 0, dts_in: 18442240474082.1797[B65F8], pts_in: 18442240474082.1797[B94D8], adj:0, ptsOut:7.0000, amlpts:630000, idx:209, timesize:1.0009, drain: 0
14:47:28.853 T:3724276640   DEBUG: CAMLCodec::Decode: ret: 2, sz: 0, dts_in: 18442240474082.1797[B65F8], pts_in: 18442240474082.1797[B94D8], adj:0, ptsOut:7.0000, amlpts:630000, idx:209, timesize:0.9676, drain: 0
14:47:28.861 T:4115355104   DEBUG: CAMLCodec::ReleaseFrame idx:207
14:47:28.864 T:3724276640   DEBUG: CAMLCodec::Decode: ret: 0, sz: 1523, dts_in: 8.3333[B71B0], pts_in: 8.3333[B71B0], adj:0, ptsOut:7.0000, amlpts:630000, idx:209, timesize:1.0009, drain: 0
14:47:28.864 T:3724276640   DEBUG: CAMLCodec::Decode: ret: 4, sz: 0, dts_in: 18442240474082.1797[B71B0], pts_in: 18442240474082.1797[B71B0], adj:0, ptsOut:7.0333, amlpts:632999, idx:210, timesize:1.0009, drain: 0
14:47:28.874 T:3724276640   DEBUG: CAMLCodec::Decode: ret: 0, sz: 0, dts_in: 18442240474082.1797[B71B0], pts_in: 18442240474082.1797[B71B0], adj:0, ptsOut:7.0333, amlpts:632999, idx:210, timesize:1.0009, drain: 0
14:47:28.880 T:3863995296   DEBUG: VPN Mgr : -- Entered service.py --
14:47:28.881 T:3863995296  NOTICE: VPN Mgr : (service.py) Starting VPN monitor service, platform is 2, version is 1003.0.16
14:47:28.881 T:3863995296  NOTICE: VPN Mgr : (service.py) Kodi build is 17.6 Git:LilacTV-1.0.6
14:47:28.884 T:3724276640   DEBUG: CAMLCodec::Decode: ret: 2, sz: 0, dts_in: 18442240474082.1797[B71B0], pts_in: 18442240474082.1797[B71B0], adj:0, ptsOut:7.0333, amlpts:632999, idx:210, timesize:0.9676, drain: 0
14:47:28.891 T:3552572320   DEBUG: CSettingsManager: requested setting (filelists.showhidden) was not found.
14:47:28.895 T:3724276640   DEBUG: Previous line repeats 1 times.
14:47:28.895 T:3724276640   DEBUG: CAMLCodec::Decode: ret: 0, sz: 1060, dts_in: 8.3667[B7D68], pts_in: 8.3667[B7D68], adj:0, ptsOut:7.0333, amlpts:632999, idx:210, timesize:1.0009, drain: 0
14:47:28.895 T:3724276640   DEBUG: CAMLCodec::Decode: ret: 4, sz: 0, dts_in: 18442240474082.1797[B7D68], pts_in: 18442240474082.1797[B7D68], adj:0, ptsOut:7.0667, amlpts:635999, idx:211, timesize:1.0009, drain: 0
14:47:28.896 T:4115355104   DEBUG: CAMLCodec::ReleaseFrame idx:208
14:47:28.906 T:3724276640   DEBUG: CAMLCodec::Decode: ret: 0, sz: 0, dts_in: 18442240474082.1797[B7D68], pts_in: 18442240474082.1797[B7D68], adj:0, ptsOut:7.0667, amlpts:635999, idx:211, timesize:1.0009, drain: 0
14:47:28.916 T:3724276640   DEBUG: CAMLCodec::Decode: ret: 2, sz: 0, dts_in: 18442240474082.1797[B7D68], pts_in: 18442240474082.1797[B7D68], adj:0, ptsOut:7.0667, amlpts:635999, idx:211, timesize:0.9676, drain: 0
14:47:28.926 T:3724276640   DEBUG: CAMLCodec::Decode: ret: 0, sz: 1186, dts_in: 8.4000[B8920], pts_in: 8.4000[B8920], adj:0, ptsOut:7.0667, amlpts:635999, idx:211, timesize:1.0009, drain: 0
14:47:28.930 T:4115355104   DEBUG: CAMLCodec::ReleaseFrame idx:209
14:47:28.937 T:3724276640   DEBUG: CAMLCodec::Decode: ret: 0, sz: 0, dts_in: 18442240474082.1797[B8920], pts_in: 18442240474082.1797[B8920], adj:0, ptsOut:7.0667, amlpts:635999, idx:211, timesize:1.0009, drain: 0
14:47:28.937 T:3724276640   DEBUG: CAMLCodec::Decode: ret: 6, sz: 0, dts_in: 18442240474082.1797[B8920], pts_in: 18442240474082.1797[B8920], adj:0, ptsOut:7.1000, amlpts:639000, idx:212, timesize:0.9676, drain: 0
14:47:28.947 T:3724276640   DEBUG: CAMLCodec::Decode: ret: 0, sz: 1661, dts_in: 8.4333[B94D8], pts_in: 8.5667[BC3B8], adj:0, ptsOut:7.1000, amlpts:639000, idx:212, timesize:1.0009, drain: 0
14:47:28.958 T:3724276640   DEBUG: CAMLCodec::Decode: ret: 0, sz: 0, dts_in: 18442240474082.1797[B94D8], pts_in: 18442240474082.1797[BC3B8], adj:0, ptsOut:7.1000, amlpts:639000, idx:212, timesize:1.0009, drain: 0
14:47:28.961 T:4115355104   DEBUG: CAMLCodec::ReleaseFrame idx:210
14:47:28.968 T:3724276640   DEBUG: CAMLCodec::Decode: ret: 0, sz: 0, dts_in: 18442240474082.1797[B94D8], pts_in: 18442240474082.1797[BC3B8], adj:0, ptsOut:7.1000, amlpts:639000, idx:212, timesize:1.0009, drain: 0
14:47:28.968 T:3724276640   DEBUG: CAMLCodec::Decode: ret: 4, sz: 0, dts_in: 18442240474082.1797[B94D8], pts_in: 18442240474082.1797[BC3B8], adj:0, ptsOut:7.1333, amlpts:641999, idx:213, timesize:1.0009, drain: 0
14:47:28.978 T:3724276640   DEBUG: CAMLCodec::Decode: ret: 0, sz: 0, dts_in: 18442240474082.1797[B94D8], pts_in: 18442240474082.1797[BC3B8], adj:0, ptsOut:7.1333, amlpts:641999, idx:213, timesize:1.0009, drain: 0
14:47:28.988 T:3724276640   DEBUG: CAMLCodec::Decode: ret: 2, sz: 0, dts_in: 18442240474082.1797[B94D8], pts_in: 18442240474082.1797[BC3B8], adj:0, ptsOut:7.1333, amlpts:641999, idx:213, timesize:0.9676, drain: 0
14:47:28.994 T:4115355104   DEBUG: CAMLCodec::ReleaseFrame idx:211
14:47:28.999 T:3724276640   DEBUG: CAMLCodec::Decode: ret: 0, sz: 765, dts_in: 8.4667[BA090], pts_in: 8.4667[BA090], adj:0, ptsOut:7.1333, amlpts:641999, idx:213, timesize:1.0009, drain: 0
14:47:28.999 T:3724276640   DEBUG: CAMLCodec::Decode: ret: 4, sz: 0, dts_in: 18442240474082.1797[BA090], pts_in: 18442240474082.1797[BA090], adj:0, ptsOut:7.1667, amlpts:644999, idx:214, timesize:1.0009, drain: 0
14:47:29.009 T:3724276640   DEBUG: CAMLCodec::Decode: ret: 0, sz: 0, dts_in: 18442240474082.1797[BA090], pts_in: 18442240474082.1797[BA090], adj:0, ptsOut:7.1667, amlpts:644999, idx:214, timesize:1.0009, drain: 0
14:47:29.019 T:3724276640   DEBUG: CAMLCodec::Decode: ret: 2, sz: 0, dts_in: 18442240474082.1797[BA090], pts_in: 18442240474082.1797[BA090], adj:0, ptsOut:7.1667, amlpts:644999, idx:214, timesize:0.9676, drain: 0
14:47:29.030 T:4115355104   DEBUG: CAMLCodec::ReleaseFrame idx:212
14:47:29.030 T:3724276640   DEBUG: CAMLCodec::Decode: ret: 0, sz: 763, dts_in: 8.5000[BAC48], pts_in: 8.5000[BAC48], adj:0, ptsOut:7.1667, amlpts:644999, idx:214, timesize:1.0009, drain: 0
14:47:29.030 T:3724276640   DEBUG: CAMLCodec::Decode: ret: 4, sz: 0, dts_in: 18442240474082.1797[BAC48], pts_in: 18442240474082.1797[BAC48], adj:0, ptsOut:7.2000, amlpts:648000, idx:215, timesize:1.0009, drain: 0
