09:11:48.961 T:3836736416   DEBUG: CAMLCodec::Decode: ret: 6, sz: 10705, dts_in: 5.0667[6F540], pts_in: 5.0667[6F540], adj:0, ptsOut:3.7333, amlpts:335999, idx:111, timesize:0.9676, drain: 0
09:11:48.962 T:4116944352   DEBUG: CAMLCodec::ReleaseFrame idx:108
09:11:48.971 T:3836736416   DEBUG: CAMLCodec::Decode: ret: 2, sz: 24014, dts_in: 5.1000[700F8], pts_in: 5.2333[72FD8], adj:0, ptsOut:3.7333, amlpts:335999, idx:111, timesize:0.9342, drain: 0
09:11:48.980 T:3451909024   DEBUG: Thread FileCache 3451909024 terminating
09:11:48.980 T:4029670304   DEBUG: CFileCache::Open - opening <teamuniversal/scrapers/master/_modules4all/zips/addons.xml.md5> using cache
09:11:48.981 T:4029670304   DEBUG: CurlFile::Open(0xd0db1930) https://raw.githubusercontent.com/teamuniversal/scrapers/master/_modules4all/zips/addons.xml.md5
09:11:48.982 T:3836736416   DEBUG: CAMLCodec::Decode: ret: 2, sz: 10217, dts_in: 5.1333[70CB0], pts_in: 5.1333[70CB0], adj:0, ptsOut:3.7333, amlpts:335999, idx:111, timesize:0.9676, drain: 0
09:11:48.992 T:3836736416   DEBUG: CAMLCodec::Decode: ret: 0, sz: 13801, dts_in: 5.1667[71868], pts_in: 5.1667[71868], adj:0, ptsOut:3.7333, amlpts:335999, idx:111, timesize:1.0009, drain: 0
09:11:48.992 T:3836736416   DEBUG: CAMLCodec::Decode: ret: 4, sz: 0, dts_in: 18442240474082.1797[71868], pts_in: 18442240474082.1797[71868], adj:0, ptsOut:3.7667, amlpts:338999, idx:112, timesize:1.0009, drain: 0
09:11:48.992 T:3441423264   DEBUG: Thread FileCache 3441423264 terminating
09:11:48.993 T:3897549728   DEBUG: CFileCache::Open - opening <jenaddon/repository.jenrepo/master/zips/addons.xml.md5> using cache
09:11:48.993 T:3897549728   DEBUG: CurlFile::Open(0xcc90ab98) https://raw.githubusercontent.com/jenaddon/repository.jenrepo/master/zips/addons.xml.md5
09:11:48.994 T:4116944352   DEBUG: CAMLCodec::ReleaseFrame idx:109
09:11:48.997 T:3441423264   DEBUG: Thread FileCache start, auto delete: false
09:11:48.997 T:3441423264    INFO: CFileCache::Process - Source read didn't return any data! Hit eof(?)
09:11:49.002 T:3836736416   DEBUG: CAMLCodec::Decode: ret: 0, sz: 0, dts_in: 18442240474082.1797[71868], pts_in: 18442240474082.1797[71868], adj:0, ptsOut:3.7667, amlpts:338999, idx:112, timesize:1.0009, drain: 0
09:11:49.010 T:3451909024   DEBUG: Thread FileCache start, auto delete: false
09:11:49.011 T:3451909024    INFO: CFileCache::Process - Source read didn't return any data! Hit eof(?)
09:11:49.013 T:3836736416   DEBUG: CAMLCodec::Decode: ret: 0, sz: 0, dts_in: 18442240474082.1797[71868], pts_in: 18442240474082.1797[71868], adj:0, ptsOut:3.7667, amlpts:338999, idx:112, timesize:1.0009, drain: 0
09:11:49.027 T:4116944352   DEBUG: Previous line repeats 1 times.
09:11:49.027 T:4116944352   DEBUG: CAMLCodec::ReleaseFrame idx:110
09:11:49.033 T:3836736416   DEBUG: CAMLCodec::Decode: ret: 0, sz: 0, dts_in: 18442240474082.1797[71868], pts_in: 18442240474082.1797[71868], adj:0, ptsOut:3.7667, amlpts:338999, idx:112, timesize:1.0009, drain: 0
09:11:49.033 T:3836736416   DEBUG: CAMLCodec::Decode: ret: 4, sz: 0, dts_in: 18442240474082.1797[71868], pts_in: 18442240474082.1797[71868], adj:0, ptsOut:3.8000, amlpts:342000, idx:113, timesize:1.0009, drain: 0
09:11:49.044 T:3836736416   DEBUG: CAMLCodec::Decode: ret: 0, sz: 0, dts_in: 18442240474082.1797[71868], pts_in: 18442240474082.1797[71868], adj:0, ptsOut:3.8000, amlpts:342000, idx:113, timesize:1.0009, drain: 0
09:11:49.047 T:3441423264   DEBUG: Thread FileCache 3441423264 terminating
09:11:49.048 T:4029670304   DEBUG: CFileCache::Open - opening <zip/plugin/addons.xml.md5> using cache
09:11:49.048 T:4029670304   DEBUG: CurlFile::Open(0xd0db1930) http://supremacy.org.uk/zip/plugin/addons.xml.md5
09:11:49.048 T:4029670304    INFO: easy_aquire - Created session to http://supremacy.org.uk
09:11:49.054 T:3836736416   DEBUG: CAMLCodec::Decode: ret: 0, sz: 0, dts_in: 18442240474082.1797[71868], pts_in: 18442240474082.1797[71868], adj:0, ptsOut:3.8000, amlpts:342000, idx:113, timesize:1.0009, drain: 0
09:11:49.061 T:3451909024   DEBUG: Thread FileCache 3451909024 terminating
09:11:49.062 T:3897549728   DEBUG: CFileCache::Open - opening <jsergio123/zips/master/addons.xml.md5> using cache
09:11:49.062 T:4116944352   DEBUG: CAMLCodec::ReleaseFrame idx:111
09:11:49.062 T:3897549728   DEBUG: CurlFile::Open(0xcc90ab98) https://raw.githubusercontent.com/jsergio123/zips/master/addons.xml.md5
09:11:49.065 T:3836736416   DEBUG: CAMLCodec::Decode: ret: 0, sz: 0, dts_in: 18442240474082.1797[71868], pts_in: 18442240474082.1797[71868], adj:0, ptsOut:3.8000, amlpts:342000, idx:113, timesize:1.0009, drain: 0
09:11:49.065 T:3836736416   DEBUG: CAMLCodec::Decode: ret: 4, sz: 0, dts_in: 18442240474082.1797[71868], pts_in: 18442240474082.1797[71868], adj:0, ptsOut:3.8333, amlpts:344999, idx:114, timesize:1.0009, drain: 0
09:11:49.075 T:3836736416   DEBUG: CAMLCodec::Decode: ret: 0, sz: 0, dts_in: 18442240474082.1797[71868], pts_in: 18442240474082.1797[71868], adj:0, ptsOut:3.8333, amlpts:344999, idx:114, timesize:1.0009, drain: 0
09:11:49.079 T:3451909024   DEBUG: Thread FileCache start, auto delete: false
09:11:49.079 T:3451909024    INFO: CFileCache::Process - Source read didn't return any data! Hit eof(?)
09:11:49.085 T:3836736416   DEBUG: CAMLCodec::Decode: ret: 0, sz: 0, dts_in: 18442240474082.1797[71868], pts_in: 18442240474082.1797[71868], adj:0, ptsOut:3.8333, amlpts:344999, idx:114, timesize:1.0009, drain: 0
09:11:49.094 T:4116944352   DEBUG: CAMLCodec::ReleaseFrame idx:112
09:11:49.096 T:3836736416   DEBUG: CAMLCodec::Decode: ret: 0, sz: 0, dts_in: 18442240474082.1797[71868], pts_in: 18442240474082.1797[71868], adj:0, ptsOut:3.8333, amlpts:344999, idx:114, timesize:1.0009, drain: 0
09:11:49.096 T:3836736416   DEBUG: CAMLCodec::Decode: ret: 4, sz: 0, dts_in: 18442240474082.1797[71868], pts_in: 18442240474082.1797[71868], adj:0, ptsOut:3.8667, amlpts:347999, idx:115, timesize:1.0009, drain: 0
09:11:49.112 T:3836736416   DEBUG: CAMLCodec::Decode: ret: 0, sz: 0, dts_in: 18442240474082.1797[71868], pts_in: 18442240474082.1797[71868], adj:0, ptsOut:3.8667, amlpts:347999, idx:115, timesize:1.0009, drain: 0
09:11:49.119 T:3664769952   DEBUG: -->Python Interpreter Initialized<--
09:11:49.119 T:3664769952   DEBUG: CPythonInvoker(13, /etc/seebo/CheckUpdateInternet.py): the source file to load is "/etc/seebo/CheckUpdateInternet.py"
09:11:49.119 T:3664769952 WARNING: CPythonInvoker(13): Script invoked without an addon. Adding all addon modules installed to python path as fallback. This behaviour will be removed in future version.
09:11:49.123 T:3836736416   DEBUG: CAMLCodec::Decode: ret: 2, sz: 0, dts_in: 18442240474082.1797[71868], pts_in: 18442240474082.1797[71868], adj:0, ptsOut:3.8667, amlpts:347999, idx:115, timesize:0.9676, drain: 0
09:11:49.129 T:4116944352   DEBUG: CAMLCodec::ReleaseFrame idx:113
09:11:49.130 T:3451909024   DEBUG: Thread FileCache 3451909024 terminating
09:11:49.131 T:3897549728   DEBUG: CFileCache::Open - opening <teamuniversal/scrapers/master/_modules4all/zips/addons.xml.md5> using cache
09:11:49.131 T:3897549728   DEBUG: CurlFile::Open(0xcc90afb8) https://raw.githubusercontent.com/teamuniversal/scrapers/master/_modules4all/zips/addons.xml.md5
09:11:49.133 T:3836736416   DEBUG: CAMLCodec::Decode: ret: 2, sz: 12798, dts_in: 5.2000[72420], pts_in: 5.2000[72420], adj:0, ptsOut:3.8667, amlpts:347999, idx:115, timesize:0.9342, drain: 0
09:11:49.134 T:3836736416   DEBUG: CAMLCodec::Decode: ret: 6, sz: 27816, dts_in: 5.2333[72FD8], pts_in: 5.3667[75EB8], adj:0, ptsOut:3.9000, amlpts:351000, idx:116, timesize:0.8675, drain: 0
09:11:49.144 T:3836736416   DEBUG: CAMLCodec::Decode: ret: 2, sz: 13466, dts_in: 5.2667[73B90], pts_in: 5.2667[73B90], adj:0, ptsOut:3.9000, amlpts:351000, idx:116, timesize:0.9008, drain: 0
09:11:49.148 T:3451909024   DEBUG: Thread FileCache start, auto delete: false
09:11:49.148 T:3451909024    INFO: CFileCache::Process - Source read didn't return any data! Hit eof(?)
09:11:49.149 T:4029670304   ERROR: CCurlFile::FillBuffer - Failed: Couldn't resolve host name(6)
09:11:49.149 T:4029670304   ERROR: CCurlFile::Open failed with code 0 for http://supremacy.org.uk/zip/plugin/addons.xml.md5
09:11:49.149 T:4029670304   ERROR: Open - failed to open source <http://supremacy.org.uk/zip/plugin/addons.xml.md5>
09:11:49.150 T:4029670304   ERROR: CRepository: failed read 'http://supremacy.org.uk/zip/plugin/addons.xml.md5'
09:11:49.155 T:3836736416   DEBUG: CAMLCodec::Decode: ret: 2, sz: 17320, dts_in: 5.3000[74748], pts_in: 5.3000[74748], adj:0, ptsOut:3.9000, amlpts:351000, idx:116, timesize:0.9342, drain: 0
09:11:49.157 T:4029670304   DEBUG: CRepositoryUpdateJob[repository.maverickrepo] checking for updates.
09:11:49.161 T:4029670304   DEBUG: CFileCache::Open - opening <totalrevolution/python-koding/master/zips/addons.xml.md5> using cache
09:11:49.162 T:4029670304   DEBUG: CurlFile::Open(0xd0db18e0) https://raw.githubusercontent.com/totalrevolution/python-koding/master/zips/addons.xml.md5
09:11:49.163 T:4116944352   DEBUG: CAMLCodec::ReleaseFrame idx:114
09:11:49.165 T:3836736416   DEBUG: CAMLCodec::Decode: ret: 2, sz: 15258, dts_in: 5.3333[75300], pts_in: 5.3333[75300], adj:0, ptsOut:3.9000, amlpts:351000, idx:116, timesize:0.9676, drain: 0
09:11:49.166 T:3836736416   DEBUG: CAMLCodec::Decode: ret: 6, sz: 27505, dts_in: 5.3667[75EB8], pts_in: 5.4667[781E0], adj:0, ptsOut:3.9333, amlpts:353999, idx:117, timesize:0.9676, drain: 0
09:11:49.176 T:3836736416   DEBUG: CAMLCodec::Decode: ret: 0, sz: 13598, dts_in: 5.4000[76A70], pts_in: 5.4000[76A70], adj:0, ptsOut:3.9333, amlpts:353999, idx:117, timesize:1.0009, drain: 0
09:11:49.179 T:3441423264   DEBUG: Thread FileCache start, auto delete: false
09:11:49.179 T:3441423264    INFO: CFileCache::Process - Source read didn't return any data! Hit eof(?)
09:11:49.186 T:3836736416   DEBUG: CAMLCodec::Decode: ret: 0, sz: 0, dts_in: 18442240474082.1797[76A70], pts_in: 18442240474082.1797[76A70], adj:0, ptsOut:3.9333, amlpts:353999, idx:117, timesize:1.0009, drain: 0
09:11:49.197 T:3836736416   DEBUG: Previous line repeats 1 times.
09:11:49.197 T:3836736416   DEBUG: CAMLCodec::Decode: ret: 4, sz: 0, dts_in: 18442240474082.1797[76A70], pts_in: 18442240474082.1797[76A70], adj:0, ptsOut:3.9667, amlpts:356999, idx:118, timesize:1.0009, drain: 0
09:11:49.199 T:3451909024   DEBUG: Thread FileCache 3451909024 terminating
09:11:49.199 T:3897549728   DEBUG: CFileCache::Open - opening <totalrevolution/python-koding/master/zips/addons.xml.md5> using cache
09:11:49.199 T:3897549728   DEBUG: CurlFile::Open(0xcc92c158) https://raw.githubusercontent.com/totalrevolution/python-koding/master/zips/addons.xml.md5
09:11:49.211 T:4116944352   DEBUG: CAMLCodec::ReleaseFrame idx:115
09:11:49.216 T:3451909024   DEBUG: Thread FileCache start, auto delete: false
09:11:49.216 T:3451909024    INFO: CFileCache::Process - Source read didn't return any data! Hit eof(?)
09:11:49.218 T:3836736416   DEBUG: CAMLCodec::Decode: ret: 0, sz: 0, dts_in: 18442240474082.1797[76A70], pts_in: 18442240474082.1797[76A70], adj:0, ptsOut:3.9667, amlpts:356999, idx:118, timesize:1.0009, drain: 0
09:11:49.227 T:4116944352   DEBUG: CAMLCodec::ReleaseFrame idx:116
09:11:49.229 T:3836736416   DEBUG: CAMLCodec::Decode: ret: 0, sz: 0, dts_in: 18442240474082.1797[76A70], pts_in: 18442240474082.1797[76A70], adj:0, ptsOut:3.9667, amlpts:356999, idx:118, timesize:1.0009, drain: 0
09:11:49.229 T:3441423264   DEBUG: Thread FileCache 3441423264 terminating
09:11:49.230 T:4029670304   DEBUG: CFileCache::Open - opening <Maverick53/modrepo/master/addons.xml.md5> using cache
09:11:49.230 T:4029670304   DEBUG: CurlFile::Open(0xd1a10b60) https://raw.githubusercontent.com/Maverick53/modrepo/master/addons.xml.md5
09:11:49.239 T:3836736416   DEBUG: CAMLCodec::Decode: ret: 0, sz: 0, dts_in: 18442240474082.1797[76A70], pts_in: 18442240474082.1797[76A70], adj:0, ptsOut:3.9667, amlpts:356999, idx:118, timesize:1.0009, drain: 0
09:11:49.247 T:3441423264   DEBUG: Thread FileCache start, auto delete: false
09:11:49.247 T:3441423264    INFO: CFileCache::Process - Source read didn't return any data! Hit eof(?)
09:11:49.249 T:3836736416   DEBUG: CAMLCodec::Decode: ret: 0, sz: 0, dts_in: 18442240474082.1797[76A70], pts_in: 18442240474082.1797[76A70], adj:0, ptsOut:3.9667, amlpts:356999, idx:118, timesize:1.0009, drain: 0
09:11:49.249 T:3836736416   DEBUG: CAMLCodec::Decode: ret: 4, sz: 0, dts_in: 18442240474082.1797[76A70], pts_in: 18442240474082.1797[76A70], adj:0, ptsOut:4.0000, amlpts:360000, idx:119, timesize:1.0009, drain: 0
09:11:49.260 T:3836736416   DEBUG: CAMLCodec::Decode: ret: 0, sz: 0, dts_in: 18442240474082.1797[76A70], pts_in: 18442240474082.1797[76A70], adj:0, ptsOut:4.0000, amlpts:360000, idx:119, timesize:1.0009, drain: 0
09:11:49.260 T:3836736416   DEBUG: CAMLCodec::Decode: ret: 4, sz: 0, dts_in: 18442240474082.1797[76A70], pts_in: 18442240474082.1797[76A70], adj:0, ptsOut:4.0333, amlpts:362999, idx:120, timesize:1.0009, drain: 0
09:11:49.262 T:4116944352   DEBUG: CAMLCodec::ReleaseFrame idx:117
09:11:49.266 T:3451909024   DEBUG: Thread FileCache 3451909024 terminating
09:11:49.267 T:3897549728   DEBUG: CFileCache::Open - opening <TVKINGS/ManCaveRepo/master/zips/addons.xml.md5> using cache
09:11:49.267 T:3897549728   DEBUG: CurlFile::Open(0xcc940c80) https://raw.githubusercontent.com/TVKINGS/ManCaveRepo/master/zips/addons.xml.md5
09:11:49.270 T:3836736416   DEBUG: CAMLCodec::Decode: ret: 0, sz: 0, dts_in: 18442240474082.1797[76A70], pts_in: 18442240474082.1797[76A70], adj:0, ptsOut:4.0333, amlpts:362999, idx:120, timesize:1.0009, drain: 0
09:11:49.291 T:3836736416   DEBUG: Previous line repeats 2 times.
09:11:49.291 T:3836736416   DEBUG: CAMLCodec::Decode: ret: 4, sz: 0, dts_in: 18442240474082.1797[76A70], pts_in: 18442240474082.1797[76A70], adj:0, ptsOut:4.0667, amlpts:365999, idx:121, timesize:1.0009, drain: 0
09:11:49.298 T:3441423264   DEBUG: Thread FileCache 3441423264 terminating
09:11:49.298 T:4029670304   DEBUG: CFileCache::Open - opening <teamuniversal/scrapers/master/_modules4all/zips/addons.xml.md5> using cache
09:11:49.298 T:4029670304   DEBUG: CurlFile::Open(0xd1807d68) https://raw.githubusercontent.com/teamuniversal/scrapers/master/_modules4all/zips/addons.xml.md5
09:11:49.311 T:4116944352   DEBUG: CAMLCodec::ReleaseFrame idx:118
09:11:49.315 T:3441423264   DEBUG: Thread FileCache start, auto delete: false
09:11:49.315 T:3441423264    INFO: CFileCache::Process - Source read didn't return any data! Hit eof(?)
09:11:49.318 T:3836736416   DEBUG: CAMLCodec::Decode: ret: 0, sz: 0, dts_in: 18442240474082.1797[76A70], pts_in: 18442240474082.1797[76A70], adj:0, ptsOut:4.0667, amlpts:365999, idx:121, timesize:1.0009, drain: 0
09:11:49.327 T:4116944352   DEBUG: CAMLCodec::ReleaseFrame idx:119
09:11:49.338 T:3836736416   DEBUG: CAMLCodec::Decode: ret: 0, sz: 0, dts_in: 18442240474082.1797[76A70], pts_in: 18442240474082.1797[76A70], adj:0, ptsOut:4.0667, amlpts:365999, idx:121, timesize:1.0009, drain: 0
09:11:49.348 T:3836736416   DEBUG: Previous line repeats 1 times.
09:11:49.348 T:3836736416   DEBUG: CAMLCodec::Decode: ret: 4, sz: 0, dts_in: 18442240474082.1797[76A70], pts_in: 18442240474082.1797[76A70], adj:0, ptsOut:4.1000, amlpts:369000, idx:122, timesize:1.0009, drain: 0
09:11:49.349 T:3836736416   DEBUG: CPullupCorrection: detected pattern of length 1: 33333.33, frameduration: 33333.333333
09:11:49.359 T:3836736416   DEBUG: CAMLCodec::Decode: ret: 0, sz: 0, dts_in: 18442240474082.1797[76A70], pts_in: 18442240474082.1797[76A70], adj:0, ptsOut:4.1000, amlpts:369000, idx:122, timesize:1.0009, drain: 0
09:11:49.359 T:3836736416   DEBUG: CAMLCodec::Decode: ret: 6, sz: 0, dts_in: 18442240474082.1797[76A70], pts_in: 18442240474082.1797[76A70], adj:0, ptsOut:4.1333, amlpts:371999, idx:123, timesize:0.9676, drain: 0
09:11:49.361 T:4116944352   DEBUG: CAMLCodec::ReleaseFrame idx:120
09:11:49.365 T:3441423264   DEBUG: Thread FileCache 3441423264 terminating
09:11:49.366 T:4029670304   DEBUG: CFileCache::Open - opening <jsergio123/zips/master/addons.xml.md5> using cache
09:11:49.366 T:4029670304   DEBUG: CurlFile::Open(0xd1a10b60) https://raw.githubusercontent.com/jsergio123/zips/master/addons.xml.md5
09:11:49.370 T:3836736416   DEBUG: CAMLCodec::Decode: ret: 2, sz: 15620, dts_in: 5.4333[77628], pts_in: 5.4333[77628], adj:0, ptsOut:4.1333, amlpts:371999, idx:123, timesize:0.9342, drain: 0
09:11:49.391 T:3836736416   DEBUG: CAMLCodec::Decode: ret: 2, sz: 25844, dts_in: 5.4667[781E0], pts_in: 5.6000[7B0C0], adj:0, ptsOut:4.1333, amlpts:371999, idx:123, timesize:0.9008, drain: 0
09:11:49.391 T:3836736416   DEBUG: CAMLCodec::Decode: ret: 6, sz: 15351, dts_in: 5.5000[78D98], pts_in: 5.5000[78D98], adj:0, ptsOut:4.1667, amlpts:374999, idx:124, timesize:0.9342, drain: 0
09:11:49.392 T:3441423264   DEBUG: Thread FileCache start, auto delete: false
09:11:49.393 T:3441423264    INFO: CFileCache::Process - Source read didn't return any data! Hit eof(?)
09:11:49.398 T:4116944352   DEBUG: CAMLCodec::ReleaseFrame idx:121
09:11:49.408 T:3836736416   DEBUG: CAMLCodec::Decode: ret: 2, sz: 19145, dts_in: 5.5333[79950], pts_in: 5.5333[79950], adj:0, ptsOut:4.1667, amlpts:374999, idx:124, timesize:0.9676, drain: 0
09:11:49.419 T:3836736416   DEBUG: CAMLCodec::Decode: ret: 0, sz: 16929, dts_in: 5.5667[7A508], pts_in: 5.5667[7A508], adj:0, ptsOut:4.1667, amlpts:374999, idx:124, timesize:1.0009, drain: 0
09:11:49.427 T:4116944352   DEBUG: CAMLCodec::ReleaseFrame idx:122
09:11:49.429 T:3836736416   DEBUG: CAMLCodec::Decode: ret: 0, sz: 0, dts_in: 18442240474082.1797[7A508], pts_in: 18442240474082.1797[7A508], adj:0, ptsOut:4.1667, amlpts:374999, idx:124, timesize:1.0009, drain: 0
09:11:49.429 T:3836736416   DEBUG: CAMLCodec::Decode: ret: 4, sz: 0, dts_in: 18442240474082.1797[7A508], pts_in: 18442240474082.1797[7A508], adj:0, ptsOut:4.2000, amlpts:378000, idx:125, timesize:1.0009, drain: 0
09:11:49.439 T:3836736416   DEBUG: CAMLCodec::Decode: ret: 0, sz: 0, dts_in: 18442240474082.1797[7A508], pts_in: 18442240474082.1797[7A508], adj:0, ptsOut:4.2000, amlpts:378000, idx:125, timesize:1.0009, drain: 0
09:11:49.443 T:3441423264   DEBUG: Thread FileCache 3441423264 terminating
09:11:49.443 T:4029670304   DEBUG: CFileCache::Open - opening <addons/addons.xml> using cache
09:11:49.444 T:4029670304   DEBUG: CurlFile::Open(0xd1807d68) http://kongmediaservice.tk/addons/addons.xml
09:11:49.444 T:4029670304    INFO: easy_aquire - Created session to http://kongmediaservice.tk
09:11:49.450 T:3836736416   DEBUG: CAMLCodec::Decode: ret: 0, sz: 0, dts_in: 18442240474082.1797[7A508], pts_in: 18442240474082.1797[7A508], adj:0, ptsOut:4.2000, amlpts:378000, idx:125, timesize:1.0009, drain: 0
09:11:49.463 T:3836736416   DEBUG: Previous line repeats 1 times.
09:11:49.463 T:3836736416   DEBUG: CAMLCodec::Decode: ret: 4, sz: 0, dts_in: 18442240474082.1797[7A508], pts_in: 18442240474082.1797[7A508], adj:0, ptsOut:4.2333, amlpts:380999, idx:126, timesize:1.0009, drain: 0
09:11:49.463 T:4116944352   DEBUG: CAMLCodec::ReleaseFrame idx:123
09:11:49.473 T:3836736416   DEBUG: CAMLCodec::Decode: ret: 0, sz: 0, dts_in: 18442240474082.1797[7A508], pts_in: 18442240474082.1797[7A508], adj:0, ptsOut:4.2333, amlpts:380999, idx:126, timesize:1.0009, drain: 0
09:11:49.494 T:3836736416   DEBUG: Previous line repeats 2 times.
09:11:49.494 T:3836736416   DEBUG: CAMLCodec::Decode: ret: 4, sz: 0, dts_in: 18442240474082.1797[7A508], pts_in: 18442240474082.1797[7A508], adj:0, ptsOut:4.2667, amlpts:383999, idx:127, timesize:1.0009, drain: 0
09:11:49.498 T:4116944352   DEBUG: CAMLCodec::ReleaseFrame idx:124
09:11:49.504 T:3836736416   DEBUG: CAMLCodec::Decode: ret: 0, sz: 0, dts_in: 18442240474082.1797[7A508], pts_in: 18442240474082.1797[7A508], adj:0, ptsOut:4.2667, amlpts:383999, idx:127, timesize:1.0009, drain: 0
09:11:49.514 T:3836736416   DEBUG: CAMLCodec::Decode: ret: 2, sz: 0, dts_in: 18442240474082.1797[7A508], pts_in: 18442240474082.1797[7A508], adj:0, ptsOut:4.2667, amlpts:383999, idx:127, timesize:0.9676, drain: 0
09:11:49.525 T:3836736416   DEBUG: CAMLCodec::Decode: ret: 2, sz: 23906, dts_in: 5.6000[7B0C0], pts_in: 5.7333[7DFA0], adj:0, ptsOut:4.2667, amlpts:383999, idx:127, timesize:0.9008, drain: 0
09:11:49.525 T:3836736416   DEBUG: CAMLCodec::Decode: ret: 6, sz: 13805, dts_in: 5.6333[7BC78], pts_in: 5.6333[7BC78], adj:0, ptsOut:4.3000, amlpts:387000, idx:128, timesize:0.9342, drain: 0
09:11:49.527 T:4116944352   DEBUG: CAMLCodec::ReleaseFrame idx:125
09:11:49.536 T:3836736416   DEBUG: CAMLCodec::Decode: ret: 2, sz: 16452, dts_in: 5.6667[7C830], pts_in: 5.6667[7C830], adj:0, ptsOut:4.3000, amlpts:387000, idx:128, timesize:0.9676, drain: 0
09:11:49.546 T:3836736416   DEBUG: CAMLCodec::Decode: ret: 0, sz: 13714, dts_in: 5.7000[7D3E8], pts_in: 5.7000[7D3E8], adj:0, ptsOut:4.3000, amlpts:387000, idx:128, timesize:1.0009, drain: 0
09:11:49.556 T:3836736416   DEBUG: CAMLCodec::Decode: ret: 0, sz: 0, dts_in: 18442240474082.1797[7D3E8], pts_in: 18442240474082.1797[7D3E8], adj:0, ptsOut:4.3000, amlpts:387000, idx:128, timesize:1.0009, drain: 0
09:11:49.561 T:4116944352   DEBUG: CAMLCodec::ReleaseFrame idx:126
09:11:49.567 T:3836736416   DEBUG: CAMLCodec::Decode: ret: 0, sz: 0, dts_in: 18442240474082.1797[7D3E8], pts_in: 18442240474082.1797[7D3E8], adj:0, ptsOut:4.3000, amlpts:387000, idx:128, timesize:1.0009, drain: 0
09:11:49.567 T:3836736416   DEBUG: CAMLCodec::Decode: ret: 4, sz: 0, dts_in: 18442240474082.1797[7D3E8], pts_in: 18442240474082.1797[7D3E8], adj:0, ptsOut:4.3333, amlpts:389999, idx:129, timesize:1.0009, drain: 0
09:11:49.570 T:3554669472   DEBUG: [plugin.video.youtube] HTTPServer: Request uri path |/ping|
09:11:49.571 T:3554669472   DEBUG: [plugin.video.youtube] HTTPServer: Connection from |127.0.0.1| Local range: |True|
09:11:49.578 T:3836736416   DEBUG: CAMLCodec::Decode: ret: 0, sz: 0, dts_in: 18442240474082.1797[7D3E8], pts_in: 18442240474082.1797[7D3E8], adj:0, ptsOut:4.3333, amlpts:389999, idx:129, timesize:1.0009, drain: 0
09:11:49.581 T:3939492768   DEBUG: [plugin.video.youtube] HTTPServer: Ping |127.0.0.1:50152| |204|
09:11:49.588 T:3836736416   DEBUG: CAMLCodec::Decode: ret: 0, sz: 0, dts_in: 18442240474082.1797[7D3E8], pts_in: 18442240474082.1797[7D3E8], adj:0, ptsOut:4.3333, amlpts:389999, idx:129, timesize:1.0009, drain: 0
09:11:49.595 T:4116944352   DEBUG: CAMLCodec::ReleaseFrame idx:127
09:11:49.598 T:3836736416   DEBUG: CAMLCodec::Decode: ret: 0, sz: 0, dts_in: 18442240474082.1797[7D3E8], pts_in: 18442240474082.1797[7D3E8], adj:0, ptsOut:4.3333, amlpts:389999, idx:129, timesize:1.0009, drain: 0
09:11:49.598 T:3836736416   DEBUG: CAMLCodec::Decode: ret: 4, sz: 0, dts_in: 18442240474082.1797[7D3E8], pts_in: 18442240474082.1797[7D3E8], adj:0, ptsOut:4.3667, amlpts:392999, idx:130, timesize:1.0009, drain: 0
09:11:49.609 T:3836736416   DEBUG: CAMLCodec::Decode: ret: 0, sz: 0, dts_in: 18442240474082.1797[7D3E8], pts_in: 18442240474082.1797[7D3E8], adj:0, ptsOut:4.3667, amlpts:392999, idx:130, timesize:1.0009, drain: 0
09:11:49.627 T:4116944352   DEBUG: Previous line repeats 1 times.
09:11:49.627 T:4116944352   DEBUG: CAMLCodec::ReleaseFrame idx:128
09:11:49.629 T:3836736416   DEBUG: CAMLCodec::Decode: ret: 0, sz: 0, dts_in: 18442240474082.1797[7D3E8], pts_in: 18442240474082.1797[7D3E8], adj:0, ptsOut:4.3667, amlpts:392999, idx:130, timesize:1.0009, drain: 0
09:11:49.629 T:3836736416   DEBUG: CAMLCodec::Decode: ret: 4, sz: 0, dts_in: 18442240474082.1797[7D3E8], pts_in: 18442240474082.1797[7D3E8], adj:0, ptsOut:4.4000, amlpts:396000, idx:131, timesize:1.0009, drain: 0
09:11:49.640 T:3836736416   DEBUG: CAMLCodec::Decode: ret: 0, sz: 0, dts_in: 18442240474082.1797[7D3E8], pts_in: 18442240474082.1797[7D3E8], adj:0, ptsOut:4.4000, amlpts:396000, idx:131, timesize:1.0009, drain: 0
09:11:49.650 T:3836736416   DEBUG: CAMLCodec::Decode: ret: 2, sz: 0, dts_in: 18442240474082.1797[7D3E8], pts_in: 18442240474082.1797[7D3E8], adj:0, ptsOut:4.4000, amlpts:396000, idx:131, timesize:0.9676, drain: 0
09:11:49.660 T:3836736416   DEBUG: CAMLCodec::Decode: ret: 2, sz: 22000, dts_in: 5.7333[7DFA0], pts_in: 5.8667[80E80], adj:0, ptsOut:4.4000, amlpts:396000, idx:131, timesize:0.9342, drain: 0
09:11:49.661 T:3836736416   DEBUG: CAMLCodec::Decode: ret: 6, sz: 12018, dts_in: 5.7667[7EB58], pts_in: 5.7667[7EB58], adj:0, ptsOut:4.4333, amlpts:398999, idx:132, timesize:0.9676, drain: 0
09:11:49.662 T:4116944352   DEBUG: CAMLCodec::ReleaseFrame idx:129
09:11:49.671 T:3836736416   DEBUG: CAMLCodec::Decode: ret: 0, sz: 14946, dts_in: 5.8000[7F710], pts_in: 5.8000[7F710], adj:0, ptsOut:4.4333, amlpts:398999, idx:132, timesize:1.0009, drain: 0
09:11:49.681 T:3836736416   DEBUG: CAMLCodec::Decode: ret: 0, sz: 0, dts_in: 18442240474082.1797[7F710], pts_in: 18442240474082.1797[7F710], adj:0, ptsOut:4.4333, amlpts:398999, idx:132, timesize:1.0009, drain: 0
09:11:49.692 T:3836736416   DEBUG: Previous line repeats 1 times.
09:11:49.692 T:3836736416   DEBUG: CAMLCodec::Decode: ret: 4, sz: 0, dts_in: 18442240474082.1797[7F710], pts_in: 18442240474082.1797[7F710], adj:0, ptsOut:4.4667, amlpts:401999, idx:133, timesize:1.0009, drain: 0
09:11:49.694 T:4116944352   DEBUG: CAMLCodec::ReleaseFrame idx:130
09:11:49.702 T:3836736416   DEBUG: CAMLCodec::Decode: ret: 0, sz: 0, dts_in: 18442240474082.1797[7F710], pts_in: 18442240474082.1797[7F710], adj:0, ptsOut:4.4667, amlpts:401999, idx:133, timesize:1.0009, drain: 0
09:11:49.706 T:3914326944   DEBUG: CPythonInvoker(3, /storage/.kodi/addons/script.module.simple.downloader/default.py): setting the Python path to /storage/.kodi/addons/script.module.simple.downloader:/storage/.kodi/addons/script.common.plugin.cache/lib:/storage/.kodi/addons/script.module.parsedom/lib:/usr/lib/python27.zip:/usr/lib/python2.7:/usr/lib/python2.7/plat-linux2:/usr/lib/python2.7/lib-tk:/usr/lib/python2.7/lib-old:/usr/lib/python2.7/lib-dynload:/usr/lib/python2.7/site-packages:/usr/lib/python2.7/site-packages/gtk-2.0
09:11:49.706 T:3914326944   DEBUG: CPythonInvoker(3, /storage/.kodi/addons/script.module.simple.downloader/default.py): entering source directory /storage/.kodi/addons/script.module.simple.downloader
09:11:49.706 T:3914326944   DEBUG: CPythonInvoker(3, /storage/.kodi/addons/script.module.simple.downloader/default.py): instantiating addon using automatically obtained id of "script.module.simple.downloader" dependent on version 2.1.0 of the xbmc.python api
09:11:49.713 T:3836736416   DEBUG: CAMLCodec::Decode: ret: 0, sz: 0, dts_in: 18442240474082.1797[7F710], pts_in: 18442240474082.1797[7F710], adj:0, ptsOut:4.4667, amlpts:401999, idx:133, timesize:1.0009, drain: 0
09:11:49.728 T:4116944352   DEBUG: Previous line repeats 1 times.
09:11:49.728 T:4116944352   DEBUG: CAMLCodec::ReleaseFrame idx:131
09:11:49.733 T:3836736416   DEBUG: CAMLCodec::Decode: ret: 0, sz: 0, dts_in: 18442240474082.1797[7F710], pts_in: 18442240474082.1797[7F710], adj:0, ptsOut:4.4667, amlpts:401999, idx:133, timesize:1.0009, drain: 0
09:11:49.733 T:3836736416   DEBUG: CAMLCodec::Decode: ret: 6, sz: 0, dts_in: 18442240474082.1797[7F710], pts_in: 18442240474082.1797[7F710], adj:0, ptsOut:4.5000, amlpts:405000, idx:134, timesize:0.9676, drain: 0
09:11:49.744 T:3836736416   DEBUG: CAMLCodec::Decode: ret: 0, sz: 12414, dts_in: 5.8333[802C8], pts_in: 5.8333[802C8], adj:0, ptsOut:4.5000, amlpts:405000, idx:134, timesize:1.0009, drain: 0
09:11:49.754 T:3836736416   DEBUG: CAMLCodec::Decode: ret: 0, sz: 0, dts_in: 18442240474082.1797[802C8], pts_in: 18442240474082.1797[802C8], adj:0, ptsOut:4.5000, amlpts:405000, idx:134, timesize:1.0009, drain: 0
09:11:49.761 T:4116944352   DEBUG: CAMLCodec::ReleaseFrame idx:132
09:11:49.764 T:3836736416   DEBUG: CAMLCodec::Decode: ret: 0, sz: 0, dts_in: 18442240474082.1797[802C8], pts_in: 18442240474082.1797[802C8], adj:0, ptsOut:4.5000, amlpts:405000, idx:134, timesize:1.0009, drain: 0
09:11:49.764 T:3836736416   DEBUG: CAMLCodec::Decode: ret: 6, sz: 0, dts_in: 18442240474082.1797[802C8], pts_in: 18442240474082.1797[802C8], adj:0, ptsOut:4.5333, amlpts:407999, idx:135, timesize:0.9676, drain: 0
09:11:49.775 T:3836736416   DEBUG: CAMLCodec::Decode: ret: 2, sz: 17109, dts_in: 5.8667[80E80], pts_in: 6.0000[83D60], adj:0, ptsOut:4.5333, amlpts:407999, idx:135, timesize:0.9676, drain: 0
09:11:49.785 T:3836736416   DEBUG: CAMLCodec::Decode: ret: 0, sz: 9255, dts_in: 5.9000[81A38], pts_in: 5.9000[81A38], adj:0, ptsOut:4.5333, amlpts:407999, idx:135, timesize:1.0009, drain: 0
09:11:49.794 T:4116944352   DEBUG: CAMLCodec::ReleaseFrame idx:133
09:11:49.796 T:3836736416   DEBUG: CAMLCodec::Decode: ret: 0, sz: 0, dts_in: 18442240474082.1797[81A38], pts_in: 18442240474082.1797[81A38], adj:0, ptsOut:4.5333, amlpts:407999, idx:135, timesize:1.0009, drain: 0
09:11:49.796 T:3836736416   DEBUG: CAMLCodec::Decode: ret: 4, sz: 0, dts_in: 18442240474082.1797[81A38], pts_in: 18442240474082.1797[81A38], adj:0, ptsOut:4.5667, amlpts:410999, idx:136, timesize:1.0009, drain: 0
09:11:49.806 T:3836736416   DEBUG: CAMLCodec::Decode: ret: 0, sz: 0, dts_in: 18442240474082.1797[81A38], pts_in: 18442240474082.1797[81A38], adj:0, ptsOut:4.5667, amlpts:410999, idx:136, timesize:1.0009, drain: 0
09:11:49.827 T:3836736416   DEBUG: Previous line repeats 2 times.
09:11:49.827 T:3836736416   DEBUG: CAMLCodec::Decode: ret: 4, sz: 0, dts_in: 18442240474082.1797[81A38], pts_in: 18442240474082.1797[81A38], adj:0, ptsOut:4.6000, amlpts:414000, idx:137, timesize:1.0009, drain: 0
09:11:49.827 T:4116944352   DEBUG: CAMLCodec::ReleaseFrame idx:134
09:11:49.837 T:3836736416   DEBUG: CAMLCodec::Decode: ret: 0, sz: 0, dts_in: 18442240474082.1797[81A38], pts_in: 18442240474082.1797[81A38], adj:0, ptsOut:4.6000, amlpts:414000, idx:137, timesize:1.0009, drain: 0
09:11:49.847 T:3836736416   DEBUG: CAMLCodec::Decode: ret: 2, sz: 0, dts_in: 18442240474082.1797[81A38], pts_in: 18442240474082.1797[81A38], adj:0, ptsOut:4.6000, amlpts:414000, idx:137, timesize:0.9676, drain: 0
09:11:49.858 T:3836736416   DEBUG: CAMLCodec::Decode: ret: 2, sz: 9634, dts_in: 5.9333[825F0], pts_in: 5.9333[825F0], adj:0, ptsOut:4.6000, amlpts:414000, idx:137, timesize:0.9676, drain: 0
09:11:49.858 T:3836736416   DEBUG: CAMLCodec::Decode: ret: 4, sz: 7678, dts_in: 5.9667[831A8], pts_in: 5.9667[831A8], adj:0, ptsOut:4.6333, amlpts:416999, idx:138, timesize:1.0009, drain: 0
09:11:49.862 T:4116944352   DEBUG: CAMLCodec::ReleaseFrame idx:135
09:11:49.869 T:3836736416   DEBUG: CAMLCodec::Decode: ret: 0, sz: 0, dts_in: 18442240474082.1797[831A8], pts_in: 18442240474082.1797[831A8], adj:0, ptsOut:4.6333, amlpts:416999, idx:138, timesize:1.0009, drain: 0
09:11:49.875 T:3845125024    INFO: Python script stopped
09:11:49.875 T:3845125024   DEBUG: Thread LanguageInvoker 3845125024 terminating
09:11:49.878 T:3468686240   DEBUG: -->Python Interpreter Initialized<--
09:11:49.878 T:3468686240   DEBUG: CPythonInvoker(14, /storage/.kodi/addons/plugin.video.tempest/tempest.py): the source file to load is "/storage/.kodi/addons/plugin.video.tempest/tempest.py"
09:11:49.879 T:3836736416   DEBUG: CAMLCodec::Decode: ret: 0, sz: 0, dts_in: 18442240474082.1797[831A8], pts_in: 18442240474082.1797[831A8], adj:0, ptsOut:4.6333, amlpts:416999, idx:138, timesize:1.0009, drain: 0
09:11:49.894 T:4116944352   DEBUG: Previous line repeats 1 times.
09:11:49.894 T:4116944352   DEBUG: CAMLCodec::ReleaseFrame idx:136
09:11:49.899 T:3836736416   DEBUG: CAMLCodec::Decode: ret: 0, sz: 0, dts_in: 18442240474082.1797[831A8], pts_in: 18442240474082.1797[831A8], adj:0, ptsOut:4.6333, amlpts:416999, idx:138, timesize:1.0009, drain: 0
09:11:49.899 T:3836736416   DEBUG: CAMLCodec::Decode: ret: 4, sz: 0, dts_in: 18442240474082.1797[831A8], pts_in: 18442240474082.1797[831A8], adj:0, ptsOut:4.6667, amlpts:419999, idx:139, timesize:1.0009, drain: 0
09:11:49.910 T:3836736416   DEBUG: CAMLCodec::Decode: ret: 0, sz: 0, dts_in: 18442240474082.1797[831A8], pts_in: 18442240474082.1797[831A8], adj:0, ptsOut:4.6667, amlpts:419999, idx:139, timesize:1.0009, drain: 0
09:11:49.920 T:3836736416   DEBUG: CAMLCodec::Decode: ret: 2, sz: 0, dts_in: 18442240474082.1797[831A8], pts_in: 18442240474082.1797[831A8], adj:0, ptsOut:4.6667, amlpts:419999, idx:139, timesize:0.9676, drain: 0
09:11:49.927 T:4116944352   DEBUG: CAMLCodec::ReleaseFrame idx:137
09:11:49.930 T:3836736416   DEBUG: CAMLCodec::Decode: ret: 2, sz: 18386, dts_in: 6.0000[83D60], pts_in: 6.0333[84918], adj:0, ptsOut:4.6667, amlpts:419999, idx:139, timesize:0.9676, drain: 0
09:11:49.931 T:3836736416   DEBUG: CAMLCodec::Decode: ret: 6, sz: 17204, dts_in: 6.0333[84918], pts_in: 6.1667[877F8], adj:0, ptsOut:4.7000, amlpts:423000, idx:140, timesize:0.9676, drain: 0
09:11:49.941 T:3836736416   DEBUG: CAMLCodec::Decode: ret: 0, sz: 6027, dts_in: 6.0667[854D0], pts_in: 6.0667[854D0], adj:0, ptsOut:4.7000, amlpts:423000, idx:140, timesize:1.0009, drain: 0
09:11:49.952 T:3836736416   DEBUG: CAMLCodec::Decode: ret: 0, sz: 0, dts_in: 18442240474082.1797[854D0], pts_in: 18442240474082.1797[854D0], adj:0, ptsOut:4.7000, amlpts:423000, idx:140, timesize:1.0009, drain: 0
09:11:49.961 T:4116944352   DEBUG: CAMLCodec::ReleaseFrame idx:138
09:11:49.962 T:3836736416   DEBUG: CAMLCodec::Decode: ret: 0, sz: 0, dts_in: 18442240474082.1797[854D0], pts_in: 18442240474082.1797[854D0], adj:0, ptsOut:4.7000, amlpts:423000, idx:140, timesize:1.0009, drain: 0
09:11:49.962 T:3836736416   DEBUG: CAMLCodec::Decode: ret: 4, sz: 0, dts_in: 18442240474082.1797[854D0], pts_in: 18442240474082.1797[854D0], adj:0, ptsOut:4.7333, amlpts:425999, idx:141, timesize:1.0009, drain: 0
09:11:49.972 T:3836736416   DEBUG: CAMLCodec::Decode: ret: 0, sz: 0, dts_in: 18442240474082.1797[854D0], pts_in: 18442240474082.1797[854D0], adj:0, ptsOut:4.7333, amlpts:425999, idx:141, timesize:1.0009, drain: 0
09:11:49.993 T:3836736416   DEBUG: Previous line repeats 2 times.
09:11:49.993 T:3836736416   DEBUG: CAMLCodec::Decode: ret: 4, sz: 0, dts_in: 18442240474082.1797[854D0], pts_in: 18442240474082.1797[854D0], adj:0, ptsOut:4.7667, amlpts:428999, idx:142, timesize:1.0009, drain: 0
09:11:49.994 T:4116944352   DEBUG: CAMLCodec::ReleaseFrame idx:139
09:11:50.003 T:3836736416   DEBUG: CAMLCodec::Decode: ret: 0, sz: 0, dts_in: 18442240474082.1797[854D0], pts_in: 18442240474082.1797[854D0], adj:0, ptsOut:4.7667, amlpts:428999, idx:142, timesize:1.0009, drain: 0
09:11:50.014 T:3836736416   DEBUG: CAMLCodec::Decode: ret: 2, sz: 0, dts_in: 18442240474082.1797[854D0], pts_in: 18442240474082.1797[854D0], adj:0, ptsOut:4.7667, amlpts:428999, idx:142, timesize:0.9676, drain: 0
09:11:50.024 T:3836736416   DEBUG: CAMLCodec::Decode: ret: 0, sz: 7369, dts_in: 6.1000[86088], pts_in: 6.1000[86088], adj:0, ptsOut:4.7667, amlpts:428999, idx:142, timesize:1.0009, drain: 0
09:11:50.024 T:3836736416   DEBUG: CAMLCodec::Decode: ret: 4, sz: 0, dts_in: 18442240474082.1797[86088], pts_in: 18442240474082.1797[86088], adj:0, ptsOut:4.8000, amlpts:432000, idx:143, timesize:1.0009, drain: 0
09:11:50.027 T:4116944352   DEBUG: CAMLCodec::ReleaseFrame idx:140
09:11:50.035 T:3836736416   DEBUG: CAMLCodec::Decode: ret: 0, sz: 0, dts_in: 18442240474082.1797[86088], pts_in: 18442240474082.1797[86088], adj:0, ptsOut:4.8000, amlpts:432000, idx:143, timesize:1.0009, drain: 0
09:11:50.046 T:3836736416   DEBUG: CAMLCodec::Decode: ret: 2, sz: 0, dts_in: 18442240474082.1797[86088], pts_in: 18442240474082.1797[86088], adj:0, ptsOut:4.8000, amlpts:432000, idx:143, timesize:0.9676, drain: 0
09:11:50.056 T:3836736416   DEBUG: CAMLCodec::Decode: ret: 0, sz: 6563, dts_in: 6.1333[86C40], pts_in: 6.1333[86C40], adj:0, ptsOut:4.8000, amlpts:432000, idx:143, timesize:1.0009, drain: 0
09:11:50.057 T:3809473440   DEBUG: CPVRChannelGroups - LoadUserDefinedChannelGroups - 0 new user defined TV channel groups fetched from clients
09:11:50.062 T:4116944352   DEBUG: CAMLCodec::ReleaseFrame idx:141
09:11:50.062 T:3809473440   DEBUG: PVRChannelGroup - Load - 60 channels loaded from the database for group '스포츠'
09:11:50.062 T:3809473440   DEBUG: PVR - GetChannelGroupMembers - get group members for group '스포츠' from add-on 'IPTV Simple PVR Add-on:connected'
09:11:50.065 T:3809473440   DEBUG: PVRChannelGroup - Load - 23 channels loaded from the database for group '아웃도어'
09:11:50.065 T:3809473440   DEBUG: PVR - GetChannelGroupMembers - get group members for group '아웃도어' from add-on 'IPTV Simple PVR Add-on:connected'
09:11:50.066 T:3836736416   DEBUG: CAMLCodec::Decode: ret: 0, sz: 0, dts_in: 18442240474082.1797[86C40], pts_in: 18442240474082.1797[86C40], adj:0, ptsOut:4.8000, amlpts:432000, idx:143, timesize:1.0009, drain: 0
09:11:50.066 T:3836736416   DEBUG: CAMLCodec::Decode: ret: 6, sz: 0, dts_in: 18442240474082.1797[86C40], pts_in: 18442240474082.1797[86C40], adj:0, ptsOut:4.8333, amlpts:434999, idx:144, timesize:0.9676, drain: 0
09:11:50.069 T:3809473440   DEBUG: PVRChannelGroup - Load - 55 channels loaded from the database for group '공중파'
09:11:50.070 T:3809473440   DEBUG: PVR - GetChannelGroupMembers - get group members for group '공중파' from add-on 'IPTV Simple PVR Add-on:connected'
09:11:50.075 T:3809473440   DEBUG: PVRChannelGroup - Load - 64 channels loaded from the database for group '종편'
09:11:50.075 T:3809473440   DEBUG: PVR - GetChannelGroupMembers - get group members for group '종편' from add-on 'IPTV Simple PVR Add-on:connected'
09:11:50.077 T:3836736416   DEBUG: CAMLCodec::Decode: ret: 2, sz: 24317, dts_in: 6.1667[877F8], pts_in: 6.2667[89B20], adj:0, ptsOut:4.8333, amlpts:434999, idx:144, timesize:0.9676, drain: 0
09:11:50.080 T:3809473440   DEBUG: PVRChannelGroup - Load - 34 channels loaded from the database for group '영화'
09:11:50.080 T:3809473440   DEBUG: PVR - GetChannelGroupMembers - get group members for group '영화' from add-on 'IPTV Simple PVR Add-on:connected'
09:11:50.082 T:3809473440   DEBUG: PVRChannelGroup - Load - 18 channels loaded from the database for group 'Kids'
09:11:50.082 T:3809473440   DEBUG: PVR - GetChannelGroupMembers - get group members for group 'Kids' from add-on 'IPTV Simple PVR Add-on:connected'
09:11:50.083 T:3809473440   DEBUG: CPVRChannelGroups - PersistAll - persisting all changes in channel groups
09:11:50.083 T:3809473440   DEBUG: CPVRChannelGroup - Persist - persisting channel group '모든 채널' with 254 channels
09:11:50.087 T:3836736416   DEBUG: CAMLCodec::Decode: ret: 0, sz: 10033, dts_in: 6.2000[883B0], pts_in: 6.2000[883B0], adj:0, ptsOut:4.8333, amlpts:434999, idx:144, timesize:1.0009, drain: 0
09:11:50.094 T:4116944352   DEBUG: CAMLCodec::ReleaseFrame idx:142
09:11:50.098 T:3836736416   DEBUG: CAMLCodec::Decode: ret: 0, sz: 0, dts_in: 18442240474082.1797[883B0], pts_in: 18442240474082.1797[883B0], adj:0, ptsOut:4.8333, amlpts:434999, idx:144, timesize:1.0009, drain: 0
09:11:50.098 T:3836736416   DEBUG: CAMLCodec::Decode: ret: 4, sz: 0, dts_in: 18442240474082.1797[883B0], pts_in: 18442240474082.1797[883B0], adj:0, ptsOut:4.8667, amlpts:437999, idx:145, timesize:1.0009, drain: 0
09:11:50.108 T:3836736416   DEBUG: CAMLCodec::Decode: ret: 0, sz: 0, dts_in: 18442240474082.1797[883B0], pts_in: 18442240474082.1797[883B0], adj:0, ptsOut:4.8667, amlpts:437999, idx:145, timesize:1.0009, drain: 0
09:11:50.127 T:4116944352   DEBUG: Previous line repeats 1 times.
09:11:50.127 T:4116944352   DEBUG: CAMLCodec::ReleaseFrame idx:143
09:11:50.129 T:3836736416   DEBUG: CAMLCodec::Decode: ret: 0, sz: 0, dts_in: 18442240474082.1797[883B0], pts_in: 18442240474082.1797[883B0], adj:0, ptsOut:4.8667, amlpts:437999, idx:145, timesize:1.0009, drain: 0
09:11:50.129 T:3836736416   DEBUG: CAMLCodec::Decode: ret: 4, sz: 0, dts_in: 18442240474082.1797[883B0], pts_in: 18442240474082.1797[883B0], adj:0, ptsOut:4.9000, amlpts:441000, idx:146, timesize:1.0009, drain: 0
09:11:50.139 T:3836736416   DEBUG: CAMLCodec::Decode: ret: 0, sz: 0, dts_in: 18442240474082.1797[883B0], pts_in: 18442240474082.1797[883B0], adj:0, ptsOut:4.9000, amlpts:441000, idx:146, timesize:1.0009, drain: 0
09:11:50.149 T:3836736416   DEBUG: CAMLCodec::Decode: ret: 2, sz: 0, dts_in: 18442240474082.1797[883B0], pts_in: 18442240474082.1797[883B0], adj:0, ptsOut:4.9000, amlpts:441000, idx:146, timesize:0.9676, drain: 0
09:11:50.160 T:3836736416   DEBUG: CAMLCodec::Decode: ret: 0, sz: 12581, dts_in: 6.2333[88F68], pts_in: 6.2333[88F68], adj:0, ptsOut:4.9000, amlpts:441000, idx:146, timesize:1.0009, drain: 0
09:11:50.160 T:3836736416   DEBUG: CAMLCodec::Decode: ret: 4, sz: 0, dts_in: 18442240474082.1797[88F68], pts_in: 18442240474082.1797[88F68], adj:0, ptsOut:4.9333, amlpts:443999, idx:147, timesize:1.0009, drain: 0
09:11:50.162 T:4116944352   DEBUG: CAMLCodec::ReleaseFrame idx:144
09:11:50.171 T:3836736416   DEBUG: CAMLCodec::Decode: ret: 0, sz: 0, dts_in: 18442240474082.1797[88F68], pts_in: 18442240474082.1797[88F68], adj:0, ptsOut:4.9333, amlpts:443999, idx:147, timesize:1.0009, drain: 0
09:11:50.181 T:3836736416   DEBUG: CAMLCodec::Decode: ret: 2, sz: 0, dts_in: 18442240474082.1797[88F68], pts_in: 18442240474082.1797[88F68], adj:0, ptsOut:4.9333, amlpts:443999, idx:147, timesize:0.9676, drain: 0
09:11:50.187 T:3819959200   DEBUG: CRepository: invalidating cached art for 'script.module.feedparser'
09:11:50.188 T:3819959200   DEBUG: CRepository: invalidating cached art for 'plugin.video.newson'
09:11:50.190 T:3819959200   DEBUG: CRepository: invalidating cached art for 'script.module.uepg'
09:11:50.191 T:3819959200   DEBUG: CRepository: invalidating cached art for 'weather.weatherbit.io'
09:11:50.191 T:3836736416   DEBUG: CAMLCodec::Decode: ret: 2, sz: 31376, dts_in: 6.2667[89B20], pts_in: 6.3333[8B290], adj:0, ptsOut:4.9333, amlpts:443999, idx:147, timesize:0.9342, drain: 0
09:11:50.192 T:3836736416   DEBUG: CAMLCodec::Decode: ret: 6, sz: 12546, dts_in: 6.3000[8A6D8], pts_in: 6.3000[8A6D8], adj:0, ptsOut:4.9667, amlpts:446999, idx:148, timesize:0.9676, drain: 0
09:11:50.194 T:4116944352   DEBUG: CAMLCodec::ReleaseFrame idx:145
09:11:50.194 T:3819959200   DEBUG: CRepository: invalidating cached art for 'skin.rapier'
09:11:50.196 T:3819959200   DEBUG: CRepository: invalidating cached art for 'plugin.video.vrt.nu'
09:11:50.197 T:3819959200   DEBUG: CRepository: invalidating cached art for 'plugin.video.embycon'
09:11:50.198 T:3819959200   DEBUG: CRepository: invalidating cached art for 'plugin.video.southpark_unofficial'
09:11:50.200 T:3819959200   DEBUG: CRepository: invalidating cached art for 'service.watchedlist'
09:11:50.201 T:3819959200   DEBUG: CRepository: invalidating cached art for 'plugin.video.glwiz'
09:11:50.202 T:3836736416   DEBUG: CAMLCodec::Decode: ret: 0, sz: 33083, dts_in: 6.3333[8B290], pts_in: 6.4000[8CA00], adj:0, ptsOut:4.9667, amlpts:446999, idx:148, timesize:1.0009, drain: 0
09:11:50.202 T:3819959200   DEBUG: CRepository: invalidating cached art for 'plugin.video.iplayerwww'
09:11:50.218 T:3836736416   DEBUG: CAMLCodec::Decode: ret: 0, sz: 0, dts_in: 18442240474082.1797[8B290], pts_in: 18442240474082.1797[8CA00], adj:0, ptsOut:4.9667, amlpts:446999, idx:148, timesize:1.0009, drain: 0
09:11:50.219 T:4116944352   DEBUG: CAMLCodec::ReleaseFrame idx:146
09:11:50.229 T:3836736416   DEBUG: CAMLCodec::Decode: ret: 0, sz: 0, dts_in: 18442240474082.1797[8B290], pts_in: 18442240474082.1797[8CA00], adj:0, ptsOut:4.9667, amlpts:446999, idx:148, timesize:1.0009, drain: 0
09:11:50.229 T:3836736416   DEBUG: CAMLCodec::Decode: ret: 4, sz: 0, dts_in: 18442240474082.1797[8B290], pts_in: 18442240474082.1797[8CA00], adj:0, ptsOut:5.0000, amlpts:450000, idx:149, timesize:1.0009, drain: 0
09:11:50.239 T:3836736416   DEBUG: CAMLCodec::Decode: ret: 0, sz: 0, dts_in: 18442240474082.1797[8B290], pts_in: 18442240474082.1797[8CA00], adj:0, ptsOut:5.0000, amlpts:450000, idx:149, timesize:1.0009, drain: 0
09:11:50.250 T:3836736416   DEBUG: Previous line repeats 1 times.
09:11:50.250 T:3836736416   DEBUG: CAMLCodec::Decode: ret: 4, sz: 0, dts_in: 18442240474082.1797[8B290], pts_in: 18442240474082.1797[8CA00], adj:0, ptsOut:5.0333, amlpts:452999, idx:150, timesize:1.0009, drain: 0
09:11:50.261 T:4116944352   DEBUG: CAMLCodec::ReleaseFrame idx:147
09:11:50.271 T:3836736416   DEBUG: CAMLCodec::Decode: ret: 2, sz: 0, dts_in: 18442240474082.1797[8B290], pts_in: 18442240474082.1797[8CA00], adj:0, ptsOut:5.0333, amlpts:452999, idx:150, timesize:0.9676, drain: 0
09:11:50.282 T:3836736416   DEBUG: CAMLCodec::Decode: ret: 0, sz: 13742, dts_in: 6.3667[8BE48], pts_in: 6.3667[8BE48], adj:0, ptsOut:5.0333, amlpts:452999, idx:150, timesize:1.0009, drain: 0
09:11:50.292 T:3836736416   DEBUG: CAMLCodec::Decode: ret: 0, sz: 0, dts_in: 18442240474082.1797[8BE48], pts_in: 18442240474082.1797[8BE48], adj:0, ptsOut:5.0333, amlpts:452999, idx:150, timesize:1.0009, drain: 0
09:11:50.293 T:3836736416   DEBUG: CAMLCodec::Decode: ret: 4, sz: 0, dts_in: 18442240474082.1797[8BE48], pts_in: 18442240474082.1797[8BE48], adj:0, ptsOut:5.0667, amlpts:455999, idx:151, timesize:1.0009, drain: 0
09:11:50.294 T:4116944352   DEBUG: CAMLCodec::ReleaseFrame idx:148
09:11:50.303 T:3836736416   DEBUG: CAMLCodec::Decode: ret: 0, sz: 0, dts_in: 18442240474082.1797[8BE48], pts_in: 18442240474082.1797[8BE48], adj:0, ptsOut:5.0667, amlpts:455999, idx:151, timesize:1.0009, drain: 0
09:11:50.313 T:3836736416   DEBUG: CAMLCodec::Decode: ret: 2, sz: 0, dts_in: 18442240474082.1797[8BE48], pts_in: 18442240474082.1797[8BE48], adj:0, ptsOut:5.0667, amlpts:455999, idx:151, timesize:0.9676, drain: 0
09:11:50.318 T:3914326944    INFO: CPythonInvoker(3, /storage/.kodi/addons/script.module.simple.downloader/default.py): script successfully run
09:11:50.318 T:3468686240   DEBUG: CPythonInvoker(14, /storage/.kodi/addons/plugin.video.tempest/tempest.py): setting the Python path to /storage/.kodi/addons/plugin.video.tempest:/storage/.kodi/addons/plugin.video.youtube/resources/lib/:/storage/.kodi/addons/script.module.addon.common/lib:/storage/.kodi/addons/script.module.beautifulsoup4/lib:/storage/.kodi/addons/script.module.certifi/lib:/storage/.kodi/addons/script.module.chardet/lib:/storage/.kodi/addons/script.module.idna/lib:/storage/.kodi/addons/script.module.metahandler/lib:/storage/.kodi/addons/script.module.myconnpy/lib:/storage/.kodi/addons/script.module.requests/lib:/storage/.kodi/addons/script.module.simplejson/lib:/storage/.kodi/addons/script.module.six/lib:/storage/.kodi/addons/script.module.urllib3/lib:/storage/.kodi/addons/script.module.urlresolver/lib:/storage/.kodi/addons/script.tempest.artwork/lib:/storage/.kodi/addons/script.tempest.metadata/lib:/usr/lib/python27.zip:/usr/lib/python2.7:/usr/lib/python2.7/plat-linux2:/usr/lib/python2.7/lib-tk:/usr/lib/python2.7/lib-old:/usr/lib/python2.7/lib-dynload:/usr/lib/python2.7/site-packages:/usr/lib/python2.7/site-packages/gtk-2.0
09:11:50.318 T:3468686240   DEBUG: CPythonInvoker(14, /storage/.kodi/addons/plugin.video.tempest/tempest.py): entering source directory /storage/.kodi/addons/plugin.video.tempest
09:11:50.319 T:3468686240   DEBUG: CPythonInvoker(14, /storage/.kodi/addons/plugin.video.tempest/tempest.py): instantiating addon using automatically obtained id of "plugin.video.tempest" dependent on version 2.19.0 of the xbmc.python api
09:11:50.324 T:3836736416   DEBUG: CAMLCodec::Decode: ret: 2, sz: 32720, dts_in: 6.4000[8CA00], pts_in: 6.4667[8E170], adj:0, ptsOut:5.0667, amlpts:455999, idx:151, timesize:0.9342, drain: 0
09:11:50.324 T:3836736416   DEBUG: CAMLCodec::Decode: ret: 6, sz: 19199, dts_in: 6.4333[8D5B8], pts_in: 6.4333[8D5B8], adj:0, ptsOut:5.1000, amlpts:459000, idx:152, timesize:0.9676, drain: 0
09:11:50.327 T:3347309472   DEBUG: Thread FileCache start, auto delete: false
09:11:50.327 T:3347309472    INFO: CFileCache::Process - Source read didn't return any data! Hit eof(?)
09:11:50.328 T:4116944352   DEBUG: CAMLCodec::ReleaseFrame idx:149
09:11:50.335 T:3836736416   DEBUG: CAMLCodec::Decode: ret: 0, sz: 37908, dts_in: 6.4667[8E170], pts_in: 6.5333[8F8E0], adj:0, ptsOut:5.1000, amlpts:459000, idx:152, timesize:1.0009, drain: 0
09:11:50.345 T:3836736416   DEBUG: CAMLCodec::Decode: ret: 0, sz: 0, dts_in: 18442240474082.1797[8E170], pts_in: 18442240474082.1797[8F8E0], adj:0, ptsOut:5.1000, amlpts:459000, idx:152, timesize:1.0009, drain: 0
09:11:50.360 T:3809473440   DEBUG: Previous line repeats 1 times.
09:11:50.361 T:3809473440   DEBUG: CPVRChannelGroups - Load - 7 TV channel groups loaded
09:11:50.361 T:3809473440   DEBUG: CPVRChannelGroups - Load - loading all radio channel groups
09:11:50.361 T:3809473440   DEBUG: CPVRChannelGroups - Load - 1 radio groups fetched from the database
09:11:50.361 T:3809473440   DEBUG: PVRChannelGroup - Load - 0 channels loaded from the database for group '모든 채널'
09:11:50.362 T:4116944352   DEBUG: CAMLCodec::ReleaseFrame idx:150
09:11:50.366 T:3836736416   DEBUG: CAMLCodec::Decode: ret: 0, sz: 0, dts_in: 18442240474082.1797[8E170], pts_in: 18442240474082.1797[8F8E0], adj:0, ptsOut:5.1000, amlpts:459000, idx:152, timesize:1.0009, drain: 0
09:11:50.366 T:3836736416   DEBUG: CAMLCodec::Decode: ret: 4, sz: 0, dts_in: 18442240474082.1797[8E170], pts_in: 18442240474082.1797[8F8E0], adj:0, ptsOut:5.1333, amlpts:461999, idx:153, timesize:1.0009, drain: 0
09:11:50.367 T:3809473440   DEBUG: CSettingsManager: requested setting (filelists.showhidden) was not found.
09:11:50.376 T:3836736416   DEBUG: CAMLCodec::Decode: ret: 0, sz: 0, dts_in: 18442240474082.1797[8E170], pts_in: 18442240474082.1797[8F8E0], adj:0, ptsOut:5.1333, amlpts:461999, idx:153, timesize:1.0009, drain: 0
09:11:50.377 T:3809473440   DEBUG: CPVRChannelGroups - LoadUserDefinedChannelGroups - 0 new user defined radio channel groups fetched from clients
09:11:50.377 T:3809473440   DEBUG: CPVRChannelGroups - PersistAll - persisting all changes in channel groups
09:11:50.377 T:3809473440   DEBUG: CPVRChannelGroups - Load - 1 radio channel groups loaded
09:11:50.377 T:3809473440   DEBUG: CPVRTimers - Update - updating timers
09:11:50.377 T:3809473440   DEBUG: CPVRRecordings - Update - updating recordings
09:11:50.377 T:3347309472   DEBUG: Thread FileCache 3347309472 terminating
