09:11:47.600 T:3836736416   DEBUG: CAMLCodec::Decode: ret: 4, sz: 0, dts_in: 18442240474082.1797[514C8], pts_in: 18442240474082.1797[514C8], adj:0, ptsOut:2.3667, amlpts:212999, idx:70, timesize:1.0009, drain: 0
09:11:47.610 T:3836736416   DEBUG: CAMLCodec::Decode: ret: 0, sz: 0, dts_in: 18442240474082.1797[514C8], pts_in: 18442240474082.1797[514C8], adj:0, ptsOut:2.3667, amlpts:212999, idx:70, timesize:1.0009, drain: 0
09:11:47.627 T:4116944352   DEBUG: Previous line repeats 1 times.
09:11:47.627 T:4116944352   DEBUG: CAMLCodec::ReleaseFrame idx:68
09:11:47.631 T:3836736416   DEBUG: CAMLCodec::Decode: ret: 0, sz: 0, dts_in: 18442240474082.1797[514C8], pts_in: 18442240474082.1797[514C8], adj:0, ptsOut:2.3667, amlpts:212999, idx:70, timesize:1.0009, drain: 0
09:11:47.631 T:3836736416   DEBUG: CAMLCodec::Decode: ret: 4, sz: 0, dts_in: 18442240474082.1797[514C8], pts_in: 18442240474082.1797[514C8], adj:0, ptsOut:2.4000, amlpts:216000, idx:71, timesize:1.0009, drain: 0
09:11:47.641 T:3836736416   DEBUG: CAMLCodec::Decode: ret: 0, sz: 0, dts_in: 18442240474082.1797[514C8], pts_in: 18442240474082.1797[514C8], adj:0, ptsOut:2.4000, amlpts:216000, idx:71, timesize:1.0009, drain: 0
09:11:47.643 T:3939492768   DEBUG: [plugin.video.youtube] send_notification: |check_settings| -> |{"httpd_address": "0.0.0.0", "use_httpd": true, "whitelist": "", "httpd_port": 50152}|
09:11:47.645 T:3939492768   DEBUG: [plugin.video.youtube] JSONStore Load |/storage/.kodi/userdata/addon_data/plugin.video.youtube/api_keys.json|
09:11:47.648 T:3939492768   DEBUG: [plugin.video.youtube] JSONStore Load |/storage/.kodi/userdata/addon_data/plugin.video.youtube/access_manager.json|
09:11:47.652 T:3836736416   DEBUG: CAMLCodec::Decode: ret: 2, sz: 0, dts_in: 18442240474082.1797[514C8], pts_in: 18442240474082.1797[514C8], adj:0, ptsOut:2.4000, amlpts:216000, idx:71, timesize:0.9676, drain: 0
09:11:47.652 T:3939492768   DEBUG: [plugin.video.youtube] User: |0| Using API key set: |own|
09:11:47.658 T:4116931488   DEBUG: CAnnouncementManager - Announcement: check_settings from plugin.video.youtube
09:11:47.659 T:4116931488   DEBUG: GOT ANNOUNCEMENT, type: 512, from plugin.video.youtube, message check_settings
09:11:47.662 T:4116944352   DEBUG: CAMLCodec::ReleaseFrame idx:69
09:11:47.662 T:3836736416   DEBUG: CAMLCodec::Decode: ret: 2, sz: 12442, dts_in: 3.7333[52080], pts_in: 3.7333[52080], adj:0, ptsOut:2.4000, amlpts:216000, idx:71, timesize:0.9676, drain: 0
09:11:47.662 T:3836736416   DEBUG: CAMLCodec::Decode: ret: 6, sz: 15657, dts_in: 3.7667[52C38], pts_in: 3.9000[55B18], adj:0, ptsOut:2.4333, amlpts:218999, idx:72, timesize:0.9676, drain: 0
09:11:47.673 T:3836736416   DEBUG: CAMLCodec::Decode: ret: 2, sz: 9735, dts_in: 3.8000[537F0], pts_in: 3.8000[537F0], adj:0, ptsOut:2.4333, amlpts:218999, idx:72, timesize:0.9676, drain: 0
09:11:47.683 T:3836736416   DEBUG: CAMLCodec::Decode: ret: 0, sz: 11937, dts_in: 3.8333[543A8], pts_in: 3.8333[543A8], adj:0, ptsOut:2.4333, amlpts:218999, idx:72, timesize:1.0009, drain: 0
09:11:47.693 T:3836736416   DEBUG: CAMLCodec::Decode: ret: 0, sz: 0, dts_in: 18442240474082.1797[543A8], pts_in: 18442240474082.1797[543A8], adj:0, ptsOut:2.4333, amlpts:218999, idx:72, timesize:1.0009, drain: 0
09:11:47.694 T:3836736416   DEBUG: CAMLCodec::Decode: ret: 4, sz: 0, dts_in: 18442240474082.1797[543A8], pts_in: 18442240474082.1797[543A8], adj:0, ptsOut:2.4667, amlpts:221999, idx:73, timesize:1.0009, drain: 0
09:11:47.695 T:4116944352   DEBUG: CAMLCodec::ReleaseFrame idx:70
09:11:47.705 T:3836736416   DEBUG: CAMLCodec::Decode: ret: 0, sz: 0, dts_in: 18442240474082.1797[543A8], pts_in: 18442240474082.1797[543A8], adj:0, ptsOut:2.4667, amlpts:221999, idx:73, timesize:1.0009, drain: 0
09:11:47.726 T:3836736416   DEBUG: Previous line repeats 2 times.
09:11:47.726 T:3836736416   DEBUG: CAMLCodec::Decode: ret: 4, sz: 0, dts_in: 18442240474082.1797[543A8], pts_in: 18442240474082.1797[543A8], adj:0, ptsOut:2.5000, amlpts:225000, idx:74, timesize:1.0009, drain: 0
09:11:47.727 T:4116944352   DEBUG: CAMLCodec::ReleaseFrame idx:71
09:11:47.736 T:3836736416   DEBUG: CAMLCodec::Decode: ret: 0, sz: 0, dts_in: 18442240474082.1797[543A8], pts_in: 18442240474082.1797[543A8], adj:0, ptsOut:2.5000, amlpts:225000, idx:74, timesize:1.0009, drain: 0
09:11:47.750 T:3939492768   DEBUG: Previous line repeats 1 times.
09:11:47.750 T:3939492768   DEBUG: [plugin.video.youtube] YouTube service initialization...
09:11:47.757 T:3939492768   DEBUG: [plugin.video.youtube] HTTPServer: Starting |0.0.0.0:50152|
09:11:47.758 T:3836736416   DEBUG: CAMLCodec::Decode: ret: 0, sz: 0, dts_in: 18442240474082.1797[543A8], pts_in: 18442240474082.1797[543A8], adj:0, ptsOut:2.5000, amlpts:225000, idx:74, timesize:1.0009, drain: 0
09:11:47.758 T:3836736416   DEBUG: CAMLCodec::Decode: ret: 4, sz: 0, dts_in: 18442240474082.1797[543A8], pts_in: 18442240474082.1797[543A8], adj:0, ptsOut:2.5333, amlpts:227999, idx:75, timesize:1.0009, drain: 0
09:11:47.763 T:4116944352   DEBUG: CAMLCodec::ReleaseFrame idx:72
09:11:47.769 T:3836736416   DEBUG: CAMLCodec::Decode: ret: 0, sz: 0, dts_in: 18442240474082.1797[543A8], pts_in: 18442240474082.1797[543A8], adj:0, ptsOut:2.5333, amlpts:227999, idx:75, timesize:1.0009, drain: 0
09:11:47.779 T:3836736416   DEBUG: CAMLCodec::Decode: ret: 2, sz: 0, dts_in: 18442240474082.1797[543A8], pts_in: 18442240474082.1797[543A8], adj:0, ptsOut:2.5333, amlpts:227999, idx:75, timesize:0.9676, drain: 0
09:11:47.790 T:3836736416   DEBUG: CAMLCodec::Decode: ret: 2, sz: 10074, dts_in: 3.8667[54F60], pts_in: 3.8667[54F60], adj:0, ptsOut:2.5333, amlpts:227999, idx:75, timesize:0.9676, drain: 0
09:11:47.794 T:4116944352   DEBUG: CAMLCodec::ReleaseFrame idx:73
09:11:47.800 T:3836736416   DEBUG: CAMLCodec::Decode: ret: 0, sz: 11982, dts_in: 3.9000[55B18], pts_in: 4.0000[57E40], adj:0, ptsOut:2.5333, amlpts:227999, idx:75, timesize:1.0009, drain: 0
09:11:47.800 T:3836736416   DEBUG: CAMLCodec::Decode: ret: 4, sz: 0, dts_in: 18442240474082.1797[55B18], pts_in: 18442240474082.1797[57E40], adj:0, ptsOut:2.5667, amlpts:230999, idx:76, timesize:1.0009, drain: 0
09:11:47.810 T:3836736416   DEBUG: CAMLCodec::Decode: ret: 0, sz: 0, dts_in: 18442240474082.1797[55B18], pts_in: 18442240474082.1797[57E40], adj:0, ptsOut:2.5667, amlpts:230999, idx:76, timesize:1.0009, drain: 0
09:11:47.827 T:4116944352   DEBUG: Previous line repeats 1 times.
09:11:47.827 T:4116944352   DEBUG: CAMLCodec::ReleaseFrame idx:74
09:11:47.831 T:3836736416   DEBUG: CAMLCodec::Decode: ret: 0, sz: 0, dts_in: 18442240474082.1797[55B18], pts_in: 18442240474082.1797[57E40], adj:0, ptsOut:2.5667, amlpts:230999, idx:76, timesize:1.0009, drain: 0
09:11:47.831 T:3836736416   DEBUG: CAMLCodec::Decode: ret: 4, sz: 0, dts_in: 18442240474082.1797[55B18], pts_in: 18442240474082.1797[57E40], adj:0, ptsOut:2.6000, amlpts:234000, idx:77, timesize:1.0009, drain: 0
09:11:47.841 T:3836736416   DEBUG: CAMLCodec::Decode: ret: 0, sz: 0, dts_in: 18442240474082.1797[55B18], pts_in: 18442240474082.1797[57E40], adj:0, ptsOut:2.6000, amlpts:234000, idx:77, timesize:1.0009, drain: 0
09:11:47.852 T:3836736416   DEBUG: CAMLCodec::Decode: ret: 2, sz: 0, dts_in: 18442240474082.1797[55B18], pts_in: 18442240474082.1797[57E40], adj:0, ptsOut:2.6000, amlpts:234000, idx:77, timesize:0.9676, drain: 0
09:11:47.862 T:4116944352   DEBUG: CAMLCodec::ReleaseFrame idx:75
09:11:47.862 T:3836736416   DEBUG: CAMLCodec::Decode: ret: 0, sz: 7673, dts_in: 3.9333[566D0], pts_in: 3.9333[566D0], adj:0, ptsOut:2.6000, amlpts:234000, idx:77, timesize:1.0009, drain: 0
09:11:47.862 T:3836736416   DEBUG: CAMLCodec::Decode: ret: 6, sz: 0, dts_in: 18442240474082.1797[566D0], pts_in: 18442240474082.1797[566D0], adj:0, ptsOut:2.6333, amlpts:236999, idx:78, timesize:0.9676, drain: 0
09:11:47.872 T:3836736416   DEBUG: CAMLCodec::Decode: ret: 0, sz: 7280, dts_in: 3.9667[57288], pts_in: 3.9667[57288], adj:0, ptsOut:2.6333, amlpts:236999, idx:78, timesize:1.0009, drain: 0
09:11:47.883 T:3836736416   DEBUG: CAMLCodec::Decode: ret: 0, sz: 0, dts_in: 18442240474082.1797[57288], pts_in: 18442240474082.1797[57288], adj:0, ptsOut:2.6333, amlpts:236999, idx:78, timesize:1.0009, drain: 0
09:11:47.893 T:3836736416   DEBUG: Previous line repeats 1 times.
09:11:47.893 T:3836736416   DEBUG: CAMLCodec::Decode: ret: 4, sz: 0, dts_in: 18442240474082.1797[57288], pts_in: 18442240474082.1797[57288], adj:0, ptsOut:2.6667, amlpts:239999, idx:79, timesize:1.0009, drain: 0
09:11:47.894 T:4116944352   DEBUG: CAMLCodec::ReleaseFrame idx:76
09:11:47.904 T:3836736416   DEBUG: CAMLCodec::Decode: ret: 0, sz: 0, dts_in: 18442240474082.1797[57288], pts_in: 18442240474082.1797[57288], adj:0, ptsOut:2.6667, amlpts:239999, idx:79, timesize:1.0009, drain: 0
09:11:47.914 T:3836736416   DEBUG: CAMLCodec::Decode: ret: 2, sz: 0, dts_in: 18442240474082.1797[57288], pts_in: 18442240474082.1797[57288], adj:0, ptsOut:2.6667, amlpts:239999, idx:79, timesize:0.9676, drain: 0
09:11:47.924 T:3836736416   DEBUG: CAMLCodec::Decode: ret: 2, sz: 16122, dts_in: 4.0000[57E40], pts_in: 4.0333[589F8], adj:0, ptsOut:2.6667, amlpts:239999, idx:79, timesize:0.9676, drain: 0
09:11:47.925 T:3836736416   DEBUG: CAMLCodec::Decode: ret: 4, sz: 8605, dts_in: 4.0333[589F8], pts_in: 4.1667[5B8D8], adj:0, ptsOut:2.7000, amlpts:243000, idx:80, timesize:1.0009, drain: 0
09:11:47.926 T:3887068064   DEBUG: ## LibreELEC Addon ## 8.2.0
09:11:47.927 T:4116944352   DEBUG: CAMLCodec::ReleaseFrame idx:77
09:11:47.928 T:4029670304   DEBUG: CCurlFile::Open - effective URL: <https://raw.githubusercontent.com/bradonfire/winnerwinnerchickendinner/master/reference-work/addons.xml>
09:11:47.935 T:3836736416   DEBUG: CAMLCodec::Decode: ret: 0, sz: 0, dts_in: 18442240474082.1797[589F8], pts_in: 18442240474082.1797[5B8D8], adj:0, ptsOut:2.7000, amlpts:243000, idx:80, timesize:1.0009, drain: 0
09:11:47.940 T:3939492768   DEBUG: [plugin.video.youtube] HTTPServer: Serving on |0.0.0.0:50152|
09:11:47.946 T:3836736416   DEBUG: CAMLCodec::Decode: ret: 0, sz: 0, dts_in: 18442240474082.1797[589F8], pts_in: 18442240474082.1797[5B8D8], adj:0, ptsOut:2.7000, amlpts:243000, idx:80, timesize:1.0009, drain: 0
09:11:47.953 T:3870290848   DEBUG: -->Python Interpreter Initialized<--
09:11:47.953 T:3870290848   DEBUG: CPythonInvoker(7, /storage/.kodi/addons/plugin.program.super.favourites/service.py): the source file to load is "/storage/.kodi/addons/plugin.program.super.favourites/service.py"
09:11:47.955 T:3845125024   DEBUG: -->Python Interpreter Initialized<--
09:11:47.955 T:3845125024   DEBUG: CPythonInvoker(10, /storage/.kodi/addons/plugin.video.tempest/service.py): the source file to load is "/storage/.kodi/addons/plugin.video.tempest/service.py"
09:11:47.956 T:3836736416   DEBUG: CAMLCodec::Decode: ret: 0, sz: 0, dts_in: 18442240474082.1797[589F8], pts_in: 18442240474082.1797[5B8D8], adj:0, ptsOut:2.7000, amlpts:243000, idx:80, timesize:1.0009, drain: 0
09:11:47.962 T:4116944352   DEBUG: CAMLCodec::ReleaseFrame idx:78
09:11:47.966 T:3836736416   DEBUG: CAMLCodec::Decode: ret: 0, sz: 0, dts_in: 18442240474082.1797[589F8], pts_in: 18442240474082.1797[5B8D8], adj:0, ptsOut:2.7000, amlpts:243000, idx:80, timesize:1.0009, drain: 0
09:11:47.966 T:3836736416   DEBUG: CAMLCodec::Decode: ret: 6, sz: 0, dts_in: 18442240474082.1797[589F8], pts_in: 18442240474082.1797[5B8D8], adj:0, ptsOut:2.7333, amlpts:245999, idx:81, timesize:0.9676, drain: 0
09:11:47.977 T:3836736416   DEBUG: CAMLCodec::Decode: ret: 0, sz: 4620, dts_in: 4.0667[595B0], pts_in: 4.0667[595B0], adj:0, ptsOut:2.7333, amlpts:245999, idx:81, timesize:1.0009, drain: 0
09:11:47.987 T:3836736416   DEBUG: CAMLCodec::Decode: ret: 0, sz: 0, dts_in: 18442240474082.1797[595B0], pts_in: 18442240474082.1797[595B0], adj:0, ptsOut:2.7333, amlpts:245999, idx:81, timesize:1.0009, drain: 0
09:11:47.989 T:3905938336   DEBUG: -->Python Interpreter Initialized<--
09:11:47.990 T:3905938336   DEBUG: CPythonInvoker(4, /storage/.kodi/addons/plugin.video.kayo.sports/service.py): the source file to load is "/storage/.kodi/addons/plugin.video.kayo.sports/service.py"
09:11:47.992 T:3861902240   DEBUG: -->Python Interpreter Initialized<--
09:11:47.992 T:3861902240   DEBUG: CPythonInvoker(8, /storage/.kodi/addons/service.vpn.manager/service.py): the source file to load is "/storage/.kodi/addons/service.vpn.manager/service.py"
09:11:47.993 T:3861902240   DEBUG: CPythonInvoker(8, /storage/.kodi/addons/service.vpn.manager/service.py): setting the Python path to /storage/.kodi/addons/service.vpn.manager:/usr/lib/python27.zip:/usr/lib/python2.7:/usr/lib/python2.7/plat-linux2:/usr/lib/python2.7/lib-tk:/usr/lib/python2.7/lib-old:/usr/lib/python2.7/lib-dynload:/usr/lib/python2.7/site-packages:/usr/lib/python2.7/site-packages/gtk-2.0
09:11:47.993 T:3861902240   DEBUG: CPythonInvoker(8, /storage/.kodi/addons/service.vpn.manager/service.py): entering source directory /storage/.kodi/addons/service.vpn.manager
09:11:47.996 T:4116944352   DEBUG: CAMLCodec::ReleaseFrame idx:79
09:11:47.997 T:3836736416   DEBUG: CAMLCodec::Decode: ret: 0, sz: 0, dts_in: 18442240474082.1797[595B0], pts_in: 18442240474082.1797[595B0], adj:0, ptsOut:2.7333, amlpts:245999, idx:81, timesize:1.0009, drain: 0
09:11:47.997 T:3836736416   DEBUG: CAMLCodec::Decode: ret: 4, sz: 0, dts_in: 18442240474082.1797[595B0], pts_in: 18442240474082.1797[595B0], adj:0, ptsOut:2.7667, amlpts:248999, idx:82, timesize:1.0009, drain: 0
09:11:48.008 T:3836736416   DEBUG: CAMLCodec::Decode: ret: 0, sz: 0, dts_in: 18442240474082.1797[595B0], pts_in: 18442240474082.1797[595B0], adj:0, ptsOut:2.7667, amlpts:248999, idx:82, timesize:1.0009, drain: 0
09:11:48.016 T:3861902240   DEBUG: CPythonInvoker(8, /storage/.kodi/addons/service.vpn.manager/service.py): instantiating addon using automatically obtained id of "service.vpn.manager" dependent on version 2.7.0 of the xbmc.python api
09:11:48.018 T:3836736416   DEBUG: CAMLCodec::Decode: ret: 2, sz: 0, dts_in: 18442240474082.1797[595B0], pts_in: 18442240474082.1797[595B0], adj:0, ptsOut:2.7667, amlpts:248999, idx:82, timesize:0.9676, drain: 0
09:11:48.028 T:3836736416   DEBUG: CAMLCodec::Decode: ret: 0, sz: 5453, dts_in: 4.1000[5A168], pts_in: 4.1000[5A168], adj:0, ptsOut:2.7667, amlpts:248999, idx:82, timesize:1.0009, drain: 0
09:11:48.029 T:3836736416   DEBUG: CAMLCodec::Decode: ret: 4, sz: 0, dts_in: 18442240474082.1797[5A168], pts_in: 18442240474082.1797[5A168], adj:0, ptsOut:2.8000, amlpts:252000, idx:83, timesize:1.0009, drain: 0
09:11:48.045 T:4116944352   DEBUG: CAMLCodec::ReleaseFrame idx:80
09:11:48.051 T:3836736416   DEBUG: CAMLCodec::Decode: ret: 2, sz: 0, dts_in: 18442240474082.1797[5A168], pts_in: 18442240474082.1797[5A168], adj:0, ptsOut:2.8000, amlpts:252000, idx:83, timesize:0.9676, drain: 0
09:11:48.053 T:4029670304   DEBUG: CRepositoryUpdateJob[repository.kodibae] checking for updates.
09:11:48.057 T:4029670304   DEBUG: CFileCache::Open - opening <tvaddonsco/tva-resolvers-repo/raw/master/addons.xml.md5> using cache
09:11:48.058 T:4029670304   DEBUG: CurlFile::Open(0xd1a00de0) https://github.com/tvaddonsco/tva-resolvers-repo/raw/master/addons.xml.md5
09:11:48.061 T:4116944352   DEBUG: CAMLCodec::ReleaseFrame idx:81
09:11:48.062 T:3836736416   DEBUG: CAMLCodec::Decode: ret: 0, sz: 4933, dts_in: 4.1333[5AD20], pts_in: 4.1333[5AD20], adj:0, ptsOut:2.8000, amlpts:252000, idx:83, timesize:1.0009, drain: 0
09:11:48.072 T:3836736416   DEBUG: CAMLCodec::Decode: ret: 0, sz: 0, dts_in: 18442240474082.1797[5AD20], pts_in: 18442240474082.1797[5AD20], adj:0, ptsOut:2.8000, amlpts:252000, idx:83, timesize:1.0009, drain: 0
09:11:48.082 T:3836736416   DEBUG: Previous line repeats 1 times.
09:11:48.082 T:3836736416   DEBUG: CAMLCodec::Decode: ret: 6, sz: 0, dts_in: 18442240474082.1797[5AD20], pts_in: 18442240474082.1797[5AD20], adj:0, ptsOut:2.8333, amlpts:254999, idx:84, timesize:0.9676, drain: 0
09:11:48.087 T:3905938336   DEBUG: CPythonInvoker(4, /storage/.kodi/addons/plugin.video.kayo.sports/service.py): setting the Python path to /storage/.kodi/addons/plugin.video.kayo.sports:/storage/.kodi/addons/script.module.arrow/lib:/storage/.kodi/addons/script.module.certifi/lib:/storage/.kodi/addons/script.module.chardet/lib:/storage/.kodi/addons/script.module.dateutil/lib:/storage/.kodi/addons/script.module.idna/lib:/storage/.kodi/addons/script.module.requests/lib:/storage/.kodi/addons/script.module.six/lib:/storage/.kodi/addons/script.module.urllib3/lib:/usr/lib/python27.zip:/usr/lib/python2.7:/usr/lib/python2.7/plat-linux2:/usr/lib/python2.7/lib-tk:/usr/lib/python2.7/lib-old:/usr/lib/python2.7/lib-dynload:/usr/lib/python2.7/site-packages:/usr/lib/python2.7/site-packages/gtk-2.0
09:11:48.088 T:3905938336   DEBUG: CPythonInvoker(4, /storage/.kodi/addons/plugin.video.kayo.sports/service.py): entering source directory /storage/.kodi/addons/plugin.video.kayo.sports
09:11:48.088 T:3870290848   DEBUG: CPythonInvoker(7, /storage/.kodi/addons/plugin.program.super.favourites/service.py): setting the Python path to /storage/.kodi/addons/plugin.program.super.favourites:/storage/.kodi/addons/script.module.addon.common/lib:/storage/.kodi/addons/script.module.metahandler/lib:/storage/.kodi/addons/script.module.myconnpy/lib:/storage/.kodi/addons/script.module.simplejson/lib:/usr/lib/python27.zip:/usr/lib/python2.7:/usr/lib/python2.7/plat-linux2:/usr/lib/python2.7/lib-tk:/usr/lib/python2.7/lib-old:/usr/lib/python2.7/lib-dynload:/usr/lib/python2.7/site-packages:/usr/lib/python2.7/site-packages/gtk-2.0
09:11:48.088 T:3870290848   DEBUG: CPythonInvoker(7, /storage/.kodi/addons/plugin.program.super.favourites/service.py): entering source directory /storage/.kodi/addons/plugin.program.super.favourites
09:11:48.088 T:3905938336   DEBUG: CPythonInvoker(4, /storage/.kodi/addons/plugin.video.kayo.sports/service.py): instantiating addon using automatically obtained id of "plugin.video.kayo.sports" dependent on version 2.1.0 of the xbmc.python api
09:11:48.093 T:3836736416   DEBUG: CAMLCodec::Decode: ret: 0, sz: 9098, dts_in: 4.1667[5B8D8], pts_in: 4.3000[5E7B8], adj:0, ptsOut:2.8333, amlpts:254999, idx:84, timesize:1.0009, drain: 0
09:11:48.093 T:3836736416   DEBUG: CAMLCodec::Decode: ret: 4, sz: 0, dts_in: 18442240474082.1797[5B8D8], pts_in: 18442240474082.1797[5E7B8], adj:0, ptsOut:2.8667, amlpts:257999, idx:85, timesize:1.0009, drain: 0
09:11:48.094 T:4029670304   DEBUG: CCurlFile::Open - effective URL: <https://raw.githubusercontent.com/tvaddonsco/tva-resolvers-repo/master/addons.xml.md5>
09:11:48.095 T:3580883872   DEBUG: Thread FileCache start, auto delete: false
09:11:48.095 T:3580883872    INFO: CFileCache::Process - Source read didn't return any data! Hit eof(?)
09:11:48.099 T:4116944352   DEBUG: CAMLCodec::ReleaseFrame idx:82
09:11:48.101 T:3870290848   DEBUG: CPythonInvoker(7, /storage/.kodi/addons/plugin.program.super.favourites/service.py): instantiating addon using automatically obtained id of "plugin.program.super.favourites" dependent on version 2.14.0 of the xbmc.python api
09:11:48.105 T:3878679456   DEBUG: -->Python Interpreter Initialized<--
09:11:48.105 T:3878679456   DEBUG: CPythonInvoker(6, /storage/.kodi/addons/script.common.plugin.cache/default.py): the source file to load is "/storage/.kodi/addons/script.common.plugin.cache/default.py"
09:11:48.109 T:3836736416   DEBUG: CAMLCodec::Decode: ret: 0, sz: 0, dts_in: 18442240474082.1797[5B8D8], pts_in: 18442240474082.1797[5E7B8], adj:0, ptsOut:2.8667, amlpts:257999, idx:85, timesize:1.0009, drain: 0
09:11:48.119 T:3836736416   DEBUG: CAMLCodec::Decode: ret: 2, sz: 0, dts_in: 18442240474082.1797[5B8D8], pts_in: 18442240474082.1797[5E7B8], adj:0, ptsOut:2.8667, amlpts:257999, idx:85, timesize:0.9676, drain: 0
09:11:48.127 T:4116944352   DEBUG: CAMLCodec::ReleaseFrame idx:83
09:11:48.129 T:3836736416   DEBUG: CAMLCodec::Decode: ret: 0, sz: 5105, dts_in: 4.2000[5C490], pts_in: 4.2000[5C490], adj:0, ptsOut:2.8667, amlpts:257999, idx:85, timesize:1.0009, drain: 0
09:11:48.130 T:3836736416   DEBUG: CAMLCodec::Decode: ret: 4, sz: 0, dts_in: 18442240474082.1797[5C490], pts_in: 18442240474082.1797[5C490], adj:0, ptsOut:2.9000, amlpts:261000, idx:86, timesize:1.0009, drain: 0
09:11:48.140 T:3836736416   DEBUG: CAMLCodec::Decode: ret: 0, sz: 0, dts_in: 18442240474082.1797[5C490], pts_in: 18442240474082.1797[5C490], adj:0, ptsOut:2.9000, amlpts:261000, idx:86, timesize:1.0009, drain: 0
09:11:48.145 T:3580883872   DEBUG: Thread FileCache 3580883872 terminating
09:11:48.146 T:4029670304   DEBUG: CFileCache::Open - opening <kodibae/repository.kodibae/master/addons.xml.md5> using cache
09:11:48.146 T:4029670304   DEBUG: CurlFile::Open(0xd1a00de0) https://raw.githubusercontent.com/kodibae/repository.kodibae/master/addons.xml.md5
09:11:48.149 T:3845125024   DEBUG: CPythonInvoker(10, /storage/.kodi/addons/plugin.video.tempest/service.py): setting the Python path to /storage/.kodi/addons/plugin.video.tempest:/storage/.kodi/addons/plugin.video.youtube/resources/lib/:/storage/.kodi/addons/script.module.addon.common/lib:/storage/.kodi/addons/script.module.beautifulsoup4/lib:/storage/.kodi/addons/script.module.certifi/lib:/storage/.kodi/addons/script.module.chardet/lib:/storage/.kodi/addons/script.module.idna/lib:/storage/.kodi/addons/script.module.metahandler/lib:/storage/.kodi/addons/script.module.myconnpy/lib:/storage/.kodi/addons/script.module.requests/lib:/storage/.kodi/addons/script.module.simplejson/lib:/storage/.kodi/addons/script.module.six/lib:/storage/.kodi/addons/script.module.urllib3/lib:/storage/.kodi/addons/script.module.urlresolver/lib:/storage/.kodi/addons/script.tempest.artwork/lib:/storage/.kodi/addons/script.tempest.metadata/lib:/usr/lib/python27.zip:/usr/lib/python2.7:/usr/lib/python2.7/plat-linux2:/usr/lib/python2.7/lib-tk:/usr/lib/python2.7/lib-old:/usr/lib/python2.7/lib-dynload:/usr/lib/python2.7/site-packages:/usr/lib/python2.7/site-packages/gtk-2.0
09:11:48.150 T:3845125024   DEBUG: CPythonInvoker(10, /storage/.kodi/addons/plugin.video.tempest/service.py): entering source directory /storage/.kodi/addons/plugin.video.tempest
09:11:48.150 T:3836736416   DEBUG: CAMLCodec::Decode: ret: 2, sz: 0, dts_in: 18442240474082.1797[5C490], pts_in: 18442240474082.1797[5C490], adj:0, ptsOut:2.9000, amlpts:261000, idx:86, timesize:0.9676, drain: 0
09:11:48.151 T:3845125024   DEBUG: CPythonInvoker(10, /storage/.kodi/addons/plugin.video.tempest/service.py): instantiating addon using automatically obtained id of "plugin.video.tempest" dependent on version 2.19.0 of the xbmc.python api
09:11:48.153 T:3914326944   DEBUG: -->Python Interpreter Initialized<--
09:11:48.153 T:3914326944   DEBUG: CPythonInvoker(3, /storage/.kodi/addons/script.module.simple.downloader/default.py): the source file to load is "/storage/.kodi/addons/script.module.simple.downloader/default.py"
09:11:48.160 T:3836736416   DEBUG: CAMLCodec::Decode: ret: 0, sz: 6321, dts_in: 4.2333[5D048], pts_in: 4.2333[5D048], adj:0, ptsOut:2.9000, amlpts:261000, idx:86, timesize:1.0009, drain: 0
09:11:48.161 T:3836736416   DEBUG: CAMLCodec::Decode: ret: 4, sz: 0, dts_in: 18442240474082.1797[5D048], pts_in: 18442240474082.1797[5D048], adj:0, ptsOut:2.9333, amlpts:263999, idx:87, timesize:1.0009, drain: 0
09:11:48.161 T:4116944352   DEBUG: CAMLCodec::ReleaseFrame idx:84
09:11:48.162 T:3468686240   DEBUG: Thread FileCache start, auto delete: false
09:11:48.162 T:3468686240    INFO: CFileCache::Process - Source read didn't return any data! Hit eof(?)
09:11:48.171 T:3878679456   DEBUG: CPythonInvoker(6, /storage/.kodi/addons/script.common.plugin.cache/default.py): setting the Python path to /storage/.kodi/addons/script.common.plugin.cache:/usr/lib/python27.zip:/usr/lib/python2.7:/usr/lib/python2.7/plat-linux2:/usr/lib/python2.7/lib-tk:/usr/lib/python2.7/lib-old:/usr/lib/python2.7/lib-dynload:/usr/lib/python2.7/site-packages:/usr/lib/python2.7/site-packages/gtk-2.0
09:11:48.171 T:3878679456   DEBUG: CPythonInvoker(6, /storage/.kodi/addons/script.common.plugin.cache/default.py): entering source directory /storage/.kodi/addons/script.common.plugin.cache
09:11:48.171 T:3878679456   DEBUG: CPythonInvoker(6, /storage/.kodi/addons/script.common.plugin.cache/default.py): instantiating addon using automatically obtained id of "script.common.plugin.cache" dependent on version 2.24.0 of the xbmc.python api
09:11:48.171 T:3836736416   DEBUG: CAMLCodec::Decode: ret: 0, sz: 0, dts_in: 18442240474082.1797[5D048], pts_in: 18442240474082.1797[5D048], adj:0, ptsOut:2.9333, amlpts:263999, idx:87, timesize:1.0009, drain: 0
09:11:48.181 T:3836736416   DEBUG: CAMLCodec::Decode: ret: 2, sz: 0, dts_in: 18442240474082.1797[5D048], pts_in: 18442240474082.1797[5D048], adj:0, ptsOut:2.9333, amlpts:263999, idx:87, timesize:0.9676, drain: 0
09:11:48.192 T:3836736416   DEBUG: CAMLCodec::Decode: ret: 0, sz: 5350, dts_in: 4.2667[5DC00], pts_in: 4.2667[5DC00], adj:0, ptsOut:2.9333, amlpts:263999, idx:87, timesize:1.0009, drain: 0
09:11:48.192 T:3836736416   DEBUG: CAMLCodec::Decode: ret: 4, sz: 0, dts_in: 18442240474082.1797[5DC00], pts_in: 18442240474082.1797[5DC00], adj:0, ptsOut:2.9667, amlpts:266999, idx:88, timesize:1.0009, drain: 0
09:11:48.194 T:4116944352   DEBUG: CAMLCodec::ReleaseFrame idx:85
09:11:48.202 T:3836736416   DEBUG: CAMLCodec::Decode: ret: 0, sz: 0, dts_in: 18442240474082.1797[5DC00], pts_in: 18442240474082.1797[5DC00], adj:0, ptsOut:2.9667, amlpts:266999, idx:88, timesize:1.0009, drain: 0
09:11:48.212 T:3468686240   DEBUG: Thread FileCache 3468686240 terminating
09:11:48.213 T:3836736416   DEBUG: CAMLCodec::Decode: ret: 2, sz: 0, dts_in: 18442240474082.1797[5DC00], pts_in: 18442240474082.1797[5DC00], adj:0, ptsOut:2.9667, amlpts:266999, idx:88, timesize:0.9676, drain: 0
09:11:48.213 T:4029670304   DEBUG: CurlFile::Open(0xf02fdb08) https://github.com/tvaddonsco/tva-resolvers-repo/raw/master/addons.xml
09:11:48.223 T:3836736416   DEBUG: CAMLCodec::Decode: ret: 0, sz: 10139, dts_in: 4.3000[5E7B8], pts_in: 4.4333[61698], adj:0, ptsOut:2.9667, amlpts:266999, idx:88, timesize:1.0009, drain: 0
09:11:48.227 T:4116944352   DEBUG: CAMLCodec::ReleaseFrame idx:86
09:11:48.233 T:3836736416   DEBUG: CAMLCodec::Decode: ret: 0, sz: 0, dts_in: 18442240474082.1797[5E7B8], pts_in: 18442240474082.1797[61698], adj:0, ptsOut:2.9667, amlpts:266999, idx:88, timesize:1.0009, drain: 0
09:11:48.233 T:3836736416   DEBUG: CAMLCodec::Decode: ret: 6, sz: 0, dts_in: 18442240474082.1797[5E7B8], pts_in: 18442240474082.1797[61698], adj:0, ptsOut:3.0000, amlpts:270000, idx:89, timesize:0.9676, drain: 0
09:11:48.244 T:3836736416   DEBUG: CAMLCodec::Decode: ret: 0, sz: 4932, dts_in: 4.3333[5F370], pts_in: 4.3333[5F370], adj:0, ptsOut:3.0000, amlpts:270000, idx:89, timesize:1.0009, drain: 0
09:11:48.248 T:4029670304   DEBUG: CCurlFile::Open - effective URL: <https://raw.githubusercontent.com/tvaddonsco/tva-resolvers-repo/master/addons.xml>
09:11:48.254 T:3836736416   DEBUG: CAMLCodec::Decode: ret: 0, sz: 0, dts_in: 18442240474082.1797[5F370], pts_in: 18442240474082.1797[5F370], adj:0, ptsOut:3.0000, amlpts:270000, idx:89, timesize:1.0009, drain: 0
09:11:48.261 T:4116944352   DEBUG: CAMLCodec::ReleaseFrame idx:87
09:11:48.264 T:3836736416   DEBUG: CAMLCodec::Decode: ret: 0, sz: 0, dts_in: 18442240474082.1797[5F370], pts_in: 18442240474082.1797[5F370], adj:0, ptsOut:3.0000, amlpts:270000, idx:89, timesize:1.0009, drain: 0
09:11:48.264 T:3836736416   DEBUG: CAMLCodec::Decode: ret: 6, sz: 0, dts_in: 18442240474082.1797[5F370], pts_in: 18442240474082.1797[5F370], adj:0, ptsOut:3.0333, amlpts:272999, idx:90, timesize:0.9676, drain: 0
09:11:48.266 T:4029670304   ERROR: ADDON: extension '' is not currently supported for service addon
09:11:48.275 T:3836736416   DEBUG: CAMLCodec::Decode: ret: 0, sz: 6232, dts_in: 4.3667[5FF28], pts_in: 4.3667[5FF28], adj:0, ptsOut:3.0333, amlpts:272999, idx:90, timesize:1.0009, drain: 0
09:11:48.276 T:4029670304   DEBUG: CurlFile::Open(0xf02fdb08) https://raw.githubusercontent.com/kodibae/repository.kodibae/master/addons.xml
09:11:48.286 T:3836736416   DEBUG: CAMLCodec::Decode: ret: 0, sz: 0, dts_in: 18442240474082.1797[5FF28], pts_in: 18442240474082.1797[5FF28], adj:0, ptsOut:3.0333, amlpts:272999, idx:90, timesize:1.0009, drain: 0
09:11:48.296 T:4116944352   DEBUG: CAMLCodec::ReleaseFrame idx:88
09:11:48.297 T:3836736416   DEBUG: CAMLCodec::Decode: ret: 0, sz: 0, dts_in: 18442240474082.1797[5FF28], pts_in: 18442240474082.1797[5FF28], adj:0, ptsOut:3.0333, amlpts:272999, idx:90, timesize:1.0009, drain: 0
09:11:48.297 T:3836736416   DEBUG: CAMLCodec::Decode: ret: 4, sz: 0, dts_in: 18442240474082.1797[5FF28], pts_in: 18442240474082.1797[5FF28], adj:0, ptsOut:3.0667, amlpts:275999, idx:91, timesize:1.0009, drain: 0
09:11:48.307 T:3836736416   DEBUG: CAMLCodec::Decode: ret: 0, sz: 0, dts_in: 18442240474082.1797[5FF28], pts_in: 18442240474082.1797[5FF28], adj:0, ptsOut:3.0667, amlpts:275999, idx:91, timesize:1.0009, drain: 0
09:11:48.318 T:3836736416   DEBUG: CAMLCodec::Decode: ret: 2, sz: 0, dts_in: 18442240474082.1797[5FF28], pts_in: 18442240474082.1797[5FF28], adj:0, ptsOut:3.0667, amlpts:275999, idx:91, timesize:0.9676, drain: 0
09:11:48.333 T:3836736416   DEBUG: CAMLCodec::Decode: ret: 0, sz: 6198, dts_in: 4.4000[60AE0], pts_in: 4.4000[60AE0], adj:0, ptsOut:3.0667, amlpts:275999, idx:91, timesize:1.0009, drain: 0
09:11:48.333 T:3836736416   DEBUG: CAMLCodec::Decode: ret: 6, sz: 0, dts_in: 18442240474082.1797[60AE0], pts_in: 18442240474082.1797[60AE0], adj:0, ptsOut:3.1000, amlpts:279000, idx:92, timesize:0.9676, drain: 0
09:11:48.335 T:4116944352   DEBUG: CAMLCodec::ReleaseFrame idx:89
09:11:48.345 T:3836736416   DEBUG: CAMLCodec::Decode: ret: 0, sz: 10585, dts_in: 4.4333[61698], pts_in: 4.5667[64578], adj:0, ptsOut:3.1000, amlpts:279000, idx:92, timesize:1.0009, drain: 0
09:11:48.355 T:3836736416   DEBUG: CAMLCodec::Decode: ret: 0, sz: 0, dts_in: 18442240474082.1797[61698], pts_in: 18442240474082.1797[64578], adj:0, ptsOut:3.1000, amlpts:279000, idx:92, timesize:1.0009, drain: 0
09:11:48.364 T:4116944352   DEBUG: CAMLCodec::ReleaseFrame idx:90
09:11:48.365 T:3819959200   DEBUG: CRepository 'http://mirrors.kodi.tv/addons/krypton/addons.xml.gz' is gzip. decompressing
09:11:48.366 T:3836736416   DEBUG: CAMLCodec::Decode: ret: 0, sz: 0, dts_in: 18442240474082.1797[61698], pts_in: 18442240474082.1797[64578], adj:0, ptsOut:3.1000, amlpts:279000, idx:92, timesize:1.0009, drain: 0
09:11:48.366 T:3836736416   DEBUG: CAMLCodec::Decode: ret: 6, sz: 0, dts_in: 18442240474082.1797[61698], pts_in: 18442240474082.1797[64578], adj:0, ptsOut:3.1333, amlpts:281999, idx:93, timesize:0.9676, drain: 0
09:11:48.376 T:3836736416   DEBUG: CAMLCodec::Decode: ret: 0, sz: 5596, dts_in: 4.4667[62250], pts_in: 4.4667[62250], adj:0, ptsOut:3.1333, amlpts:281999, idx:93, timesize:1.0009, drain: 0
09:11:48.387 T:3836736416   DEBUG: CAMLCodec::Decode: ret: 0, sz: 0, dts_in: 18442240474082.1797[62250], pts_in: 18442240474082.1797[62250], adj:0, ptsOut:3.1333, amlpts:281999, idx:93, timesize:1.0009, drain: 0
09:11:48.397 T:3836736416   DEBUG: Previous line repeats 1 times.
09:11:48.397 T:3836736416   DEBUG: CAMLCodec::Decode: ret: 4, sz: 0, dts_in: 18442240474082.1797[62250], pts_in: 18442240474082.1797[62250], adj:0, ptsOut:3.1667, amlpts:284999, idx:94, timesize:1.0009, drain: 0
09:11:48.411 T:4116944352   DEBUG: CAMLCodec::ReleaseFrame idx:91
09:11:48.418 T:3836736416   DEBUG: CAMLCodec::Decode: ret: 2, sz: 0, dts_in: 18442240474082.1797[62250], pts_in: 18442240474082.1797[62250], adj:0, ptsOut:3.1667, amlpts:284999, idx:94, timesize:0.9676, drain: 0
09:11:48.426 T:3931104160   DEBUG: Skin Helper Service --> Kodi_Monitor: sender plugin.video.youtube - method: Other.check_settings  - data: ["%7B%22httpd_address%22%3A%20%220.0.0.0%22%2C%20%22use_httpd%22%3A%20true%2C%20%22whitelist%22%3A%20%22%22%2C%20%22httpd_port%22%3A%2050152%7D"]
09:11:48.428 T:3836736416   DEBUG: CAMLCodec::Decode: ret: 0, sz: 6356, dts_in: 4.5000[62E08], pts_in: 4.5000[62E08], adj:0, ptsOut:3.1667, amlpts:284999, idx:94, timesize:1.0009, drain: 0
09:11:48.439 T:3836736416   DEBUG: CAMLCodec::Decode: ret: 0, sz: 0, dts_in: 18442240474082.1797[62E08], pts_in: 18442240474082.1797[62E08], adj:0, ptsOut:3.1667, amlpts:284999, idx:94, timesize:1.0009, drain: 0
09:11:48.444 T:4116944352   DEBUG: CAMLCodec::ReleaseFrame idx:92
09:11:48.449 T:3836736416   DEBUG: CAMLCodec::Decode: ret: 0, sz: 0, dts_in: 18442240474082.1797[62E08], pts_in: 18442240474082.1797[62E08], adj:0, ptsOut:3.1667, amlpts:284999, idx:94, timesize:1.0009, drain: 0
09:11:48.449 T:3836736416   DEBUG: CAMLCodec::Decode: ret: 4, sz: 0, dts_in: 18442240474082.1797[62E08], pts_in: 18442240474082.1797[62E08], adj:0, ptsOut:3.2000, amlpts:288000, idx:95, timesize:1.0009, drain: 0
09:11:48.460 T:3836736416   DEBUG: CAMLCodec::Decode: ret: 0, sz: 0, dts_in: 18442240474082.1797[62E08], pts_in: 18442240474082.1797[62E08], adj:0, ptsOut:3.2000, amlpts:288000, idx:95, timesize:1.0009, drain: 0
09:11:48.461 T:4116944352   DEBUG: CAMLCodec::ReleaseFrame idx:93
09:11:48.470 T:3836736416   DEBUG: CAMLCodec::Decode: ret: 2, sz: 0, dts_in: 18442240474082.1797[62E08], pts_in: 18442240474082.1797[62E08], adj:0, ptsOut:3.2000, amlpts:288000, idx:95, timesize:0.9676, drain: 0
09:11:48.480 T:3836736416   DEBUG: CAMLCodec::Decode: ret: 0, sz: 6506, dts_in: 4.5333[639C0], pts_in: 4.5333[639C0], adj:0, ptsOut:3.2000, amlpts:288000, idx:95, timesize:1.0009, drain: 0
09:11:48.481 T:3836736416   DEBUG: CAMLCodec::Decode: ret: 4, sz: 0, dts_in: 18442240474082.1797[639C0], pts_in: 18442240474082.1797[639C0], adj:0, ptsOut:3.2333, amlpts:290999, idx:96, timesize:1.0009, drain: 0
09:11:48.492 T:3836736416   DEBUG: CAMLCodec::Decode: ret: 0, sz: 0, dts_in: 18442240474082.1797[639C0], pts_in: 18442240474082.1797[639C0], adj:0, ptsOut:3.2333, amlpts:290999, idx:96, timesize:1.0009, drain: 0
09:11:48.492 T:3836736416   DEBUG: CAMLCodec::Decode: ret: 6, sz: 0, dts_in: 18442240474082.1797[639C0], pts_in: 18442240474082.1797[639C0], adj:0, ptsOut:3.2667, amlpts:293999, idx:97, timesize:0.9676, drain: 0
09:11:48.494 T:4116944352   DEBUG: CAMLCodec::ReleaseFrame idx:94
09:11:48.502 T:3836736416   DEBUG: CAMLCodec::Decode: ret: 0, sz: 11112, dts_in: 4.5667[64578], pts_in: 4.7000[67458], adj:0, ptsOut:3.2667, amlpts:293999, idx:97, timesize:1.0009, drain: 0
09:11:48.513 T:3836736416   DEBUG: CAMLCodec::Decode: ret: 2, sz: 0, dts_in: 18442240474082.1797[64578], pts_in: 18442240474082.1797[67458], adj:0, ptsOut:3.2667, amlpts:293999, idx:97, timesize:0.9676, drain: 0
09:11:48.523 T:3836736416   DEBUG: CAMLCodec::Decode: ret: 0, sz: 6819, dts_in: 4.6000[65130], pts_in: 4.6000[65130], adj:0, ptsOut:3.2667, amlpts:293999, idx:97, timesize:1.0009, drain: 0
09:11:48.527 T:4116944352   DEBUG: CAMLCodec::ReleaseFrame idx:95
09:11:48.530 T:4029670304   DEBUG: CRepositoryUpdateJob[repository.universalscrapers] checking for updates.
09:11:48.533 T:3836736416   DEBUG: CAMLCodec::Decode: ret: 0, sz: 0, dts_in: 18442240474082.1797[65130], pts_in: 18442240474082.1797[65130], adj:0, ptsOut:3.2667, amlpts:293999, idx:97, timesize:1.0009, drain: 0
09:11:48.534 T:3836736416   DEBUG: CAMLCodec::Decode: ret: 6, sz: 0, dts_in: 18442240474082.1797[65130], pts_in: 18442240474082.1797[65130], adj:0, ptsOut:3.3000, amlpts:297000, idx:98, timesize:0.9676, drain: 0
09:11:48.536 T:4029670304   DEBUG: CFileCache::Open - opening <teamuniversal/scrapers/master/_modules4all/zips/addons.xml.md5> using cache
09:11:48.537 T:4029670304   DEBUG: CurlFile::Open(0xd1807c60) https://raw.githubusercontent.com/teamuniversal/scrapers/master/_modules4all/zips/addons.xml.md5
09:11:48.544 T:3836736416   DEBUG: CAMLCodec::Decode: ret: 0, sz: 8433, dts_in: 4.6333[65CE8], pts_in: 4.6333[65CE8], adj:0, ptsOut:3.3000, amlpts:297000, idx:98, timesize:1.0009, drain: 0
09:11:48.554 T:3468686240   DEBUG: Thread FileCache start, auto delete: false
09:11:48.554 T:3836736416   DEBUG: CAMLCodec::Decode: ret: 0, sz: 0, dts_in: 18442240474082.1797[65CE8], pts_in: 18442240474082.1797[65CE8], adj:0, ptsOut:3.3000, amlpts:297000, idx:98, timesize:1.0009, drain: 0
09:11:48.554 T:3468686240    INFO: CFileCache::Process - Source read didn't return any data! Hit eof(?)
09:11:48.561 T:4116944352   DEBUG: CAMLCodec::ReleaseFrame idx:96
09:11:48.564 T:3836736416   DEBUG: CAMLCodec::Decode: ret: 0, sz: 0, dts_in: 18442240474082.1797[65CE8], pts_in: 18442240474082.1797[65CE8], adj:0, ptsOut:3.3000, amlpts:297000, idx:98, timesize:1.0009, drain: 0
09:11:48.565 T:3836736416   DEBUG: CAMLCodec::Decode: ret: 6, sz: 0, dts_in: 18442240474082.1797[65CE8], pts_in: 18442240474082.1797[65CE8], adj:0, ptsOut:3.3333, amlpts:299999, idx:99, timesize:0.9676, drain: 0
09:11:48.575 T:3836736416   DEBUG: CAMLCodec::Decode: ret: 0, sz: 7670, dts_in: 4.6667[668A0], pts_in: 4.6667[668A0], adj:0, ptsOut:3.3333, amlpts:299999, idx:99, timesize:1.0009, drain: 0
09:11:48.585 T:3836736416   DEBUG: CAMLCodec::Decode: ret: 0, sz: 0, dts_in: 18442240474082.1797[668A0], pts_in: 18442240474082.1797[668A0], adj:0, ptsOut:3.3333, amlpts:299999, idx:99, timesize:1.0009, drain: 0
09:11:48.594 T:4116944352   DEBUG: CAMLCodec::ReleaseFrame idx:97
09:11:48.596 T:3836736416   DEBUG: CAMLCodec::Decode: ret: 0, sz: 0, dts_in: 18442240474082.1797[668A0], pts_in: 18442240474082.1797[668A0], adj:0, ptsOut:3.3333, amlpts:299999, idx:99, timesize:1.0009, drain: 0
09:11:48.596 T:3836736416   DEBUG: CAMLCodec::Decode: ret: 4, sz: 0, dts_in: 18442240474082.1797[668A0], pts_in: 18442240474082.1797[668A0], adj:0, ptsOut:3.3667, amlpts:302999, idx:100, timesize:1.0009, drain: 0
09:11:48.604 T:3468686240   DEBUG: Thread FileCache 3468686240 terminating
09:11:48.605 T:4029670304   DEBUG: CurlFile::Open(0xf02fdb08) https://raw.githubusercontent.com/teamuniversal/scrapers/master/_modules4all/zips/addons.xml
09:11:48.606 T:3836736416   DEBUG: CAMLCodec::Decode: ret: 0, sz: 0, dts_in: 18442240474082.1797[668A0], pts_in: 18442240474082.1797[668A0], adj:0, ptsOut:3.3667, amlpts:302999, idx:100, timesize:1.0009, drain: 0
09:11:48.616 T:3836736416   DEBUG: CAMLCodec::Decode: ret: 2, sz: 0, dts_in: 18442240474082.1797[668A0], pts_in: 18442240474082.1797[668A0], adj:0, ptsOut:3.3667, amlpts:302999, idx:100, timesize:0.9676, drain: 0
09:11:48.627 T:3836736416   DEBUG: CAMLCodec::Decode: ret: 2, sz: 14966, dts_in: 4.7000[67458], pts_in: 4.8333[6A338], adj:0, ptsOut:3.3667, amlpts:302999, idx:100, timesize:0.9676, drain: 0
09:11:48.627 T:3836736416   DEBUG: CAMLCodec::Decode: ret: 4, sz: 7606, dts_in: 4.7333[68010], pts_in: 4.7333[68010], adj:0, ptsOut:3.4000, amlpts:306000, idx:101, timesize:1.0009, drain: 0
09:11:48.627 T:4116944352   DEBUG: CAMLCodec::ReleaseFrame idx:98
09:11:48.637 T:3836736416   DEBUG: CAMLCodec::Decode: ret: 0, sz: 0, dts_in: 18442240474082.1797[68010], pts_in: 18442240474082.1797[68010], adj:0, ptsOut:3.4000, amlpts:306000, idx:101, timesize:1.0009, drain: 0
09:11:48.637 T:3468686240   DEBUG: Thread FileCache start, auto delete: false
09:11:48.638 T:3468686240    INFO: CFileCache::Process - Source read didn't return any data! Hit eof(?)
09:11:48.648 T:3836736416   DEBUG: CAMLCodec::Decode: ret: 0, sz: 0, dts_in: 18442240474082.1797[68010], pts_in: 18442240474082.1797[68010], adj:0, ptsOut:3.4000, amlpts:306000, idx:101, timesize:1.0009, drain: 0
09:11:48.658 T:3836736416   DEBUG: Previous line repeats 1 times.
09:11:48.658 T:3836736416   DEBUG: CAMLCodec::Decode: ret: 4, sz: 0, dts_in: 18442240474082.1797[68010], pts_in: 18442240474082.1797[68010], adj:0, ptsOut:3.4333, amlpts:308999, idx:102, timesize:1.0009, drain: 0
09:11:48.662 T:4116944352   DEBUG: CAMLCodec::ReleaseFrame idx:99
09:11:48.665 T:4029670304   DEBUG: CRepository: invalidating cached art for 'script.module.universalscrapers'
09:11:48.669 T:3836736416   DEBUG: CAMLCodec::Decode: ret: 0, sz: 0, dts_in: 18442240474082.1797[68010], pts_in: 18442240474082.1797[68010], adj:0, ptsOut:3.4333, amlpts:308999, idx:102, timesize:1.0009, drain: 0
09:11:48.679 T:3836736416   DEBUG: CAMLCodec::Decode: ret: 2, sz: 0, dts_in: 18442240474082.1797[68010], pts_in: 18442240474082.1797[68010], adj:0, ptsOut:3.4333, amlpts:308999, idx:102, timesize:0.9676, drain: 0
09:11:48.698 T:3836736416   DEBUG: CAMLCodec::Decode: ret: 0, sz: 8934, dts_in: 4.7667[68BC8], pts_in: 4.7667[68BC8], adj:0, ptsOut:3.4333, amlpts:308999, idx:102, timesize:1.0009, drain: 0
09:11:48.698 T:3468686240   DEBUG: Thread FileCache 3468686240 terminating
09:11:48.698 T:3836736416   DEBUG: CAMLCodec::Decode: ret: 4, sz: 0, dts_in: 18442240474082.1797[68BC8], pts_in: 18442240474082.1797[68BC8], adj:0, ptsOut:3.4667, amlpts:311999, idx:103, timesize:1.0009, drain: 0
09:11:48.701 T:4116944352   DEBUG: CAMLCodec::ReleaseFrame idx:100
09:11:48.711 T:3836736416   DEBUG: CAMLCodec::Decode: ret: 0, sz: 0, dts_in: 18442240474082.1797[68BC8], pts_in: 18442240474082.1797[68BC8], adj:0, ptsOut:3.4667, amlpts:311999, idx:103, timesize:1.0009, drain: 0
09:11:48.721 T:3836736416   DEBUG: CAMLCodec::Decode: ret: 2, sz: 0, dts_in: 18442240474082.1797[68BC8], pts_in: 18442240474082.1797[68BC8], adj:0, ptsOut:3.4667, amlpts:311999, idx:103, timesize:0.9676, drain: 0
09:11:48.727 T:4116944352   DEBUG: CAMLCodec::ReleaseFrame idx:101
09:11:48.731 T:3836736416   DEBUG: CAMLCodec::Decode: ret: 0, sz: 8213, dts_in: 4.8000[69780], pts_in: 4.8000[69780], adj:0, ptsOut:3.4667, amlpts:311999, idx:103, timesize:1.0009, drain: 0
09:11:48.732 T:3836736416   DEBUG: CAMLCodec::Decode: ret: 6, sz: 0, dts_in: 18442240474082.1797[69780], pts_in: 18442240474082.1797[69780], adj:0, ptsOut:3.5000, amlpts:315000, idx:104, timesize:0.9676, drain: 0
09:11:48.742 T:3836736416   DEBUG: CAMLCodec::Decode: ret: 2, sz: 16025, dts_in: 4.8333[6A338], pts_in: 4.9667[6D218], adj:0, ptsOut:3.5000, amlpts:315000, idx:104, timesize:0.9676, drain: 0
09:11:48.752 T:3836736416   DEBUG: CAMLCodec::Decode: ret: 0, sz: 7657, dts_in: 4.8667[6AEF0], pts_in: 4.8667[6AEF0], adj:0, ptsOut:3.5000, amlpts:315000, idx:104, timesize:1.0009, drain: 0
09:11:48.762 T:4116944352   DEBUG: CAMLCodec::ReleaseFrame idx:102
09:11:48.763 T:3836736416   DEBUG: CAMLCodec::Decode: ret: 0, sz: 0, dts_in: 18442240474082.1797[6AEF0], pts_in: 18442240474082.1797[6AEF0], adj:0, ptsOut:3.5000, amlpts:315000, idx:104, timesize:1.0009, drain: 0
09:11:48.763 T:3836736416   DEBUG: CAMLCodec::Decode: ret: 4, sz: 0, dts_in: 18442240474082.1797[6AEF0], pts_in: 18442240474082.1797[6AEF0], adj:0, ptsOut:3.5333, amlpts:317999, idx:105, timesize:1.0009, drain: 0
09:11:48.773 T:3836736416   DEBUG: CAMLCodec::Decode: ret: 0, sz: 0, dts_in: 18442240474082.1797[6AEF0], pts_in: 18442240474082.1797[6AEF0], adj:0, ptsOut:3.5333, amlpts:317999, idx:105, timesize:1.0009, drain: 0
09:11:48.794 T:3836736416   DEBUG: Previous line repeats 2 times.
09:11:48.794 T:3836736416   DEBUG: CAMLCodec::Decode: ret: 4, sz: 0, dts_in: 18442240474082.1797[6AEF0], pts_in: 18442240474082.1797[6AEF0], adj:0, ptsOut:3.5667, amlpts:320999, idx:106, timesize:1.0009, drain: 0
09:11:48.794 T:4116944352   DEBUG: CAMLCodec::ReleaseFrame idx:103
09:11:48.804 T:3836736416   DEBUG: CAMLCodec::Decode: ret: 0, sz: 0, dts_in: 18442240474082.1797[6AEF0], pts_in: 18442240474082.1797[6AEF0], adj:0, ptsOut:3.5667, amlpts:320999, idx:106, timesize:1.0009, drain: 0
09:11:48.815 T:3836736416   DEBUG: CAMLCodec::Decode: ret: 2, sz: 0, dts_in: 18442240474082.1797[6AEF0], pts_in: 18442240474082.1797[6AEF0], adj:0, ptsOut:3.5667, amlpts:320999, idx:106, timesize:0.9676, drain: 0
09:11:48.825 T:3836736416   DEBUG: CAMLCodec::Decode: ret: 0, sz: 10002, dts_in: 4.9000[6BAA8], pts_in: 4.9000[6BAA8], adj:0, ptsOut:3.5667, amlpts:320999, idx:106, timesize:1.0009, drain: 0
09:11:48.825 T:3836736416   DEBUG: CAMLCodec::Decode: ret: 4, sz: 0, dts_in: 18442240474082.1797[6BAA8], pts_in: 18442240474082.1797[6BAA8], adj:0, ptsOut:3.6000, amlpts:324000, idx:107, timesize:1.0009, drain: 0
09:11:48.827 T:4116944352   DEBUG: CAMLCodec::ReleaseFrame idx:104
09:11:48.836 T:3836736416   DEBUG: CAMLCodec::Decode: ret: 0, sz: 0, dts_in: 18442240474082.1797[6BAA8], pts_in: 18442240474082.1797[6BAA8], adj:0, ptsOut:3.6000, amlpts:324000, idx:107, timesize:1.0009, drain: 0
09:11:48.836 T:4029670304   DEBUG: CRepositoryUpdateJob[repository.supremacy] checking for updates.
09:11:48.841 T:4029670304   DEBUG: CFileCache::Open - opening <totalrevolution/python-koding/master/zips/addons.xml.md5> using cache
09:11:48.842 T:4029670304   DEBUG: CurlFile::Open(0xd1806ec8) https://raw.githubusercontent.com/totalrevolution/python-koding/master/zips/addons.xml.md5
09:11:48.847 T:3836736416   DEBUG: CAMLCodec::Decode: ret: 2, sz: 0, dts_in: 18442240474082.1797[6BAA8], pts_in: 18442240474082.1797[6BAA8], adj:0, ptsOut:3.6000, amlpts:324000, idx:107, timesize:0.9676, drain: 0
09:11:48.857 T:3836736416   DEBUG: CAMLCodec::Decode: ret: 2, sz: 9297, dts_in: 4.9333[6C660], pts_in: 4.9333[6C660], adj:0, ptsOut:3.6000, amlpts:324000, idx:107, timesize:0.9676, drain: 0
09:11:48.858 T:4116944352   DEBUG: RunScriptWithParams - calling plugin Tempest('plugin://plugin.video.tempest/','-1','?action=service')
09:11:48.859 T:3468686240   DEBUG: Thread LanguageInvoker start, auto delete: false
09:11:48.859 T:3468686240    INFO: initializing python engine.
09:11:48.859 T:3468686240   DEBUG: CPythonInvoker(14, /storage/.kodi/addons/plugin.video.tempest/tempest.py): start processing
09:11:48.861 T:3451909024   DEBUG: Thread FileCache start, auto delete: false
09:11:48.861 T:3451909024    INFO: CFileCache::Process - Source read didn't return any data! Hit eof(?)
09:11:48.862 T:4116944352   DEBUG: CAMLCodec::ReleaseFrame idx:105
09:11:48.865 T:3845125024   DEBUG: [ Tempest  DEBUG ] Debug Enabled?: false
09:11:48.867 T:3836736416   DEBUG: CAMLCodec::Decode: ret: 2, sz: 18874, dts_in: 4.9667[6D218], pts_in: 5.1000[700F8], adj:0, ptsOut:3.6000, amlpts:324000, idx:107, timesize:0.9676, drain: 0
09:11:48.868 T:3836736416   DEBUG: CAMLCodec::Decode: ret: 4, sz: 8983, dts_in: 5.0000[6DDD0], pts_in: 5.0000[6DDD0], adj:0, ptsOut:3.6333, amlpts:326999, idx:108, timesize:1.0009, drain: 0
09:11:48.878 T:3836736416   DEBUG: CAMLCodec::Decode: ret: 0, sz: 0, dts_in: 18442240474082.1797[6DDD0], pts_in: 18442240474082.1797[6DDD0], adj:0, ptsOut:3.6333, amlpts:326999, idx:108, timesize:1.0009, drain: 0
09:11:48.891 T:3845125024   DEBUG: Previous line repeats 1 times.
09:11:48.891 T:3845125024   DEBUG: [ Tempest  DEBUG ] Debug Log?: 0
09:11:48.892 T:3845125024   DEBUG: [ Tempest  DEBUG ] Debug Enabled?: false
09:11:48.892 T:3845125024   DEBUG: [ Tempest  DEBUG ] Debug Log?: 0
09:11:48.892 T:3845125024    INFO: CPythonInvoker(10, /storage/.kodi/addons/plugin.video.tempest/service.py): script successfully run
09:11:48.894 T:4116944352   DEBUG: CAMLCodec::ReleaseFrame idx:106
09:11:48.898 T:3836736416   DEBUG: CAMLCodec::Decode: ret: 0, sz: 0, dts_in: 18442240474082.1797[6DDD0], pts_in: 18442240474082.1797[6DDD0], adj:0, ptsOut:3.6333, amlpts:326999, idx:108, timesize:1.0009, drain: 0
09:11:48.898 T:3836736416   DEBUG: CAMLCodec::Decode: ret: 4, sz: 0, dts_in: 18442240474082.1797[6DDD0], pts_in: 18442240474082.1797[6DDD0], adj:0, ptsOut:3.6667, amlpts:329999, idx:109, timesize:1.0009, drain: 0
09:11:48.909 T:3836736416   DEBUG: CAMLCodec::Decode: ret: 0, sz: 0, dts_in: 18442240474082.1797[6DDD0], pts_in: 18442240474082.1797[6DDD0], adj:0, ptsOut:3.6667, amlpts:329999, idx:109, timesize:1.0009, drain: 0
09:11:48.911 T:3451909024   DEBUG: Thread FileCache 3451909024 terminating
09:11:48.912 T:4029670304   DEBUG: CFileCache::Open - opening <jsergio123/zips/master/addons.xml.md5> using cache
09:11:48.912 T:4029670304   DEBUG: CurlFile::Open(0xd0db1930) https://raw.githubusercontent.com/jsergio123/zips/master/addons.xml.md5
09:11:48.912 T:3897549728   DEBUG: CRepositoryUpdateJob[repository.xvbmc] checksum not changed.
09:11:48.913 T:3897549728   DEBUG: CRepositoryUpdateJob[repository.mancaverepo] checking for updates.
09:11:48.919 T:3836736416   DEBUG: CAMLCodec::Decode: ret: 0, sz: 0, dts_in: 18442240474082.1797[6DDD0], pts_in: 18442240474082.1797[6DDD0], adj:0, ptsOut:3.6667, amlpts:329999, idx:109, timesize:1.0009, drain: 0
09:11:48.924 T:3897549728   DEBUG: CFileCache::Open - opening <marcelveldt/repository.marcelveldt/master/addons.xml.md5> using cache
09:11:48.924 T:3897549728   DEBUG: CurlFile::Open(0xd3e2d418) https://raw.githubusercontent.com/marcelveldt/repository.marcelveldt/master/addons.xml.md5
09:11:48.927 T:4116944352   DEBUG: CAMLCodec::ReleaseFrame idx:107
09:11:48.929 T:3451909024   DEBUG: Thread FileCache start, auto delete: false
09:11:48.929 T:3836736416   DEBUG: CAMLCodec::Decode: ret: 0, sz: 0, dts_in: 18442240474082.1797[6DDD0], pts_in: 18442240474082.1797[6DDD0], adj:0, ptsOut:3.6667, amlpts:329999, idx:109, timesize:1.0009, drain: 0
09:11:48.929 T:3836736416   DEBUG: CAMLCodec::Decode: ret: 4, sz: 0, dts_in: 18442240474082.1797[6DDD0], pts_in: 18442240474082.1797[6DDD0], adj:0, ptsOut:3.7000, amlpts:333000, idx:110, timesize:1.0009, drain: 0
09:11:48.930 T:3451909024    INFO: CFileCache::Process - Source read didn't return any data! Hit eof(?)
09:11:48.940 T:3836736416   DEBUG: CAMLCodec::Decode: ret: 0, sz: 0, dts_in: 18442240474082.1797[6DDD0], pts_in: 18442240474082.1797[6DDD0], adj:0, ptsOut:3.7000, amlpts:333000, idx:110, timesize:1.0009, drain: 0
09:11:48.942 T:3441423264   DEBUG: Thread FileCache start, auto delete: false
09:11:48.942 T:3441423264    INFO: CFileCache::Process - Source read didn't return any data! Hit eof(?)
09:11:48.950 T:3836736416   DEBUG: CAMLCodec::Decode: ret: 2, sz: 0, dts_in: 18442240474082.1797[6DDD0], pts_in: 18442240474082.1797[6DDD0], adj:0, ptsOut:3.7000, amlpts:333000, idx:110, timesize:0.9676, drain: 0
09:11:48.960 T:3836736416   DEBUG: CAMLCodec::Decode: ret: 2, sz: 11109, dts_in: 5.0333[6E988], pts_in: 5.0333[6E988], adj:0, ptsOut:3.7000, amlpts:333000, idx:110, timesize:0.9676, drain: 0
