07:18:28.518 T:3711955872   DEBUG: CAMLCodec::Decode: ret: 0, sz: 0, dts_in: 18442240474082.1797[3D860], pts_in: 18442240474082.1797[3D860], adj:0, ptsOut:1.3333, amlpts:119999, idx:39, timesize:1.0009, drain: 0
07:18:28.535 T:4117546464   DEBUG: Previous line repeats 1 times.
07:18:28.535 T:4117546464   DEBUG: CAMLCodec::ReleaseFrame idx:37
07:18:28.539 T:3711955872   DEBUG: CAMLCodec::Decode: ret: 0, sz: 0, dts_in: 18442240474082.1797[3D860], pts_in: 18442240474082.1797[3D860], adj:0, ptsOut:1.3333, amlpts:119999, idx:39, timesize:1.0009, drain: 0
07:18:28.539 T:3711955872   DEBUG: CAMLCodec::Decode: ret: 4, sz: 0, dts_in: 18442240474082.1797[3D860], pts_in: 18442240474082.1797[3D860], adj:0, ptsOut:1.3667, amlpts:122999, idx:40, timesize:1.0009, drain: 0
07:18:28.549 T:3711955872   DEBUG: CAMLCodec::Decode: ret: 0, sz: 0, dts_in: 18442240474082.1797[3D860], pts_in: 18442240474082.1797[3D860], adj:0, ptsOut:1.3667, amlpts:122999, idx:40, timesize:1.0009, drain: 0
07:18:28.569 T:4117546464   DEBUG: Previous line repeats 1 times.
07:18:28.569 T:4117546464   DEBUG: CAMLCodec::ReleaseFrame idx:38
07:18:28.570 T:3711955872   DEBUG: CAMLCodec::Decode: ret: 0, sz: 0, dts_in: 18442240474082.1797[3D860], pts_in: 18442240474082.1797[3D860], adj:0, ptsOut:1.3667, amlpts:122999, idx:40, timesize:1.0009, drain: 0
07:18:28.570 T:3711955872   DEBUG: CAMLCodec::Decode: ret: 4, sz: 0, dts_in: 18442240474082.1797[3D860], pts_in: 18442240474082.1797[3D860], adj:0, ptsOut:1.4000, amlpts:126000, idx:41, timesize:1.0009, drain: 0
07:18:28.580 T:3711955872   DEBUG: CAMLCodec::Decode: ret: 0, sz: 0, dts_in: 18442240474082.1797[3D860], pts_in: 18442240474082.1797[3D860], adj:0, ptsOut:1.4000, amlpts:126000, idx:41, timesize:1.0009, drain: 0
07:18:28.601 T:3711955872   DEBUG: Previous line repeats 2 times.
07:18:28.601 T:3711955872   DEBUG: CAMLCodec::Decode: ret: 4, sz: 0, dts_in: 18442240474082.1797[3D860], pts_in: 18442240474082.1797[3D860], adj:0, ptsOut:1.4333, amlpts:128999, idx:42, timesize:1.0009, drain: 0
07:18:28.603 T:4117546464   DEBUG: CAMLCodec::ReleaseFrame idx:39
07:18:28.613 T:3711955872   DEBUG: CAMLCodec::Decode: ret: 0, sz: 0, dts_in: 18442240474082.1797[3D860], pts_in: 18442240474082.1797[3D860], adj:0, ptsOut:1.4333, amlpts:128999, idx:42, timesize:1.0009, drain: 0
07:18:28.635 T:4117546464   DEBUG: Previous line repeats 2 times.
07:18:28.635 T:4117546464   DEBUG: CAMLCodec::ReleaseFrame idx:40
07:18:28.643 T:3711955872   DEBUG: CAMLCodec::Decode: ret: 0, sz: 0, dts_in: 18442240474082.1797[3D860], pts_in: 18442240474082.1797[3D860], adj:0, ptsOut:1.4333, amlpts:128999, idx:42, timesize:1.0009, drain: 0
07:18:28.643 T:3711955872   DEBUG: CAMLCodec::Decode: ret: 4, sz: 0, dts_in: 18442240474082.1797[3D860], pts_in: 18442240474082.1797[3D860], adj:0, ptsOut:1.4667, amlpts:131999, idx:43, timesize:1.0009, drain: 0
07:18:28.654 T:3711955872   DEBUG: CAMLCodec::Decode: ret: 0, sz: 0, dts_in: 18442240474082.1797[3D860], pts_in: 18442240474082.1797[3D860], adj:0, ptsOut:1.4667, amlpts:131999, idx:43, timesize:1.0009, drain: 0
07:18:28.658 T:3703567264   DEBUG: CDVDClock::ErrorAdjust - CVideoPlayerAudio::OutputPacket - error:-55278.009462, adjusted:-55278.009462
07:18:28.664 T:3711955872   DEBUG: CAMLCodec::Decode: ret: 0, sz: 0, dts_in: 18442240474082.1797[3D860], pts_in: 18442240474082.1797[3D860], adj:0, ptsOut:1.4667, amlpts:131999, idx:43, timesize:1.0009, drain: 0
07:18:28.674 T:3711955872   DEBUG: Previous line repeats 1 times.
07:18:28.674 T:3711955872   DEBUG: CAMLCodec::Decode: ret: 4, sz: 0, dts_in: 18442240474082.1797[3D860], pts_in: 18442240474082.1797[3D860], adj:0, ptsOut:1.5000, amlpts:135000, idx:44, timesize:1.0009, drain: 0
07:18:28.719 T:4117546464   DEBUG: CAMLCodec::ReleaseFrame idx:41
07:18:28.729 T:3711955872   DEBUG: CAMLCodec::Decode: ret: 2, sz: 0, dts_in: 18442240474082.1797[3D860], pts_in: 18442240474082.1797[3D860], adj:0, ptsOut:1.5000, amlpts:135000, idx:44, timesize:0.9342, drain: 0
07:18:28.739 T:3711955872   DEBUG: CAMLCodec::Decode: ret: 2, sz: 16668, dts_in: 2.8333[3E418], pts_in: 2.9667[412F8], adj:0, ptsOut:1.5000, amlpts:135000, idx:44, timesize:0.8008, drain: 0
07:18:28.750 T:3711955872   DEBUG: CAMLCodec::Decode: ret: 2, sz: 8696, dts_in: 2.8667[3EFD0], pts_in: 2.8667[3EFD0], adj:0, ptsOut:1.5000, amlpts:135000, idx:44, timesize:0.8341, drain: 0
07:18:28.752 T:4117546464   DEBUG: CAMLCodec::ReleaseFrame idx:42
07:18:28.760 T:3711955872   DEBUG: CAMLCodec::Decode: ret: 2, sz: 9383, dts_in: 2.9000[3FB88], pts_in: 2.9000[3FB88], adj:0, ptsOut:1.5000, amlpts:135000, idx:44, timesize:0.8675, drain: 0
07:18:28.760 T:3711955872   DEBUG: CAMLCodec::Decode: ret: 6, sz: 8440, dts_in: 2.9333[40740], pts_in: 2.9333[40740], adj:0, ptsOut:1.5333, amlpts:137999, idx:45, timesize:0.9008, drain: 0
07:18:28.771 T:3711955872   DEBUG: CAMLCodec::Decode: ret: 2, sz: 16641, dts_in: 2.9667[412F8], pts_in: 3.1000[441D8], adj:0, ptsOut:1.5333, amlpts:137999, idx:45, timesize:0.8008, drain: 0
07:18:28.781 T:3711955872   DEBUG: CAMLCodec::Decode: ret: 2, sz: 8346, dts_in: 3.0000[41EB0], pts_in: 3.0000[41EB0], adj:0, ptsOut:1.5333, amlpts:137999, idx:45, timesize:0.8341, drain: 0
07:18:28.785 T:4117546464   DEBUG: CAMLCodec::ReleaseFrame idx:43
07:18:28.791 T:3711955872   DEBUG: CAMLCodec::Decode: ret: 2, sz: 10405, dts_in: 3.0333[42A68], pts_in: 3.0333[42A68], adj:0, ptsOut:1.5333, amlpts:137999, idx:45, timesize:0.8675, drain: 0
07:18:28.792 T:3711955872   DEBUG: CAMLCodec::Decode: ret: 6, sz: 9756, dts_in: 3.0667[43620], pts_in: 3.0667[43620], adj:0, ptsOut:1.5667, amlpts:140999, idx:46, timesize:0.9008, drain: 0
07:18:28.802 T:3711955872   DEBUG: CAMLCodec::Decode: ret: 2, sz: 20197, dts_in: 3.1000[441D8], pts_in: 3.2333[470B8], adj:0, ptsOut:1.5667, amlpts:140999, idx:46, timesize:0.9008, drain: 0
07:18:28.813 T:3711955872   DEBUG: CAMLCodec::Decode: ret: 2, sz: 10039, dts_in: 3.1333[44D90], pts_in: 3.1333[44D90], adj:0, ptsOut:1.5667, amlpts:140999, idx:46, timesize:0.9342, drain: 0
07:18:28.819 T:4117546464   DEBUG: CAMLCodec::ReleaseFrame idx:44
07:18:28.823 T:3711955872   DEBUG: CAMLCodec::Decode: ret: 2, sz: 11849, dts_in: 3.1667[45948], pts_in: 3.1667[45948], adj:0, ptsOut:1.5667, amlpts:140999, idx:46, timesize:0.9676, drain: 0
07:18:28.823 T:3711955872   DEBUG: CAMLCodec::Decode: ret: 4, sz: 12677, dts_in: 3.2000[46500], pts_in: 3.2000[46500], adj:0, ptsOut:1.6000, amlpts:144000, idx:47, timesize:1.0009, drain: 0
07:18:28.833 T:3711955872   DEBUG: CAMLCodec::Decode: ret: 0, sz: 0, dts_in: 18442240474082.1797[46500], pts_in: 18442240474082.1797[46500], adj:0, ptsOut:1.6000, amlpts:144000, idx:47, timesize:1.0009, drain: 0
07:18:28.852 T:4117546464   DEBUG: Previous line repeats 1 times.
07:18:28.852 T:4117546464   DEBUG: CAMLCodec::ReleaseFrame idx:45
07:18:28.854 T:3711955872   DEBUG: CAMLCodec::Decode: ret: 0, sz: 0, dts_in: 18442240474082.1797[46500], pts_in: 18442240474082.1797[46500], adj:0, ptsOut:1.6000, amlpts:144000, idx:47, timesize:1.0009, drain: 0
07:18:28.854 T:3711955872   DEBUG: CAMLCodec::Decode: ret: 4, sz: 0, dts_in: 18442240474082.1797[46500], pts_in: 18442240474082.1797[46500], adj:0, ptsOut:1.6333, amlpts:146999, idx:48, timesize:1.0009, drain: 0
07:18:28.864 T:3711955872   DEBUG: CAMLCodec::Decode: ret: 0, sz: 0, dts_in: 18442240474082.1797[46500], pts_in: 18442240474082.1797[46500], adj:0, ptsOut:1.6333, amlpts:146999, idx:48, timesize:1.0009, drain: 0
07:18:28.885 T:3711955872   DEBUG: Previous line repeats 2 times.
07:18:28.885 T:3711955872   DEBUG: CAMLCodec::Decode: ret: 4, sz: 0, dts_in: 18442240474082.1797[46500], pts_in: 18442240474082.1797[46500], adj:0, ptsOut:1.6667, amlpts:149999, idx:49, timesize:1.0009, drain: 0
07:18:28.886 T:4117546464   DEBUG: CAMLCodec::ReleaseFrame idx:46
07:18:28.896 T:3711955872   DEBUG: CAMLCodec::Decode: ret: 0, sz: 0, dts_in: 18442240474082.1797[46500], pts_in: 18442240474082.1797[46500], adj:0, ptsOut:1.6667, amlpts:149999, idx:49, timesize:1.0009, drain: 0
07:18:28.919 T:4117546464   DEBUG: Previous line repeats 2 times.
07:18:28.919 T:4117546464   DEBUG: CAMLCodec::ReleaseFrame idx:47
07:18:28.927 T:3711955872   DEBUG: CAMLCodec::Decode: ret: 0, sz: 0, dts_in: 18442240474082.1797[46500], pts_in: 18442240474082.1797[46500], adj:0, ptsOut:1.6667, amlpts:149999, idx:49, timesize:1.0009, drain: 0
07:18:28.927 T:3711955872   DEBUG: CAMLCodec::Decode: ret: 4, sz: 0, dts_in: 18442240474082.1797[46500], pts_in: 18442240474082.1797[46500], adj:0, ptsOut:1.7000, amlpts:153000, idx:50, timesize:1.0009, drain: 0
07:18:28.937 T:3711955872   DEBUG: CAMLCodec::Decode: ret: 0, sz: 0, dts_in: 18442240474082.1797[46500], pts_in: 18442240474082.1797[46500], adj:0, ptsOut:1.7000, amlpts:153000, idx:50, timesize:1.0009, drain: 0
07:18:28.948 T:3811570592   DEBUG: Previous line repeats 1 times.
07:18:28.948 T:3811570592    INFO: easy_aquire - Created session to https://i.imgur.com
07:18:28.953 T:4117546464   DEBUG: CAMLCodec::ReleaseFrame idx:48
07:18:28.958 T:3711955872   DEBUG: CAMLCodec::Decode: ret: 0, sz: 0, dts_in: 18442240474082.1797[46500], pts_in: 18442240474082.1797[46500], adj:0, ptsOut:1.7000, amlpts:153000, idx:50, timesize:1.0009, drain: 0
07:18:28.958 T:3711955872   DEBUG: CAMLCodec::Decode: ret: 4, sz: 0, dts_in: 18442240474082.1797[46500], pts_in: 18442240474082.1797[46500], adj:0, ptsOut:1.7333, amlpts:155999, idx:51, timesize:1.0009, drain: 0
07:18:28.968 T:3711955872   DEBUG: CAMLCodec::Decode: ret: 0, sz: 0, dts_in: 18442240474082.1797[46500], pts_in: 18442240474082.1797[46500], adj:0, ptsOut:1.7333, amlpts:155999, idx:51, timesize:1.0009, drain: 0
07:18:28.985 T:4117546464   DEBUG: Previous line repeats 1 times.
07:18:28.985 T:4117546464   DEBUG: CAMLCodec::ReleaseFrame idx:49
07:18:28.989 T:3711955872   DEBUG: CAMLCodec::Decode: ret: 0, sz: 0, dts_in: 18442240474082.1797[46500], pts_in: 18442240474082.1797[46500], adj:0, ptsOut:1.7333, amlpts:155999, idx:51, timesize:1.0009, drain: 0
07:18:28.989 T:3711955872   DEBUG: CAMLCodec::Decode: ret: 4, sz: 0, dts_in: 18442240474082.1797[46500], pts_in: 18442240474082.1797[46500], adj:0, ptsOut:1.7667, amlpts:158999, idx:52, timesize:1.0009, drain: 0
07:18:28.999 T:3711955872   DEBUG: CAMLCodec::Decode: ret: 0, sz: 0, dts_in: 18442240474082.1797[46500], pts_in: 18442240474082.1797[46500], adj:0, ptsOut:1.7667, amlpts:158999, idx:52, timesize:1.0009, drain: 0
07:18:29.019 T:4117546464   DEBUG: Previous line repeats 1 times.
07:18:29.019 T:4117546464   DEBUG: CAMLCodec::ReleaseFrame idx:50
07:18:29.020 T:3711955872   DEBUG: CAMLCodec::Decode: ret: 0, sz: 0, dts_in: 18442240474082.1797[46500], pts_in: 18442240474082.1797[46500], adj:0, ptsOut:1.7667, amlpts:158999, idx:52, timesize:1.0009, drain: 0
07:18:29.020 T:3711955872   DEBUG: CAMLCodec::Decode: ret: 4, sz: 0, dts_in: 18442240474082.1797[46500], pts_in: 18442240474082.1797[46500], adj:0, ptsOut:1.8000, amlpts:162000, idx:53, timesize:1.0009, drain: 0
07:18:29.030 T:3711955872   DEBUG: CAMLCodec::Decode: ret: 0, sz: 0, dts_in: 18442240474082.1797[46500], pts_in: 18442240474082.1797[46500], adj:0, ptsOut:1.8000, amlpts:162000, idx:53, timesize:1.0009, drain: 0
07:18:29.051 T:3711955872   DEBUG: Previous line repeats 2 times.
07:18:29.051 T:3711955872   DEBUG: CAMLCodec::Decode: ret: 4, sz: 0, dts_in: 18442240474082.1797[46500], pts_in: 18442240474082.1797[46500], adj:0, ptsOut:1.8333, amlpts:164999, idx:54, timesize:1.0009, drain: 0
07:18:29.052 T:4117546464   DEBUG: CAMLCodec::ReleaseFrame idx:51
07:18:29.062 T:3711955872   DEBUG: CAMLCodec::Decode: ret: 0, sz: 0, dts_in: 18442240474082.1797[46500], pts_in: 18442240474082.1797[46500], adj:0, ptsOut:1.8333, amlpts:164999, idx:54, timesize:1.0009, drain: 0
07:18:29.085 T:4117546464   DEBUG: Previous line repeats 2 times.
07:18:29.085 T:4117546464   DEBUG: CAMLCodec::ReleaseFrame idx:52
07:18:29.093 T:3711955872   DEBUG: CAMLCodec::Decode: ret: 0, sz: 0, dts_in: 18442240474082.1797[46500], pts_in: 18442240474082.1797[46500], adj:0, ptsOut:1.8333, amlpts:164999, idx:54, timesize:1.0009, drain: 0
07:18:29.093 T:3711955872   DEBUG: CAMLCodec::Decode: ret: 4, sz: 0, dts_in: 18442240474082.1797[46500], pts_in: 18442240474082.1797[46500], adj:0, ptsOut:1.8667, amlpts:167999, idx:55, timesize:1.0009, drain: 0
07:18:29.103 T:3711955872   DEBUG: CAMLCodec::Decode: ret: 0, sz: 0, dts_in: 18442240474082.1797[46500], pts_in: 18442240474082.1797[46500], adj:0, ptsOut:1.8667, amlpts:167999, idx:55, timesize:1.0009, drain: 0
07:18:29.118 T:4117546464   DEBUG: Previous line repeats 1 times.
07:18:29.118 T:4117546464   DEBUG: CAMLCodec::ReleaseFrame idx:53
07:18:29.123 T:3711955872   DEBUG: CAMLCodec::Decode: ret: 0, sz: 0, dts_in: 18442240474082.1797[46500], pts_in: 18442240474082.1797[46500], adj:0, ptsOut:1.8667, amlpts:167999, idx:55, timesize:1.0009, drain: 0
07:18:29.124 T:3711955872   DEBUG: CAMLCodec::Decode: ret: 4, sz: 0, dts_in: 18442240474082.1797[46500], pts_in: 18442240474082.1797[46500], adj:0, ptsOut:1.9000, amlpts:171000, idx:56, timesize:1.0009, drain: 0
07:18:29.134 T:3711955872   DEBUG: CAMLCodec::Decode: ret: 0, sz: 0, dts_in: 18442240474082.1797[46500], pts_in: 18442240474082.1797[46500], adj:0, ptsOut:1.9000, amlpts:171000, idx:56, timesize:1.0009, drain: 0
07:18:29.144 T:3711955872   DEBUG: CAMLCodec::Decode: ret: 2, sz: 0, dts_in: 18442240474082.1797[46500], pts_in: 18442240474082.1797[46500], adj:0, ptsOut:1.9000, amlpts:171000, idx:56, timesize:0.9676, drain: 0
07:18:29.152 T:4117546464   DEBUG: CAMLCodec::ReleaseFrame idx:54
07:18:29.155 T:3711955872   DEBUG: CAMLCodec::Decode: ret: 2, sz: 17574, dts_in: 3.2333[470B8], pts_in: 3.3667[49F98], adj:0, ptsOut:1.9000, amlpts:171000, idx:56, timesize:0.9008, drain: 0
07:18:29.155 T:3711955872   DEBUG: CAMLCodec::Decode: ret: 6, sz: 11830, dts_in: 3.2667[47C70], pts_in: 3.2667[47C70], adj:0, ptsOut:1.9333, amlpts:173999, idx:57, timesize:0.9342, drain: 0
07:18:29.165 T:3711955872   DEBUG: CAMLCodec::Decode: ret: 2, sz: 13352, dts_in: 3.3000[48828], pts_in: 3.3000[48828], adj:0, ptsOut:1.9333, amlpts:173999, idx:57, timesize:0.9008, drain: 0
07:18:29.176 T:3711955872   DEBUG: CAMLCodec::Decode: ret: 2, sz: 11905, dts_in: 3.3333[493E0], pts_in: 3.3333[493E0], adj:0, ptsOut:1.9333, amlpts:173999, idx:57, timesize:0.9342, drain: 0
07:18:29.185 T:4117546464   DEBUG: CAMLCodec::ReleaseFrame idx:55
07:18:29.186 T:3711955872   DEBUG: CAMLCodec::Decode: ret: 2, sz: 17575, dts_in: 3.3667[49F98], pts_in: 3.5000[4CE78], adj:0, ptsOut:1.9333, amlpts:173999, idx:57, timesize:0.9676, drain: 0
07:18:29.187 T:3711955872   DEBUG: CAMLCodec::Decode: ret: 4, sz: 11186, dts_in: 3.4000[4AB50], pts_in: 3.4000[4AB50], adj:0, ptsOut:1.9667, amlpts:176999, idx:58, timesize:1.0009, drain: 0
07:18:29.197 T:3711955872   DEBUG: CAMLCodec::Decode: ret: 0, sz: 0, dts_in: 18442240474082.1797[4AB50], pts_in: 18442240474082.1797[4AB50], adj:0, ptsOut:1.9667, amlpts:176999, idx:58, timesize:1.0009, drain: 0
07:18:29.217 T:3711955872   DEBUG: Previous line repeats 2 times.
07:18:29.218 T:3711955872   DEBUG: CAMLCodec::Decode: ret: 4, sz: 0, dts_in: 18442240474082.1797[4AB50], pts_in: 18442240474082.1797[4AB50], adj:0, ptsOut:2.0000, amlpts:180000, idx:59, timesize:1.0009, drain: 0
07:18:29.218 T:4117546464   DEBUG: CAMLCodec::ReleaseFrame idx:56
07:18:29.228 T:3711955872   DEBUG: CAMLCodec::Decode: ret: 0, sz: 0, dts_in: 18442240474082.1797[4AB50], pts_in: 18442240474082.1797[4AB50], adj:0, ptsOut:2.0000, amlpts:180000, idx:59, timesize:1.0009, drain: 0
07:18:29.252 T:4117546464   DEBUG: Previous line repeats 2 times.
07:18:29.252 T:4117546464   DEBUG: CAMLCodec::ReleaseFrame idx:57
07:18:29.259 T:3711955872   DEBUG: CAMLCodec::Decode: ret: 0, sz: 0, dts_in: 18442240474082.1797[4AB50], pts_in: 18442240474082.1797[4AB50], adj:0, ptsOut:2.0000, amlpts:180000, idx:59, timesize:1.0009, drain: 0
07:18:29.259 T:3711955872   DEBUG: CAMLCodec::Decode: ret: 4, sz: 0, dts_in: 18442240474082.1797[4AB50], pts_in: 18442240474082.1797[4AB50], adj:0, ptsOut:2.0333, amlpts:182999, idx:60, timesize:1.0009, drain: 0
07:18:29.269 T:3711955872   DEBUG: CAMLCodec::Decode: ret: 0, sz: 0, dts_in: 18442240474082.1797[4AB50], pts_in: 18442240474082.1797[4AB50], adj:0, ptsOut:2.0333, amlpts:182999, idx:60, timesize:1.0009, drain: 0
07:18:29.285 T:4117546464   DEBUG: Previous line repeats 1 times.
07:18:29.285 T:4117546464   DEBUG: CAMLCodec::ReleaseFrame idx:58
07:18:29.290 T:3711955872   DEBUG: CAMLCodec::Decode: ret: 0, sz: 0, dts_in: 18442240474082.1797[4AB50], pts_in: 18442240474082.1797[4AB50], adj:0, ptsOut:2.0333, amlpts:182999, idx:60, timesize:1.0009, drain: 0
07:18:29.290 T:3711955872   DEBUG: CAMLCodec::Decode: ret: 4, sz: 0, dts_in: 18442240474082.1797[4AB50], pts_in: 18442240474082.1797[4AB50], adj:0, ptsOut:2.0667, amlpts:185999, idx:61, timesize:1.0009, drain: 0
07:18:29.300 T:3711955872   DEBUG: CAMLCodec::Decode: ret: 0, sz: 0, dts_in: 18442240474082.1797[4AB50], pts_in: 18442240474082.1797[4AB50], adj:0, ptsOut:2.0667, amlpts:185999, idx:61, timesize:1.0009, drain: 0
07:18:29.318 T:4117546464   DEBUG: Previous line repeats 1 times.
07:18:29.318 T:4117546464   DEBUG: CAMLCodec::ReleaseFrame idx:59
07:18:29.321 T:3711955872   DEBUG: CAMLCodec::Decode: ret: 0, sz: 0, dts_in: 18442240474082.1797[4AB50], pts_in: 18442240474082.1797[4AB50], adj:0, ptsOut:2.0667, amlpts:185999, idx:61, timesize:1.0009, drain: 0
07:18:29.321 T:3711955872   DEBUG: CAMLCodec::Decode: ret: 4, sz: 0, dts_in: 18442240474082.1797[4AB50], pts_in: 18442240474082.1797[4AB50], adj:0, ptsOut:2.1000, amlpts:189000, idx:62, timesize:1.0009, drain: 0
07:18:29.331 T:3711955872   DEBUG: CAMLCodec::Decode: ret: 0, sz: 0, dts_in: 18442240474082.1797[4AB50], pts_in: 18442240474082.1797[4AB50], adj:0, ptsOut:2.1000, amlpts:189000, idx:62, timesize:1.0009, drain: 0
07:18:29.342 T:3711955872   DEBUG: CAMLCodec::Decode: ret: 2, sz: 0, dts_in: 18442240474082.1797[4AB50], pts_in: 18442240474082.1797[4AB50], adj:0, ptsOut:2.1000, amlpts:189000, idx:62, timesize:0.9676, drain: 0
07:18:29.352 T:4117546464   DEBUG: CAMLCodec::ReleaseFrame idx:60
07:18:29.352 T:3711955872   DEBUG: CAMLCodec::Decode: ret: 0, sz: 11545, dts_in: 3.4333[4B708], pts_in: 3.4333[4B708], adj:0, ptsOut:2.1000, amlpts:189000, idx:62, timesize:1.0009, drain: 0
07:18:29.352 T:3711955872   DEBUG: CAMLCodec::Decode: ret: 4, sz: 0, dts_in: 18442240474082.1797[4B708], pts_in: 18442240474082.1797[4B708], adj:0, ptsOut:2.1333, amlpts:191999, idx:63, timesize:1.0009, drain: 0
07:18:29.363 T:3711955872   DEBUG: CAMLCodec::Decode: ret: 0, sz: 0, dts_in: 18442240474082.1797[4B708], pts_in: 18442240474082.1797[4B708], adj:0, ptsOut:2.1333, amlpts:191999, idx:63, timesize:1.0009, drain: 0
07:18:29.373 T:3711955872   DEBUG: CAMLCodec::Decode: ret: 2, sz: 0, dts_in: 18442240474082.1797[4B708], pts_in: 18442240474082.1797[4B708], adj:0, ptsOut:2.1333, amlpts:191999, idx:63, timesize:0.9676, drain: 0
07:18:29.383 T:3711955872   DEBUG: CAMLCodec::Decode: ret: 2, sz: 10210, dts_in: 3.4667[4C2C0], pts_in: 3.4667[4C2C0], adj:0, ptsOut:2.1333, amlpts:191999, idx:63, timesize:0.9676, drain: 0
07:18:29.385 T:4117546464   DEBUG: CAMLCodec::ReleaseFrame idx:61
07:18:29.394 T:3711955872   DEBUG: CAMLCodec::Decode: ret: 2, sz: 17599, dts_in: 3.5000[4CE78], pts_in: 3.6333[4FD58], adj:0, ptsOut:2.1333, amlpts:191999, idx:63, timesize:0.9342, drain: 0
07:18:29.394 T:3711955872   DEBUG: CAMLCodec::Decode: ret: 6, sz: 10421, dts_in: 3.5333[4DA30], pts_in: 3.5333[4DA30], adj:0, ptsOut:2.1667, amlpts:194999, idx:64, timesize:0.9676, drain: 0
07:18:29.404 T:3711955872   DEBUG: CAMLCodec::Decode: ret: 0, sz: 12912, dts_in: 3.5667[4E5E8], pts_in: 3.5667[4E5E8], adj:0, ptsOut:2.1667, amlpts:194999, idx:64, timesize:1.0009, drain: 0
07:18:29.415 T:3711955872   DEBUG: CAMLCodec::Decode: ret: 0, sz: 0, dts_in: 18442240474082.1797[4E5E8], pts_in: 18442240474082.1797[4E5E8], adj:0, ptsOut:2.1667, amlpts:194999, idx:64, timesize:1.0009, drain: 0
07:18:29.418 T:4117546464   DEBUG: CAMLCodec::ReleaseFrame idx:62
07:18:29.425 T:3711955872   DEBUG: CAMLCodec::Decode: ret: 0, sz: 0, dts_in: 18442240474082.1797[4E5E8], pts_in: 18442240474082.1797[4E5E8], adj:0, ptsOut:2.1667, amlpts:194999, idx:64, timesize:1.0009, drain: 0
07:18:29.425 T:3711955872   DEBUG: CAMLCodec::Decode: ret: 4, sz: 0, dts_in: 18442240474082.1797[4E5E8], pts_in: 18442240474082.1797[4E5E8], adj:0, ptsOut:2.2000, amlpts:198000, idx:65, timesize:1.0009, drain: 0
07:18:29.435 T:3711955872   DEBUG: CAMLCodec::Decode: ret: 0, sz: 0, dts_in: 18442240474082.1797[4E5E8], pts_in: 18442240474082.1797[4E5E8], adj:0, ptsOut:2.2000, amlpts:198000, idx:65, timesize:1.0009, drain: 0
07:18:29.452 T:4117546464   DEBUG: Previous line repeats 1 times.
07:18:29.452 T:4117546464   DEBUG: CAMLCodec::ReleaseFrame idx:63
07:18:29.456 T:3711955872   DEBUG: CAMLCodec::Decode: ret: 0, sz: 0, dts_in: 18442240474082.1797[4E5E8], pts_in: 18442240474082.1797[4E5E8], adj:0, ptsOut:2.2000, amlpts:198000, idx:65, timesize:1.0009, drain: 0
07:18:29.456 T:3711955872   DEBUG: CAMLCodec::Decode: ret: 4, sz: 0, dts_in: 18442240474082.1797[4E5E8], pts_in: 18442240474082.1797[4E5E8], adj:0, ptsOut:2.2333, amlpts:200999, idx:66, timesize:1.0009, drain: 0
07:18:29.466 T:3711955872   DEBUG: CAMLCodec::Decode: ret: 0, sz: 0, dts_in: 18442240474082.1797[4E5E8], pts_in: 18442240474082.1797[4E5E8], adj:0, ptsOut:2.2333, amlpts:200999, idx:66, timesize:1.0009, drain: 0
07:18:29.485 T:4117546464   DEBUG: Previous line repeats 1 times.
07:18:29.485 T:4117546464   DEBUG: CAMLCodec::ReleaseFrame idx:64
07:18:29.487 T:3711955872   DEBUG: CAMLCodec::Decode: ret: 0, sz: 0, dts_in: 18442240474082.1797[4E5E8], pts_in: 18442240474082.1797[4E5E8], adj:0, ptsOut:2.2333, amlpts:200999, idx:66, timesize:1.0009, drain: 0
07:18:29.487 T:3711955872   DEBUG: CAMLCodec::Decode: ret: 4, sz: 0, dts_in: 18442240474082.1797[4E5E8], pts_in: 18442240474082.1797[4E5E8], adj:0, ptsOut:2.2667, amlpts:203999, idx:67, timesize:1.0009, drain: 0
07:18:29.497 T:3711955872   DEBUG: CAMLCodec::Decode: ret: 0, sz: 0, dts_in: 18442240474082.1797[4E5E8], pts_in: 18442240474082.1797[4E5E8], adj:0, ptsOut:2.2667, amlpts:203999, idx:67, timesize:1.0009, drain: 0
07:18:29.508 T:3711955872   DEBUG: CAMLCodec::Decode: ret: 2, sz: 0, dts_in: 18442240474082.1797[4E5E8], pts_in: 18442240474082.1797[4E5E8], adj:0, ptsOut:2.2667, amlpts:203999, idx:67, timesize:0.9676, drain: 0
07:18:29.519 T:3711955872   DEBUG: CAMLCodec::Decode: ret: 2, sz: 12585, dts_in: 3.6000[4F1A0], pts_in: 3.6000[4F1A0], adj:0, ptsOut:2.2667, amlpts:203999, idx:67, timesize:0.9676, drain: 0
07:18:29.519 T:4117546464   DEBUG: CAMLCodec::ReleaseFrame idx:65
07:18:29.519 T:3711955872   DEBUG: CAMLCodec::Decode: ret: 6, sz: 16645, dts_in: 3.6333[4FD58], pts_in: 3.7667[52C38], adj:0, ptsOut:2.3000, amlpts:207000, idx:68, timesize:0.9676, drain: 0
07:18:29.520 T:3939492768   DEBUG: [plugin.video.youtube] send_notification: |check_settings| -> |{"httpd_address": "0.0.0.0", "use_httpd": true, "whitelist": "", "httpd_port": 50152}|
07:18:29.523 T:3939492768   DEBUG: [plugin.video.youtube] JSONStore Load |/storage/.kodi/userdata/addon_data/plugin.video.youtube/api_keys.json|
07:18:29.525 T:3939492768   DEBUG: [plugin.video.youtube] JSONStore Load |/storage/.kodi/userdata/addon_data/plugin.video.youtube/access_manager.json|
07:18:29.529 T:3711955872   DEBUG: CAMLCodec::Decode: ret: 0, sz: 11676, dts_in: 3.6667[50910], pts_in: 3.6667[50910], adj:0, ptsOut:2.3000, amlpts:207000, idx:68, timesize:1.0009, drain: 0
07:18:29.531 T:3939492768   DEBUG: [plugin.video.youtube] User: |0| Using API key set: |own|
07:18:29.534 T:4117533600   DEBUG: CAnnouncementManager - Announcement: check_settings from plugin.video.youtube
07:18:29.535 T:4117533600   DEBUG: GOT ANNOUNCEMENT, type: 512, from plugin.video.youtube, message check_settings
07:18:29.540 T:3711955872   DEBUG: CAMLCodec::Decode: ret: 0, sz: 0, dts_in: 18442240474082.1797[50910], pts_in: 18442240474082.1797[50910], adj:0, ptsOut:2.3000, amlpts:207000, idx:68, timesize:1.0009, drain: 0
07:18:29.552 T:4117546464   DEBUG: Previous line repeats 1 times.
07:18:29.552 T:4117546464   DEBUG: CAMLCodec::ReleaseFrame idx:66
07:18:29.560 T:3711955872   DEBUG: CAMLCodec::Decode: ret: 0, sz: 0, dts_in: 18442240474082.1797[50910], pts_in: 18442240474082.1797[50910], adj:0, ptsOut:2.3000, amlpts:207000, idx:68, timesize:1.0009, drain: 0
07:18:29.560 T:3711955872   DEBUG: CAMLCodec::Decode: ret: 4, sz: 0, dts_in: 18442240474082.1797[50910], pts_in: 18442240474082.1797[50910], adj:0, ptsOut:2.3333, amlpts:209999, idx:69, timesize:1.0009, drain: 0
07:18:29.562 T:3556766624   DEBUG: -->Python Interpreter Initialized<--
07:18:29.562 T:3556766624   DEBUG: CPythonInvoker(16, /storage/.kodi/addons/plugin.program.super.favourites/default.py): the source file to load is "/storage/.kodi/addons/plugin.program.super.favourites/default.py"
07:18:29.563 T:3939492768   DEBUG: [plugin.video.youtube] YouTube service initialization...
07:18:29.571 T:3711955872   DEBUG: CAMLCodec::Decode: ret: 0, sz: 0, dts_in: 18442240474082.1797[50910], pts_in: 18442240474082.1797[50910], adj:0, ptsOut:2.3333, amlpts:209999, idx:69, timesize:1.0009, drain: 0
07:18:29.571 T:3939492768   DEBUG: [plugin.video.youtube] HTTPServer: Starting |0.0.0.0:50152|
07:18:29.581 T:3711955872   DEBUG: CAMLCodec::Decode: ret: 0, sz: 0, dts_in: 18442240474082.1797[50910], pts_in: 18442240474082.1797[50910], adj:0, ptsOut:2.3333, amlpts:209999, idx:69, timesize:1.0009, drain: 0
07:18:29.585 T:4117546464   DEBUG: CAMLCodec::ReleaseFrame idx:67
07:18:29.591 T:3711955872   DEBUG: CAMLCodec::Decode: ret: 0, sz: 0, dts_in: 18442240474082.1797[50910], pts_in: 18442240474082.1797[50910], adj:0, ptsOut:2.3333, amlpts:209999, idx:69, timesize:1.0009, drain: 0
07:18:29.591 T:3711955872   DEBUG: CAMLCodec::Decode: ret: 4, sz: 0, dts_in: 18442240474082.1797[50910], pts_in: 18442240474082.1797[50910], adj:0, ptsOut:2.3667, amlpts:212999, idx:70, timesize:1.0009, drain: 0
07:18:29.602 T:3711955872   DEBUG: CAMLCodec::Decode: ret: 0, sz: 0, dts_in: 18442240474082.1797[50910], pts_in: 18442240474082.1797[50910], adj:0, ptsOut:2.3667, amlpts:212999, idx:70, timesize:1.0009, drain: 0
07:18:29.612 T:3711955872   DEBUG: CAMLCodec::Decode: ret: 2, sz: 0, dts_in: 18442240474082.1797[50910], pts_in: 18442240474082.1797[50910], adj:0, ptsOut:2.3667, amlpts:212999, idx:70, timesize:0.9676, drain: 0
07:18:29.617 T:3931104160   DEBUG: CPythonInvoker(1, /storage/.kodi/addons/script.skin.helper.service/service.py): setting the Python path to /storage/.kodi/addons/script.skin.helper.service:/storage/.kodi/addons/script.module.arrow/lib:/storage/.kodi/addons/script.module.beautifulsoup/lib:/storage/.kodi/addons/script.module.certifi/lib:/storage/.kodi/addons/script.module.chardet/lib:/storage/.kodi/addons/script.module.cherrypy/lib:/storage/.kodi/addons/script.module.dateutil/lib:/storage/.kodi/addons/script.module.idna/lib:/storage/.kodi/addons/script.module.metadatautils/lib:/storage/.kodi/addons/script.module.musicbrainz/lib:/storage/.kodi/addons/script.module.requests/lib:/storage/.kodi/addons/script.module.simplecache/lib:/storage/.kodi/addons/script.module.simplejson/lib:/storage/.kodi/addons/script.module.six/lib:/storage/.kodi/addons/script.module.thetvdb/lib:/storage/.kodi/addons/script.module.urllib3/lib:/usr/lib/python27.zip:/usr/lib/python2.7:/usr/lib/python2.7/plat-linux2:/usr/lib/python2.7/lib-tk:/usr/lib/python2.7/lib-old:/usr/lib/python2.7/lib-dynload:/usr/lib/python2.7/site-packages:/usr/lib/python2.7/site-packages/gtk-2.0
07:18:29.617 T:3931104160   DEBUG: CPythonInvoker(1, /storage/.kodi/addons/script.skin.helper.service/service.py): entering source directory /storage/.kodi/addons/script.skin.helper.service
07:18:29.618 T:3931104160   DEBUG: CPythonInvoker(1, /storage/.kodi/addons/script.skin.helper.service/service.py): instantiating addon using automatically obtained id of "script.skin.helper.service" dependent on version 2.13.0 of the xbmc.python api
07:18:29.619 T:3855606688   DEBUG: CPythonInvoker(9, /storage/.kodi/addons/script.updateShortCut/default.py): setting the Python path to /storage/.kodi/addons/script.updateShortCut:/usr/lib/python27.zip:/usr/lib/python2.7:/usr/lib/python2.7/plat-linux2:/usr/lib/python2.7/lib-tk:/usr/lib/python2.7/lib-old:/usr/lib/python2.7/lib-dynload:/usr/lib/python2.7/site-packages:/usr/lib/python2.7/site-packages/gtk-2.0
07:18:29.619 T:3855606688   DEBUG: CPythonInvoker(9, /storage/.kodi/addons/script.updateShortCut/default.py): entering source directory /storage/.kodi/addons/script.updateShortCut
07:18:29.620 T:3855606688   DEBUG: CPythonInvoker(9, /storage/.kodi/addons/script.updateShortCut/default.py): instantiating addon using automatically obtained id of "script.updateShortCut" dependent on version 2.19.0 of the xbmc.python api
07:18:29.620 T:4117546464   DEBUG: CAMLCodec::ReleaseFrame idx:68
07:18:29.622 T:3711955872   DEBUG: CAMLCodec::Decode: ret: 0, sz: 12515, dts_in: 3.7000[514C8], pts_in: 3.7000[514C8], adj:0, ptsOut:2.3667, amlpts:212999, idx:70, timesize:1.0009, drain: 0
07:18:29.623 T:3711955872   DEBUG: CAMLCodec::Decode: ret: 4, sz: 0, dts_in: 18442240474082.1797[514C8], pts_in: 18442240474082.1797[514C8], adj:0, ptsOut:2.4000, amlpts:216000, idx:71, timesize:1.0009, drain: 0
07:18:29.633 T:3711955872   DEBUG: CAMLCodec::Decode: ret: 0, sz: 0, dts_in: 18442240474082.1797[514C8], pts_in: 18442240474082.1797[514C8], adj:0, ptsOut:2.4000, amlpts:216000, idx:71, timesize:1.0009, drain: 0
07:18:29.643 T:3711955872   DEBUG: CAMLCodec::Decode: ret: 2, sz: 0, dts_in: 18442240474082.1797[514C8], pts_in: 18442240474082.1797[514C8], adj:0, ptsOut:2.4000, amlpts:216000, idx:71, timesize:0.9676, drain: 0
07:18:29.652 T:4117546464   DEBUG: CAMLCodec::ReleaseFrame idx:69
07:18:29.653 T:3711955872   DEBUG: CAMLCodec::Decode: ret: 2, sz: 12442, dts_in: 3.7333[52080], pts_in: 3.7333[52080], adj:0, ptsOut:2.4000, amlpts:216000, idx:71, timesize:0.9676, drain: 0
07:18:29.654 T:3711955872   DEBUG: CAMLCodec::Decode: ret: 4, sz: 15657, dts_in: 3.7667[52C38], pts_in: 3.9000[55B18], adj:0, ptsOut:2.4333, amlpts:218999, idx:72, timesize:1.0009, drain: 0
07:18:29.664 T:3711955872   DEBUG: CAMLCodec::Decode: ret: 0, sz: 0, dts_in: 18442240474082.1797[52C38], pts_in: 18442240474082.1797[55B18], adj:0, ptsOut:2.4333, amlpts:218999, idx:72, timesize:1.0009, drain: 0
07:18:29.685 T:4117546464   DEBUG: Previous line repeats 2 times.
07:18:29.685 T:4117546464   DEBUG: CAMLCodec::ReleaseFrame idx:70
07:18:29.685 T:3711955872   DEBUG: CAMLCodec::Decode: ret: 4, sz: 0, dts_in: 18442240474082.1797[52C38], pts_in: 18442240474082.1797[55B18], adj:0, ptsOut:2.4667, amlpts:221999, idx:73, timesize:1.0009, drain: 0
07:18:29.690 T:3863995296   DEBUG: -->Python Interpreter Initialized<--
07:18:29.690 T:3863995296   DEBUG: CPythonInvoker(8, /storage/.kodi/addons/service.vpn.manager/service.py): the source file to load is "/storage/.kodi/addons/service.vpn.manager/service.py"
07:18:29.690 T:3863995296   DEBUG: CPythonInvoker(8, /storage/.kodi/addons/service.vpn.manager/service.py): setting the Python path to /storage/.kodi/addons/service.vpn.manager:/usr/lib/python27.zip:/usr/lib/python2.7:/usr/lib/python2.7/plat-linux2:/usr/lib/python2.7/lib-tk:/usr/lib/python2.7/lib-old:/usr/lib/python2.7/lib-dynload:/usr/lib/python2.7/site-packages:/usr/lib/python2.7/site-packages/gtk-2.0
07:18:29.690 T:3863995296   DEBUG: CPythonInvoker(8, /storage/.kodi/addons/service.vpn.manager/service.py): entering source directory /storage/.kodi/addons/service.vpn.manager
07:18:29.690 T:3880772512   DEBUG: -->Python Interpreter Initialized<--
07:18:29.690 T:3880772512   DEBUG: CPythonInvoker(6, /storage/.kodi/addons/script.common.plugin.cache/default.py): the source file to load is "/storage/.kodi/addons/script.common.plugin.cache/default.py"
07:18:29.691 T:3872383904   ERROR: GetDirectory - Error getting /storage/.kodi/userdata/SF_Temp
07:18:29.691 T:3872383904   ERROR: GetDirectory - Error getting special://userdata/SF_Temp
07:18:29.696 T:3711955872   DEBUG: CAMLCodec::Decode: ret: 0, sz: 0, dts_in: 18442240474082.1797[52C38], pts_in: 18442240474082.1797[55B18], adj:0, ptsOut:2.4667, amlpts:221999, idx:73, timesize:1.0009, drain: 0
07:18:29.716 T:3711955872   DEBUG: Previous line repeats 1 times.
07:18:29.716 T:3711955872   DEBUG: CAMLCodec::Decode: ret: 2, sz: 0, dts_in: 18442240474082.1797[52C38], pts_in: 18442240474082.1797[55B18], adj:0, ptsOut:2.4667, amlpts:221999, idx:73, timesize:0.9676, drain: 0
07:18:29.719 T:4117546464   DEBUG: CAMLCodec::ReleaseFrame idx:71
07:18:29.727 T:3711955872   DEBUG: CAMLCodec::Decode: ret: 2, sz: 9735, dts_in: 3.8000[537F0], pts_in: 3.8000[537F0], adj:0, ptsOut:2.4667, amlpts:221999, idx:73, timesize:0.9676, drain: 0
07:18:29.727 T:3711955872   DEBUG: CAMLCodec::Decode: ret: 4, sz: 11937, dts_in: 3.8333[543A8], pts_in: 3.8333[543A8], adj:0, ptsOut:2.5000, amlpts:225000, idx:74, timesize:1.0009, drain: 0
07:18:29.737 T:3711955872   DEBUG: CAMLCodec::Decode: ret: 0, sz: 0, dts_in: 18442240474082.1797[543A8], pts_in: 18442240474082.1797[543A8], adj:0, ptsOut:2.5000, amlpts:225000, idx:74, timesize:1.0009, drain: 0
07:18:29.752 T:4117546464   DEBUG: Previous line repeats 1 times.
07:18:29.752 T:4117546464   DEBUG: CAMLCodec::ReleaseFrame idx:72
07:18:29.758 T:3711955872   DEBUG: CAMLCodec::Decode: ret: 0, sz: 0, dts_in: 18442240474082.1797[543A8], pts_in: 18442240474082.1797[543A8], adj:0, ptsOut:2.5000, amlpts:225000, idx:74, timesize:1.0009, drain: 0
07:18:29.758 T:3711955872   DEBUG: CAMLCodec::Decode: ret: 6, sz: 0, dts_in: 18442240474082.1797[543A8], pts_in: 18442240474082.1797[543A8], adj:0, ptsOut:2.5333, amlpts:227999, idx:75, timesize:0.9676, drain: 0
07:18:29.768 T:3711955872   DEBUG: CAMLCodec::Decode: ret: 2, sz: 10074, dts_in: 3.8667[54F60], pts_in: 3.8667[54F60], adj:0, ptsOut:2.5333, amlpts:227999, idx:75, timesize:0.9676, drain: 0
07:18:29.779 T:3711955872   DEBUG: CAMLCodec::Decode: ret: 0, sz: 11982, dts_in: 3.9000[55B18], pts_in: 4.0000[57E40], adj:0, ptsOut:2.5333, amlpts:227999, idx:75, timesize:1.0009, drain: 0
07:18:29.785 T:4117546464   DEBUG: CAMLCodec::ReleaseFrame idx:73
07:18:29.789 T:3711955872   DEBUG: CAMLCodec::Decode: ret: 0, sz: 0, dts_in: 18442240474082.1797[55B18], pts_in: 18442240474082.1797[57E40], adj:0, ptsOut:2.5333, amlpts:227999, idx:75, timesize:1.0009, drain: 0
07:18:29.789 T:3711955872   DEBUG: CAMLCodec::Decode: ret: 4, sz: 0, dts_in: 18442240474082.1797[55B18], pts_in: 18442240474082.1797[57E40], adj:0, ptsOut:2.5667, amlpts:230999, idx:76, timesize:1.0009, drain: 0
07:18:29.794 T:3863995296   DEBUG: CPythonInvoker(8, /storage/.kodi/addons/service.vpn.manager/service.py): instantiating addon using automatically obtained id of "service.vpn.manager" dependent on version 2.7.0 of the xbmc.python api
07:18:29.799 T:3711955872   DEBUG: CAMLCodec::Decode: ret: 0, sz: 0, dts_in: 18442240474082.1797[55B18], pts_in: 18442240474082.1797[57E40], adj:0, ptsOut:2.5667, amlpts:230999, idx:76, timesize:1.0009, drain: 0
07:18:29.819 T:4117546464   DEBUG: Previous line repeats 1 times.
07:18:29.819 T:4117546464   DEBUG: CAMLCodec::ReleaseFrame idx:74
07:18:29.820 T:3711955872   DEBUG: CAMLCodec::Decode: ret: 0, sz: 0, dts_in: 18442240474082.1797[55B18], pts_in: 18442240474082.1797[57E40], adj:0, ptsOut:2.5667, amlpts:230999, idx:76, timesize:1.0009, drain: 0
07:18:29.820 T:3711955872   DEBUG: CAMLCodec::Decode: ret: 4, sz: 0, dts_in: 18442240474082.1797[55B18], pts_in: 18442240474082.1797[57E40], adj:0, ptsOut:2.6000, amlpts:234000, idx:77, timesize:1.0009, drain: 0
07:18:29.830 T:3711955872   DEBUG: CAMLCodec::Decode: ret: 0, sz: 0, dts_in: 18442240474082.1797[55B18], pts_in: 18442240474082.1797[57E40], adj:0, ptsOut:2.6000, amlpts:234000, idx:77, timesize:1.0009, drain: 0
07:18:29.838 T:3939492768   DEBUG: [plugin.video.youtube] HTTPServer: Serving on |0.0.0.0:50152|
07:18:29.841 T:3711955872   DEBUG: CAMLCodec::Decode: ret: 2, sz: 0, dts_in: 18442240474082.1797[55B18], pts_in: 18442240474082.1797[57E40], adj:0, ptsOut:2.6000, amlpts:234000, idx:77, timesize:0.9676, drain: 0
07:18:29.851 T:3711955872   DEBUG: CAMLCodec::Decode: ret: 0, sz: 7673, dts_in: 3.9333[566D0], pts_in: 3.9333[566D0], adj:0, ptsOut:2.6000, amlpts:234000, idx:77, timesize:1.0009, drain: 0
07:18:29.852 T:3711955872   DEBUG: CAMLCodec::Decode: ret: 4, sz: 0, dts_in: 18442240474082.1797[566D0], pts_in: 18442240474082.1797[566D0], adj:0, ptsOut:2.6333, amlpts:236999, idx:78, timesize:1.0009, drain: 0
07:18:29.852 T:4117546464   DEBUG: CAMLCodec::ReleaseFrame idx:75
07:18:29.862 T:3711955872   DEBUG: CAMLCodec::Decode: ret: 0, sz: 0, dts_in: 18442240474082.1797[566D0], pts_in: 18442240474082.1797[566D0], adj:0, ptsOut:2.6333, amlpts:236999, idx:78, timesize:1.0009, drain: 0
07:18:29.863 T:3674207136   DEBUG: -->Python Interpreter Initialized<--
07:18:29.863 T:3674207136   DEBUG: CPythonInvoker(14, /storage/.kodi/addons/plugin.program.super.favourites/default.py): the source file to load is "/storage/.kodi/addons/plugin.program.super.favourites/default.py"
07:18:29.872 T:3711955872   DEBUG: CAMLCodec::Decode: ret: 2, sz: 0, dts_in: 18442240474082.1797[566D0], pts_in: 18442240474082.1797[566D0], adj:0, ptsOut:2.6333, amlpts:236999, idx:78, timesize:0.9676, drain: 0
07:18:29.883 T:3711955872   DEBUG: CAMLCodec::Decode: ret: 0, sz: 7280, dts_in: 3.9667[57288], pts_in: 3.9667[57288], adj:0, ptsOut:2.6333, amlpts:236999, idx:78, timesize:1.0009, drain: 0
07:18:29.885 T:4117546464   DEBUG: CAMLCodec::ReleaseFrame idx:76
07:18:29.893 T:3711955872   DEBUG: CAMLCodec::Decode: ret: 0, sz: 0, dts_in: 18442240474082.1797[57288], pts_in: 18442240474082.1797[57288], adj:0, ptsOut:2.6333, amlpts:236999, idx:78, timesize:1.0009, drain: 0
07:18:29.893 T:3711955872   DEBUG: CAMLCodec::Decode: ret: 4, sz: 0, dts_in: 18442240474082.1797[57288], pts_in: 18442240474082.1797[57288], adj:0, ptsOut:2.6667, amlpts:239999, idx:79, timesize:1.0009, drain: 0
07:18:29.904 T:3711955872   DEBUG: CAMLCodec::Decode: ret: 0, sz: 0, dts_in: 18442240474082.1797[57288], pts_in: 18442240474082.1797[57288], adj:0, ptsOut:2.6667, amlpts:239999, idx:79, timesize:1.0009, drain: 0
07:18:29.914 T:3711955872   DEBUG: CAMLCodec::Decode: ret: 2, sz: 0, dts_in: 18442240474082.1797[57288], pts_in: 18442240474082.1797[57288], adj:0, ptsOut:2.6667, amlpts:239999, idx:79, timesize:0.9676, drain: 0
07:18:29.919 T:4117546464   DEBUG: CAMLCodec::ReleaseFrame idx:77
07:18:29.924 T:3711955872   DEBUG: CAMLCodec::Decode: ret: 2, sz: 16122, dts_in: 4.0000[57E40], pts_in: 4.0333[589F8], adj:0, ptsOut:2.6667, amlpts:239999, idx:79, timesize:0.9676, drain: 0
07:18:29.925 T:3711955872   DEBUG: CAMLCodec::Decode: ret: 4, sz: 8605, dts_in: 4.0333[589F8], pts_in: 4.1667[5B8D8], adj:0, ptsOut:2.7000, amlpts:243000, idx:80, timesize:1.0009, drain: 0
07:18:29.928 T:3922715552   DEBUG: Library Data Provider: service version 0.3.2 started
07:18:29.935 T:3711955872   DEBUG: CAMLCodec::Decode: ret: 0, sz: 0, dts_in: 18442240474082.1797[589F8], pts_in: 18442240474082.1797[5B8D8], adj:0, ptsOut:2.7000, amlpts:243000, idx:80, timesize:1.0009, drain: 0
07:18:29.954 T:4117546464   DEBUG: Previous line repeats 1 times.
07:18:29.954 T:4117546464   DEBUG: CAMLCodec::ReleaseFrame idx:78
07:18:29.956 T:3711955872   DEBUG: CAMLCodec::Decode: ret: 0, sz: 0, dts_in: 18442240474082.1797[589F8], pts_in: 18442240474082.1797[5B8D8], adj:0, ptsOut:2.7000, amlpts:243000, idx:80, timesize:1.0009, drain: 0
07:18:29.956 T:3711955872   DEBUG: CAMLCodec::Decode: ret: 4, sz: 0, dts_in: 18442240474082.1797[589F8], pts_in: 18442240474082.1797[5B8D8], adj:0, ptsOut:2.7333, amlpts:245999, idx:81, timesize:1.0009, drain: 0
07:18:29.962 T:3922715552   DEBUG: RunQuery took 1 ms for 0 items query: select * from movie_view  WHERE ((movie_view.playCount IS NULL OR movie_view.playCount < 1))
07:18:29.966 T:3711955872   DEBUG: CAMLCodec::Decode: ret: 0, sz: 0, dts_in: 18442240474082.1797[589F8], pts_in: 18442240474082.1797[5B8D8], adj:0, ptsOut:2.7333, amlpts:245999, idx:81, timesize:1.0009, drain: 0
07:18:29.976 T:3711955872   DEBUG: CAMLCodec::Decode: ret: 2, sz: 0, dts_in: 18442240474082.1797[589F8], pts_in: 18442240474082.1797[5B8D8], adj:0, ptsOut:2.7333, amlpts:245999, idx:81, timesize:0.9676, drain: 0
07:18:29.986 T:4117546464   DEBUG: CAMLCodec::ReleaseFrame idx:79
07:18:29.987 T:3711955872   DEBUG: CAMLCodec::Decode: ret: 0, sz: 4620, dts_in: 4.0667[595B0], pts_in: 4.0667[595B0], adj:0, ptsOut:2.7333, amlpts:245999, idx:81, timesize:1.0009, drain: 0
07:18:29.987 T:3711955872   DEBUG: CAMLCodec::Decode: ret: 4, sz: 0, dts_in: 18442240474082.1797[595B0], pts_in: 18442240474082.1797[595B0], adj:0, ptsOut:2.7667, amlpts:248999, idx:82, timesize:1.0009, drain: 0
07:18:29.997 T:3711955872   DEBUG: CAMLCodec::Decode: ret: 0, sz: 0, dts_in: 18442240474082.1797[595B0], pts_in: 18442240474082.1797[595B0], adj:0, ptsOut:2.7667, amlpts:248999, idx:82, timesize:1.0009, drain: 0
07:18:30.007 T:3711955872   DEBUG: CAMLCodec::Decode: ret: 2, sz: 0, dts_in: 18442240474082.1797[595B0], pts_in: 18442240474082.1797[595B0], adj:0, ptsOut:2.7667, amlpts:248999, idx:82, timesize:0.9676, drain: 0
07:18:30.018 T:3711955872   DEBUG: CAMLCodec::Decode: ret: 0, sz: 5453, dts_in: 4.1000[5A168], pts_in: 4.1000[5A168], adj:0, ptsOut:2.7667, amlpts:248999, idx:82, timesize:1.0009, drain: 0
07:18:30.018 T:3711955872   DEBUG: CAMLCodec::Decode: ret: 4, sz: 0, dts_in: 18442240474082.1797[5A168], pts_in: 18442240474082.1797[5A168], adj:0, ptsOut:2.8000, amlpts:252000, idx:83, timesize:1.0009, drain: 0
07:18:30.019 T:4117546464   DEBUG: CAMLCodec::ReleaseFrame idx:80
07:18:30.029 T:3711955872   DEBUG: CAMLCodec::Decode: ret: 0, sz: 0, dts_in: 18442240474082.1797[5A168], pts_in: 18442240474082.1797[5A168], adj:0, ptsOut:2.8000, amlpts:252000, idx:83, timesize:1.0009, drain: 0
07:18:30.039 T:3711955872   DEBUG: CAMLCodec::Decode: ret: 2, sz: 0, dts_in: 18442240474082.1797[5A168], pts_in: 18442240474082.1797[5A168], adj:0, ptsOut:2.8000, amlpts:252000, idx:83, timesize:0.9676, drain: 0
07:18:30.050 T:3711955872   DEBUG: CAMLCodec::Decode: ret: 0, sz: 4933, dts_in: 4.1333[5AD20], pts_in: 4.1333[5AD20], adj:0, ptsOut:2.8000, amlpts:252000, idx:83, timesize:1.0009, drain: 0
07:18:30.052 T:4117546464   DEBUG: CAMLCodec::ReleaseFrame idx:81
07:18:30.060 T:3711955872   DEBUG: CAMLCodec::Decode: ret: 0, sz: 0, dts_in: 18442240474082.1797[5AD20], pts_in: 18442240474082.1797[5AD20], adj:0, ptsOut:2.8000, amlpts:252000, idx:83, timesize:1.0009, drain: 0
07:18:30.060 T:3711955872   DEBUG: CAMLCodec::Decode: ret: 6, sz: 0, dts_in: 18442240474082.1797[5AD20], pts_in: 18442240474082.1797[5AD20], adj:0, ptsOut:2.8333, amlpts:254999, idx:84, timesize:0.9676, drain: 0
07:18:30.061 T:3922715552   DEBUG: RunQuery took 1 ms for 0 items query: select * from episode_view  WHERE ((episode_view.playCount IS NULL OR episode_view.playCount < 1))
07:18:30.070 T:3711955872   DEBUG: CAMLCodec::Decode: ret: 0, sz: 9098, dts_in: 4.1667[5B8D8], pts_in: 4.3000[5E7B8], adj:0, ptsOut:2.8333, amlpts:254999, idx:84, timesize:1.0009, drain: 0
07:18:30.081 T:3711955872   DEBUG: CAMLCodec::Decode: ret: 0, sz: 0, dts_in: 18442240474082.1797[5B8D8], pts_in: 18442240474082.1797[5E7B8], adj:0, ptsOut:2.8333, amlpts:254999, idx:84, timesize:1.0009, drain: 0
07:18:30.086 T:4117546464   DEBUG: CAMLCodec::ReleaseFrame idx:82
07:18:30.091 T:3711955872   DEBUG: CAMLCodec::Decode: ret: 0, sz: 0, dts_in: 18442240474082.1797[5B8D8], pts_in: 18442240474082.1797[5E7B8], adj:0, ptsOut:2.8333, amlpts:254999, idx:84, timesize:1.0009, drain: 0
07:18:30.091 T:3711955872   DEBUG: CAMLCodec::Decode: ret: 4, sz: 0, dts_in: 18442240474082.1797[5B8D8], pts_in: 18442240474082.1797[5E7B8], adj:0, ptsOut:2.8667, amlpts:257999, idx:85, timesize:1.0009, drain: 0
07:18:30.101 T:3711955872   DEBUG: CAMLCodec::Decode: ret: 0, sz: 0, dts_in: 18442240474082.1797[5B8D8], pts_in: 18442240474082.1797[5E7B8], adj:0, ptsOut:2.8667, amlpts:257999, idx:85, timesize:1.0009, drain: 0
07:18:30.112 T:3711955872   DEBUG: CAMLCodec::Decode: ret: 2, sz: 0, dts_in: 18442240474082.1797[5B8D8], pts_in: 18442240474082.1797[5E7B8], adj:0, ptsOut:2.8667, amlpts:257999, idx:85, timesize:0.9676, drain: 0
07:18:30.119 T:4117546464   DEBUG: CAMLCodec::ReleaseFrame idx:83
07:18:30.122 T:3711955872   DEBUG: CAMLCodec::Decode: ret: 0, sz: 5105, dts_in: 4.2000[5C490], pts_in: 4.2000[5C490], adj:0, ptsOut:2.8667, amlpts:257999, idx:85, timesize:1.0009, drain: 0
07:18:30.122 T:3711955872   DEBUG: CAMLCodec::Decode: ret: 4, sz: 0, dts_in: 18442240474082.1797[5C490], pts_in: 18442240474082.1797[5C490], adj:0, ptsOut:2.9000, amlpts:261000, idx:86, timesize:1.0009, drain: 0
07:18:30.132 T:3711955872   DEBUG: CAMLCodec::Decode: ret: 0, sz: 0, dts_in: 18442240474082.1797[5C490], pts_in: 18442240474082.1797[5C490], adj:0, ptsOut:2.9000, amlpts:261000, idx:86, timesize:1.0009, drain: 0
07:18:30.143 T:3711955872   DEBUG: CAMLCodec::Decode: ret: 2, sz: 0, dts_in: 18442240474082.1797[5C490], pts_in: 18442240474082.1797[5C490], adj:0, ptsOut:2.9000, amlpts:261000, idx:86, timesize:0.9676, drain: 0
07:18:30.152 T:4117546464   DEBUG: CAMLCodec::ReleaseFrame idx:84
07:18:30.153 T:3711955872   DEBUG: CAMLCodec::Decode: ret: 0, sz: 6321, dts_in: 4.2333[5D048], pts_in: 4.2333[5D048], adj:0, ptsOut:2.9000, amlpts:261000, idx:86, timesize:1.0009, drain: 0
07:18:30.153 T:3711955872   DEBUG: CAMLCodec::Decode: ret: 4, sz: 0, dts_in: 18442240474082.1797[5D048], pts_in: 18442240474082.1797[5D048], adj:0, ptsOut:2.9333, amlpts:263999, idx:87, timesize:1.0009, drain: 0
07:18:30.164 T:3711955872   DEBUG: CAMLCodec::Decode: ret: 0, sz: 0, dts_in: 18442240474082.1797[5D048], pts_in: 18442240474082.1797[5D048], adj:0, ptsOut:2.9333, amlpts:263999, idx:87, timesize:1.0009, drain: 0
07:18:30.174 T:3711955872   DEBUG: CAMLCodec::Decode: ret: 2, sz: 0, dts_in: 18442240474082.1797[5D048], pts_in: 18442240474082.1797[5D048], adj:0, ptsOut:2.9333, amlpts:263999, idx:87, timesize:0.9676, drain: 0
07:18:30.184 T:3711955872   DEBUG: CAMLCodec::Decode: ret: 0, sz: 5350, dts_in: 4.2667[5DC00], pts_in: 4.2667[5DC00], adj:0, ptsOut:2.9333, amlpts:263999, idx:87, timesize:1.0009, drain: 0
07:18:30.184 T:3711955872   DEBUG: CAMLCodec::Decode: ret: 4, sz: 0, dts_in: 18442240474082.1797[5DC00], pts_in: 18442240474082.1797[5DC00], adj:0, ptsOut:2.9667, amlpts:266999, idx:88, timesize:1.0009, drain: 0
07:18:30.186 T:4117546464   DEBUG: CAMLCodec::ReleaseFrame idx:85
07:18:30.196 T:3711955872   DEBUG: CAMLCodec::Decode: ret: 0, sz: 0, dts_in: 18442240474082.1797[5DC00], pts_in: 18442240474082.1797[5DC00], adj:0, ptsOut:2.9667, amlpts:266999, idx:88, timesize:1.0009, drain: 0
07:18:30.206 T:3711955872   DEBUG: CAMLCodec::Decode: ret: 2, sz: 0, dts_in: 18442240474082.1797[5DC00], pts_in: 18442240474082.1797[5DC00], adj:0, ptsOut:2.9667, amlpts:266999, idx:88, timesize:0.9676, drain: 0
07:18:30.217 T:3711955872   DEBUG: CAMLCodec::Decode: ret: 0, sz: 10139, dts_in: 4.3000[5E7B8], pts_in: 4.4333[61698], adj:0, ptsOut:2.9667, amlpts:266999, idx:88, timesize:1.0009, drain: 0
07:18:30.218 T:4117546464   DEBUG: CAMLCodec::ReleaseFrame idx:86
07:18:30.227 T:3711955872   DEBUG: CAMLCodec::Decode: ret: 0, sz: 0, dts_in: 18442240474082.1797[5E7B8], pts_in: 18442240474082.1797[61698], adj:0, ptsOut:2.9667, amlpts:266999, idx:88, timesize:1.0009, drain: 0
07:18:30.227 T:3711955872   DEBUG: CAMLCodec::Decode: ret: 6, sz: 0, dts_in: 18442240474082.1797[5E7B8], pts_in: 18442240474082.1797[61698], adj:0, ptsOut:3.0000, amlpts:270000, idx:89, timesize:0.9676, drain: 0
07:18:30.236 T:3922715552   DEBUG: GetSongsFullByWhere query = SELECT sv.*, songartistview.* FROM (SELECT songview.* FROM songview  WHERE ((CAST(songview.iTimesPlayed as DECIMAL(5,1)) < 1)) ORDER BY RANDOM() LIMIT 20) AS sv JOIN songartistview ON songartistview.idsong = sv.idsong  ORDER BY songartistview.idsong, songartistview.idRole, songartistview.iOrder
07:18:30.238 T:3711955872   DEBUG: CAMLCodec::Decode: ret: 0, sz: 4932, dts_in: 4.3333[5F370], pts_in: 4.3333[5F370], adj:0, ptsOut:3.0000, amlpts:270000, idx:89, timesize:1.0009, drain: 0
07:18:30.248 T:3711955872   DEBUG: CAMLCodec::Decode: ret: 0, sz: 0, dts_in: 18442240474082.1797[5F370], pts_in: 18442240474082.1797[5F370], adj:0, ptsOut:3.0000, amlpts:270000, idx:89, timesize:1.0009, drain: 0
07:18:30.252 T:4117546464   DEBUG: CAMLCodec::ReleaseFrame idx:87
07:18:30.258 T:3711955872   DEBUG: CAMLCodec::Decode: ret: 0, sz: 0, dts_in: 18442240474082.1797[5F370], pts_in: 18442240474082.1797[5F370], adj:0, ptsOut:3.0000, amlpts:270000, idx:89, timesize:1.0009, drain: 0
07:18:30.258 T:3711955872   DEBUG: CAMLCodec::Decode: ret: 6, sz: 0, dts_in: 18442240474082.1797[5F370], pts_in: 18442240474082.1797[5F370], adj:0, ptsOut:3.0333, amlpts:272999, idx:90, timesize:0.9676, drain: 0
07:18:30.269 T:3711955872   DEBUG: CAMLCodec::Decode: ret: 0, sz: 6232, dts_in: 4.3667[5FF28], pts_in: 4.3667[5FF28], adj:0, ptsOut:3.0333, amlpts:272999, idx:90, timesize:1.0009, drain: 0
07:18:30.279 T:3711955872   DEBUG: CAMLCodec::Decode: ret: 0, sz: 0, dts_in: 18442240474082.1797[5FF28], pts_in: 18442240474082.1797[5FF28], adj:0, ptsOut:3.0333, amlpts:272999, idx:90, timesize:1.0009, drain: 0
07:18:30.285 T:4117546464   DEBUG: CAMLCodec::ReleaseFrame idx:88
07:18:30.289 T:3711955872   DEBUG: CAMLCodec::Decode: ret: 0, sz: 0, dts_in: 18442240474082.1797[5FF28], pts_in: 18442240474082.1797[5FF28], adj:0, ptsOut:3.0333, amlpts:272999, idx:90, timesize:1.0009, drain: 0
07:18:30.290 T:3711955872   DEBUG: CAMLCodec::Decode: ret: 4, sz: 0, dts_in: 18442240474082.1797[5FF28], pts_in: 18442240474082.1797[5FF28], adj:0, ptsOut:3.0667, amlpts:275999, idx:91, timesize:1.0009, drain: 0
07:18:30.300 T:3711955872   DEBUG: CAMLCodec::Decode: ret: 0, sz: 0, dts_in: 18442240474082.1797[5FF28], pts_in: 18442240474082.1797[5FF28], adj:0, ptsOut:3.0667, amlpts:275999, idx:91, timesize:1.0009, drain: 0
