14:47:22.620 T:3724276640   DEBUG: CAMLCodec::Decode: ret: 6, sz: 7894, dts_in: 2.6333[39DC8], pts_in: 2.6333[39DC8], adj:0, ptsOut:0.8000, amlpts:72000, idx:23, timesize:0.8675, drain: 0
14:47:22.630 T:3724276640   DEBUG: CAMLCodec::Decode: ret: 2, sz: 7656, dts_in: 2.6667[3A980], pts_in: 2.6667[3A980], adj:0, ptsOut:0.8000, amlpts:72000, idx:23, timesize:0.9008, drain: 0
14:47:22.641 T:3724276640   DEBUG: CAMLCodec::Decode: ret: 2, sz: 15200, dts_in: 2.7000[3B538], pts_in: 2.8333[3E418], adj:0, ptsOut:0.8000, amlpts:72000, idx:23, timesize:0.9008, drain: 0
14:47:22.645 T:4115355104   DEBUG: CAMLCodec::ReleaseFrame idx:21
14:47:22.651 T:3724276640   DEBUG: CAMLCodec::Decode: ret: 2, sz: 8405, dts_in: 2.7333[3C0F0], pts_in: 2.7333[3C0F0], adj:0, ptsOut:0.8000, amlpts:72000, idx:23, timesize:0.9342, drain: 0
14:47:22.651 T:3724276640   DEBUG: CAMLCodec::Decode: ret: 6, sz: 9355, dts_in: 2.7667[3CCA8], pts_in: 2.7667[3CCA8], adj:0, ptsOut:0.8333, amlpts:74999, idx:24, timesize:0.9676, drain: 0
14:47:22.662 T:3724276640   DEBUG: CAMLCodec::Decode: ret: 0, sz: 8508, dts_in: 2.8000[3D860], pts_in: 2.8000[3D860], adj:0, ptsOut:0.8333, amlpts:74999, idx:24, timesize:1.0009, drain: 0
14:47:22.672 T:3724276640   DEBUG: CAMLCodec::Decode: ret: 0, sz: 0, dts_in: 18442240474082.1797[3D860], pts_in: 18442240474082.1797[3D860], adj:0, ptsOut:0.8333, amlpts:74999, idx:24, timesize:1.0009, drain: 0
14:47:22.678 T:4115355104   DEBUG: CAMLCodec::ReleaseFrame idx:22
14:47:22.682 T:3724276640   DEBUG: CAMLCodec::Decode: ret: 0, sz: 0, dts_in: 18442240474082.1797[3D860], pts_in: 18442240474082.1797[3D860], adj:0, ptsOut:0.8333, amlpts:74999, idx:24, timesize:1.0009, drain: 0
14:47:22.683 T:3724276640   DEBUG: CAMLCodec::Decode: ret: 4, sz: 0, dts_in: 18442240474082.1797[3D860], pts_in: 18442240474082.1797[3D860], adj:0, ptsOut:0.8667, amlpts:77999, idx:25, timesize:1.0009, drain: 0
14:47:22.693 T:3724276640   DEBUG: CAMLCodec::Decode: ret: 0, sz: 0, dts_in: 18442240474082.1797[3D860], pts_in: 18442240474082.1797[3D860], adj:0, ptsOut:0.8667, amlpts:77999, idx:25, timesize:1.0009, drain: 0
14:47:22.712 T:4115355104   DEBUG: Previous line repeats 1 times.
14:47:22.712 T:4115355104   DEBUG: CAMLCodec::ReleaseFrame idx:23
14:47:22.714 T:3724276640   DEBUG: CAMLCodec::Decode: ret: 0, sz: 0, dts_in: 18442240474082.1797[3D860], pts_in: 18442240474082.1797[3D860], adj:0, ptsOut:0.8667, amlpts:77999, idx:25, timesize:1.0009, drain: 0
14:47:22.714 T:3724276640   DEBUG: CAMLCodec::Decode: ret: 4, sz: 0, dts_in: 18442240474082.1797[3D860], pts_in: 18442240474082.1797[3D860], adj:0, ptsOut:0.9000, amlpts:81000, idx:26, timesize:1.0009, drain: 0
14:47:22.724 T:3724276640   DEBUG: CAMLCodec::Decode: ret: 0, sz: 0, dts_in: 18442240474082.1797[3D860], pts_in: 18442240474082.1797[3D860], adj:0, ptsOut:0.9000, amlpts:81000, idx:26, timesize:1.0009, drain: 0
14:47:22.745 T:3724276640   DEBUG: Previous line repeats 2 times.
14:47:22.745 T:3724276640   DEBUG: CAMLCodec::Decode: ret: 4, sz: 0, dts_in: 18442240474082.1797[3D860], pts_in: 18442240474082.1797[3D860], adj:0, ptsOut:0.9333, amlpts:83999, idx:27, timesize:1.0009, drain: 0
14:47:22.746 T:4115355104   DEBUG: CAMLCodec::ReleaseFrame idx:24
14:47:22.755 T:3724276640   DEBUG: CAMLCodec::Decode: ret: 0, sz: 0, dts_in: 18442240474082.1797[3D860], pts_in: 18442240474082.1797[3D860], adj:0, ptsOut:0.9333, amlpts:83999, idx:27, timesize:1.0009, drain: 0
14:47:22.778 T:4115355104   DEBUG: Previous line repeats 2 times.
14:47:22.778 T:4115355104   DEBUG: CAMLCodec::ReleaseFrame idx:25
14:47:22.786 T:3724276640   DEBUG: CAMLCodec::Decode: ret: 0, sz: 0, dts_in: 18442240474082.1797[3D860], pts_in: 18442240474082.1797[3D860], adj:0, ptsOut:0.9333, amlpts:83999, idx:27, timesize:1.0009, drain: 0
14:47:22.786 T:3724276640   DEBUG: CAMLCodec::Decode: ret: 4, sz: 0, dts_in: 18442240474082.1797[3D860], pts_in: 18442240474082.1797[3D860], adj:0, ptsOut:0.9667, amlpts:86999, idx:28, timesize:1.0009, drain: 0
14:47:22.797 T:3724276640   DEBUG: CAMLCodec::Decode: ret: 0, sz: 0, dts_in: 18442240474082.1797[3D860], pts_in: 18442240474082.1797[3D860], adj:0, ptsOut:0.9667, amlpts:86999, idx:28, timesize:1.0009, drain: 0
14:47:22.812 T:4115355104   DEBUG: Previous line repeats 1 times.
14:47:22.812 T:4115355104   DEBUG: CAMLCodec::ReleaseFrame idx:26
14:47:22.817 T:3724276640   DEBUG: CAMLCodec::Decode: ret: 0, sz: 0, dts_in: 18442240474082.1797[3D860], pts_in: 18442240474082.1797[3D860], adj:0, ptsOut:0.9667, amlpts:86999, idx:28, timesize:1.0009, drain: 0
14:47:22.817 T:3724276640   DEBUG: CAMLCodec::Decode: ret: 4, sz: 0, dts_in: 18442240474082.1797[3D860], pts_in: 18442240474082.1797[3D860], adj:0, ptsOut:1.0000, amlpts:90000, idx:29, timesize:1.0009, drain: 0
14:47:22.827 T:3724276640   DEBUG: CAMLCodec::Decode: ret: 0, sz: 0, dts_in: 18442240474082.1797[3D860], pts_in: 18442240474082.1797[3D860], adj:0, ptsOut:1.0000, amlpts:90000, idx:29, timesize:1.0009, drain: 0
14:47:22.845 T:4115355104   DEBUG: Previous line repeats 1 times.
14:47:22.845 T:4115355104   DEBUG: CAMLCodec::ReleaseFrame idx:27
14:47:22.848 T:3724276640   DEBUG: CAMLCodec::Decode: ret: 0, sz: 0, dts_in: 18442240474082.1797[3D860], pts_in: 18442240474082.1797[3D860], adj:0, ptsOut:1.0000, amlpts:90000, idx:29, timesize:1.0009, drain: 0
14:47:22.848 T:3724276640   DEBUG: CAMLCodec::Decode: ret: 4, sz: 0, dts_in: 18442240474082.1797[3D860], pts_in: 18442240474082.1797[3D860], adj:0, ptsOut:1.0333, amlpts:92999, idx:30, timesize:1.0009, drain: 0
14:47:22.859 T:3724276640   DEBUG: CAMLCodec::Decode: ret: 0, sz: 0, dts_in: 18442240474082.1797[3D860], pts_in: 18442240474082.1797[3D860], adj:0, ptsOut:1.0333, amlpts:92999, idx:30, timesize:1.0009, drain: 0
14:47:22.878 T:4115355104   DEBUG: Previous line repeats 1 times.
14:47:22.878 T:4115355104   DEBUG: CAMLCodec::ReleaseFrame idx:28
14:47:22.879 T:3724276640   DEBUG: CAMLCodec::Decode: ret: 0, sz: 0, dts_in: 18442240474082.1797[3D860], pts_in: 18442240474082.1797[3D860], adj:0, ptsOut:1.0333, amlpts:92999, idx:30, timesize:1.0009, drain: 0
14:47:22.879 T:3724276640   DEBUG: CAMLCodec::Decode: ret: 4, sz: 0, dts_in: 18442240474082.1797[3D860], pts_in: 18442240474082.1797[3D860], adj:0, ptsOut:1.0667, amlpts:95999, idx:31, timesize:1.0009, drain: 0
14:47:22.890 T:3724276640   DEBUG: CAMLCodec::Decode: ret: 0, sz: 0, dts_in: 18442240474082.1797[3D860], pts_in: 18442240474082.1797[3D860], adj:0, ptsOut:1.0667, amlpts:95999, idx:31, timesize:1.0009, drain: 0
14:47:22.912 T:4115355104   DEBUG: Previous line repeats 2 times.
14:47:22.912 T:4115355104   DEBUG: CAMLCodec::ReleaseFrame idx:29
14:47:22.920 T:3724276640   DEBUG: CAMLCodec::Decode: ret: 0, sz: 0, dts_in: 18442240474082.1797[3D860], pts_in: 18442240474082.1797[3D860], adj:0, ptsOut:1.0667, amlpts:95999, idx:31, timesize:1.0009, drain: 0
14:47:22.920 T:3724276640   DEBUG: CAMLCodec::Decode: ret: 4, sz: 0, dts_in: 18442240474082.1797[3D860], pts_in: 18442240474082.1797[3D860], adj:0, ptsOut:1.1000, amlpts:99000, idx:32, timesize:1.0009, drain: 0
14:47:22.931 T:3724276640   DEBUG: CAMLCodec::Decode: ret: 0, sz: 0, dts_in: 18442240474082.1797[3D860], pts_in: 18442240474082.1797[3D860], adj:0, ptsOut:1.1000, amlpts:99000, idx:32, timesize:1.0009, drain: 0
14:47:22.945 T:4115355104   DEBUG: Previous line repeats 1 times.
14:47:22.945 T:4115355104   DEBUG: CAMLCodec::ReleaseFrame idx:30
14:47:22.951 T:3724276640   DEBUG: CAMLCodec::Decode: ret: 0, sz: 0, dts_in: 18442240474082.1797[3D860], pts_in: 18442240474082.1797[3D860], adj:0, ptsOut:1.1000, amlpts:99000, idx:32, timesize:1.0009, drain: 0
14:47:22.951 T:3724276640   DEBUG: CAMLCodec::Decode: ret: 4, sz: 0, dts_in: 18442240474082.1797[3D860], pts_in: 18442240474082.1797[3D860], adj:0, ptsOut:1.1333, amlpts:101999, idx:33, timesize:1.0009, drain: 0
14:47:22.962 T:3724276640   DEBUG: CAMLCodec::Decode: ret: 0, sz: 0, dts_in: 18442240474082.1797[3D860], pts_in: 18442240474082.1797[3D860], adj:0, ptsOut:1.1333, amlpts:101999, idx:33, timesize:1.0009, drain: 0
14:47:22.978 T:4115355104   DEBUG: Previous line repeats 1 times.
14:47:22.979 T:4115355104   DEBUG: CAMLCodec::ReleaseFrame idx:31
14:47:22.982 T:3724276640   DEBUG: CAMLCodec::Decode: ret: 0, sz: 0, dts_in: 18442240474082.1797[3D860], pts_in: 18442240474082.1797[3D860], adj:0, ptsOut:1.1333, amlpts:101999, idx:33, timesize:1.0009, drain: 0
14:47:22.982 T:3724276640   DEBUG: CAMLCodec::Decode: ret: 4, sz: 0, dts_in: 18442240474082.1797[3D860], pts_in: 18442240474082.1797[3D860], adj:0, ptsOut:1.1667, amlpts:104999, idx:34, timesize:1.0009, drain: 0
14:47:22.985 T:3715888032   DEBUG: CDVDClock::ErrorAdjust - CVideoPlayerAudio::OutputPacket - error:-21136.075667, adjusted:-21136.075667
14:47:22.993 T:3724276640   DEBUG: CAMLCodec::Decode: ret: 0, sz: 0, dts_in: 18442240474082.1797[3D860], pts_in: 18442240474082.1797[3D860], adj:0, ptsOut:1.1667, amlpts:104999, idx:34, timesize:1.0009, drain: 0
14:47:23.013 T:3724276640   DEBUG: Previous line repeats 2 times.
14:47:23.013 T:3724276640   DEBUG: CAMLCodec::Decode: ret: 4, sz: 0, dts_in: 18442240474082.1797[3D860], pts_in: 18442240474082.1797[3D860], adj:0, ptsOut:1.2000, amlpts:108000, idx:35, timesize:1.0009, drain: 0
14:47:23.028 T:4115355104   DEBUG: CAMLCodec::ReleaseFrame idx:32
14:47:23.038 T:3724276640   DEBUG: CAMLCodec::Decode: ret: 0, sz: 0, dts_in: 18442240474082.1797[3D860], pts_in: 18442240474082.1797[3D860], adj:0, ptsOut:1.2000, amlpts:108000, idx:35, timesize:1.0009, drain: 0
14:47:23.062 T:4115355104   DEBUG: Previous line repeats 2 times.
14:47:23.062 T:4115355104   DEBUG: CAMLCodec::ReleaseFrame idx:33
14:47:23.069 T:3724276640   DEBUG: CAMLCodec::Decode: ret: 0, sz: 0, dts_in: 18442240474082.1797[3D860], pts_in: 18442240474082.1797[3D860], adj:0, ptsOut:1.2000, amlpts:108000, idx:35, timesize:1.0009, drain: 0
14:47:23.069 T:3724276640   DEBUG: CAMLCodec::Decode: ret: 4, sz: 0, dts_in: 18442240474082.1797[3D860], pts_in: 18442240474082.1797[3D860], adj:0, ptsOut:1.2333, amlpts:110999, idx:36, timesize:1.0009, drain: 0
14:47:23.079 T:3724276640   DEBUG: CAMLCodec::Decode: ret: 0, sz: 0, dts_in: 18442240474082.1797[3D860], pts_in: 18442240474082.1797[3D860], adj:0, ptsOut:1.2333, amlpts:110999, idx:36, timesize:1.0009, drain: 0
14:47:23.095 T:4115355104   DEBUG: Previous line repeats 1 times.
14:47:23.095 T:4115355104   DEBUG: CAMLCodec::ReleaseFrame idx:34
14:47:23.100 T:3724276640   DEBUG: CAMLCodec::Decode: ret: 0, sz: 0, dts_in: 18442240474082.1797[3D860], pts_in: 18442240474082.1797[3D860], adj:0, ptsOut:1.2333, amlpts:110999, idx:36, timesize:1.0009, drain: 0
14:47:23.100 T:3724276640   DEBUG: CAMLCodec::Decode: ret: 4, sz: 0, dts_in: 18442240474082.1797[3D860], pts_in: 18442240474082.1797[3D860], adj:0, ptsOut:1.2667, amlpts:113999, idx:37, timesize:1.0009, drain: 0
14:47:23.110 T:3724276640   DEBUG: CAMLCodec::Decode: ret: 0, sz: 0, dts_in: 18442240474082.1797[3D860], pts_in: 18442240474082.1797[3D860], adj:0, ptsOut:1.2667, amlpts:113999, idx:37, timesize:1.0009, drain: 0
14:47:23.128 T:4115355104   DEBUG: Previous line repeats 1 times.
14:47:23.129 T:4115355104   DEBUG: CAMLCodec::ReleaseFrame idx:35
14:47:23.131 T:3724276640   DEBUG: CAMLCodec::Decode: ret: 0, sz: 0, dts_in: 18442240474082.1797[3D860], pts_in: 18442240474082.1797[3D860], adj:0, ptsOut:1.2667, amlpts:113999, idx:37, timesize:1.0009, drain: 0
14:47:23.131 T:3724276640   DEBUG: CAMLCodec::Decode: ret: 4, sz: 0, dts_in: 18442240474082.1797[3D860], pts_in: 18442240474082.1797[3D860], adj:0, ptsOut:1.3000, amlpts:117000, idx:38, timesize:1.0009, drain: 0
14:47:23.141 T:3724276640   DEBUG: CAMLCodec::Decode: ret: 0, sz: 0, dts_in: 18442240474082.1797[3D860], pts_in: 18442240474082.1797[3D860], adj:0, ptsOut:1.3000, amlpts:117000, idx:38, timesize:1.0009, drain: 0
14:47:23.162 T:3724276640   DEBUG: Previous line repeats 2 times.
14:47:23.162 T:3724276640   DEBUG: CAMLCodec::Decode: ret: 4, sz: 0, dts_in: 18442240474082.1797[3D860], pts_in: 18442240474082.1797[3D860], adj:0, ptsOut:1.3333, amlpts:119999, idx:39, timesize:1.0009, drain: 0
14:47:23.162 T:4115355104   DEBUG: CAMLCodec::ReleaseFrame idx:36
14:47:23.172 T:3724276640   DEBUG: CAMLCodec::Decode: ret: 0, sz: 0, dts_in: 18442240474082.1797[3D860], pts_in: 18442240474082.1797[3D860], adj:0, ptsOut:1.3333, amlpts:119999, idx:39, timesize:1.0009, drain: 0
14:47:23.195 T:4115355104   DEBUG: Previous line repeats 2 times.
14:47:23.195 T:4115355104   DEBUG: CAMLCodec::ReleaseFrame idx:37
14:47:23.203 T:3724276640   DEBUG: CAMLCodec::Decode: ret: 0, sz: 0, dts_in: 18442240474082.1797[3D860], pts_in: 18442240474082.1797[3D860], adj:0, ptsOut:1.3333, amlpts:119999, idx:39, timesize:1.0009, drain: 0
14:47:23.203 T:3724276640   DEBUG: CAMLCodec::Decode: ret: 4, sz: 0, dts_in: 18442240474082.1797[3D860], pts_in: 18442240474082.1797[3D860], adj:0, ptsOut:1.3667, amlpts:122999, idx:40, timesize:1.0009, drain: 0
14:47:23.213 T:3724276640   DEBUG: CAMLCodec::Decode: ret: 0, sz: 0, dts_in: 18442240474082.1797[3D860], pts_in: 18442240474082.1797[3D860], adj:0, ptsOut:1.3667, amlpts:122999, idx:40, timesize:1.0009, drain: 0
14:47:23.228 T:4115355104   DEBUG: Previous line repeats 1 times.
14:47:23.229 T:4115355104   DEBUG: CAMLCodec::ReleaseFrame idx:38
14:47:23.234 T:3724276640   DEBUG: CAMLCodec::Decode: ret: 0, sz: 0, dts_in: 18442240474082.1797[3D860], pts_in: 18442240474082.1797[3D860], adj:0, ptsOut:1.3667, amlpts:122999, idx:40, timesize:1.0009, drain: 0
14:47:23.234 T:3724276640   DEBUG: CAMLCodec::Decode: ret: 4, sz: 0, dts_in: 18442240474082.1797[3D860], pts_in: 18442240474082.1797[3D860], adj:0, ptsOut:1.4000, amlpts:126000, idx:41, timesize:1.0009, drain: 0
14:47:23.244 T:3724276640   DEBUG: CAMLCodec::Decode: ret: 0, sz: 0, dts_in: 18442240474082.1797[3D860], pts_in: 18442240474082.1797[3D860], adj:0, ptsOut:1.4000, amlpts:126000, idx:41, timesize:1.0009, drain: 0
14:47:23.262 T:4115355104   DEBUG: Previous line repeats 1 times.
14:47:23.262 T:4115355104   DEBUG: CAMLCodec::ReleaseFrame idx:39
14:47:23.265 T:3724276640   DEBUG: CAMLCodec::Decode: ret: 0, sz: 0, dts_in: 18442240474082.1797[3D860], pts_in: 18442240474082.1797[3D860], adj:0, ptsOut:1.4000, amlpts:126000, idx:41, timesize:1.0009, drain: 0
14:47:23.265 T:3724276640   DEBUG: CAMLCodec::Decode: ret: 4, sz: 0, dts_in: 18442240474082.1797[3D860], pts_in: 18442240474082.1797[3D860], adj:0, ptsOut:1.4333, amlpts:128999, idx:42, timesize:1.0009, drain: 0
14:47:23.275 T:3724276640   DEBUG: CAMLCodec::Decode: ret: 0, sz: 0, dts_in: 18442240474082.1797[3D860], pts_in: 18442240474082.1797[3D860], adj:0, ptsOut:1.4333, amlpts:128999, idx:42, timesize:1.0009, drain: 0
14:47:23.295 T:4115355104   DEBUG: Previous line repeats 1 times.
14:47:23.295 T:4115355104   DEBUG: CAMLCodec::ReleaseFrame idx:40
14:47:23.295 T:3724276640   DEBUG: CAMLCodec::Decode: ret: 0, sz: 0, dts_in: 18442240474082.1797[3D860], pts_in: 18442240474082.1797[3D860], adj:0, ptsOut:1.4333, amlpts:128999, idx:42, timesize:1.0009, drain: 0
14:47:23.296 T:3724276640   DEBUG: CAMLCodec::Decode: ret: 4, sz: 0, dts_in: 18442240474082.1797[3D860], pts_in: 18442240474082.1797[3D860], adj:0, ptsOut:1.4667, amlpts:131999, idx:43, timesize:1.0009, drain: 0
14:47:23.306 T:3724276640   DEBUG: CAMLCodec::Decode: ret: 0, sz: 0, dts_in: 18442240474082.1797[3D860], pts_in: 18442240474082.1797[3D860], adj:0, ptsOut:1.4667, amlpts:131999, idx:43, timesize:1.0009, drain: 0
14:47:23.328 T:4115355104   DEBUG: Previous line repeats 2 times.
14:47:23.329 T:4115355104   DEBUG: CAMLCodec::ReleaseFrame idx:41
14:47:23.336 T:3724276640   DEBUG: CAMLCodec::Decode: ret: 0, sz: 0, dts_in: 18442240474082.1797[3D860], pts_in: 18442240474082.1797[3D860], adj:0, ptsOut:1.4667, amlpts:131999, idx:43, timesize:1.0009, drain: 0
14:47:23.337 T:3724276640   DEBUG: CAMLCodec::Decode: ret: 6, sz: 0, dts_in: 18442240474082.1797[3D860], pts_in: 18442240474082.1797[3D860], adj:0, ptsOut:1.5000, amlpts:135000, idx:44, timesize:0.9342, drain: 0
14:47:23.347 T:3724276640   DEBUG: CAMLCodec::Decode: ret: 2, sz: 16668, dts_in: 2.8333[3E418], pts_in: 2.9667[412F8], adj:0, ptsOut:1.5000, amlpts:135000, idx:44, timesize:0.8008, drain: 0
14:47:23.357 T:3724276640   DEBUG: CAMLCodec::Decode: ret: 2, sz: 8696, dts_in: 2.8667[3EFD0], pts_in: 2.8667[3EFD0], adj:0, ptsOut:1.5000, amlpts:135000, idx:44, timesize:0.8341, drain: 0
14:47:23.362 T:4115355104   DEBUG: CAMLCodec::ReleaseFrame idx:42
14:47:23.368 T:3724276640   DEBUG: CAMLCodec::Decode: ret: 2, sz: 9383, dts_in: 2.9000[3FB88], pts_in: 2.9000[3FB88], adj:0, ptsOut:1.5000, amlpts:135000, idx:44, timesize:0.8675, drain: 0
14:47:23.368 T:3724276640   DEBUG: CAMLCodec::Decode: ret: 6, sz: 8440, dts_in: 2.9333[40740], pts_in: 2.9333[40740], adj:0, ptsOut:1.5333, amlpts:137999, idx:45, timesize:0.9008, drain: 0
14:47:23.378 T:3724276640   DEBUG: CAMLCodec::Decode: ret: 2, sz: 16641, dts_in: 2.9667[412F8], pts_in: 3.1000[441D8], adj:0, ptsOut:1.5333, amlpts:137999, idx:45, timesize:0.9342, drain: 0
14:47:23.388 T:3724276640   DEBUG: CAMLCodec::Decode: ret: 2, sz: 8346, dts_in: 3.0000[41EB0], pts_in: 3.0000[41EB0], adj:0, ptsOut:1.5333, amlpts:137999, idx:45, timesize:0.9676, drain: 0
14:47:23.395 T:4115355104   DEBUG: CAMLCodec::ReleaseFrame idx:43
14:47:23.399 T:3724276640   DEBUG: CAMLCodec::Decode: ret: 0, sz: 10405, dts_in: 3.0333[42A68], pts_in: 3.0333[42A68], adj:0, ptsOut:1.5333, amlpts:137999, idx:45, timesize:1.0009, drain: 0
14:47:23.399 T:3724276640   DEBUG: CAMLCodec::Decode: ret: 4, sz: 0, dts_in: 18442240474082.1797[42A68], pts_in: 18442240474082.1797[42A68], adj:0, ptsOut:1.5667, amlpts:140999, idx:46, timesize:1.0009, drain: 0
14:47:23.409 T:3724276640   DEBUG: CAMLCodec::Decode: ret: 0, sz: 0, dts_in: 18442240474082.1797[42A68], pts_in: 18442240474082.1797[42A68], adj:0, ptsOut:1.5667, amlpts:140999, idx:46, timesize:1.0009, drain: 0
14:47:23.429 T:4115355104   DEBUG: Previous line repeats 1 times.
14:47:23.429 T:4115355104   DEBUG: CAMLCodec::ReleaseFrame idx:44
14:47:23.430 T:3724276640   DEBUG: CAMLCodec::Decode: ret: 0, sz: 0, dts_in: 18442240474082.1797[42A68], pts_in: 18442240474082.1797[42A68], adj:0, ptsOut:1.5667, amlpts:140999, idx:46, timesize:1.0009, drain: 0
14:47:23.430 T:3724276640   DEBUG: CAMLCodec::Decode: ret: 4, sz: 0, dts_in: 18442240474082.1797[42A68], pts_in: 18442240474082.1797[42A68], adj:0, ptsOut:1.6000, amlpts:144000, idx:47, timesize:1.0009, drain: 0
14:47:23.440 T:3724276640   DEBUG: CAMLCodec::Decode: ret: 0, sz: 0, dts_in: 18442240474082.1797[42A68], pts_in: 18442240474082.1797[42A68], adj:0, ptsOut:1.6000, amlpts:144000, idx:47, timesize:1.0009, drain: 0
14:47:23.461 T:3724276640   DEBUG: Previous line repeats 2 times.
14:47:23.461 T:3724276640   DEBUG: CAMLCodec::Decode: ret: 4, sz: 0, dts_in: 18442240474082.1797[42A68], pts_in: 18442240474082.1797[42A68], adj:0, ptsOut:1.6333, amlpts:146999, idx:48, timesize:1.0009, drain: 0
14:47:23.462 T:4115355104   DEBUG: CAMLCodec::ReleaseFrame idx:45
14:47:23.472 T:3724276640   DEBUG: CAMLCodec::Decode: ret: 0, sz: 0, dts_in: 18442240474082.1797[42A68], pts_in: 18442240474082.1797[42A68], adj:0, ptsOut:1.6333, amlpts:146999, idx:48, timesize:1.0009, drain: 0
14:47:23.495 T:4115355104   DEBUG: Previous line repeats 2 times.
14:47:23.495 T:4115355104   DEBUG: CAMLCodec::ReleaseFrame idx:46
14:47:23.503 T:3724276640   DEBUG: CAMLCodec::Decode: ret: 0, sz: 0, dts_in: 18442240474082.1797[42A68], pts_in: 18442240474082.1797[42A68], adj:0, ptsOut:1.6333, amlpts:146999, idx:48, timesize:1.0009, drain: 0
14:47:23.503 T:3724276640   DEBUG: CAMLCodec::Decode: ret: 4, sz: 0, dts_in: 18442240474082.1797[42A68], pts_in: 18442240474082.1797[42A68], adj:0, ptsOut:1.6667, amlpts:149999, idx:49, timesize:1.0009, drain: 0
14:47:23.514 T:3724276640   DEBUG: CAMLCodec::Decode: ret: 0, sz: 0, dts_in: 18442240474082.1797[42A68], pts_in: 18442240474082.1797[42A68], adj:0, ptsOut:1.6667, amlpts:149999, idx:49, timesize:1.0009, drain: 0
14:47:23.529 T:4115355104   DEBUG: Previous line repeats 1 times.
14:47:23.529 T:4115355104   DEBUG: CAMLCodec::ReleaseFrame idx:47
14:47:23.534 T:3724276640   DEBUG: CAMLCodec::Decode: ret: 0, sz: 0, dts_in: 18442240474082.1797[42A68], pts_in: 18442240474082.1797[42A68], adj:0, ptsOut:1.6667, amlpts:149999, idx:49, timesize:1.0009, drain: 0
14:47:23.534 T:3724276640   DEBUG: CAMLCodec::Decode: ret: 4, sz: 0, dts_in: 18442240474082.1797[42A68], pts_in: 18442240474082.1797[42A68], adj:0, ptsOut:1.7000, amlpts:153000, idx:50, timesize:1.0009, drain: 0
14:47:23.545 T:3724276640   DEBUG: CAMLCodec::Decode: ret: 0, sz: 0, dts_in: 18442240474082.1797[42A68], pts_in: 18442240474082.1797[42A68], adj:0, ptsOut:1.7000, amlpts:153000, idx:50, timesize:1.0009, drain: 0
14:47:23.562 T:4115355104   DEBUG: Previous line repeats 1 times.
14:47:23.562 T:4115355104   DEBUG: CAMLCodec::ReleaseFrame idx:48
14:47:23.565 T:3724276640   DEBUG: CAMLCodec::Decode: ret: 0, sz: 0, dts_in: 18442240474082.1797[42A68], pts_in: 18442240474082.1797[42A68], adj:0, ptsOut:1.7000, amlpts:153000, idx:50, timesize:1.0009, drain: 0
14:47:23.565 T:3724276640   DEBUG: CAMLCodec::Decode: ret: 4, sz: 0, dts_in: 18442240474082.1797[42A68], pts_in: 18442240474082.1797[42A68], adj:0, ptsOut:1.7333, amlpts:155999, idx:51, timesize:1.0009, drain: 0
14:47:23.575 T:3724276640   DEBUG: CAMLCodec::Decode: ret: 0, sz: 0, dts_in: 18442240474082.1797[42A68], pts_in: 18442240474082.1797[42A68], adj:0, ptsOut:1.7333, amlpts:155999, idx:51, timesize:1.0009, drain: 0
14:47:23.586 T:3724276640   DEBUG: CAMLCodec::Decode: ret: 2, sz: 0, dts_in: 18442240474082.1797[42A68], pts_in: 18442240474082.1797[42A68], adj:0, ptsOut:1.7333, amlpts:155999, idx:51, timesize:0.9676, drain: 0
14:47:23.595 T:4115355104   DEBUG: CAMLCodec::ReleaseFrame idx:49
14:47:23.596 T:3724276640   DEBUG: CAMLCodec::Decode: ret: 2, sz: 9756, dts_in: 3.0667[43620], pts_in: 3.0667[43620], adj:0, ptsOut:1.7333, amlpts:155999, idx:51, timesize:0.9008, drain: 0
14:47:23.596 T:3724276640   DEBUG: CAMLCodec::Decode: ret: 6, sz: 20197, dts_in: 3.1000[441D8], pts_in: 3.2333[470B8], adj:0, ptsOut:1.7667, amlpts:158999, idx:52, timesize:0.8008, drain: 0
14:47:23.607 T:3724276640   DEBUG: CAMLCodec::Decode: ret: 2, sz: 10039, dts_in: 3.1333[44D90], pts_in: 3.1333[44D90], adj:0, ptsOut:1.7667, amlpts:158999, idx:52, timesize:0.8341, drain: 0
14:47:23.617 T:3724276640   DEBUG: CAMLCodec::Decode: ret: 2, sz: 11849, dts_in: 3.1667[45948], pts_in: 3.1667[45948], adj:0, ptsOut:1.7667, amlpts:158999, idx:52, timesize:0.8675, drain: 0
14:47:23.627 T:3724276640   DEBUG: CAMLCodec::Decode: ret: 2, sz: 12677, dts_in: 3.2000[46500], pts_in: 3.2000[46500], adj:0, ptsOut:1.7667, amlpts:158999, idx:52, timesize:0.9008, drain: 0
14:47:23.628 T:3724276640   DEBUG: CAMLCodec::Decode: ret: 6, sz: 17574, dts_in: 3.2333[470B8], pts_in: 3.3667[49F98], adj:0, ptsOut:1.8000, amlpts:162000, idx:53, timesize:0.9342, drain: 0
14:47:23.629 T:4115355104   DEBUG: CAMLCodec::ReleaseFrame idx:50
14:47:23.639 T:3724276640   DEBUG: CAMLCodec::Decode: ret: 2, sz: 11830, dts_in: 3.2667[47C70], pts_in: 3.2667[47C70], adj:0, ptsOut:1.8000, amlpts:162000, idx:53, timesize:0.9676, drain: 0
14:47:23.649 T:3724276640   DEBUG: CAMLCodec::Decode: ret: 0, sz: 13352, dts_in: 3.3000[48828], pts_in: 3.3000[48828], adj:0, ptsOut:1.8000, amlpts:162000, idx:53, timesize:1.0009, drain: 0
14:47:23.660 T:3724276640   DEBUG: CAMLCodec::Decode: ret: 0, sz: 0, dts_in: 18442240474082.1797[48828], pts_in: 18442240474082.1797[48828], adj:0, ptsOut:1.8000, amlpts:162000, idx:53, timesize:1.0009, drain: 0
14:47:23.662 T:4115355104   DEBUG: CAMLCodec::ReleaseFrame idx:51
14:47:23.670 T:3724276640   DEBUG: CAMLCodec::Decode: ret: 0, sz: 0, dts_in: 18442240474082.1797[48828], pts_in: 18442240474082.1797[48828], adj:0, ptsOut:1.8000, amlpts:162000, idx:53, timesize:1.0009, drain: 0
14:47:23.670 T:3724276640   DEBUG: CAMLCodec::Decode: ret: 4, sz: 0, dts_in: 18442240474082.1797[48828], pts_in: 18442240474082.1797[48828], adj:0, ptsOut:1.8333, amlpts:164999, idx:54, timesize:1.0009, drain: 0
14:47:23.680 T:3724276640   DEBUG: CAMLCodec::Decode: ret: 0, sz: 0, dts_in: 18442240474082.1797[48828], pts_in: 18442240474082.1797[48828], adj:0, ptsOut:1.8333, amlpts:164999, idx:54, timesize:1.0009, drain: 0
14:47:23.695 T:4115355104   DEBUG: Previous line repeats 1 times.
14:47:23.695 T:4115355104   DEBUG: CAMLCodec::ReleaseFrame idx:52
14:47:23.701 T:3724276640   DEBUG: CAMLCodec::Decode: ret: 0, sz: 0, dts_in: 18442240474082.1797[48828], pts_in: 18442240474082.1797[48828], adj:0, ptsOut:1.8333, amlpts:164999, idx:54, timesize:1.0009, drain: 0
14:47:23.701 T:3724276640   DEBUG: CAMLCodec::Decode: ret: 4, sz: 0, dts_in: 18442240474082.1797[48828], pts_in: 18442240474082.1797[48828], adj:0, ptsOut:1.8667, amlpts:167999, idx:55, timesize:1.0009, drain: 0
14:47:23.711 T:3724276640   DEBUG: CAMLCodec::Decode: ret: 0, sz: 0, dts_in: 18442240474082.1797[48828], pts_in: 18442240474082.1797[48828], adj:0, ptsOut:1.8667, amlpts:167999, idx:55, timesize:1.0009, drain: 0
14:47:23.729 T:4115355104   DEBUG: Previous line repeats 1 times.
14:47:23.729 T:4115355104   DEBUG: CAMLCodec::ReleaseFrame idx:53
14:47:23.732 T:3724276640   DEBUG: CAMLCodec::Decode: ret: 0, sz: 0, dts_in: 18442240474082.1797[48828], pts_in: 18442240474082.1797[48828], adj:0, ptsOut:1.8667, amlpts:167999, idx:55, timesize:1.0009, drain: 0
14:47:23.732 T:3724276640   DEBUG: CAMLCodec::Decode: ret: 4, sz: 0, dts_in: 18442240474082.1797[48828], pts_in: 18442240474082.1797[48828], adj:0, ptsOut:1.9000, amlpts:171000, idx:56, timesize:1.0009, drain: 0
14:47:23.742 T:3724276640   DEBUG: CAMLCodec::Decode: ret: 0, sz: 0, dts_in: 18442240474082.1797[48828], pts_in: 18442240474082.1797[48828], adj:0, ptsOut:1.9000, amlpts:171000, idx:56, timesize:1.0009, drain: 0
14:47:23.762 T:4115355104   DEBUG: Previous line repeats 1 times.
14:47:23.762 T:4115355104   DEBUG: CAMLCodec::ReleaseFrame idx:54
14:47:23.763 T:3724276640   DEBUG: CAMLCodec::Decode: ret: 0, sz: 0, dts_in: 18442240474082.1797[48828], pts_in: 18442240474082.1797[48828], adj:0, ptsOut:1.9000, amlpts:171000, idx:56, timesize:1.0009, drain: 0
14:47:23.764 T:3724276640   DEBUG: CAMLCodec::Decode: ret: 4, sz: 0, dts_in: 18442240474082.1797[48828], pts_in: 18442240474082.1797[48828], adj:0, ptsOut:1.9333, amlpts:173999, idx:57, timesize:1.0009, drain: 0
14:47:23.774 T:3724276640   DEBUG: CAMLCodec::Decode: ret: 0, sz: 0, dts_in: 18442240474082.1797[48828], pts_in: 18442240474082.1797[48828], adj:0, ptsOut:1.9333, amlpts:173999, idx:57, timesize:1.0009, drain: 0
14:47:23.794 T:3724276640   DEBUG: Previous line repeats 2 times.
14:47:23.795 T:3724276640   DEBUG: CAMLCodec::Decode: ret: 4, sz: 0, dts_in: 18442240474082.1797[48828], pts_in: 18442240474082.1797[48828], adj:0, ptsOut:1.9667, amlpts:176999, idx:58, timesize:1.0009, drain: 0
14:47:23.796 T:4115355104   DEBUG: CAMLCodec::ReleaseFrame idx:55
14:47:23.806 T:3724276640   DEBUG: CAMLCodec::Decode: ret: 0, sz: 0, dts_in: 18442240474082.1797[48828], pts_in: 18442240474082.1797[48828], adj:0, ptsOut:1.9667, amlpts:176999, idx:58, timesize:1.0009, drain: 0
14:47:23.829 T:4115355104   DEBUG: Previous line repeats 2 times.
14:47:23.829 T:4115355104   DEBUG: CAMLCodec::ReleaseFrame idx:56
14:47:23.836 T:3724276640   DEBUG: CAMLCodec::Decode: ret: 0, sz: 0, dts_in: 18442240474082.1797[48828], pts_in: 18442240474082.1797[48828], adj:0, ptsOut:1.9667, amlpts:176999, idx:58, timesize:1.0009, drain: 0
14:47:23.836 T:3724276640   DEBUG: CAMLCodec::Decode: ret: 6, sz: 0, dts_in: 18442240474082.1797[48828], pts_in: 18442240474082.1797[48828], adj:0, ptsOut:2.0000, amlpts:180000, idx:59, timesize:0.9676, drain: 0
14:47:23.847 T:3724276640   DEBUG: CAMLCodec::Decode: ret: 2, sz: 11905, dts_in: 3.3333[493E0], pts_in: 3.3333[493E0], adj:0, ptsOut:2.0000, amlpts:180000, idx:59, timesize:0.9342, drain: 0
14:47:23.857 T:3724276640   DEBUG: CAMLCodec::Decode: ret: 2, sz: 17575, dts_in: 3.3667[49F98], pts_in: 3.5000[4CE78], adj:0, ptsOut:2.0000, amlpts:180000, idx:59, timesize:0.9342, drain: 0
14:47:23.862 T:4115355104   DEBUG: CAMLCodec::ReleaseFrame idx:57
14:47:23.867 T:3724276640   DEBUG: CAMLCodec::Decode: ret: 2, sz: 11186, dts_in: 3.4000[4AB50], pts_in: 3.4000[4AB50], adj:0, ptsOut:2.0000, amlpts:180000, idx:59, timesize:0.9676, drain: 0
14:47:23.868 T:3724276640   DEBUG: CAMLCodec::Decode: ret: 4, sz: 11545, dts_in: 3.4333[4B708], pts_in: 3.4333[4B708], adj:0, ptsOut:2.0333, amlpts:182999, idx:60, timesize:1.0009, drain: 0
14:47:23.878 T:3724276640   DEBUG: CAMLCodec::Decode: ret: 0, sz: 0, dts_in: 18442240474082.1797[4B708], pts_in: 18442240474082.1797[4B708], adj:0, ptsOut:2.0333, amlpts:182999, idx:60, timesize:1.0009, drain: 0
14:47:23.895 T:4115355104   DEBUG: Previous line repeats 1 times.
14:47:23.895 T:4115355104   DEBUG: CAMLCodec::ReleaseFrame idx:58
14:47:23.898 T:3724276640   DEBUG: CAMLCodec::Decode: ret: 0, sz: 0, dts_in: 18442240474082.1797[4B708], pts_in: 18442240474082.1797[4B708], adj:0, ptsOut:2.0333, amlpts:182999, idx:60, timesize:1.0009, drain: 0
14:47:23.899 T:3724276640   DEBUG: CAMLCodec::Decode: ret: 4, sz: 0, dts_in: 18442240474082.1797[4B708], pts_in: 18442240474082.1797[4B708], adj:0, ptsOut:2.0667, amlpts:185999, idx:61, timesize:1.0009, drain: 0
14:47:23.909 T:3724276640   DEBUG: CAMLCodec::Decode: ret: 0, sz: 0, dts_in: 18442240474082.1797[4B708], pts_in: 18442240474082.1797[4B708], adj:0, ptsOut:2.0667, amlpts:185999, idx:61, timesize:1.0009, drain: 0
14:47:23.929 T:4115355104   DEBUG: Previous line repeats 1 times.
14:47:23.929 T:4115355104   DEBUG: CAMLCodec::ReleaseFrame idx:59
14:47:23.930 T:3724276640   DEBUG: CAMLCodec::Decode: ret: 0, sz: 0, dts_in: 18442240474082.1797[4B708], pts_in: 18442240474082.1797[4B708], adj:0, ptsOut:2.0667, amlpts:185999, idx:61, timesize:1.0009, drain: 0
14:47:23.930 T:3724276640   DEBUG: CAMLCodec::Decode: ret: 4, sz: 0, dts_in: 18442240474082.1797[4B708], pts_in: 18442240474082.1797[4B708], adj:0, ptsOut:2.1000, amlpts:189000, idx:62, timesize:1.0009, drain: 0
14:47:23.941 T:3724276640   DEBUG: CAMLCodec::Decode: ret: 0, sz: 0, dts_in: 18442240474082.1797[4B708], pts_in: 18442240474082.1797[4B708], adj:0, ptsOut:2.1000, amlpts:189000, idx:62, timesize:1.0009, drain: 0
14:47:23.952 T:3939492768   DEBUG: Previous line repeats 1 times.
14:47:23.953 T:3939492768   DEBUG: -->Python Interpreter Initialized<--
14:47:23.953 T:3939492768   DEBUG: CPythonInvoker(0, /storage/.kodi/addons/plugin.video.youtube/resources/lib/startup.py): the source file to load is "/storage/.kodi/addons/plugin.video.youtube/resources/lib/startup.py"
14:47:23.954 T:3939492768   DEBUG: CPythonInvoker(0, /storage/.kodi/addons/plugin.video.youtube/resources/lib/startup.py): setting the Python path to /storage/.kodi/addons/plugin.video.youtube/resources/lib:/storage/.kodi/addons/script.module.certifi/lib:/storage/.kodi/addons/script.module.chardet/lib:/storage/.kodi/addons/script.module.idna/lib:/storage/.kodi/addons/script.module.requests/lib:/storage/.kodi/addons/script.module.six/lib:/storage/.kodi/addons/script.module.urllib3/lib:/usr/lib/python27.zip:/usr/lib/python2.7:/usr/lib/python2.7/plat-linux2:/usr/lib/python2.7/lib-tk:/usr/lib/python2.7/lib-old:/usr/lib/python2.7/lib-dynload:/usr/lib/python2.7/site-packages:/usr/lib/python2.7/site-packages/gtk-2.0
14:47:23.954 T:3939492768   DEBUG: CPythonInvoker(0, /storage/.kodi/addons/plugin.video.youtube/resources/lib/startup.py): entering source directory /storage/.kodi/addons/plugin.video.youtube/resources/lib
14:47:23.954 T:3931104160   DEBUG: Skin Helper Simplecache --> Initialized
14:47:23.954 T:3931104160   DEBUG: script.module.metadatautils --> Initialized
14:47:23.961 T:3724276640   DEBUG: CAMLCodec::Decode: ret: 0, sz: 0, dts_in: 18442240474082.1797[4B708], pts_in: 18442240474082.1797[4B708], adj:0, ptsOut:2.1000, amlpts:189000, idx:62, timesize:1.0009, drain: 0
14:47:23.961 T:3724276640   DEBUG: CAMLCodec::Decode: ret: 4, sz: 0, dts_in: 18442240474082.1797[4B708], pts_in: 18442240474082.1797[4B708], adj:0, ptsOut:2.1333, amlpts:191999, idx:63, timesize:1.0009, drain: 0
14:47:23.963 T:3939492768   DEBUG: CPythonInvoker(0, /storage/.kodi/addons/plugin.video.youtube/resources/lib/startup.py): instantiating addon using automatically obtained id of "plugin.video.youtube" dependent on version 2.20.0 of the xbmc.python api
14:47:23.964 T:4115355104   DEBUG: CAMLCodec::ReleaseFrame idx:60
14:47:23.966 T:3931104160   DEBUG: Skin Helper Simplecache --> Initialized
14:47:23.975 T:3724276640   DEBUG: CAMLCodec::Decode: ret: 0, sz: 0, dts_in: 18442240474082.1797[4B708], pts_in: 18442240474082.1797[4B708], adj:0, ptsOut:2.1333, amlpts:191999, idx:63, timesize:1.0009, drain: 0
14:47:23.985 T:3724276640   DEBUG: CAMLCodec::Decode: ret: 2, sz: 0, dts_in: 18442240474082.1797[4B708], pts_in: 18442240474082.1797[4B708], adj:0, ptsOut:2.1333, amlpts:191999, idx:63, timesize:0.9676, drain: 0
14:47:23.995 T:4115355104   DEBUG: CAMLCodec::ReleaseFrame idx:61
14:47:23.996 T:3724276640   DEBUG: CAMLCodec::Decode: ret: 2, sz: 10210, dts_in: 3.4667[4C2C0], pts_in: 3.4667[4C2C0], adj:0, ptsOut:2.1333, amlpts:191999, idx:63, timesize:0.9676, drain: 0
14:47:23.996 T:3724276640   DEBUG: CAMLCodec::Decode: ret: 6, sz: 17599, dts_in: 3.5000[4CE78], pts_in: 3.6333[4FD58], adj:0, ptsOut:2.1667, amlpts:194999, idx:64, timesize:0.9676, drain: 0
14:47:24.006 T:3724276640   DEBUG: CAMLCodec::Decode: ret: 0, sz: 10421, dts_in: 3.5333[4DA30], pts_in: 3.5333[4DA30], adj:0, ptsOut:2.1667, amlpts:194999, idx:64, timesize:1.0009, drain: 0
14:47:24.017 T:3724276640   DEBUG: CAMLCodec::Decode: ret: 0, sz: 0, dts_in: 18442240474082.1797[4DA30], pts_in: 18442240474082.1797[4DA30], adj:0, ptsOut:2.1667, amlpts:194999, idx:64, timesize:1.0009, drain: 0
14:47:24.028 T:4115355104   DEBUG: Previous line repeats 1 times.
14:47:24.029 T:4115355104   DEBUG: CAMLCodec::ReleaseFrame idx:62
14:47:24.037 T:3724276640   DEBUG: CAMLCodec::Decode: ret: 0, sz: 0, dts_in: 18442240474082.1797[4DA30], pts_in: 18442240474082.1797[4DA30], adj:0, ptsOut:2.1667, amlpts:194999, idx:64, timesize:1.0009, drain: 0
14:47:24.037 T:3724276640   DEBUG: CAMLCodec::Decode: ret: 4, sz: 0, dts_in: 18442240474082.1797[4DA30], pts_in: 18442240474082.1797[4DA30], adj:0, ptsOut:2.2000, amlpts:198000, idx:65, timesize:1.0009, drain: 0
14:47:24.047 T:3724276640   DEBUG: CAMLCodec::Decode: ret: 0, sz: 0, dts_in: 18442240474082.1797[4DA30], pts_in: 18442240474082.1797[4DA30], adj:0, ptsOut:2.2000, amlpts:198000, idx:65, timesize:1.0009, drain: 0
14:47:24.062 T:4115355104   DEBUG: Previous line repeats 1 times.
14:47:24.062 T:4115355104   DEBUG: CAMLCodec::ReleaseFrame idx:63
14:47:24.068 T:3724276640   DEBUG: CAMLCodec::Decode: ret: 0, sz: 0, dts_in: 18442240474082.1797[4DA30], pts_in: 18442240474082.1797[4DA30], adj:0, ptsOut:2.2000, amlpts:198000, idx:65, timesize:1.0009, drain: 0
14:47:24.068 T:3724276640   DEBUG: CAMLCodec::Decode: ret: 4, sz: 0, dts_in: 18442240474082.1797[4DA30], pts_in: 18442240474082.1797[4DA30], adj:0, ptsOut:2.2333, amlpts:200999, idx:66, timesize:1.0009, drain: 0
14:47:24.078 T:3724276640   DEBUG: CAMLCodec::Decode: ret: 0, sz: 0, dts_in: 18442240474082.1797[4DA30], pts_in: 18442240474082.1797[4DA30], adj:0, ptsOut:2.2333, amlpts:200999, idx:66, timesize:1.0009, drain: 0
14:47:24.089 T:3724276640   DEBUG: CAMLCodec::Decode: ret: 2, sz: 0, dts_in: 18442240474082.1797[4DA30], pts_in: 18442240474082.1797[4DA30], adj:0, ptsOut:2.2333, amlpts:200999, idx:66, timesize:0.9676, drain: 0
14:47:24.096 T:4115355104   DEBUG: CAMLCodec::ReleaseFrame idx:64
14:47:24.099 T:3724276640   DEBUG: CAMLCodec::Decode: ret: 0, sz: 12912, dts_in: 3.5667[4E5E8], pts_in: 3.5667[4E5E8], adj:0, ptsOut:2.2333, amlpts:200999, idx:66, timesize:1.0009, drain: 0
14:47:24.099 T:3724276640   DEBUG: CAMLCodec::Decode: ret: 4, sz: 0, dts_in: 18442240474082.1797[4E5E8], pts_in: 18442240474082.1797[4E5E8], adj:0, ptsOut:2.2667, amlpts:203999, idx:67, timesize:1.0009, drain: 0
14:47:24.109 T:3724276640   DEBUG: CAMLCodec::Decode: ret: 0, sz: 0, dts_in: 18442240474082.1797[4E5E8], pts_in: 18442240474082.1797[4E5E8], adj:0, ptsOut:2.2667, amlpts:203999, idx:67, timesize:1.0009, drain: 0
14:47:24.120 T:3724276640   DEBUG: CAMLCodec::Decode: ret: 2, sz: 0, dts_in: 18442240474082.1797[4E5E8], pts_in: 18442240474082.1797[4E5E8], adj:0, ptsOut:2.2667, amlpts:203999, idx:67, timesize:0.9676, drain: 0
14:47:24.129 T:4115355104   DEBUG: CAMLCodec::ReleaseFrame idx:65
14:47:24.130 T:3527406496   DEBUG: Skin Helper Service --> ListItemMonitor - started
14:47:24.130 T:3724276640   DEBUG: CAMLCodec::Decode: ret: 2, sz: 12585, dts_in: 3.6000[4F1A0], pts_in: 3.6000[4F1A0], adj:0, ptsOut:2.2667, amlpts:203999, idx:67, timesize:0.9676, drain: 0
14:47:24.131 T:3724276640   DEBUG: CAMLCodec::Decode: ret: 4, sz: 16645, dts_in: 3.6333[4FD58], pts_in: 3.7667[52C38], adj:0, ptsOut:2.3000, amlpts:207000, idx:68, timesize:1.0009, drain: 0
14:47:24.131 T:3560960928  NOTICE: Skin Helper Service --> Starting WebService on port 52307
14:47:24.133 T:3931104160  NOTICE: Skin Helper Service --> Skin Helper Service version 1.1.24 started
14:47:24.141 T:3724276640   DEBUG: CAMLCodec::Decode: ret: 0, sz: 0, dts_in: 18442240474082.1797[4FD58], pts_in: 18442240474082.1797[52C38], adj:0, ptsOut:2.3000, amlpts:207000, idx:68, timesize:1.0009, drain: 0
14:47:24.161 T:3724276640   DEBUG: Previous line repeats 2 times.
14:47:24.162 T:3724276640   DEBUG: CAMLCodec::Decode: ret: 4, sz: 0, dts_in: 18442240474082.1797[4FD58], pts_in: 18442240474082.1797[52C38], adj:0, ptsOut:2.3333, amlpts:209999, idx:69, timesize:1.0009, drain: 0
14:47:24.162 T:4115355104   DEBUG: CAMLCodec::ReleaseFrame idx:66
14:47:24.172 T:3724276640   DEBUG: CAMLCodec::Decode: ret: 0, sz: 0, dts_in: 18442240474082.1797[4FD58], pts_in: 18442240474082.1797[52C38], adj:0, ptsOut:2.3333, amlpts:209999, idx:69, timesize:1.0009, drain: 0
14:47:24.192 T:3724276640   DEBUG: Previous line repeats 1 times.
14:47:24.192 T:3724276640   DEBUG: CAMLCodec::Decode: ret: 2, sz: 0, dts_in: 18442240474082.1797[4FD58], pts_in: 18442240474082.1797[52C38], adj:0, ptsOut:2.3333, amlpts:209999, idx:69, timesize:0.9676, drain: 0
14:47:24.195 T:4115355104   DEBUG: CAMLCodec::ReleaseFrame idx:67
14:47:24.203 T:3724276640   DEBUG: CAMLCodec::Decode: ret: 2, sz: 11676, dts_in: 3.6667[50910], pts_in: 3.6667[50910], adj:0, ptsOut:2.3333, amlpts:209999, idx:69, timesize:0.9676, drain: 0
14:47:24.203 T:3724276640   DEBUG: CAMLCodec::Decode: ret: 4, sz: 12515, dts_in: 3.7000[514C8], pts_in: 3.7000[514C8], adj:0, ptsOut:2.3667, amlpts:212999, idx:70, timesize:1.0009, drain: 0
14:47:24.213 T:3724276640   DEBUG: CAMLCodec::Decode: ret: 0, sz: 0, dts_in: 18442240474082.1797[514C8], pts_in: 18442240474082.1797[514C8], adj:0, ptsOut:2.3667, amlpts:212999, idx:70, timesize:1.0009, drain: 0
14:47:24.229 T:4115355104   DEBUG: Previous line repeats 1 times.
14:47:24.229 T:4115355104   DEBUG: CAMLCodec::ReleaseFrame idx:68
14:47:24.234 T:3724276640   DEBUG: CAMLCodec::Decode: ret: 0, sz: 0, dts_in: 18442240474082.1797[514C8], pts_in: 18442240474082.1797[514C8], adj:0, ptsOut:2.3667, amlpts:212999, idx:70, timesize:1.0009, drain: 0
14:47:24.234 T:3724276640   DEBUG: CAMLCodec::Decode: ret: 6, sz: 0, dts_in: 18442240474082.1797[514C8], pts_in: 18442240474082.1797[514C8], adj:0, ptsOut:2.4000, amlpts:216000, idx:71, timesize:0.9676, drain: 0
14:47:24.245 T:3724276640   DEBUG: CAMLCodec::Decode: ret: 2, sz: 12442, dts_in: 3.7333[52080], pts_in: 3.7333[52080], adj:0, ptsOut:2.4000, amlpts:216000, idx:71, timesize:0.9676, drain: 0
14:47:24.255 T:3724276640   DEBUG: CAMLCodec::Decode: ret: 0, sz: 15657, dts_in: 3.7667[52C38], pts_in: 3.9000[55B18], adj:0, ptsOut:2.4000, amlpts:216000, idx:71, timesize:1.0009, drain: 0
14:47:24.257 T:3922715552   DEBUG: -->Python Interpreter Initialized<--
14:47:24.257 T:3922715552   DEBUG: CPythonInvoker(2, /storage/.kodi/addons/service.library.data.provider/service.py): the source file to load is "/storage/.kodi/addons/service.library.data.provider/service.py"
14:47:24.258 T:3922715552   DEBUG: CPythonInvoker(2, /storage/.kodi/addons/service.library.data.provider/service.py): setting the Python path to /storage/.kodi/addons/service.library.data.provider:/storage/.kodi/addons/script.module.routing/lib:/storage/.kodi/addons/script.module.simplejson/lib:/usr/lib/python27.zip:/usr/lib/python2.7:/usr/lib/python2.7/plat-linux2:/usr/lib/python2.7/lib-tk:/usr/lib/python2.7/lib-old:/usr/lib/python2.7/lib-dynload:/usr/lib/python2.7/site-packages:/usr/lib/python2.7/site-packages/gtk-2.0
14:47:24.258 T:3922715552   DEBUG: CPythonInvoker(2, /storage/.kodi/addons/service.library.data.provider/service.py): entering source directory /storage/.kodi/addons/service.library.data.provider
14:47:24.258 T:3922715552   DEBUG: CPythonInvoker(2, /storage/.kodi/addons/service.library.data.provider/service.py): instantiating addon using automatically obtained id of "service.library.data.provider" dependent on version 2.25.0 of the xbmc.python api
14:47:24.263 T:4115355104   DEBUG: CAMLCodec::ReleaseFrame idx:69
14:47:24.266 T:3724276640   DEBUG: CAMLCodec::Decode: ret: 0, sz: 0, dts_in: 18442240474082.1797[52C38], pts_in: 18442240474082.1797[55B18], adj:0, ptsOut:2.4000, amlpts:216000, idx:71, timesize:1.0009, drain: 0
14:47:24.266 T:3724276640   DEBUG: CAMLCodec::Decode: ret: 4, sz: 0, dts_in: 18442240474082.1797[52C38], pts_in: 18442240474082.1797[55B18], adj:0, ptsOut:2.4333, amlpts:218999, idx:72, timesize:1.0009, drain: 0
14:47:24.276 T:3724276640   DEBUG: CAMLCodec::Decode: ret: 0, sz: 0, dts_in: 18442240474082.1797[52C38], pts_in: 18442240474082.1797[55B18], adj:0, ptsOut:2.4333, amlpts:218999, idx:72, timesize:1.0009, drain: 0
14:47:24.296 T:4115355104   DEBUG: Previous line repeats 1 times.
14:47:24.296 T:4115355104   DEBUG: CAMLCodec::ReleaseFrame idx:70
14:47:24.297 T:3724276640   DEBUG: CAMLCodec::Decode: ret: 0, sz: 0, dts_in: 18442240474082.1797[52C38], pts_in: 18442240474082.1797[55B18], adj:0, ptsOut:2.4333, amlpts:218999, idx:72, timesize:1.0009, drain: 0
14:47:24.297 T:3724276640   DEBUG: CAMLCodec::Decode: ret: 4, sz: 0, dts_in: 18442240474082.1797[52C38], pts_in: 18442240474082.1797[55B18], adj:0, ptsOut:2.4667, amlpts:221999, idx:73, timesize:1.0009, drain: 0
14:47:24.307 T:3724276640   DEBUG: CAMLCodec::Decode: ret: 0, sz: 0, dts_in: 18442240474082.1797[52C38], pts_in: 18442240474082.1797[55B18], adj:0, ptsOut:2.4667, amlpts:221999, idx:73, timesize:1.0009, drain: 0
14:47:24.312 T:4115355104   DEBUG: RunScriptWithParams - calling plugin Tempest('plugin://plugin.video.tempest/','-1','?action=service')
14:47:24.312 T:3594515360   DEBUG: Thread LanguageInvoker start, auto delete: false
14:47:24.312 T:3594515360    INFO: initializing python engine.
14:47:24.312 T:3594515360   DEBUG: CPythonInvoker(15, /storage/.kodi/addons/plugin.video.tempest/tempest.py): start processing
14:47:24.318 T:3724276640   DEBUG: CAMLCodec::Decode: ret: 2, sz: 0, dts_in: 18442240474082.1797[52C38], pts_in: 18442240474082.1797[55B18], adj:0, ptsOut:2.4667, amlpts:221999, idx:73, timesize:0.9676, drain: 0
14:47:24.321 T:3855606688   DEBUG: [ Tempest  DEBUG ] Debug Enabled?: false
14:47:24.321 T:3855606688   DEBUG: [ Tempest  DEBUG ] Debug Log?: 0
14:47:24.321 T:3855606688   DEBUG: [ Tempest  DEBUG ] Debug Enabled?: false
14:47:24.321 T:3855606688   DEBUG: [ Tempest  DEBUG ] Debug Log?: 0
14:47:24.321 T:3855606688    INFO: CPythonInvoker(9, /storage/.kodi/addons/plugin.video.tempest/service.py): script successfully run
14:47:24.328 T:4115355104   DEBUG: CAMLCodec::ReleaseFrame idx:71
14:47:24.329 T:3724276640   DEBUG: CAMLCodec::Decode: ret: 2, sz: 9735, dts_in: 3.8000[537F0], pts_in: 3.8000[537F0], adj:0, ptsOut:2.4667, amlpts:221999, idx:73, timesize:0.9676, drain: 0
14:47:24.329 T:3724276640   DEBUG: CAMLCodec::Decode: ret: 4, sz: 11937, dts_in: 3.8333[543A8], pts_in: 3.8333[543A8], adj:0, ptsOut:2.5000, amlpts:225000, idx:74, timesize:1.0009, drain: 0
14:47:24.340 T:3724276640   DEBUG: CAMLCodec::Decode: ret: 0, sz: 0, dts_in: 18442240474082.1797[543A8], pts_in: 18442240474082.1797[543A8], adj:0, ptsOut:2.5000, amlpts:225000, idx:74, timesize:1.0009, drain: 0
14:47:24.362 T:4115355104   DEBUG: Previous line repeats 2 times.
14:47:24.362 T:4115355104   DEBUG: CAMLCodec::ReleaseFrame idx:72
14:47:24.370 T:3724276640   DEBUG: CAMLCodec::Decode: ret: 0, sz: 0, dts_in: 18442240474082.1797[543A8], pts_in: 18442240474082.1797[543A8], adj:0, ptsOut:2.5000, amlpts:225000, idx:74, timesize:1.0009, drain: 0
14:47:24.370 T:3724276640   DEBUG: CAMLCodec::Decode: ret: 4, sz: 0, dts_in: 18442240474082.1797[543A8], pts_in: 18442240474082.1797[543A8], adj:0, ptsOut:2.5333, amlpts:227999, idx:75, timesize:1.0009, drain: 0
14:47:24.381 T:3724276640   DEBUG: CAMLCodec::Decode: ret: 0, sz: 0, dts_in: 18442240474082.1797[543A8], pts_in: 18442240474082.1797[543A8], adj:0, ptsOut:2.5333, amlpts:227999, idx:75, timesize:1.0009, drain: 0
14:47:24.391 T:3724276640   DEBUG: CAMLCodec::Decode: ret: 2, sz: 0, dts_in: 18442240474082.1797[543A8], pts_in: 18442240474082.1797[543A8], adj:0, ptsOut:2.5333, amlpts:227999, idx:75, timesize:0.9676, drain: 0
14:47:24.395 T:4115355104   DEBUG: CAMLCodec::ReleaseFrame idx:73
14:47:24.401 T:3724276640   DEBUG: CAMLCodec::Decode: ret: 2, sz: 10074, dts_in: 3.8667[54F60], pts_in: 3.8667[54F60], adj:0, ptsOut:2.5333, amlpts:227999, idx:75, timesize:0.9676, drain: 0
14:47:24.402 T:3724276640   DEBUG: CAMLCodec::Decode: ret: 4, sz: 11982, dts_in: 3.9000[55B18], pts_in: 4.0000[57E40], adj:0, ptsOut:2.5667, amlpts:230999, idx:76, timesize:1.0009, drain: 0
14:47:24.412 T:3724276640   DEBUG: CAMLCodec::Decode: ret: 0, sz: 0, dts_in: 18442240474082.1797[55B18], pts_in: 18442240474082.1797[57E40], adj:0, ptsOut:2.5667, amlpts:230999, idx:76, timesize:1.0009, drain: 0
14:47:24.428 T:4115355104   DEBUG: Previous line repeats 1 times.
14:47:24.429 T:4115355104   DEBUG: CAMLCodec::ReleaseFrame idx:74
14:47:24.432 T:3724276640   DEBUG: CAMLCodec::Decode: ret: 0, sz: 0, dts_in: 18442240474082.1797[55B18], pts_in: 18442240474082.1797[57E40], adj:0, ptsOut:2.5667, amlpts:230999, idx:76, timesize:1.0009, drain: 0
14:47:24.433 T:3724276640   DEBUG: CAMLCodec::Decode: ret: 4, sz: 0, dts_in: 18442240474082.1797[55B18], pts_in: 18442240474082.1797[57E40], adj:0, ptsOut:2.6000, amlpts:234000, idx:77, timesize:1.0009, drain: 0
14:47:24.443 T:3724276640   DEBUG: CAMLCodec::Decode: ret: 2, sz: 0, dts_in: 18442240474082.1797[55B18], pts_in: 18442240474082.1797[57E40], adj:0, ptsOut:2.6000, amlpts:234000, idx:77, timesize:0.9676, drain: 0
14:47:24.453 T:3724276640   DEBUG: CAMLCodec::Decode: ret: 0, sz: 7673, dts_in: 3.9333[566D0], pts_in: 3.9333[566D0], adj:0, ptsOut:2.6000, amlpts:234000, idx:77, timesize:1.0009, drain: 0
14:47:24.462 T:4115355104   DEBUG: CAMLCodec::ReleaseFrame idx:75
14:47:24.463 T:3724276640   DEBUG: CAMLCodec::Decode: ret: 0, sz: 0, dts_in: 18442240474082.1797[566D0], pts_in: 18442240474082.1797[566D0], adj:0, ptsOut:2.6000, amlpts:234000, idx:77, timesize:1.0009, drain: 0
14:47:24.464 T:3724276640   DEBUG: CAMLCodec::Decode: ret: 4, sz: 0, dts_in: 18442240474082.1797[566D0], pts_in: 18442240474082.1797[566D0], adj:0, ptsOut:2.6333, amlpts:236999, idx:78, timesize:1.0009, drain: 0
14:47:24.474 T:3724276640   DEBUG: CAMLCodec::Decode: ret: 0, sz: 0, dts_in: 18442240474082.1797[566D0], pts_in: 18442240474082.1797[566D0], adj:0, ptsOut:2.6333, amlpts:236999, idx:78, timesize:1.0009, drain: 0
14:47:24.484 T:3724276640   DEBUG: CAMLCodec::Decode: ret: 2, sz: 0, dts_in: 18442240474082.1797[566D0], pts_in: 18442240474082.1797[566D0], adj:0, ptsOut:2.6333, amlpts:236999, idx:78, timesize:0.9676, drain: 0
14:47:24.495 T:3724276640   DEBUG: CAMLCodec::Decode: ret: 0, sz: 7280, dts_in: 3.9667[57288], pts_in: 3.9667[57288], adj:0, ptsOut:2.6333, amlpts:236999, idx:78, timesize:1.0009, drain: 0
14:47:24.495 T:3724276640   DEBUG: CAMLCodec::Decode: ret: 4, sz: 0, dts_in: 18442240474082.1797[57288], pts_in: 18442240474082.1797[57288], adj:0, ptsOut:2.6667, amlpts:239999, idx:79, timesize:1.0009, drain: 0
14:47:24.495 T:4115355104   DEBUG: CAMLCodec::ReleaseFrame idx:76
14:47:24.505 T:3724276640   DEBUG: CAMLCodec::Decode: ret: 0, sz: 0, dts_in: 18442240474082.1797[57288], pts_in: 18442240474082.1797[57288], adj:0, ptsOut:2.6667, amlpts:239999, idx:79, timesize:1.0009, drain: 0
14:47:24.516 T:3724276640   DEBUG: CAMLCodec::Decode: ret: 2, sz: 0, dts_in: 18442240474082.1797[57288], pts_in: 18442240474082.1797[57288], adj:0, ptsOut:2.6667, amlpts:239999, idx:79, timesize:0.9676, drain: 0
14:47:24.526 T:3724276640   DEBUG: CAMLCodec::Decode: ret: 2, sz: 16122, dts_in: 4.0000[57E40], pts_in: 4.0333[589F8], adj:0, ptsOut:2.6667, amlpts:239999, idx:79, timesize:0.9676, drain: 0
14:47:24.530 T:4115355104   DEBUG: CAMLCodec::ReleaseFrame idx:77
14:47:24.536 T:3724276640   DEBUG: CAMLCodec::Decode: ret: 0, sz: 8605, dts_in: 4.0333[589F8], pts_in: 4.1667[5B8D8], adj:0, ptsOut:2.6667, amlpts:239999, idx:79, timesize:1.0009, drain: 0
14:47:24.537 T:3724276640   DEBUG: CAMLCodec::Decode: ret: 4, sz: 0, dts_in: 18442240474082.1797[589F8], pts_in: 18442240474082.1797[5B8D8], adj:0, ptsOut:2.7000, amlpts:243000, idx:80, timesize:1.0009, drain: 0
14:47:24.547 T:3724276640   DEBUG: CAMLCodec::Decode: ret: 0, sz: 0, dts_in: 18442240474082.1797[589F8], pts_in: 18442240474082.1797[5B8D8], adj:0, ptsOut:2.7000, amlpts:243000, idx:80, timesize:1.0009, drain: 0
14:47:24.570 T:3724276640   DEBUG: Previous line repeats 2 times.
14:47:24.570 T:3724276640   DEBUG: CAMLCodec::Decode: ret: 4, sz: 0, dts_in: 18442240474082.1797[589F8], pts_in: 18442240474082.1797[5B8D8], adj:0, ptsOut:2.7333, amlpts:245999, idx:81, timesize:1.0009, drain: 0
14:47:24.572 T:4115355104   DEBUG: CAMLCodec::ReleaseFrame idx:78
