07:18:26.397 T:3811570592    INFO: PVRChannelGroupInternal - AddAndUpdateChannels - updated TV channel 'SPOTV+'
07:18:26.397 T:3811570592    INFO: PVRChannelGroupInternal - AddAndUpdateChannels - updated TV channel 'JTBC3'
07:18:26.397 T:3811570592    INFO: PVRChannelGroupInternal - AddAndUpdateChannels - updated TV channel 'KBS2'
07:18:26.397 T:3811570592    INFO: PVRChannelGroupInternal - AddAndUpdateChannels - updated TV channel 'FISHING TV'
07:18:26.398 T:3811570592    INFO: PVRChannelGroupInternal - AddAndUpdateChannels - updated TV channel 'FOX'
07:18:26.398 T:3811570592    INFO: PVRChannelGroupInternal - AddAndUpdateChannels - updated TV channel 'SBS GOLF'
07:18:26.398 T:3811570592    INFO: PVRChannelGroupInternal - AddAndUpdateChannels - updated TV channel '채널CGV'
07:18:26.398 T:3811570592    INFO: PVRChannelGroupInternal - AddAndUpdateChannels - updated TV channel 'JTBC'
07:18:26.398 T:3811570592    INFO: PVRChannelGroupInternal - AddAndUpdateChannels - updated TV channel 'SPOTV Games'
07:18:26.398 T:3811570592    INFO: PVRChannelGroupInternal - AddAndUpdateChannels - updated TV channel 'JTBC3'
07:18:26.398 T:3811570592    INFO: PVRChannelGroupInternal - AddAndUpdateChannels - updated TV channel 'SBS funE'
07:18:26.398 T:3811570592    INFO: PVRChannelGroupInternal - AddAndUpdateChannels - updated TV channel 'SPOTV'
07:18:26.398 T:3811570592    INFO: PVRChannelGroupInternal - AddAndUpdateChannels - updated TV channel '슈퍼액션'
07:18:26.398 T:3811570592    INFO: PVRChannelGroupInternal - AddAndUpdateChannels - updated TV channel '올리브'
07:18:26.398 T:3811570592    INFO: PVRChannelGroupInternal - AddAndUpdateChannels - updated TV channel 'SBS Plus'
07:18:26.398 T:3811570592    INFO: PVRChannelGroupInternal - AddAndUpdateChannels - updated TV channel 'MBC'
07:18:26.398 T:3811570592    INFO: Previous line repeats 1 times.
07:18:26.398 T:3811570592    INFO: PVRChannelGroupInternal - AddAndUpdateChannels - updated TV channel 'SBS Sports'
07:18:26.398 T:3811570592    INFO: PVRChannelGroupInternal - AddAndUpdateChannels - updated TV channel 'AXN'
07:18:26.398 T:3811570592    INFO: PVRChannelGroupInternal - AddAndUpdateChannels - updated TV channel 'O tvN'
07:18:26.398 T:3811570592    INFO: PVRChannelGroupInternal - AddAndUpdateChannels - updated TV channel 'MBN'
07:18:26.398 T:3811570592    INFO: PVRChannelGroupInternal - AddAndUpdateChannels - updated TV channel 'O tvN'
07:18:26.398 T:3811570592    INFO: PVRChannelGroupInternal - AddAndUpdateChannels - updated TV channel '디즈니주니어'
07:18:26.398 T:3811570592    INFO: PVRChannelGroupInternal - AddAndUpdateChannels - updated TV channel 'NGC'
07:18:26.398 T:3811570592    INFO: PVRChannelGroupInternal - AddAndUpdateChannels - updated TV channel 'SBS GOLF'
07:18:26.398 T:3811570592    INFO: PVRChannelGroupInternal - AddAndUpdateChannels - updated TV channel 'SPOTV2'
07:18:26.398 T:3811570592    INFO: PVRChannelGroupInternal - AddAndUpdateChannels - updated TV channel 'mplex'
07:18:26.398 T:3811570592    INFO: PVRChannelGroupInternal - AddAndUpdateChannels - updated TV channel 'OCN'
07:18:26.399 T:3811570592    INFO: PVRChannelGroupInternal - AddAndUpdateChannels - updated TV channel 'MBC'
07:18:26.399 T:3811570592    INFO: PVRChannelGroupInternal - AddAndUpdateChannels - updated TV channel 'JTBC2'
07:18:26.399 T:3811570592    INFO: PVRChannelGroupInternal - AddAndUpdateChannels - updated TV channel 'OGN'
07:18:26.399 T:3811570592    INFO: PVRChannelGroupInternal - AddAndUpdateChannels - updated TV channel 'SkyTravel'
07:18:26.399 T:3811570592    INFO: PVRChannelGroupInternal - AddAndUpdateChannels - updated TV channel 'SPOTV'
07:18:26.399 T:3811570592    INFO: PVRChannelGroupInternal - AddAndUpdateChannels - updated TV channel 'Disney Channel'
07:18:26.399 T:3811570592    INFO: PVRChannelGroupInternal - AddAndUpdateChannels - updated TV channel '채널CGV'
07:18:26.399 T:3811570592    INFO: PVRChannelGroupInternal - AddAndUpdateChannels - updated TV channel 'MBC SPORTS+'
07:18:26.399 T:3811570592    INFO: PVRChannelGroupInternal - AddAndUpdateChannels - updated TV channel 'FOX'
07:18:26.399 T:3811570592    INFO: PVRChannelGroupInternal - AddAndUpdateChannels - updated TV channel 'SkySports'
07:18:26.399 T:3811570592    INFO: PVRChannelGroupInternal - AddAndUpdateChannels - updated TV channel 'EBS2'
07:18:26.399 T:3811570592    INFO: PVRChannelGroupInternal - AddAndUpdateChannels - updated TV channel '연합뉴스TV'
07:18:26.399 T:3811570592    INFO: PVRChannelGroupInternal - AddAndUpdateChannels - updated TV channel 'TV조선'
07:18:26.399 T:3811570592    INFO: PVRChannelGroupInternal - AddAndUpdateChannels - updated TV channel 'Disney Channel'
07:18:26.399 T:3811570592    INFO: PVRChannelGroupInternal - AddAndUpdateChannels - updated TV channel 'MBC SPORTS+'
07:18:26.399 T:3811570592    INFO: PVRChannelGroupInternal - AddAndUpdateChannels - updated TV channel 'KBS JOY'
07:18:26.399 T:3811570592    INFO: PVRChannelGroupInternal - AddAndUpdateChannels - updated TV channel 'mplex'
07:18:26.399 T:3811570592    INFO: PVRChannelGroupInternal - AddAndUpdateChannels - updated TV channel '올리브'
07:18:26.399 T:3811570592    INFO: PVRChannelGroupInternal - AddAndUpdateChannels - updated TV channel 'MBC'
07:18:26.406 T:3811570592   DEBUG: CSettingsManager: requested setting (filelists.showhidden) was not found.
07:18:26.492 T:4117546464    INFO: Found input device /dev/input/event0
07:18:26.493 T:4117546464    INFO: opened device 'aml_keypad' (file name /dev/input/event0), m_bSkipNonKeyEvents 0
07:18:26.743 T:4117546464    INFO: Found input device /dev/input/event2
07:18:26.743 T:4117546464    INFO: opened device 'cec_input' (file name /dev/input/event2), m_bSkipNonKeyEvents 0
07:18:26.942 T:4117546464    INFO: Found input device /dev/input/event3
07:18:26.943 T:4117546464    INFO: opened device 'AirMouse' (file name /dev/input/event3), m_bSkipNonKeyEvents 0
07:18:27.003 T:3711955872 WARNING: CRenderManager::Configure - timeout waiting for configure
07:18:27.004 T:3711955872   ERROR: OutputPicture - failed to configure renderer
07:18:27.004 T:3711955872   DEBUG: CAMLCodec::Decode: ret: 2, sz: 0, dts_in: 18442240474082.1797[10D88], pts_in: 18442240474082.1797[10D88], adj:0, ptsOut:0.0333, amlpts:2999, idx:0, timesize:0.2669, drain: 0
07:18:27.013 T:3801944992   DEBUG: CVideoPlayer::HandleMessages - player started 2
07:18:27.013 T:3801944992   DEBUG: CVideoPlayer::SetCaching - caching state 3
07:18:27.014 T:3801944992   DEBUG: CDVDClock::SetSpeedAdjust - adjusted:0.000000
07:18:27.014 T:3801944992   DEBUG: CVideoPlayer::SetCaching - caching state 0
07:18:27.014 T:3801944992   DEBUG: CDVDClock::SetSpeedAdjust - adjusted:0.000000
07:18:27.014 T:3801944992   DEBUG: VideoPlayer::Sync - Audio - pts: 0.000000, cache: 300000.000000, totalcache: 0.000000
07:18:27.014 T:3801944992   DEBUG: VideoPlayer::Sync - Video - pts: 33322.222222, cache: 50000.000000, totalcache: 100000.000000
07:18:27.014 T:3711955872   DEBUG: CVideoPlayerVideo - CDVDMsg::GENERAL_RESYNC(-300000.000000)
07:18:27.014 T:3711955872   DEBUG: CVideoPlayerVideo::CalcDropRequirement - hurry: 0
07:18:27.014 T:3711955872   DEBUG: CAMLCodec::Decode: ret: 2, sz: 5624, dts_in: 0.8000[11940], pts_in: 0.9333[14820], adj:0, ptsOut:0.0333, amlpts:2999, idx:0, timesize:0.2336, drain: 0
07:18:27.014 T:3711955872   DEBUG: CVideoPlayerVideo::CalcDropRequirement - hurry: 0
07:18:27.015 T:3711955872   DEBUG: CAMLCodec::Decode: ret: 2, sz: 2312, dts_in: 0.8333[124F8], pts_in: 0.8333[124F8], adj:0, ptsOut:0.0333, amlpts:2999, idx:0, timesize:0.2669, drain: 0
07:18:27.015 T:3711955872   DEBUG: CVideoPlayerVideo::CalcDropRequirement - hurry: 0
07:18:27.015 T:3711955872   DEBUG: CAMLCodec::Decode: ret: 2, sz: 2143, dts_in: 0.8667[130B0], pts_in: 0.8667[130B0], adj:0, ptsOut:0.0333, amlpts:2999, idx:0, timesize:0.3003, drain: 0
07:18:27.015 T:3711955872   DEBUG: CVideoPlayerVideo::CalcDropRequirement - hurry: 0
07:18:27.015 T:3711955872   DEBUG: CAMLCodec::Decode: ret: 2, sz: 2346, dts_in: 0.9000[13C68], pts_in: 0.9000[13C68], adj:0, ptsOut:0.0333, amlpts:2999, idx:0, timesize:0.3336, drain: 0
07:18:27.015 T:3711955872   DEBUG: CVideoPlayerVideo::CalcDropRequirement - hurry: 0
07:18:27.015 T:3711955872   DEBUG: CAMLCodec::Decode: ret: 2, sz: 5726, dts_in: 0.9333[14820], pts_in: 1.0667[17700], adj:0, ptsOut:0.0333, amlpts:2999, idx:0, timesize:0.3670, drain: 0
07:18:27.015 T:3711955872   DEBUG: CVideoPlayerVideo::CalcDropRequirement - hurry: 0
07:18:27.015 T:3711955872   DEBUG: CAMLCodec::Decode: ret: 2, sz: 1261, dts_in: 0.9667[153D8], pts_in: 0.9667[153D8], adj:0, ptsOut:0.0333, amlpts:2999, idx:0, timesize:0.4004, drain: 0
07:18:27.015 T:3711955872   DEBUG: CVideoPlayerVideo::CalcDropRequirement - hurry: 0
07:18:27.016 T:3711955872   DEBUG: CAMLCodec::Decode: ret: 2, sz: 1590, dts_in: 1.0000[15F90], pts_in: 1.0000[15F90], adj:0, ptsOut:0.0333, amlpts:2999, idx:0, timesize:0.4337, drain: 0
07:18:27.016 T:3711955872   DEBUG: CVideoPlayerVideo::CalcDropRequirement - hurry: 0
07:18:27.016 T:3711955872   DEBUG: CAMLCodec::Decode: ret: 2, sz: 342, dts_in: 1.0333[16B48], pts_in: 1.0333[16B48], adj:0, ptsOut:0.0333, amlpts:2999, idx:0, timesize:0.4671, drain: 0
07:18:27.016 T:3711955872   DEBUG: CVideoPlayerVideo::CalcDropRequirement - hurry: 0
07:18:27.016 T:3711955872   DEBUG: CAMLCodec::Decode: ret: 6, sz: 654, dts_in: 1.0667[17700], pts_in: 1.2000[1A5E0], adj:0, ptsOut:0.0667, amlpts:5999, idx:1, timesize:0.5005, drain: 0
07:18:27.022 T:3703567264   DEBUG: CVideoPlayerAudio - CDVDMsg::GENERAL_RESYNC(-300000.000000)
07:18:27.023 T:3703567264   DEBUG: CDVDAudio::Resume - resume audio stream
07:18:27.023 T:3703567264  NOTICE: Creating audio stream (codec id: 86018, channels: 2, sample rate: 48000, no pass-through)
07:18:27.025 T:3703567264   DEBUG: CDVDAudio::Resume - resume audio stream
07:18:27.077 T:4084200352    INFO: CActiveAESink::OpenSink - initialize sink
07:18:27.112 T:4117546464    INFO: Found input device /dev/input/event4
07:18:27.113 T:4117546464    INFO: opened device 'AirMouse' (file name /dev/input/event4), m_bSkipNonKeyEvents 0
07:18:27.117 T:3548378016   DEBUG: Thread CLinuxInputDevicesCheckHotplugged start, auto delete: false
07:18:27.139 T:3914326944   DEBUG: CPythonInvoker(3, /storage/.kodi/addons/script.module.simple.downloader/default.py): setting the Python path to /storage/.kodi/addons/script.module.simple.downloader:/storage/.kodi/addons/script.common.plugin.cache/lib:/storage/.kodi/addons/script.module.parsedom/lib:/usr/lib/python27.zip:/usr/lib/python2.7:/usr/lib/python2.7/plat-linux2:/usr/lib/python2.7/lib-tk:/usr/lib/python2.7/lib-old:/usr/lib/python2.7/lib-dynload:/usr/lib/python2.7/site-packages:/usr/lib/python2.7/site-packages/gtk-2.0
07:18:27.140 T:3914326944   DEBUG: CPythonInvoker(3, /storage/.kodi/addons/script.module.simple.downloader/default.py): entering source directory /storage/.kodi/addons/script.module.simple.downloader
07:18:27.141 T:3914326944   DEBUG: CPythonInvoker(3, /storage/.kodi/addons/script.module.simple.downloader/default.py): instantiating addon using automatically obtained id of "script.module.simple.downloader" dependent on version 2.1.0 of the xbmc.python api
07:18:27.207 T:3931104160   DEBUG: -->Python Interpreter Initialized<--
07:18:27.207 T:3931104160   DEBUG: CPythonInvoker(1, /storage/.kodi/addons/script.skin.helper.service/service.py): the source file to load is "/storage/.kodi/addons/script.skin.helper.service/service.py"
07:18:27.213 T:3939492768   DEBUG: CPythonInvoker(0, /storage/.kodi/addons/plugin.video.youtube/resources/lib/startup.py): setting the Python path to /storage/.kodi/addons/plugin.video.youtube/resources/lib:/storage/.kodi/addons/script.module.certifi/lib:/storage/.kodi/addons/script.module.chardet/lib:/storage/.kodi/addons/script.module.idna/lib:/storage/.kodi/addons/script.module.requests/lib:/storage/.kodi/addons/script.module.six/lib:/storage/.kodi/addons/script.module.urllib3/lib:/usr/lib/python27.zip:/usr/lib/python2.7:/usr/lib/python2.7/plat-linux2:/usr/lib/python2.7/lib-tk:/usr/lib/python2.7/lib-old:/usr/lib/python2.7/lib-dynload:/usr/lib/python2.7/site-packages:/usr/lib/python2.7/site-packages/gtk-2.0
07:18:27.213 T:3939492768   DEBUG: CPythonInvoker(0, /storage/.kodi/addons/plugin.video.youtube/resources/lib/startup.py): entering source directory /storage/.kodi/addons/plugin.video.youtube/resources/lib
07:18:27.213 T:3939492768   DEBUG: CPythonInvoker(0, /storage/.kodi/addons/plugin.video.youtube/resources/lib/startup.py): instantiating addon using automatically obtained id of "plugin.video.youtube" dependent on version 2.20.0 of the xbmc.python api
07:18:27.214 T:3889161120   DEBUG: CPythonInvoker(5, /usr/share/kodi/addons/service.libreelec.settings/service.py): setting the Python path to /usr/share/kodi/addons/service.libreelec.settings:/usr/lib/python27.zip:/usr/lib/python2.7:/usr/lib/python2.7/plat-linux2:/usr/lib/python2.7/lib-tk:/usr/lib/python2.7/lib-old:/usr/lib/python2.7/lib-dynload:/usr/lib/python2.7/site-packages:/usr/lib/python2.7/site-packages/gtk-2.0
07:18:27.215 T:3889161120   DEBUG: CPythonInvoker(5, /usr/share/kodi/addons/service.libreelec.settings/service.py): entering source directory /usr/share/kodi/addons/service.libreelec.settings
07:18:27.243 T:3889161120   DEBUG: CPythonInvoker(5, /usr/share/kodi/addons/service.libreelec.settings/service.py): instantiating addon using automatically obtained id of "service.libreelec.settings" dependent on version 2.1.0 of the xbmc.python api
07:18:27.338 T:3855606688   DEBUG: -->Python Interpreter Initialized<--
07:18:27.338 T:3855606688   DEBUG: CPythonInvoker(9, /storage/.kodi/addons/script.updateShortCut/default.py): the source file to load is "/storage/.kodi/addons/script.updateShortCut/default.py"
07:18:27.339 T:3905938336   DEBUG: -->Python Interpreter Initialized<--
07:18:27.339 T:3905938336   DEBUG: CPythonInvoker(4, /storage/.kodi/addons/plugin.video.kayo.sports/service.py): the source file to load is "/storage/.kodi/addons/plugin.video.kayo.sports/service.py"
07:18:27.340 T:3905938336   DEBUG: CPythonInvoker(4, /storage/.kodi/addons/plugin.video.kayo.sports/service.py): setting the Python path to /storage/.kodi/addons/plugin.video.kayo.sports:/storage/.kodi/addons/script.module.arrow/lib:/storage/.kodi/addons/script.module.certifi/lib:/storage/.kodi/addons/script.module.chardet/lib:/storage/.kodi/addons/script.module.dateutil/lib:/storage/.kodi/addons/script.module.idna/lib:/storage/.kodi/addons/script.module.requests/lib:/storage/.kodi/addons/script.module.six/lib:/storage/.kodi/addons/script.module.urllib3/lib:/usr/lib/python27.zip:/usr/lib/python2.7:/usr/lib/python2.7/plat-linux2:/usr/lib/python2.7/lib-tk:/usr/lib/python2.7/lib-old:/usr/lib/python2.7/lib-dynload:/usr/lib/python2.7/site-packages:/usr/lib/python2.7/site-packages/gtk-2.0
07:18:27.341 T:3905938336   DEBUG: CPythonInvoker(4, /storage/.kodi/addons/plugin.video.kayo.sports/service.py): entering source directory /storage/.kodi/addons/plugin.video.kayo.sports
07:18:27.352 T:4117546464   DEBUG: ------ Window Init (Custom_Rss.xml) ------
07:18:27.352 T:4117546464    INFO: Loading skin file: Custom_Rss.xml, load type: KEEP_IN_MEMORY
07:18:27.354 T:4085314464   DEBUG: Thread RSSReader start, auto delete: false
07:18:27.354 T:4117546464   DEBUG: DeleteRenderer - deleting renderer
07:18:27.354 T:4117546464   DEBUG: LinuxRendererGL: Cleaning up GL resources
07:18:27.354 T:4117546464   DEBUG: CRenderManager::Configure - 4
07:18:27.354 T:4085314464   DEBUG: CurlFile::Open(0xf380ec68) http://172.104.51.248/BadJin/RSS/LilacTV_news.xml
07:18:27.354 T:3711955872   DEBUG: CVideoPlayerVideo::CalcDropRequirement - hurry: 1
07:18:27.355 T:3711955872   DEBUG: CAMLCodec::Decode: ret: 6, sz: 313, dts_in: 1.1000[182B8], pts_in: 1.1000[182B8], adj:0, ptsOut:0.1000, amlpts:9000, idx:2, timesize:0.5338, drain: 0
07:18:27.355 T:3711955872   DEBUG: CVideoPlayerVideo::CalcDropRequirement - hurry: 1
07:18:27.355 T:3711955872   DEBUG: CAMLCodec::Decode: ret: 6, sz: 316, dts_in: 1.1333[18E70], pts_in: 1.1333[18E70], adj:0, ptsOut:0.1333, amlpts:11999, idx:3, timesize:0.5672, drain: 0
07:18:27.355 T:4085314464    INFO: easy_aquire - Created session to http://172.104.51.248
07:18:27.355 T:3711955872   DEBUG: CAMLCodec::Decode: ret: 6, sz: 314, dts_in: 1.1667[19A28], pts_in: 1.1667[19A28], adj:0, ptsOut:0.1667, amlpts:14999, idx:4, timesize:0.6006, drain: 0
07:18:27.365 T:3711955872   DEBUG: CAMLCodec::Decode: ret: 2, sz: 474, dts_in: 1.2000[1A5E0], pts_in: 1.3333[1D4C0], adj:0, ptsOut:0.1667, amlpts:14999, idx:4, timesize:0.6339, drain: 0
07:18:27.376 T:3711955872   DEBUG: CAMLCodec::Decode: ret: 2, sz: 308, dts_in: 1.2333[1B198], pts_in: 1.2333[1B198], adj:0, ptsOut:0.1667, amlpts:14999, idx:4, timesize:0.6673, drain: 0
07:18:27.386 T:3711955872   DEBUG: CAMLCodec::Decode: ret: 2, sz: 309, dts_in: 1.2667[1BD50], pts_in: 1.2667[1BD50], adj:0, ptsOut:0.1667, amlpts:14999, idx:4, timesize:0.7007, drain: 0
07:18:27.396 T:3711955872   DEBUG: CAMLCodec::Decode: ret: 2, sz: 307, dts_in: 1.3000[1C908], pts_in: 1.3000[1C908], adj:0, ptsOut:0.1667, amlpts:14999, idx:4, timesize:0.7340, drain: 0
07:18:27.402 T:4117546464   DEBUG: CAMLCodec::ReleaseFrame idx:1
07:18:27.402 T:4117546464    INFO: CAMLCodec::SetVideo3dMode: ppmgr_3d support not found in kernel.
07:18:27.402 T:4117546464   DEBUG: CAMLCodec::SetVideoRect:display(0,0,1920,1080)
07:18:27.402 T:4117546464   DEBUG: CAMLCodec::SetVideoRect:gui(0,0,1920,1080)
07:18:27.402 T:4117546464   DEBUG: CAMLCodec::SetVideoRect:m_dst_rect(38,22,1842,1036)
07:18:27.402 T:4117546464   DEBUG: CAMLCodec::SetVideoRect:dst_rect(38,22,1842,1036)
07:18:27.402 T:4117546464   DEBUG: CAMLCodec::SetVideoRect:m_stereo_mode(0)
07:18:27.402 T:4117546464   DEBUG: CAMLCodec::SetVideoRect:m_stereo_view(0)
07:18:27.405 T:4117533600   DEBUG: CAnnouncementManager - Announcement: OnPlay from xbmc
07:18:27.405 T:4117533600   DEBUG: GOT ANNOUNCEMENT, type: 1, from xbmc, message OnPlay
07:18:27.406 T:4117546464   DEBUG: Activating window ID: 12005
07:18:27.406 T:4117546464   DEBUG: ------ Window Deinit (Home.xml) ------
07:18:27.407 T:4117546464   DEBUG: ------ Window Init (VideoFullScreen.xml) ------
07:18:27.407 T:4117546464    INFO: Loading skin file: VideoFullScreen.xml, load type: KEEP_IN_MEMORY
07:18:27.408 T:3811570592    INFO: easy_aquire - Created session to http://i.imgur.com
07:18:27.409 T:3711955872   DEBUG: CAMLCodec::Decode: ret: 2, sz: 413, dts_in: 1.3333[1D4C0], pts_in: 1.4667[203A0], adj:0, ptsOut:0.1667, amlpts:14999, idx:4, timesize:0.7674, drain: 0
07:18:27.409 T:3711955872   DEBUG: CAMLCodec::Decode: ret: 6, sz: 305, dts_in: 1.3667[1E078], pts_in: 1.3667[1E078], adj:0, ptsOut:0.2000, amlpts:18000, idx:5, timesize:0.8008, drain: 0
07:18:27.414 T:4117546464   DEBUG: ------ Window Deinit (Custom_Rss.xml) ------
07:18:27.414 T:4117546464  NOTICE: Display resolution ADJUST : 1920x1080 @ 60.00 - Full Screen (16) (weight: 0.000)
07:18:27.415 T:4117546464   DEBUG: CAMLCodec::ReleaseFrame idx:2
07:18:27.415 T:4117546464    INFO: CAMLCodec::SetVideo3dMode: ppmgr_3d support not found in kernel.
07:18:27.415 T:4117546464   DEBUG: CAMLCodec::SetVideoRect:display(0,0,1920,1080)
07:18:27.415 T:4117546464   DEBUG: CAMLCodec::SetVideoRect:gui(0,0,1920,1080)
07:18:27.415 T:4117546464   DEBUG: CAMLCodec::SetVideoRect:m_dst_rect(0,0,1920,1080)
07:18:27.415 T:4117546464   DEBUG: CAMLCodec::SetVideoRect:dst_rect(0,0,1920,1080)
07:18:27.415 T:4117546464   DEBUG: CAMLCodec::SetVideoRect:m_stereo_mode(0)
07:18:27.415 T:4117546464   DEBUG: CAMLCodec::SetVideoRect:m_stereo_view(0)
07:18:27.420 T:4117546464   DEBUG: CAMLCodec::ReleaseFrame idx:3
07:18:27.425 T:3711955872   DEBUG: CAMLCodec::Decode: ret: 2, sz: 310, dts_in: 1.4000[1EC30], pts_in: 1.4000[1EC30], adj:0, ptsOut:0.2000, amlpts:18000, idx:5, timesize:0.8341, drain: 0
07:18:27.425 T:3711955872   DEBUG: CAMLCodec::Decode: ret: 6, sz: 308, dts_in: 1.4333[1F7E8], pts_in: 1.4333[1F7E8], adj:0, ptsOut:0.2333, amlpts:20999, idx:6, timesize:0.8675, drain: 0
07:18:27.435 T:4117546464   DEBUG: CAMLCodec::ReleaseFrame idx:4
07:18:27.435 T:3711955872   DEBUG: CAMLCodec::Decode: ret: 2, sz: 401, dts_in: 1.4667[203A0], pts_in: 1.6000[23280], adj:0, ptsOut:0.2333, amlpts:20999, idx:6, timesize:0.9008, drain: 0
07:18:27.446 T:3711955872   DEBUG: CAMLCodec::Decode: ret: 2, sz: 303, dts_in: 1.5000[20F58], pts_in: 1.5000[20F58], adj:0, ptsOut:0.2333, amlpts:20999, idx:6, timesize:0.9342, drain: 0
07:18:27.448 T:4084200352   DEBUG: CActiveAESink::OpenSink - trying to open device ALSA:hdmi:CARD=AMLM8AUDIO,DEV=0
07:18:27.448 T:4084200352    INFO: CAESinkALSA::Initialize - Attempting to open device "@:CARD=AMLM8AUDIO,DEV=0"
07:18:27.457 T:3711955872   DEBUG: CAMLCodec::Decode: ret: 2, sz: 300, dts_in: 1.5333[21B10], pts_in: 1.5333[21B10], adj:0, ptsOut:0.2333, amlpts:20999, idx:6, timesize:0.9676, drain: 0
07:18:27.458 T:3711955872   DEBUG: CAMLCodec::Decode: ret: 6, sz: 301, dts_in: 1.5667[226C8], pts_in: 1.5667[226C8], adj:0, ptsOut:0.2667, amlpts:23999, idx:7, timesize:0.9676, drain: 0
07:18:27.458 T:4084200352    INFO: CAESinkALSA::Initialize - Opened device "sysdefault:CARD=AMLM8AUDIO"
07:18:27.460 T:4084200352    INFO: CAESinkALSA::InitializeHW - Your hardware does not support AE_FMT_FLOAT, trying other formats
07:18:27.460 T:4084200352    INFO: CAESinkALSA::InitializeHW - Using data format AE_FMT_S32NE
07:18:27.460 T:4084200352   DEBUG: CAESinkALSA::InitializeHW - Request: periodSize 4096, bufferSize 16384
07:18:27.461 T:4084200352   DEBUG: CAESinkALSA::InitializeHW - Got: periodSize 4096, bufferSize 16384
07:18:27.461 T:4084200352   DEBUG: CAESinkALSA::InitializeHW - Setting timeout to 342 ms
07:18:27.461 T:4084200352   DEBUG: CAESinkALSA::GetChannelLayout - Input Channel Count: 2 Output Channel Count: 2
07:18:27.462 T:4084200352   DEBUG: CAESinkALSA::GetChannelLayout - Requested Layout: FL,FR
07:18:27.462 T:4084200352   DEBUG: CAESinkALSA::GetChannelLayout - Got Layout: FL,FR (ALSA: none)
07:18:27.462 T:4084200352   DEBUG: CActiveAESink::OpenSink - ALSA Initialized:
07:18:27.462 T:4084200352   DEBUG:   Output Device : AML-M8AUDIO
07:18:27.462 T:4084200352   DEBUG:   Sample Rate   : 48000
07:18:27.462 T:4084200352   DEBUG:   Sample Format : AE_FMT_S32NE
07:18:27.462 T:4084200352   DEBUG:   Channel Count : 2
07:18:27.462 T:4084200352   DEBUG:   Channel Layout: FL,FR
07:18:27.462 T:4084200352   DEBUG:   Frames        : 4096
07:18:27.462 T:4084200352   DEBUG:   Frame Size    : 8
07:18:27.464 T:4093731744   DEBUG: CActiveAE::ClearDiscardedBuffers - buffer pool deleted
07:18:27.468 T:3711955872   DEBUG: Previous line repeats 1 times.
07:18:27.468 T:3711955872   DEBUG: CAMLCodec::Decode: ret: 2, sz: 3343, dts_in: 1.6000[23280], pts_in: 1.7333[26160], adj:0, ptsOut:0.2667, amlpts:23999, idx:7, timesize:0.9342, drain: 0
07:18:27.468 T:3711955872   DEBUG: CAMLCodec::Decode: ret: 6, sz: 322, dts_in: 1.6333[23E38], pts_in: 1.6333[23E38], adj:0, ptsOut:0.3000, amlpts:27000, idx:8, timesize:0.9676, drain: 0
07:18:27.469 T:4117546464   DEBUG: CAMLCodec::ReleaseFrame idx:5
07:18:27.469 T:4093731744   DEBUG: ActiveAE - start sync of audio stream
07:18:27.480 T:3711955872   DEBUG: CAMLCodec::Decode: ret: 0, sz: 321, dts_in: 1.6667[249F0], pts_in: 1.6667[249F0], adj:0, ptsOut:0.3000, amlpts:27000, idx:8, timesize:1.0009, drain: 0
07:18:27.490 T:3711955872   DEBUG: CAMLCodec::Decode: ret: 0, sz: 0, dts_in: 18442240474082.1797[249F0], pts_in: 18442240474082.1797[249F0], adj:0, ptsOut:0.3000, amlpts:27000, idx:8, timesize:1.0009, drain: 0
07:18:27.502 T:4117546464   DEBUG: Previous line repeats 1 times.
07:18:27.502 T:4117546464   DEBUG: CAMLCodec::ReleaseFrame idx:6
07:18:27.510 T:3711955872   DEBUG: CAMLCodec::Decode: ret: 0, sz: 0, dts_in: 18442240474082.1797[249F0], pts_in: 18442240474082.1797[249F0], adj:0, ptsOut:0.3000, amlpts:27000, idx:8, timesize:1.0009, drain: 0
07:18:27.511 T:3711955872   DEBUG: CAMLCodec::Decode: ret: 4, sz: 0, dts_in: 18442240474082.1797[249F0], pts_in: 18442240474082.1797[249F0], adj:0, ptsOut:0.3333, amlpts:29999, idx:9, timesize:1.0009, drain: 0
07:18:27.521 T:3711955872   DEBUG: CAMLCodec::Decode: ret: 0, sz: 0, dts_in: 18442240474082.1797[249F0], pts_in: 18442240474082.1797[249F0], adj:0, ptsOut:0.3333, amlpts:29999, idx:9, timesize:1.0009, drain: 0
07:18:27.532 T:3905938336   DEBUG: Previous line repeats 1 times.
07:18:27.532 T:3905938336   DEBUG: CPythonInvoker(4, /storage/.kodi/addons/plugin.video.kayo.sports/service.py): instantiating addon using automatically obtained id of "plugin.video.kayo.sports" dependent on version 2.1.0 of the xbmc.python api
07:18:27.535 T:4117546464   DEBUG: CAMLCodec::ReleaseFrame idx:7
07:18:27.542 T:3711955872   DEBUG: CAMLCodec::Decode: ret: 0, sz: 0, dts_in: 18442240474082.1797[249F0], pts_in: 18442240474082.1797[249F0], adj:0, ptsOut:0.3333, amlpts:29999, idx:9, timesize:1.0009, drain: 0
07:18:27.542 T:3711955872   DEBUG: CAMLCodec::Decode: ret: 4, sz: 0, dts_in: 18442240474082.1797[249F0], pts_in: 18442240474082.1797[249F0], adj:0, ptsOut:0.3667, amlpts:32999, idx:10, timesize:1.0009, drain: 0
07:18:27.552 T:3711955872   DEBUG: CAMLCodec::Decode: ret: 0, sz: 0, dts_in: 18442240474082.1797[249F0], pts_in: 18442240474082.1797[249F0], adj:0, ptsOut:0.3667, amlpts:32999, idx:10, timesize:1.0009, drain: 0
07:18:27.563 T:3711955872   DEBUG: CAMLCodec::Decode: ret: 2, sz: 0, dts_in: 18442240474082.1797[249F0], pts_in: 18442240474082.1797[249F0], adj:0, ptsOut:0.3667, amlpts:32999, idx:10, timesize:0.9676, drain: 0
07:18:27.568 T:4117546464   DEBUG: CAMLCodec::ReleaseFrame idx:8
07:18:27.573 T:3711955872   DEBUG: CAMLCodec::Decode: ret: 0, sz: 322, dts_in: 1.7000[255A8], pts_in: 1.7000[255A8], adj:0, ptsOut:0.3667, amlpts:32999, idx:10, timesize:1.0009, drain: 0
07:18:27.573 T:3711955872   DEBUG: CAMLCodec::Decode: ret: 4, sz: 0, dts_in: 18442240474082.1797[255A8], pts_in: 18442240474082.1797[255A8], adj:0, ptsOut:0.4000, amlpts:36000, idx:11, timesize:1.0009, drain: 0
07:18:27.583 T:3711955872   DEBUG: CAMLCodec::Decode: ret: 0, sz: 0, dts_in: 18442240474082.1797[255A8], pts_in: 18442240474082.1797[255A8], adj:0, ptsOut:0.4000, amlpts:36000, idx:11, timesize:1.0009, drain: 0
07:18:27.594 T:3711955872   DEBUG: CAMLCodec::Decode: ret: 2, sz: 0, dts_in: 18442240474082.1797[255A8], pts_in: 18442240474082.1797[255A8], adj:0, ptsOut:0.4000, amlpts:36000, idx:11, timesize:0.9676, drain: 0
07:18:27.602 T:4117546464   DEBUG: CAMLCodec::ReleaseFrame idx:9
07:18:27.604 T:3711955872   DEBUG: CAMLCodec::Decode: ret: 2, sz: 3509, dts_in: 1.7333[26160], pts_in: 1.8667[29040], adj:0, ptsOut:0.4000, amlpts:36000, idx:11, timesize:0.9342, drain: 0
07:18:27.604 T:3711955872   DEBUG: CAMLCodec::Decode: ret: 6, sz: 2521, dts_in: 1.7667[26D18], pts_in: 1.7667[26D18], adj:0, ptsOut:0.4333, amlpts:38999, idx:12, timesize:0.9676, drain: 0
07:18:27.615 T:3711955872   DEBUG: CAMLCodec::Decode: ret: 0, sz: 2272, dts_in: 1.8000[278D0], pts_in: 1.8000[278D0], adj:0, ptsOut:0.4333, amlpts:38999, idx:12, timesize:1.0009, drain: 0
07:18:27.625 T:3711955872   DEBUG: CAMLCodec::Decode: ret: 0, sz: 0, dts_in: 18442240474082.1797[278D0], pts_in: 18442240474082.1797[278D0], adj:0, ptsOut:0.4333, amlpts:38999, idx:12, timesize:1.0009, drain: 0
07:18:27.626 T:4085314464   DEBUG: Got rss feed: http://172.104.51.248/BadJin/RSS/LilacTV_news.xml
07:18:27.626 T:4085314464   DEBUG: RSS feed encoding: UTF-8
07:18:27.628 T:4085314464   DEBUG: Parsed rss feed: http://172.104.51.248/BadJin/RSS/LilacTV_news.xml
07:18:27.628 T:4085314464   DEBUG: Thread RSSReader 4085314464 terminating
07:18:27.633 T:4093731744   DEBUG: ActiveAE::SyncStream - average error of -496.719042, start adjusting
07:18:27.635 T:4093731744   DEBUG: ActiveAE::SyncStream - average error -0.719042 below threshold of 30.000000
07:18:27.635 T:4117546464   DEBUG: CAMLCodec::ReleaseFrame idx:10
07:18:27.636 T:3711955872   DEBUG: CAMLCodec::Decode: ret: 0, sz: 0, dts_in: 18442240474082.1797[278D0], pts_in: 18442240474082.1797[278D0], adj:0, ptsOut:0.4333, amlpts:38999, idx:12, timesize:1.0009, drain: 0
07:18:27.636 T:3711955872   DEBUG: CAMLCodec::Decode: ret: 4, sz: 0, dts_in: 18442240474082.1797[278D0], pts_in: 18442240474082.1797[278D0], adj:0, ptsOut:0.4667, amlpts:41999, idx:13, timesize:1.0009, drain: 0
07:18:27.646 T:3711955872   DEBUG: CAMLCodec::Decode: ret: 0, sz: 0, dts_in: 18442240474082.1797[278D0], pts_in: 18442240474082.1797[278D0], adj:0, ptsOut:0.4667, amlpts:41999, idx:13, timesize:1.0009, drain: 0
07:18:27.669 T:4117546464   DEBUG: Previous line repeats 2 times.
07:18:27.669 T:4117546464   DEBUG: CAMLCodec::ReleaseFrame idx:11
07:18:27.677 T:3711955872   DEBUG: CAMLCodec::Decode: ret: 0, sz: 0, dts_in: 18442240474082.1797[278D0], pts_in: 18442240474082.1797[278D0], adj:0, ptsOut:0.4667, amlpts:41999, idx:13, timesize:1.0009, drain: 0
07:18:27.677 T:3711955872   DEBUG: CAMLCodec::Decode: ret: 6, sz: 0, dts_in: 18442240474082.1797[278D0], pts_in: 18442240474082.1797[278D0], adj:0, ptsOut:0.5000, amlpts:45000, idx:14, timesize:0.9676, drain: 0
07:18:27.687 T:3711955872   DEBUG: CAMLCodec::Decode: ret: 0, sz: 348, dts_in: 1.8333[28488], pts_in: 1.8333[28488], adj:0, ptsOut:0.5000, amlpts:45000, idx:14, timesize:1.0009, drain: 0
07:18:27.698 T:3711955872   DEBUG: CAMLCodec::Decode: ret: 0, sz: 0, dts_in: 18442240474082.1797[28488], pts_in: 18442240474082.1797[28488], adj:0, ptsOut:0.5000, amlpts:45000, idx:14, timesize:1.0009, drain: 0
07:18:27.702 T:4117546464   DEBUG: CAMLCodec::ReleaseFrame idx:12
07:18:27.708 T:3711955872   DEBUG: CAMLCodec::Decode: ret: 0, sz: 0, dts_in: 18442240474082.1797[28488], pts_in: 18442240474082.1797[28488], adj:0, ptsOut:0.5000, amlpts:45000, idx:14, timesize:1.0009, drain: 0
07:18:27.708 T:3711955872   DEBUG: CAMLCodec::Decode: ret: 6, sz: 0, dts_in: 18442240474082.1797[28488], pts_in: 18442240474082.1797[28488], adj:0, ptsOut:0.5333, amlpts:47999, idx:15, timesize:0.9676, drain: 0
07:18:27.718 T:3711955872   DEBUG: CAMLCodec::Decode: ret: 2, sz: 4433, dts_in: 1.8667[29040], pts_in: 2.0000[2BF20], adj:0, ptsOut:0.5333, amlpts:47999, idx:15, timesize:0.9342, drain: 0
07:18:27.730 T:3711955872   DEBUG: CAMLCodec::Decode: ret: 2, sz: 339, dts_in: 1.9000[29BF8], pts_in: 1.9000[29BF8], adj:0, ptsOut:0.5333, amlpts:47999, idx:15, timesize:0.9676, drain: 0
07:18:27.735 T:4117546464   DEBUG: CAMLCodec::ReleaseFrame idx:13
07:18:27.740 T:3711955872   DEBUG: CAMLCodec::Decode: ret: 0, sz: 1168, dts_in: 1.9333[2A7B0], pts_in: 1.9333[2A7B0], adj:0, ptsOut:0.5333, amlpts:47999, idx:15, timesize:1.0009, drain: 0
07:18:27.741 T:3711955872   DEBUG: CAMLCodec::Decode: ret: 4, sz: 0, dts_in: 18442240474082.1797[2A7B0], pts_in: 18442240474082.1797[2A7B0], adj:0, ptsOut:0.5667, amlpts:50999, idx:16, timesize:1.0009, drain: 0
07:18:27.748 T:3889161120   DEBUG: ## LibreELEC Addon ## 8.2.0
07:18:27.751 T:3711955872   DEBUG: CAMLCodec::Decode: ret: 0, sz: 0, dts_in: 18442240474082.1797[2A7B0], pts_in: 18442240474082.1797[2A7B0], adj:0, ptsOut:0.5667, amlpts:50999, idx:16, timesize:1.0009, drain: 0
07:18:27.755 T:3830440864   DEBUG: -->Python Interpreter Initialized<--
07:18:27.755 T:3830440864   DEBUG: CPythonInvoker(11, /storage/.kodi/addons/script.updateShortCut/default.py): the source file to load is "/storage/.kodi/addons/script.updateShortCut/default.py"
07:18:27.761 T:3711955872   DEBUG: CAMLCodec::Decode: ret: 0, sz: 0, dts_in: 18442240474082.1797[2A7B0], pts_in: 18442240474082.1797[2A7B0], adj:0, ptsOut:0.5667, amlpts:50999, idx:16, timesize:1.0009, drain: 0
07:18:27.768 T:4117546464   DEBUG: CAMLCodec::ReleaseFrame idx:14
07:18:27.772 T:3711955872   DEBUG: CAMLCodec::Decode: ret: 0, sz: 0, dts_in: 18442240474082.1797[2A7B0], pts_in: 18442240474082.1797[2A7B0], adj:0, ptsOut:0.5667, amlpts:50999, idx:16, timesize:1.0009, drain: 0
07:18:27.772 T:3711955872   DEBUG: CAMLCodec::Decode: ret: 4, sz: 0, dts_in: 18442240474082.1797[2A7B0], pts_in: 18442240474082.1797[2A7B0], adj:0, ptsOut:0.6000, amlpts:54000, idx:17, timesize:1.0009, drain: 0
07:18:27.782 T:3711955872   DEBUG: CAMLCodec::Decode: ret: 0, sz: 0, dts_in: 18442240474082.1797[2A7B0], pts_in: 18442240474082.1797[2A7B0], adj:0, ptsOut:0.6000, amlpts:54000, idx:17, timesize:1.0009, drain: 0
07:18:27.802 T:4117546464   DEBUG: Previous line repeats 1 times.
07:18:27.802 T:4117546464   DEBUG: CAMLCodec::ReleaseFrame idx:15
07:18:27.803 T:3711955872   DEBUG: CAMLCodec::Decode: ret: 0, sz: 0, dts_in: 18442240474082.1797[2A7B0], pts_in: 18442240474082.1797[2A7B0], adj:0, ptsOut:0.6000, amlpts:54000, idx:17, timesize:1.0009, drain: 0
07:18:27.803 T:3711955872   DEBUG: CAMLCodec::Decode: ret: 4, sz: 0, dts_in: 18442240474082.1797[2A7B0], pts_in: 18442240474082.1797[2A7B0], adj:0, ptsOut:0.6333, amlpts:56999, idx:18, timesize:1.0009, drain: 0
07:18:27.813 T:3711955872   DEBUG: CAMLCodec::Decode: ret: 0, sz: 0, dts_in: 18442240474082.1797[2A7B0], pts_in: 18442240474082.1797[2A7B0], adj:0, ptsOut:0.6333, amlpts:56999, idx:18, timesize:1.0009, drain: 0
07:18:27.823 T:3711955872   DEBUG: CAMLCodec::Decode: ret: 2, sz: 0, dts_in: 18442240474082.1797[2A7B0], pts_in: 18442240474082.1797[2A7B0], adj:0, ptsOut:0.6333, amlpts:56999, idx:18, timesize:0.9676, drain: 0
07:18:27.834 T:3711955872   DEBUG: CAMLCodec::Decode: ret: 2, sz: 1220, dts_in: 1.9667[2B368], pts_in: 1.9667[2B368], adj:0, ptsOut:0.6333, amlpts:56999, idx:18, timesize:0.9676, drain: 0
07:18:27.834 T:3711955872   DEBUG: CAMLCodec::Decode: ret: 6, sz: 6404, dts_in: 2.0000[2BF20], pts_in: 2.0333[2CAD8], adj:0, ptsOut:0.6667, amlpts:59999, idx:19, timesize:0.6339, drain: 0
07:18:27.836 T:4117546464   DEBUG: CAMLCodec::ReleaseFrame idx:16
07:18:27.846 T:3711955872   DEBUG: CAMLCodec::Decode: ret: 2, sz: 4180, dts_in: 2.0333[2CAD8], pts_in: 2.1667[2F9B8], adj:0, ptsOut:0.6667, amlpts:59999, idx:19, timesize:0.6673, drain: 0
07:18:27.856 T:3711955872   DEBUG: CAMLCodec::Decode: ret: 2, sz: 1543, dts_in: 2.0667[2D690], pts_in: 2.0667[2D690], adj:0, ptsOut:0.6667, amlpts:59999, idx:19, timesize:0.7007, drain: 0
07:18:27.867 T:3711955872   DEBUG: CAMLCodec::Decode: ret: 2, sz: 1950, dts_in: 2.1000[2E248], pts_in: 2.1000[2E248], adj:0, ptsOut:0.6667, amlpts:59999, idx:19, timesize:0.7340, drain: 0
07:18:27.868 T:4117546464   DEBUG: CAMLCodec::ReleaseFrame idx:17
07:18:27.877 T:3711955872   DEBUG: CAMLCodec::Decode: ret: 2, sz: 1851, dts_in: 2.1333[2EE00], pts_in: 2.1333[2EE00], adj:0, ptsOut:0.6667, amlpts:59999, idx:19, timesize:0.7674, drain: 0
07:18:27.877 T:3711955872   DEBUG: CAMLCodec::Decode: ret: 6, sz: 6757, dts_in: 2.1667[2F9B8], pts_in: 2.3000[32898], adj:0, ptsOut:0.7000, amlpts:63000, idx:20, timesize:0.5672, drain: 0
07:18:27.888 T:3711955872   DEBUG: CAMLCodec::Decode: ret: 2, sz: 2914, dts_in: 2.2000[30570], pts_in: 2.2000[30570], adj:0, ptsOut:0.7000, amlpts:63000, idx:20, timesize:0.6006, drain: 0
07:18:27.898 T:3711955872   DEBUG: CAMLCodec::Decode: ret: 2, sz: 2687, dts_in: 2.2333[31128], pts_in: 2.2333[31128], adj:0, ptsOut:0.7000, amlpts:63000, idx:20, timesize:0.6339, drain: 0
07:18:27.902 T:4117546464   DEBUG: CAMLCodec::ReleaseFrame idx:18
07:18:27.908 T:3711955872   DEBUG: CAMLCodec::Decode: ret: 2, sz: 2645, dts_in: 2.2667[31CE0], pts_in: 2.2667[31CE0], adj:0, ptsOut:0.7000, amlpts:63000, idx:20, timesize:0.6673, drain: 0
07:18:27.909 T:3711955872   DEBUG: CAMLCodec::Decode: ret: 6, sz: 12012, dts_in: 2.3000[32898], pts_in: 2.4333[35778], adj:0, ptsOut:0.7333, amlpts:65999, idx:21, timesize:0.5672, drain: 0
07:18:27.919 T:3711955872   DEBUG: CAMLCodec::Decode: ret: 2, sz: 3260, dts_in: 2.3333[33450], pts_in: 2.3333[33450], adj:0, ptsOut:0.7333, amlpts:65999, idx:21, timesize:0.6006, drain: 0
07:18:27.929 T:3711955872   DEBUG: CAMLCodec::Decode: ret: 2, sz: 5316, dts_in: 2.3667[34008], pts_in: 2.3667[34008], adj:0, ptsOut:0.7333, amlpts:65999, idx:21, timesize:0.6339, drain: 0
07:18:27.933 T:3830440864   DEBUG: CPythonInvoker(11, /storage/.kodi/addons/script.updateShortCut/default.py): setting the Python path to /storage/.kodi/addons/script.updateShortCut:/usr/lib/python27.zip:/usr/lib/python2.7:/usr/lib/python2.7/plat-linux2:/usr/lib/python2.7/lib-tk:/usr/lib/python2.7/lib-old:/usr/lib/python2.7/lib-dynload:/usr/lib/python2.7/site-packages:/usr/lib/python2.7/site-packages/gtk-2.0
07:18:27.933 T:3830440864   DEBUG: CPythonInvoker(11, /storage/.kodi/addons/script.updateShortCut/default.py): entering source directory /storage/.kodi/addons/script.updateShortCut
07:18:27.933 T:3830440864   DEBUG: CPythonInvoker(11, /storage/.kodi/addons/script.updateShortCut/default.py): instantiating addon using automatically obtained id of "script.updateShortCut" dependent on version 2.19.0 of the xbmc.python api
07:18:27.935 T:4117546464   DEBUG: CAMLCodec::ReleaseFrame idx:19
07:18:27.940 T:3711955872   DEBUG: CAMLCodec::Decode: ret: 2, sz: 6167, dts_in: 2.4000[34BC0], pts_in: 2.4000[34BC0], adj:0, ptsOut:0.7333, amlpts:65999, idx:21, timesize:0.6673, drain: 0
07:18:27.940 T:3711955872   DEBUG: CAMLCodec::Decode: ret: 6, sz: 13165, dts_in: 2.4333[35778], pts_in: 2.5667[38658], adj:0, ptsOut:0.7667, amlpts:68999, idx:22, timesize:0.6673, drain: 0
07:18:27.950 T:3711955872   DEBUG: CAMLCodec::Decode: ret: 2, sz: 5649, dts_in: 2.4667[36330], pts_in: 2.4667[36330], adj:0, ptsOut:0.7667, amlpts:68999, idx:22, timesize:0.7007, drain: 0
07:18:27.961 T:3711955872   DEBUG: CAMLCodec::Decode: ret: 2, sz: 5764, dts_in: 2.5000[36EE8], pts_in: 2.5000[36EE8], adj:0, ptsOut:0.7667, amlpts:68999, idx:22, timesize:0.7340, drain: 0
07:18:27.969 T:4117546464   DEBUG: CAMLCodec::ReleaseFrame idx:20
07:18:27.971 T:3711955872   DEBUG: CAMLCodec::Decode: ret: 2, sz: 6253, dts_in: 2.5333[37AA0], pts_in: 2.5333[37AA0], adj:0, ptsOut:0.7667, amlpts:68999, idx:22, timesize:0.7674, drain: 0
07:18:27.971 T:3711955872   DEBUG: CAMLCodec::Decode: ret: 6, sz: 14330, dts_in: 2.5667[38658], pts_in: 2.7000[3B538], adj:0, ptsOut:0.8000, amlpts:72000, idx:23, timesize:0.8008, drain: 0
07:18:27.982 T:3711955872   DEBUG: CAMLCodec::Decode: ret: 2, sz: 7144, dts_in: 2.6000[39210], pts_in: 2.6000[39210], adj:0, ptsOut:0.8000, amlpts:72000, idx:23, timesize:0.8341, drain: 0
07:18:27.992 T:3711955872   DEBUG: CAMLCodec::Decode: ret: 2, sz: 7894, dts_in: 2.6333[39DC8], pts_in: 2.6333[39DC8], adj:0, ptsOut:0.8000, amlpts:72000, idx:23, timesize:0.8675, drain: 0
07:18:28.002 T:4117546464   DEBUG: CAMLCodec::ReleaseFrame idx:21
07:18:28.002 T:3711955872   DEBUG: CAMLCodec::Decode: ret: 2, sz: 7656, dts_in: 2.6667[3A980], pts_in: 2.6667[3A980], adj:0, ptsOut:0.8000, amlpts:72000, idx:23, timesize:0.9008, drain: 0
07:18:28.003 T:3711955872   DEBUG: CAMLCodec::Decode: ret: 6, sz: 15200, dts_in: 2.7000[3B538], pts_in: 2.8333[3E418], adj:0, ptsOut:0.8333, amlpts:74999, idx:24, timesize:0.9008, drain: 0
07:18:28.013 T:3711955872   DEBUG: CAMLCodec::Decode: ret: 2, sz: 8405, dts_in: 2.7333[3C0F0], pts_in: 2.7333[3C0F0], adj:0, ptsOut:0.8333, amlpts:74999, idx:24, timesize:0.9342, drain: 0
07:18:28.024 T:3711955872   DEBUG: CAMLCodec::Decode: ret: 2, sz: 9355, dts_in: 2.7667[3CCA8], pts_in: 2.7667[3CCA8], adj:0, ptsOut:0.8333, amlpts:74999, idx:24, timesize:0.9676, drain: 0
07:18:28.034 T:3711955872   DEBUG: CAMLCodec::Decode: ret: 0, sz: 8508, dts_in: 2.8000[3D860], pts_in: 2.8000[3D860], adj:0, ptsOut:0.8333, amlpts:74999, idx:24, timesize:1.0009, drain: 0
07:18:28.034 T:3711955872   DEBUG: CAMLCodec::Decode: ret: 4, sz: 0, dts_in: 18442240474082.1797[3D860], pts_in: 18442240474082.1797[3D860], adj:0, ptsOut:0.8667, amlpts:77999, idx:25, timesize:1.0009, drain: 0
07:18:28.036 T:4117546464   DEBUG: CAMLCodec::ReleaseFrame idx:22
07:18:28.046 T:3711955872   DEBUG: CAMLCodec::Decode: ret: 0, sz: 0, dts_in: 18442240474082.1797[3D860], pts_in: 18442240474082.1797[3D860], adj:0, ptsOut:0.8667, amlpts:77999, idx:25, timesize:1.0009, drain: 0
07:18:28.069 T:4117546464   DEBUG: Previous line repeats 2 times.
07:18:28.069 T:4117546464   DEBUG: CAMLCodec::ReleaseFrame idx:23
07:18:28.077 T:3711955872   DEBUG: CAMLCodec::Decode: ret: 0, sz: 0, dts_in: 18442240474082.1797[3D860], pts_in: 18442240474082.1797[3D860], adj:0, ptsOut:0.8667, amlpts:77999, idx:25, timesize:1.0009, drain: 0
07:18:28.077 T:3711955872   DEBUG: CAMLCodec::Decode: ret: 4, sz: 0, dts_in: 18442240474082.1797[3D860], pts_in: 18442240474082.1797[3D860], adj:0, ptsOut:0.9000, amlpts:81000, idx:26, timesize:1.0009, drain: 0
07:18:28.087 T:3711955872   DEBUG: CAMLCodec::Decode: ret: 0, sz: 0, dts_in: 18442240474082.1797[3D860], pts_in: 18442240474082.1797[3D860], adj:0, ptsOut:0.9000, amlpts:81000, idx:26, timesize:1.0009, drain: 0
07:18:28.102 T:4117546464   DEBUG: Previous line repeats 1 times.
07:18:28.102 T:4117546464   DEBUG: CAMLCodec::ReleaseFrame idx:24
07:18:28.108 T:3711955872   DEBUG: CAMLCodec::Decode: ret: 0, sz: 0, dts_in: 18442240474082.1797[3D860], pts_in: 18442240474082.1797[3D860], adj:0, ptsOut:0.9000, amlpts:81000, idx:26, timesize:1.0009, drain: 0
07:18:28.108 T:3711955872   DEBUG: CAMLCodec::Decode: ret: 4, sz: 0, dts_in: 18442240474082.1797[3D860], pts_in: 18442240474082.1797[3D860], adj:0, ptsOut:0.9333, amlpts:83999, idx:27, timesize:1.0009, drain: 0
07:18:28.118 T:3711955872   DEBUG: CAMLCodec::Decode: ret: 0, sz: 0, dts_in: 18442240474082.1797[3D860], pts_in: 18442240474082.1797[3D860], adj:0, ptsOut:0.9333, amlpts:83999, idx:27, timesize:1.0009, drain: 0
07:18:28.135 T:4117546464   DEBUG: Previous line repeats 1 times.
07:18:28.135 T:4117546464   DEBUG: CAMLCodec::ReleaseFrame idx:25
07:18:28.139 T:3711955872   DEBUG: CAMLCodec::Decode: ret: 0, sz: 0, dts_in: 18442240474082.1797[3D860], pts_in: 18442240474082.1797[3D860], adj:0, ptsOut:0.9333, amlpts:83999, idx:27, timesize:1.0009, drain: 0
07:18:28.139 T:3711955872   DEBUG: CAMLCodec::Decode: ret: 4, sz: 0, dts_in: 18442240474082.1797[3D860], pts_in: 18442240474082.1797[3D860], adj:0, ptsOut:0.9667, amlpts:86999, idx:28, timesize:1.0009, drain: 0
07:18:28.149 T:3711955872   DEBUG: CAMLCodec::Decode: ret: 0, sz: 0, dts_in: 18442240474082.1797[3D860], pts_in: 18442240474082.1797[3D860], adj:0, ptsOut:0.9667, amlpts:86999, idx:28, timesize:1.0009, drain: 0
07:18:28.168 T:4117546464   DEBUG: Previous line repeats 1 times.
07:18:28.168 T:4117546464   DEBUG: CAMLCodec::ReleaseFrame idx:26
07:18:28.169 T:3711955872   DEBUG: CAMLCodec::Decode: ret: 0, sz: 0, dts_in: 18442240474082.1797[3D860], pts_in: 18442240474082.1797[3D860], adj:0, ptsOut:0.9667, amlpts:86999, idx:28, timesize:1.0009, drain: 0
07:18:28.170 T:3711955872   DEBUG: CAMLCodec::Decode: ret: 4, sz: 0, dts_in: 18442240474082.1797[3D860], pts_in: 18442240474082.1797[3D860], adj:0, ptsOut:1.0000, amlpts:90000, idx:29, timesize:1.0009, drain: 0
07:18:28.186 T:3711955872   DEBUG: CAMLCodec::Decode: ret: 0, sz: 0, dts_in: 18442240474082.1797[3D860], pts_in: 18442240474082.1797[3D860], adj:0, ptsOut:1.0000, amlpts:90000, idx:29, timesize:1.0009, drain: 0
07:18:28.190 T:4117546464   DEBUG: CAMLCodec::ReleaseFrame idx:27
07:18:28.196 T:3711955872   DEBUG: CAMLCodec::Decode: ret: 0, sz: 0, dts_in: 18442240474082.1797[3D860], pts_in: 18442240474082.1797[3D860], adj:0, ptsOut:1.0000, amlpts:90000, idx:29, timesize:1.0009, drain: 0
07:18:28.207 T:3711955872   DEBUG: Previous line repeats 1 times.
07:18:28.207 T:3711955872   DEBUG: CAMLCodec::Decode: ret: 4, sz: 0, dts_in: 18442240474082.1797[3D860], pts_in: 18442240474082.1797[3D860], adj:0, ptsOut:1.0333, amlpts:92999, idx:30, timesize:1.0009, drain: 0
07:18:28.217 T:3711955872   DEBUG: CAMLCodec::Decode: ret: 0, sz: 0, dts_in: 18442240474082.1797[3D860], pts_in: 18442240474082.1797[3D860], adj:0, ptsOut:1.0333, amlpts:92999, idx:30, timesize:1.0009, drain: 0
07:18:28.218 T:3711955872   DEBUG: CAMLCodec::Decode: ret: 4, sz: 0, dts_in: 18442240474082.1797[3D860], pts_in: 18442240474082.1797[3D860], adj:0, ptsOut:1.0667, amlpts:95999, idx:31, timesize:1.0009, drain: 0
07:18:28.238 T:4117546464   DEBUG: CAMLCodec::ReleaseFrame idx:28
07:18:28.248 T:3711955872   DEBUG: CAMLCodec::Decode: ret: 0, sz: 0, dts_in: 18442240474082.1797[3D860], pts_in: 18442240474082.1797[3D860], adj:0, ptsOut:1.0667, amlpts:95999, idx:31, timesize:1.0009, drain: 0
07:18:28.268 T:4117546464   DEBUG: Previous line repeats 1 times.
07:18:28.268 T:4117546464   DEBUG: CAMLCodec::ReleaseFrame idx:29
07:18:28.269 T:3711955872   DEBUG: CAMLCodec::Decode: ret: 0, sz: 0, dts_in: 18442240474082.1797[3D860], pts_in: 18442240474082.1797[3D860], adj:0, ptsOut:1.0667, amlpts:95999, idx:31, timesize:1.0009, drain: 0
07:18:28.269 T:3711955872   DEBUG: CAMLCodec::Decode: ret: 4, sz: 0, dts_in: 18442240474082.1797[3D860], pts_in: 18442240474082.1797[3D860], adj:0, ptsOut:1.1000, amlpts:99000, idx:32, timesize:1.0009, drain: 0
07:18:28.279 T:3711955872   DEBUG: CAMLCodec::Decode: ret: 0, sz: 0, dts_in: 18442240474082.1797[3D860], pts_in: 18442240474082.1797[3D860], adj:0, ptsOut:1.1000, amlpts:99000, idx:32, timesize:1.0009, drain: 0
07:18:28.302 T:4117546464   DEBUG: Previous line repeats 2 times.
07:18:28.302 T:4117546464   DEBUG: CAMLCodec::ReleaseFrame idx:30
07:18:28.310 T:3711955872   DEBUG: CAMLCodec::Decode: ret: 0, sz: 0, dts_in: 18442240474082.1797[3D860], pts_in: 18442240474082.1797[3D860], adj:0, ptsOut:1.1000, amlpts:99000, idx:32, timesize:1.0009, drain: 0
07:18:28.310 T:3711955872   DEBUG: CAMLCodec::Decode: ret: 4, sz: 0, dts_in: 18442240474082.1797[3D860], pts_in: 18442240474082.1797[3D860], adj:0, ptsOut:1.1333, amlpts:101999, idx:33, timesize:1.0009, drain: 0
07:18:28.320 T:3711955872   DEBUG: CAMLCodec::Decode: ret: 0, sz: 0, dts_in: 18442240474082.1797[3D860], pts_in: 18442240474082.1797[3D860], adj:0, ptsOut:1.1333, amlpts:101999, idx:33, timesize:1.0009, drain: 0
07:18:28.335 T:4117546464   DEBUG: Previous line repeats 1 times.
07:18:28.335 T:4117546464   DEBUG: CAMLCodec::ReleaseFrame idx:31
07:18:28.341 T:3711955872   DEBUG: CAMLCodec::Decode: ret: 0, sz: 0, dts_in: 18442240474082.1797[3D860], pts_in: 18442240474082.1797[3D860], adj:0, ptsOut:1.1333, amlpts:101999, idx:33, timesize:1.0009, drain: 0
07:18:28.341 T:3711955872   DEBUG: CAMLCodec::Decode: ret: 4, sz: 0, dts_in: 18442240474082.1797[3D860], pts_in: 18442240474082.1797[3D860], adj:0, ptsOut:1.1667, amlpts:104999, idx:34, timesize:1.0009, drain: 0
07:18:28.351 T:3711955872   DEBUG: CAMLCodec::Decode: ret: 0, sz: 0, dts_in: 18442240474082.1797[3D860], pts_in: 18442240474082.1797[3D860], adj:0, ptsOut:1.1667, amlpts:104999, idx:34, timesize:1.0009, drain: 0
07:18:28.368 T:4117546464   DEBUG: Previous line repeats 1 times.
07:18:28.368 T:4117546464   DEBUG: CAMLCodec::ReleaseFrame idx:32
07:18:28.372 T:3711955872   DEBUG: CAMLCodec::Decode: ret: 0, sz: 0, dts_in: 18442240474082.1797[3D860], pts_in: 18442240474082.1797[3D860], adj:0, ptsOut:1.1667, amlpts:104999, idx:34, timesize:1.0009, drain: 0
07:18:28.372 T:3711955872   DEBUG: CAMLCodec::Decode: ret: 4, sz: 0, dts_in: 18442240474082.1797[3D860], pts_in: 18442240474082.1797[3D860], adj:0, ptsOut:1.2000, amlpts:108000, idx:35, timesize:1.0009, drain: 0
07:18:28.382 T:3711955872   DEBUG: CAMLCodec::Decode: ret: 0, sz: 0, dts_in: 18442240474082.1797[3D860], pts_in: 18442240474082.1797[3D860], adj:0, ptsOut:1.2000, amlpts:108000, idx:35, timesize:1.0009, drain: 0
07:18:28.402 T:4117546464   DEBUG: Previous line repeats 1 times.
07:18:28.402 T:4117546464   DEBUG: CAMLCodec::ReleaseFrame idx:33
07:18:28.403 T:3711955872   DEBUG: CAMLCodec::Decode: ret: 0, sz: 0, dts_in: 18442240474082.1797[3D860], pts_in: 18442240474082.1797[3D860], adj:0, ptsOut:1.2000, amlpts:108000, idx:35, timesize:1.0009, drain: 0
07:18:28.403 T:3711955872   DEBUG: CAMLCodec::Decode: ret: 4, sz: 0, dts_in: 18442240474082.1797[3D860], pts_in: 18442240474082.1797[3D860], adj:0, ptsOut:1.2333, amlpts:110999, idx:36, timesize:1.0009, drain: 0
07:18:28.414 T:3711955872   DEBUG: CAMLCodec::Decode: ret: 0, sz: 0, dts_in: 18442240474082.1797[3D860], pts_in: 18442240474082.1797[3D860], adj:0, ptsOut:1.2333, amlpts:110999, idx:36, timesize:1.0009, drain: 0
07:18:28.434 T:3711955872   DEBUG: Previous line repeats 2 times.
07:18:28.434 T:3711955872   DEBUG: CAMLCodec::Decode: ret: 4, sz: 0, dts_in: 18442240474082.1797[3D860], pts_in: 18442240474082.1797[3D860], adj:0, ptsOut:1.2667, amlpts:113999, idx:37, timesize:1.0009, drain: 0
07:18:28.437 T:4117546464   DEBUG: CAMLCodec::ReleaseFrame idx:34
07:18:28.446 T:3711955872   DEBUG: CAMLCodec::Decode: ret: 0, sz: 0, dts_in: 18442240474082.1797[3D860], pts_in: 18442240474082.1797[3D860], adj:0, ptsOut:1.2667, amlpts:113999, idx:37, timesize:1.0009, drain: 0
07:18:28.469 T:4117546464   DEBUG: Previous line repeats 2 times.
07:18:28.469 T:4117546464   DEBUG: CAMLCodec::ReleaseFrame idx:35
07:18:28.477 T:3711955872   DEBUG: CAMLCodec::Decode: ret: 0, sz: 0, dts_in: 18442240474082.1797[3D860], pts_in: 18442240474082.1797[3D860], adj:0, ptsOut:1.2667, amlpts:113999, idx:37, timesize:1.0009, drain: 0
07:18:28.477 T:3711955872   DEBUG: CAMLCodec::Decode: ret: 4, sz: 0, dts_in: 18442240474082.1797[3D860], pts_in: 18442240474082.1797[3D860], adj:0, ptsOut:1.3000, amlpts:117000, idx:38, timesize:1.0009, drain: 0
07:18:28.487 T:3711955872   DEBUG: CAMLCodec::Decode: ret: 0, sz: 0, dts_in: 18442240474082.1797[3D860], pts_in: 18442240474082.1797[3D860], adj:0, ptsOut:1.3000, amlpts:117000, idx:38, timesize:1.0009, drain: 0
07:18:28.502 T:4117546464   DEBUG: Previous line repeats 1 times.
07:18:28.502 T:4117546464   DEBUG: CAMLCodec::ReleaseFrame idx:36
07:18:28.508 T:3711955872   DEBUG: CAMLCodec::Decode: ret: 0, sz: 0, dts_in: 18442240474082.1797[3D860], pts_in: 18442240474082.1797[3D860], adj:0, ptsOut:1.3000, amlpts:117000, idx:38, timesize:1.0009, drain: 0
07:18:28.508 T:3711955872   DEBUG: CAMLCodec::Decode: ret: 4, sz: 0, dts_in: 18442240474082.1797[3D860], pts_in: 18442240474082.1797[3D860], adj:0, ptsOut:1.3333, amlpts:119999, idx:39, timesize:1.0009, drain: 0
