07:18:33.447 T:3711955872   DEBUG: CAMLCodec::Decode: ret: 2, sz: 13094, dts_in: 7.4333[A3548], pts_in: 7.4333[A3548], adj:0, ptsOut:6.2000, amlpts:558000, idx:185, timesize:0.9676, drain: 0
07:18:33.451 T:4117546464   DEBUG: CAMLCodec::ReleaseFrame idx:183
07:18:33.458 T:3711955872   DEBUG: CAMLCodec::Decode: ret: 2, sz: 14762, dts_in: 7.4667[A4100], pts_in: 7.4667[A4100], adj:0, ptsOut:6.2000, amlpts:558000, idx:185, timesize:0.9342, drain: 0
07:18:33.458 T:3711955872   DEBUG: CAMLCodec::Decode: ret: 6, sz: 12340, dts_in: 7.5000[A4CB8], pts_in: 7.5000[A4CB8], adj:0, ptsOut:6.2333, amlpts:560999, idx:186, timesize:0.9342, drain: 0
07:18:33.468 T:3711955872   DEBUG: CAMLCodec::Decode: ret: 2, sz: 24785, dts_in: 7.5333[A5870], pts_in: 7.6667[A8750], adj:0, ptsOut:6.2333, amlpts:560999, idx:186, timesize:0.9676, drain: 0
07:18:33.479 T:3711955872   DEBUG: CAMLCodec::Decode: ret: 0, sz: 12081, dts_in: 7.5667[A6428], pts_in: 7.5667[A6428], adj:0, ptsOut:6.2333, amlpts:560999, idx:186, timesize:1.0009, drain: 0
07:18:33.484 T:4117546464   DEBUG: CAMLCodec::ReleaseFrame idx:184
07:18:33.489 T:3711955872   DEBUG: CAMLCodec::Decode: ret: 0, sz: 0, dts_in: 18442240474082.1797[A6428], pts_in: 18442240474082.1797[A6428], adj:0, ptsOut:6.2333, amlpts:560999, idx:186, timesize:1.0009, drain: 0
07:18:33.489 T:3711955872   DEBUG: CAMLCodec::Decode: ret: 4, sz: 0, dts_in: 18442240474082.1797[A6428], pts_in: 18442240474082.1797[A6428], adj:0, ptsOut:6.2667, amlpts:563999, idx:187, timesize:1.0009, drain: 0
07:18:33.499 T:3711955872   DEBUG: CAMLCodec::Decode: ret: 0, sz: 0, dts_in: 18442240474082.1797[A6428], pts_in: 18442240474082.1797[A6428], adj:0, ptsOut:6.2667, amlpts:563999, idx:187, timesize:1.0009, drain: 0
07:18:33.510 T:3711955872   DEBUG: CAMLCodec::Decode: ret: 2, sz: 0, dts_in: 18442240474082.1797[A6428], pts_in: 18442240474082.1797[A6428], adj:0, ptsOut:6.2667, amlpts:563999, idx:187, timesize:0.9676, drain: 0
07:18:33.518 T:4117546464   DEBUG: CAMLCodec::ReleaseFrame idx:185
07:18:33.520 T:3711955872   DEBUG: CAMLCodec::Decode: ret: 0, sz: 12255, dts_in: 7.6000[A6FE0], pts_in: 7.6000[A6FE0], adj:0, ptsOut:6.2667, amlpts:563999, idx:187, timesize:1.0009, drain: 0
07:18:33.520 T:3711955872   DEBUG: CAMLCodec::Decode: ret: 4, sz: 0, dts_in: 18442240474082.1797[A6FE0], pts_in: 18442240474082.1797[A6FE0], adj:0, ptsOut:6.3000, amlpts:567000, idx:188, timesize:1.0009, drain: 0
07:18:33.530 T:3711955872   DEBUG: CAMLCodec::Decode: ret: 0, sz: 0, dts_in: 18442240474082.1797[A6FE0], pts_in: 18442240474082.1797[A6FE0], adj:0, ptsOut:6.3000, amlpts:567000, idx:188, timesize:1.0009, drain: 0
07:18:33.541 T:3711955872   DEBUG: CAMLCodec::Decode: ret: 2, sz: 0, dts_in: 18442240474082.1797[A6FE0], pts_in: 18442240474082.1797[A6FE0], adj:0, ptsOut:6.3000, amlpts:567000, idx:188, timesize:0.9676, drain: 0
07:18:33.551 T:4117546464   DEBUG: CAMLCodec::ReleaseFrame idx:186
07:18:33.552 T:3711955872   DEBUG: CAMLCodec::Decode: ret: 0, sz: 13325, dts_in: 7.6333[A7B98], pts_in: 7.6333[A7B98], adj:0, ptsOut:6.3000, amlpts:567000, idx:188, timesize:1.0009, drain: 0
07:18:33.552 T:3711955872   DEBUG: CAMLCodec::Decode: ret: 4, sz: 0, dts_in: 18442240474082.1797[A7B98], pts_in: 18442240474082.1797[A7B98], adj:0, ptsOut:6.3333, amlpts:569999, idx:189, timesize:1.0009, drain: 0
07:18:33.562 T:3711955872   DEBUG: CAMLCodec::Decode: ret: 0, sz: 0, dts_in: 18442240474082.1797[A7B98], pts_in: 18442240474082.1797[A7B98], adj:0, ptsOut:6.3333, amlpts:569999, idx:189, timesize:1.0009, drain: 0
07:18:33.572 T:3711955872   DEBUG: CAMLCodec::Decode: ret: 2, sz: 0, dts_in: 18442240474082.1797[A7B98], pts_in: 18442240474082.1797[A7B98], adj:0, ptsOut:6.3333, amlpts:569999, idx:189, timesize:0.9676, drain: 0
07:18:33.583 T:3711955872   DEBUG: CAMLCodec::Decode: ret: 0, sz: 23722, dts_in: 7.6667[A8750], pts_in: 7.8000[AB630], adj:0, ptsOut:6.3333, amlpts:569999, idx:189, timesize:1.0009, drain: 0
07:18:33.585 T:4117546464   DEBUG: CAMLCodec::ReleaseFrame idx:187
07:18:33.593 T:3711955872   DEBUG: CAMLCodec::Decode: ret: 0, sz: 0, dts_in: 18442240474082.1797[A8750], pts_in: 18442240474082.1797[AB630], adj:0, ptsOut:6.3333, amlpts:569999, idx:189, timesize:1.0009, drain: 0
07:18:33.593 T:3711955872   DEBUG: CAMLCodec::Decode: ret: 4, sz: 0, dts_in: 18442240474082.1797[A8750], pts_in: 18442240474082.1797[AB630], adj:0, ptsOut:6.3667, amlpts:572999, idx:190, timesize:1.0009, drain: 0
07:18:33.603 T:3711955872   DEBUG: CAMLCodec::Decode: ret: 0, sz: 0, dts_in: 18442240474082.1797[A8750], pts_in: 18442240474082.1797[AB630], adj:0, ptsOut:6.3667, amlpts:572999, idx:190, timesize:1.0009, drain: 0
07:18:33.614 T:3711955872   DEBUG: CAMLCodec::Decode: ret: 2, sz: 0, dts_in: 18442240474082.1797[A8750], pts_in: 18442240474082.1797[AB630], adj:0, ptsOut:6.3667, amlpts:572999, idx:190, timesize:0.9676, drain: 0
07:18:33.618 T:4117546464   DEBUG: CAMLCodec::ReleaseFrame idx:188
07:18:33.624 T:3711955872   DEBUG: CAMLCodec::Decode: ret: 0, sz: 11608, dts_in: 7.7000[A9308], pts_in: 7.7000[A9308], adj:0, ptsOut:6.3667, amlpts:572999, idx:190, timesize:1.0009, drain: 0
07:18:33.624 T:3711955872   DEBUG: CAMLCodec::Decode: ret: 4, sz: 0, dts_in: 18442240474082.1797[A9308], pts_in: 18442240474082.1797[A9308], adj:0, ptsOut:6.4000, amlpts:576000, idx:191, timesize:1.0009, drain: 0
07:18:33.630 T:3914326944    INFO: CPythonInvoker(3, /storage/.kodi/addons/script.module.simple.downloader/default.py): script successfully run
07:18:33.634 T:3711955872   DEBUG: CAMLCodec::Decode: ret: 0, sz: 0, dts_in: 18442240474082.1797[A9308], pts_in: 18442240474082.1797[A9308], adj:0, ptsOut:6.4000, amlpts:576000, idx:191, timesize:1.0009, drain: 0
07:18:33.645 T:3711955872   DEBUG: CAMLCodec::Decode: ret: 2, sz: 0, dts_in: 18442240474082.1797[A9308], pts_in: 18442240474082.1797[A9308], adj:0, ptsOut:6.4000, amlpts:576000, idx:191, timesize:0.9676, drain: 0
07:18:33.651 T:4117546464   DEBUG: CAMLCodec::ReleaseFrame idx:189
07:18:33.655 T:3711955872   DEBUG: CAMLCodec::Decode: ret: 0, sz: 12046, dts_in: 7.7333[A9EC0], pts_in: 7.7333[A9EC0], adj:0, ptsOut:6.4000, amlpts:576000, idx:191, timesize:1.0009, drain: 0
07:18:33.655 T:3711955872   DEBUG: CAMLCodec::Decode: ret: 4, sz: 0, dts_in: 18442240474082.1797[A9EC0], pts_in: 18442240474082.1797[A9EC0], adj:0, ptsOut:6.4333, amlpts:578999, idx:192, timesize:1.0009, drain: 0
07:18:33.665 T:3711955872   DEBUG: CAMLCodec::Decode: ret: 0, sz: 0, dts_in: 18442240474082.1797[A9EC0], pts_in: 18442240474082.1797[A9EC0], adj:0, ptsOut:6.4333, amlpts:578999, idx:192, timesize:1.0009, drain: 0
07:18:33.676 T:3711955872   DEBUG: CAMLCodec::Decode: ret: 2, sz: 0, dts_in: 18442240474082.1797[A9EC0], pts_in: 18442240474082.1797[A9EC0], adj:0, ptsOut:6.4333, amlpts:578999, idx:192, timesize:0.9676, drain: 0
07:18:33.684 T:4117546464   DEBUG: CAMLCodec::ReleaseFrame idx:190
07:18:33.686 T:3711955872   DEBUG: CAMLCodec::Decode: ret: 0, sz: 13832, dts_in: 7.7667[AAA78], pts_in: 7.7667[AAA78], adj:0, ptsOut:6.4333, amlpts:578999, idx:192, timesize:1.0009, drain: 0
07:18:33.686 T:3711955872   DEBUG: CAMLCodec::Decode: ret: 4, sz: 0, dts_in: 18442240474082.1797[AAA78], pts_in: 18442240474082.1797[AAA78], adj:0, ptsOut:6.4667, amlpts:581999, idx:193, timesize:1.0009, drain: 0
07:18:33.697 T:3711955872   DEBUG: CAMLCodec::Decode: ret: 0, sz: 0, dts_in: 18442240474082.1797[AAA78], pts_in: 18442240474082.1797[AAA78], adj:0, ptsOut:6.4667, amlpts:581999, idx:193, timesize:1.0009, drain: 0
07:18:33.717 T:3711955872   DEBUG: Previous line repeats 1 times.
07:18:33.717 T:3711955872   DEBUG: CAMLCodec::Decode: ret: 2, sz: 0, dts_in: 18442240474082.1797[AAA78], pts_in: 18442240474082.1797[AAA78], adj:0, ptsOut:6.4667, amlpts:581999, idx:193, timesize:0.9676, drain: 0
07:18:33.717 T:3711955872   DEBUG: CAMLCodec::Decode: ret: 4, sz: 22774, dts_in: 7.8000[AB630], pts_in: 7.9333[AE510], adj:0, ptsOut:6.5000, amlpts:585000, idx:194, timesize:1.0009, drain: 0
07:18:33.718 T:4117546464   DEBUG: CAMLCodec::ReleaseFrame idx:191
07:18:33.728 T:3711955872   DEBUG: CAMLCodec::Decode: ret: 0, sz: 0, dts_in: 18442240474082.1797[AB630], pts_in: 18442240474082.1797[AE510], adj:0, ptsOut:6.5000, amlpts:585000, idx:194, timesize:1.0009, drain: 0
07:18:33.749 T:3711955872   DEBUG: Previous line repeats 1 times.
07:18:33.749 T:3711955872   DEBUG: CAMLCodec::Decode: ret: 2, sz: 0, dts_in: 18442240474082.1797[AB630], pts_in: 18442240474082.1797[AE510], adj:0, ptsOut:6.5000, amlpts:585000, idx:194, timesize:0.9676, drain: 0
07:18:33.751 T:4117546464   DEBUG: CAMLCodec::ReleaseFrame idx:192
07:18:33.759 T:3711955872   DEBUG: CAMLCodec::Decode: ret: 2, sz: 12279, dts_in: 7.8333[AC1E8], pts_in: 7.8333[AC1E8], adj:0, ptsOut:6.5000, amlpts:585000, idx:194, timesize:0.9676, drain: 0
07:18:33.759 T:3711955872   DEBUG: CAMLCodec::Decode: ret: 4, sz: 13213, dts_in: 7.8667[ACDA0], pts_in: 7.8667[ACDA0], adj:0, ptsOut:6.5333, amlpts:587999, idx:195, timesize:1.0009, drain: 0
07:18:33.769 T:3711955872   DEBUG: CAMLCodec::Decode: ret: 0, sz: 0, dts_in: 18442240474082.1797[ACDA0], pts_in: 18442240474082.1797[ACDA0], adj:0, ptsOut:6.5333, amlpts:587999, idx:195, timesize:1.0009, drain: 0
07:18:33.784 T:4117546464   DEBUG: Previous line repeats 1 times.
07:18:33.785 T:4117546464   DEBUG: CAMLCodec::ReleaseFrame idx:193
07:18:33.790 T:3711955872   DEBUG: CAMLCodec::Decode: ret: 0, sz: 0, dts_in: 18442240474082.1797[ACDA0], pts_in: 18442240474082.1797[ACDA0], adj:0, ptsOut:6.5333, amlpts:587999, idx:195, timesize:1.0009, drain: 0
07:18:33.790 T:3711955872   DEBUG: CAMLCodec::Decode: ret: 4, sz: 0, dts_in: 18442240474082.1797[ACDA0], pts_in: 18442240474082.1797[ACDA0], adj:0, ptsOut:6.5667, amlpts:590999, idx:196, timesize:1.0009, drain: 0
07:18:33.800 T:3711955872   DEBUG: CAMLCodec::Decode: ret: 0, sz: 0, dts_in: 18442240474082.1797[ACDA0], pts_in: 18442240474082.1797[ACDA0], adj:0, ptsOut:6.5667, amlpts:590999, idx:196, timesize:1.0009, drain: 0
07:18:33.811 T:3711955872   DEBUG: CAMLCodec::Decode: ret: 2, sz: 0, dts_in: 18442240474082.1797[ACDA0], pts_in: 18442240474082.1797[ACDA0], adj:0, ptsOut:6.5667, amlpts:590999, idx:196, timesize:0.9676, drain: 0
07:18:33.818 T:4117546464   DEBUG: CAMLCodec::ReleaseFrame idx:194
07:18:33.821 T:3711955872   DEBUG: CAMLCodec::Decode: ret: 2, sz: 14359, dts_in: 7.9000[AD958], pts_in: 7.9000[AD958], adj:0, ptsOut:6.5667, amlpts:590999, idx:196, timesize:0.9676, drain: 0
07:18:33.821 T:3711955872   DEBUG: CAMLCodec::Decode: ret: 4, sz: 21975, dts_in: 7.9333[AE510], pts_in: 8.0000[AFC80], adj:0, ptsOut:6.6000, amlpts:594000, idx:197, timesize:1.0009, drain: 0
07:18:33.831 T:3711955872   DEBUG: CAMLCodec::Decode: ret: 0, sz: 0, dts_in: 18442240474082.1797[AE510], pts_in: 18442240474082.1797[AFC80], adj:0, ptsOut:6.6000, amlpts:594000, idx:197, timesize:1.0009, drain: 0
07:18:33.851 T:4117546464   DEBUG: Previous line repeats 1 times.
07:18:33.851 T:4117546464   DEBUG: CAMLCodec::ReleaseFrame idx:195
07:18:33.852 T:3711955872   DEBUG: CAMLCodec::Decode: ret: 0, sz: 0, dts_in: 18442240474082.1797[AE510], pts_in: 18442240474082.1797[AFC80], adj:0, ptsOut:6.6000, amlpts:594000, idx:197, timesize:1.0009, drain: 0
07:18:33.852 T:3711955872   DEBUG: CAMLCodec::Decode: ret: 4, sz: 0, dts_in: 18442240474082.1797[AE510], pts_in: 18442240474082.1797[AFC80], adj:0, ptsOut:6.6333, amlpts:596999, idx:198, timesize:1.0009, drain: 0
07:18:33.862 T:3711955872   DEBUG: CAMLCodec::Decode: ret: 0, sz: 0, dts_in: 18442240474082.1797[AE510], pts_in: 18442240474082.1797[AFC80], adj:0, ptsOut:6.6333, amlpts:596999, idx:198, timesize:1.0009, drain: 0
07:18:33.873 T:3711955872   DEBUG: CAMLCodec::Decode: ret: 2, sz: 0, dts_in: 18442240474082.1797[AE510], pts_in: 18442240474082.1797[AFC80], adj:0, ptsOut:6.6333, amlpts:596999, idx:198, timesize:0.9676, drain: 0
07:18:33.883 T:3711955872   DEBUG: CAMLCodec::Decode: ret: 0, sz: 10623, dts_in: 7.9667[AF0C8], pts_in: 7.9667[AF0C8], adj:0, ptsOut:6.6333, amlpts:596999, idx:198, timesize:1.0009, drain: 0
07:18:33.884 T:4117546464   DEBUG: CAMLCodec::ReleaseFrame idx:196
07:18:33.891 T:3914326944    INFO: Python script stopped
07:18:33.891 T:3914326944   DEBUG: Thread LanguageInvoker 3914326944 terminating
07:18:33.894 T:3711955872   DEBUG: CAMLCodec::Decode: ret: 0, sz: 0, dts_in: 18442240474082.1797[AF0C8], pts_in: 18442240474082.1797[AF0C8], adj:0, ptsOut:6.6333, amlpts:596999, idx:198, timesize:1.0009, drain: 0
07:18:33.894 T:3711955872   DEBUG: CAMLCodec::Decode: ret: 4, sz: 0, dts_in: 18442240474082.1797[AF0C8], pts_in: 18442240474082.1797[AF0C8], adj:0, ptsOut:6.6667, amlpts:599999, idx:199, timesize:1.0009, drain: 0
07:18:33.912 T:3711955872   DEBUG: CAMLCodec::Decode: ret: 0, sz: 0, dts_in: 18442240474082.1797[AF0C8], pts_in: 18442240474082.1797[AF0C8], adj:0, ptsOut:6.6667, amlpts:599999, idx:199, timesize:1.0009, drain: 0
07:18:33.920 T:4117546464   DEBUG: CAMLCodec::ReleaseFrame idx:197
07:18:33.923 T:3711955872   DEBUG: CAMLCodec::Decode: ret: 2, sz: 0, dts_in: 18442240474082.1797[AF0C8], pts_in: 18442240474082.1797[AF0C8], adj:0, ptsOut:6.6667, amlpts:599999, idx:199, timesize:0.9676, drain: 0
07:18:33.923 T:3711955872   DEBUG: CAMLCodec::Decode: ret: 4, sz: 38075, dts_in: 8.0000[AFC80], pts_in: 8.0333[B0838], adj:0, ptsOut:6.7000, amlpts:603000, idx:200, timesize:1.0009, drain: 0
07:18:33.934 T:3711955872   DEBUG: CAMLCodec::Decode: ret: 0, sz: 0, dts_in: 18442240474082.1797[AFC80], pts_in: 18442240474082.1797[B0838], adj:0, ptsOut:6.7000, amlpts:603000, idx:200, timesize:1.0009, drain: 0
07:18:33.944 T:3711955872   DEBUG: CAMLCodec::Decode: ret: 2, sz: 0, dts_in: 18442240474082.1797[AFC80], pts_in: 18442240474082.1797[B0838], adj:0, ptsOut:6.7000, amlpts:603000, idx:200, timesize:0.9676, drain: 0
07:18:33.951 T:4117546464   DEBUG: CAMLCodec::ReleaseFrame idx:198
07:18:33.955 T:3711955872   DEBUG: CAMLCodec::Decode: ret: 2, sz: 15657, dts_in: 8.0333[B0838], pts_in: 8.1667[B3718], adj:0, ptsOut:6.7000, amlpts:603000, idx:200, timesize:0.9676, drain: 0
07:18:33.955 T:3711955872   DEBUG: CAMLCodec::Decode: ret: 4, sz: 6568, dts_in: 8.0667[B13F0], pts_in: 8.0667[B13F0], adj:0, ptsOut:6.7333, amlpts:605999, idx:201, timesize:1.0009, drain: 0
07:18:33.965 T:3711955872   DEBUG: CAMLCodec::Decode: ret: 0, sz: 0, dts_in: 18442240474082.1797[B13F0], pts_in: 18442240474082.1797[B13F0], adj:0, ptsOut:6.7333, amlpts:605999, idx:201, timesize:1.0009, drain: 0
07:18:33.984 T:4117546464   DEBUG: Previous line repeats 1 times.
07:18:33.985 T:4117546464   DEBUG: CAMLCodec::ReleaseFrame idx:199
07:18:33.986 T:3711955872   DEBUG: CAMLCodec::Decode: ret: 0, sz: 0, dts_in: 18442240474082.1797[B13F0], pts_in: 18442240474082.1797[B13F0], adj:0, ptsOut:6.7333, amlpts:605999, idx:201, timesize:1.0009, drain: 0
07:18:33.986 T:3711955872   DEBUG: CAMLCodec::Decode: ret: 4, sz: 0, dts_in: 18442240474082.1797[B13F0], pts_in: 18442240474082.1797[B13F0], adj:0, ptsOut:6.7667, amlpts:608999, idx:202, timesize:1.0009, drain: 0
07:18:33.996 T:3711955872   DEBUG: CAMLCodec::Decode: ret: 0, sz: 0, dts_in: 18442240474082.1797[B13F0], pts_in: 18442240474082.1797[B13F0], adj:0, ptsOut:6.7667, amlpts:608999, idx:202, timesize:1.0009, drain: 0
07:18:34.016 T:3711955872   DEBUG: Previous line repeats 1 times.
07:18:34.017 T:3711955872   DEBUG: CAMLCodec::Decode: ret: 2, sz: 0, dts_in: 18442240474082.1797[B13F0], pts_in: 18442240474082.1797[B13F0], adj:0, ptsOut:6.7667, amlpts:608999, idx:202, timesize:0.9676, drain: 0
07:18:34.018 T:4117546464   DEBUG: CAMLCodec::ReleaseFrame idx:200
07:18:34.027 T:3711955872   DEBUG: CAMLCodec::Decode: ret: 0, sz: 6943, dts_in: 8.1000[B1FA8], pts_in: 8.1000[B1FA8], adj:0, ptsOut:6.7667, amlpts:608999, idx:202, timesize:1.0009, drain: 0
07:18:34.027 T:3711955872   DEBUG: CAMLCodec::Decode: ret: 4, sz: 0, dts_in: 18442240474082.1797[B1FA8], pts_in: 18442240474082.1797[B1FA8], adj:0, ptsOut:6.8000, amlpts:612000, idx:203, timesize:1.0009, drain: 0
07:18:34.037 T:3711955872   DEBUG: CAMLCodec::Decode: ret: 0, sz: 0, dts_in: 18442240474082.1797[B1FA8], pts_in: 18442240474082.1797[B1FA8], adj:0, ptsOut:6.8000, amlpts:612000, idx:203, timesize:1.0009, drain: 0
07:18:34.048 T:3711955872   DEBUG: CAMLCodec::Decode: ret: 2, sz: 0, dts_in: 18442240474082.1797[B1FA8], pts_in: 18442240474082.1797[B1FA8], adj:0, ptsOut:6.8000, amlpts:612000, idx:203, timesize:0.9676, drain: 0
07:18:34.051 T:4117546464   DEBUG: CAMLCodec::ReleaseFrame idx:201
07:18:34.058 T:3711955872   DEBUG: CAMLCodec::Decode: ret: 0, sz: 7540, dts_in: 8.1333[B2B60], pts_in: 8.1333[B2B60], adj:0, ptsOut:6.8000, amlpts:612000, idx:203, timesize:1.0009, drain: 0
07:18:34.058 T:3711955872   DEBUG: CAMLCodec::Decode: ret: 6, sz: 0, dts_in: 18442240474082.1797[B2B60], pts_in: 18442240474082.1797[B2B60], adj:0, ptsOut:6.8333, amlpts:614999, idx:204, timesize:0.9676, drain: 0
07:18:34.069 T:3711955872   DEBUG: CAMLCodec::Decode: ret: 0, sz: 16871, dts_in: 8.1667[B3718], pts_in: 8.3000[B65F8], adj:0, ptsOut:6.8333, amlpts:614999, idx:204, timesize:1.0009, drain: 0
07:18:34.079 T:3711955872   DEBUG: CAMLCodec::Decode: ret: 0, sz: 0, dts_in: 18442240474082.1797[B3718], pts_in: 18442240474082.1797[B65F8], adj:0, ptsOut:6.8333, amlpts:614999, idx:204, timesize:1.0009, drain: 0
07:18:34.084 T:4117546464   DEBUG: CAMLCodec::ReleaseFrame idx:202
07:18:34.089 T:3711955872   DEBUG: CAMLCodec::Decode: ret: 0, sz: 0, dts_in: 18442240474082.1797[B3718], pts_in: 18442240474082.1797[B65F8], adj:0, ptsOut:6.8333, amlpts:614999, idx:204, timesize:1.0009, drain: 0
07:18:34.089 T:3711955872   DEBUG: CAMLCodec::Decode: ret: 4, sz: 0, dts_in: 18442240474082.1797[B3718], pts_in: 18442240474082.1797[B65F8], adj:0, ptsOut:6.8667, amlpts:617999, idx:205, timesize:1.0009, drain: 0
07:18:34.100 T:3711955872   DEBUG: CAMLCodec::Decode: ret: 0, sz: 0, dts_in: 18442240474082.1797[B3718], pts_in: 18442240474082.1797[B65F8], adj:0, ptsOut:6.8667, amlpts:617999, idx:205, timesize:1.0009, drain: 0
07:18:34.110 T:3711955872   DEBUG: CAMLCodec::Decode: ret: 2, sz: 0, dts_in: 18442240474082.1797[B3718], pts_in: 18442240474082.1797[B65F8], adj:0, ptsOut:6.8667, amlpts:617999, idx:205, timesize:0.9676, drain: 0
07:18:34.118 T:4117546464   DEBUG: CAMLCodec::ReleaseFrame idx:203
07:18:34.120 T:3711955872   DEBUG: CAMLCodec::Decode: ret: 0, sz: 5283, dts_in: 8.2000[B42D0], pts_in: 8.2000[B42D0], adj:0, ptsOut:6.8667, amlpts:617999, idx:205, timesize:1.0009, drain: 0
07:18:34.121 T:3711955872   DEBUG: CAMLCodec::Decode: ret: 4, sz: 0, dts_in: 18442240474082.1797[B42D0], pts_in: 18442240474082.1797[B42D0], adj:0, ptsOut:6.9000, amlpts:621000, idx:206, timesize:1.0009, drain: 0
07:18:34.131 T:3711955872   DEBUG: CAMLCodec::Decode: ret: 0, sz: 0, dts_in: 18442240474082.1797[B42D0], pts_in: 18442240474082.1797[B42D0], adj:0, ptsOut:6.9000, amlpts:621000, idx:206, timesize:1.0009, drain: 0
07:18:34.141 T:3711955872   DEBUG: CAMLCodec::Decode: ret: 2, sz: 0, dts_in: 18442240474082.1797[B42D0], pts_in: 18442240474082.1797[B42D0], adj:0, ptsOut:6.9000, amlpts:621000, idx:206, timesize:0.9676, drain: 0
07:18:34.151 T:4117546464   DEBUG: CAMLCodec::ReleaseFrame idx:204
07:18:34.152 T:3711955872   DEBUG: CAMLCodec::Decode: ret: 0, sz: 6755, dts_in: 8.2333[B4E88], pts_in: 8.2333[B4E88], adj:0, ptsOut:6.9000, amlpts:621000, idx:206, timesize:1.0009, drain: 0
07:18:34.152 T:3711955872   DEBUG: CAMLCodec::Decode: ret: 4, sz: 0, dts_in: 18442240474082.1797[B4E88], pts_in: 18442240474082.1797[B4E88], adj:0, ptsOut:6.9333, amlpts:623999, idx:207, timesize:1.0009, drain: 0
07:18:34.162 T:3711955872   DEBUG: CAMLCodec::Decode: ret: 0, sz: 0, dts_in: 18442240474082.1797[B4E88], pts_in: 18442240474082.1797[B4E88], adj:0, ptsOut:6.9333, amlpts:623999, idx:207, timesize:1.0009, drain: 0
07:18:34.172 T:3711955872   DEBUG: CAMLCodec::Decode: ret: 2, sz: 0, dts_in: 18442240474082.1797[B4E88], pts_in: 18442240474082.1797[B4E88], adj:0, ptsOut:6.9333, amlpts:623999, idx:207, timesize:0.9676, drain: 0
07:18:34.183 T:3711955872   DEBUG: CAMLCodec::Decode: ret: 0, sz: 5088, dts_in: 8.2667[B5A40], pts_in: 8.2667[B5A40], adj:0, ptsOut:6.9333, amlpts:623999, idx:207, timesize:1.0009, drain: 0
07:18:34.184 T:4117546464   DEBUG: CAMLCodec::ReleaseFrame idx:205
07:18:34.193 T:3711955872   DEBUG: CAMLCodec::Decode: ret: 0, sz: 0, dts_in: 18442240474082.1797[B5A40], pts_in: 18442240474082.1797[B5A40], adj:0, ptsOut:6.9333, amlpts:623999, idx:207, timesize:1.0009, drain: 0
07:18:34.193 T:3711955872   DEBUG: CAMLCodec::Decode: ret: 4, sz: 0, dts_in: 18442240474082.1797[B5A40], pts_in: 18442240474082.1797[B5A40], adj:0, ptsOut:6.9667, amlpts:626999, idx:208, timesize:1.0009, drain: 0
07:18:34.205 T:3711955872   DEBUG: CAMLCodec::Decode: ret: 0, sz: 0, dts_in: 18442240474082.1797[B5A40], pts_in: 18442240474082.1797[B5A40], adj:0, ptsOut:6.9667, amlpts:626999, idx:208, timesize:1.0009, drain: 0
07:18:34.215 T:3711955872   DEBUG: CAMLCodec::Decode: ret: 2, sz: 0, dts_in: 18442240474082.1797[B5A40], pts_in: 18442240474082.1797[B5A40], adj:0, ptsOut:6.9667, amlpts:626999, idx:208, timesize:0.9676, drain: 0
07:18:34.220 T:4117546464   DEBUG: CAMLCodec::ReleaseFrame idx:206
07:18:34.225 T:3711955872   DEBUG: CAMLCodec::Decode: ret: 0, sz: 8623, dts_in: 8.3000[B65F8], pts_in: 8.4333[B94D8], adj:0, ptsOut:6.9667, amlpts:626999, idx:208, timesize:1.0009, drain: 0
07:18:34.225 T:3711955872   DEBUG: CAMLCodec::Decode: ret: 4, sz: 0, dts_in: 18442240474082.1797[B65F8], pts_in: 18442240474082.1797[B94D8], adj:0, ptsOut:7.0000, amlpts:630000, idx:209, timesize:1.0009, drain: 0
07:18:34.241 T:3711955872   DEBUG: CAMLCodec::Decode: ret: 0, sz: 0, dts_in: 18442240474082.1797[B65F8], pts_in: 18442240474082.1797[B94D8], adj:0, ptsOut:7.0000, amlpts:630000, idx:209, timesize:1.0009, drain: 0
07:18:34.251 T:4117546464   DEBUG: CAMLCodec::ReleaseFrame idx:207
07:18:34.251 T:3711955872   DEBUG: CAMLCodec::Decode: ret: 2, sz: 0, dts_in: 18442240474082.1797[B65F8], pts_in: 18442240474082.1797[B94D8], adj:0, ptsOut:7.0000, amlpts:630000, idx:209, timesize:0.9676, drain: 0
07:18:34.252 T:3711955872   DEBUG: CAMLCodec::Decode: ret: 4, sz: 1523, dts_in: 8.3333[B71B0], pts_in: 8.3333[B71B0], adj:0, ptsOut:7.0333, amlpts:632999, idx:210, timesize:1.0009, drain: 0
07:18:34.262 T:3711955872   DEBUG: CAMLCodec::Decode: ret: 0, sz: 0, dts_in: 18442240474082.1797[B71B0], pts_in: 18442240474082.1797[B71B0], adj:0, ptsOut:7.0333, amlpts:632999, idx:210, timesize:1.0009, drain: 0
07:18:34.272 T:3711955872   DEBUG: CAMLCodec::Decode: ret: 2, sz: 0, dts_in: 18442240474082.1797[B71B0], pts_in: 18442240474082.1797[B71B0], adj:0, ptsOut:7.0333, amlpts:632999, idx:210, timesize:0.9676, drain: 0
07:18:34.294 T:3711955872   DEBUG: CAMLCodec::Decode: ret: 0, sz: 1060, dts_in: 8.3667[B7D68], pts_in: 8.3667[B7D68], adj:0, ptsOut:7.0333, amlpts:632999, idx:210, timesize:1.0009, drain: 0
07:18:34.295 T:3711955872   DEBUG: CAMLCodec::Decode: ret: 4, sz: 0, dts_in: 18442240474082.1797[B7D68], pts_in: 18442240474082.1797[B7D68], adj:0, ptsOut:7.0667, amlpts:635999, idx:211, timesize:1.0009, drain: 0
07:18:34.297 T:4117546464   DEBUG: CAMLCodec::ReleaseFrame idx:208
07:18:34.309 T:3711955872   DEBUG: CAMLCodec::Decode: ret: 0, sz: 0, dts_in: 18442240474082.1797[B7D68], pts_in: 18442240474082.1797[B7D68], adj:0, ptsOut:7.0667, amlpts:635999, idx:211, timesize:1.0009, drain: 0
07:18:34.318 T:4117546464   DEBUG: CAMLCodec::ReleaseFrame idx:209
07:18:34.319 T:3711955872   DEBUG: CAMLCodec::Decode: ret: 2, sz: 0, dts_in: 18442240474082.1797[B7D68], pts_in: 18442240474082.1797[B7D68], adj:0, ptsOut:7.0667, amlpts:635999, idx:211, timesize:0.9676, drain: 0
07:18:34.320 T:3711955872   DEBUG: CAMLCodec::Decode: ret: 4, sz: 1186, dts_in: 8.4000[B8920], pts_in: 8.4000[B8920], adj:0, ptsOut:7.1000, amlpts:639000, idx:212, timesize:1.0009, drain: 0
07:18:34.330 T:3711955872   DEBUG: CAMLCodec::Decode: ret: 0, sz: 0, dts_in: 18442240474082.1797[B8920], pts_in: 18442240474082.1797[B8920], adj:0, ptsOut:7.1000, amlpts:639000, idx:212, timesize:1.0009, drain: 0
07:18:34.341 T:3711955872   DEBUG: CAMLCodec::Decode: ret: 2, sz: 0, dts_in: 18442240474082.1797[B8920], pts_in: 18442240474082.1797[B8920], adj:0, ptsOut:7.1000, amlpts:639000, idx:212, timesize:0.9676, drain: 0
07:18:34.351 T:3711955872   DEBUG: CAMLCodec::Decode: ret: 0, sz: 1661, dts_in: 8.4333[B94D8], pts_in: 8.5667[BC3B8], adj:0, ptsOut:7.1000, amlpts:639000, idx:212, timesize:1.0009, drain: 0
07:18:34.351 T:3711955872   DEBUG: CAMLCodec::Decode: ret: 4, sz: 0, dts_in: 18442240474082.1797[B94D8], pts_in: 18442240474082.1797[BC3B8], adj:0, ptsOut:7.1333, amlpts:641999, idx:213, timesize:1.0009, drain: 0
07:18:34.352 T:4117546464   DEBUG: CAMLCodec::ReleaseFrame idx:210
07:18:34.362 T:3711955872   DEBUG: CAMLCodec::Decode: ret: 0, sz: 0, dts_in: 18442240474082.1797[B94D8], pts_in: 18442240474082.1797[BC3B8], adj:0, ptsOut:7.1333, amlpts:641999, idx:213, timesize:1.0009, drain: 0
07:18:34.372 T:3711955872   DEBUG: CAMLCodec::Decode: ret: 2, sz: 0, dts_in: 18442240474082.1797[B94D8], pts_in: 18442240474082.1797[BC3B8], adj:0, ptsOut:7.1333, amlpts:641999, idx:213, timesize:0.9676, drain: 0
07:18:34.383 T:3711955872   DEBUG: CAMLCodec::Decode: ret: 0, sz: 765, dts_in: 8.4667[BA090], pts_in: 8.4667[BA090], adj:0, ptsOut:7.1333, amlpts:641999, idx:213, timesize:1.0009, drain: 0
07:18:34.384 T:4117546464   DEBUG: CAMLCodec::ReleaseFrame idx:211
07:18:34.393 T:3711955872   DEBUG: CAMLCodec::Decode: ret: 0, sz: 0, dts_in: 18442240474082.1797[BA090], pts_in: 18442240474082.1797[BA090], adj:0, ptsOut:7.1333, amlpts:641999, idx:213, timesize:1.0009, drain: 0
07:18:34.393 T:3711955872   DEBUG: CAMLCodec::Decode: ret: 4, sz: 0, dts_in: 18442240474082.1797[BA090], pts_in: 18442240474082.1797[BA090], adj:0, ptsOut:7.1667, amlpts:644999, idx:214, timesize:1.0009, drain: 0
07:18:34.403 T:3711955872   DEBUG: CAMLCodec::Decode: ret: 0, sz: 0, dts_in: 18442240474082.1797[BA090], pts_in: 18442240474082.1797[BA090], adj:0, ptsOut:7.1667, amlpts:644999, idx:214, timesize:1.0009, drain: 0
07:18:34.414 T:3711955872   DEBUG: CAMLCodec::Decode: ret: 2, sz: 0, dts_in: 18442240474082.1797[BA090], pts_in: 18442240474082.1797[BA090], adj:0, ptsOut:7.1667, amlpts:644999, idx:214, timesize:0.9676, drain: 0
07:18:34.416 T:3847218080   DEBUG: [ Tempest  DEBUG ] Debug Enabled?: false
07:18:34.416 T:3847218080   DEBUG: [ Tempest  DEBUG ] Debug Log?: 0
07:18:34.416 T:3847218080   DEBUG: [ Tempest  DEBUG ] Debug Enabled?: false
07:18:34.417 T:3847218080   DEBUG: [ Tempest  DEBUG ] Debug Log?: 0
07:18:34.417 T:3847218080    INFO: CPythonInvoker(10, /storage/.kodi/addons/plugin.video.tempest/service.py): script successfully run
07:18:34.418 T:4117546464   DEBUG: RunScriptWithParams - calling plugin Tempest('plugin://plugin.video.tempest/','-1','?action=service')
07:18:34.419 T:3359630240   DEBUG: Thread LanguageInvoker start, auto delete: false
07:18:34.419 T:3359630240    INFO: initializing python engine.
07:18:34.419 T:3359630240   DEBUG: CPythonInvoker(17, /storage/.kodi/addons/plugin.video.tempest/tempest.py): start processing
07:18:34.419 T:4117546464   DEBUG: CAMLCodec::ReleaseFrame idx:212
07:18:34.424 T:3711955872   DEBUG: CAMLCodec::Decode: ret: 0, sz: 763, dts_in: 8.5000[BAC48], pts_in: 8.5000[BAC48], adj:0, ptsOut:7.1667, amlpts:644999, idx:214, timesize:1.0009, drain: 0
07:18:34.424 T:3711955872   DEBUG: CAMLCodec::Decode: ret: 4, sz: 0, dts_in: 18442240474082.1797[BAC48], pts_in: 18442240474082.1797[BAC48], adj:0, ptsOut:7.2000, amlpts:648000, idx:215, timesize:1.0009, drain: 0
07:18:34.435 T:3711955872   DEBUG: CAMLCodec::Decode: ret: 0, sz: 0, dts_in: 18442240474082.1797[BAC48], pts_in: 18442240474082.1797[BAC48], adj:0, ptsOut:7.2000, amlpts:648000, idx:215, timesize:1.0009, drain: 0
07:18:34.437 T:3674207136   DEBUG: Super Favourites V1001.0.62 : ------------------ Launch Parameters ------------------
07:18:34.437 T:3674207136   DEBUG: Super Favourites V1001.0.62 : ?label=%EC%A6%90%EA%B2%A8%EC%B0%BE%EA%B8%B0&mode=400&path=special%3A%2F%2Fprofile%2Faddon_data%2Fplugin.program.super.favourites%2FSuper+Favourites%2F%EC%A6%90%EA%B2%A8%EC%B0%BE%EA%B8%B0&image=http%3A%2F%2Fpost.phinf.naver.net%2FMjAxOTA2MjdfMTMg%2FMDAxNTYxNTk4MDE2MTk1.lNFEK2r5J1RJEpLlsW5st6GIQhBfE2yyXvPRuMwYr6Ug.12Wj8A63Qo4c0uIeAy-kSZBEgqZmyjWHARw-kw7-P34g.JPEG%2FIIVXkDKTP6eL4kqRUGPzemX9UJ_g.jpg&fanart=special%3A%2F%2Fhome%2Fmedia%2FWallpaper%2Fwallpaper_20170511_134106.jpg&content_type=&reload=
07:18:34.438 T:3674207136   DEBUG: Super Favourites V1001.0.62 : ['plugin://plugin.program.super.favourites/', '1', '?label=%EC%A6%90%EA%B2%A8%EC%B0%BE%EA%B8%B0&mode=400&path=special%3A%2F%2Fprofile%2Faddon_data%2Fplugin.program.super.favourites%2FSuper+Favourites%2F%EC%A6%90%EA%B2%A8%EC%B0%BE%EA%B8%B0&image=http%3A%2F%2Fpost.phinf.naver.net%2FMjAxOTA2MjdfMTMg%2FMDAxNTYxNTk4MDE2MTk1.lNFEK2r5J1RJEpLlsW5st6GIQhBfE2yyXvPRuMwYr6Ug.12Wj8A63Qo4c0uIeAy-kSZBEgqZmyjWHARw-kw7-P34g.JPEG%2FIIVXkDKTP6eL4kqRUGPzemX9UJ_g.jpg&fanart=special%3A%2F%2Fhome%2Fmedia%2FWallpaper%2Fwallpaper_20170511_134106.jpg&content_type=&reload=']
07:18:34.438 T:3674207136   DEBUG: Super Favourites V1001.0.62 : mode        = 400
07:18:34.438 T:3674207136   DEBUG: Super Favourites V1001.0.62 : cmd         = None
07:18:34.438 T:3674207136   DEBUG: Super Favourites V1001.0.62 : folder      =
07:18:34.438 T:3674207136   DEBUG: Super Favourites V1001.0.62 : params      = {'fanart': 'special://home/media/Wallpaper/wallpaper_20170511_134106.jpg', 'image': 'http://post.phinf.naver.net/MjAxOTA2MjdfMTMg/MDAxNTYxNTk4MDE2MTk1.lNFEK2r5J1RJEpLlsW5st6GIQhBfE2yyXvPRuMwYr6Ug.12Wj8A63Qo4c0uIeAy-kSZBEgqZmyjWHARw-kw7-P34g.JPEG/IIVXkDKTP6eL4kqRUGPzemX9UJ_g.jpg', 'label': '\xec\xa6\x90\xea\xb2\xa8\xec\xb0\xbe\xea\xb8\xb0', 'reload': '', 'mode': '400', 'content_type': '', 'path': 'special://profile/addon_data/plugin.program.super.favourites/Super Favourites/\xec\xa6\x90\xea\xb2\xa8\xec\xb0\xbe\xea\xb8\xb0'}
07:18:34.438 T:3674207136   DEBUG: Super Favourites V1001.0.62 : launchMode  =
07:18:34.438 T:3674207136   DEBUG: Super Favourites V1001.0.62 : contentType = tvshows
07:18:34.438 T:3674207136   DEBUG: Super Favourites V1001.0.62 : viewType    = 0
07:18:34.438 T:3674207136   DEBUG: Super Favourites V1001.0.62 : isHome      = False
07:18:34.438 T:3674207136   DEBUG: Super Favourites V1001.0.62 : itemIndex   = -1
07:18:34.438 T:3674207136   DEBUG: Super Favourites V1001.0.62 : ident       = 1
07:18:34.438 T:3674207136   DEBUG: Super Favourites V1001.0.62 : -------------------------------------------------------
07:18:34.445 T:3711955872   DEBUG: CAMLCodec::Decode: ret: 2, sz: 0, dts_in: 18442240474082.1797[BAC48], pts_in: 18442240474082.1797[BAC48], adj:0, ptsOut:7.2000, amlpts:648000, idx:215, timesize:0.9676, drain: 0
07:18:34.451 T:4117546464   DEBUG: CAMLCodec::ReleaseFrame idx:213
07:18:34.456 T:3711955872   DEBUG: CAMLCodec::Decode: ret: 0, sz: 752, dts_in: 8.5333[BB800], pts_in: 8.5333[BB800], adj:0, ptsOut:7.2000, amlpts:648000, idx:215, timesize:1.0009, drain: 0
07:18:34.456 T:3711955872   DEBUG: CAMLCodec::Decode: ret: 4, sz: 0, dts_in: 18442240474082.1797[BB800], pts_in: 18442240474082.1797[BB800], adj:0, ptsOut:7.2333, amlpts:650999, idx:216, timesize:1.0009, drain: 0
07:18:34.466 T:3711955872   DEBUG: CAMLCodec::Decode: ret: 0, sz: 0, dts_in: 18442240474082.1797[BB800], pts_in: 18442240474082.1797[BB800], adj:0, ptsOut:7.2333, amlpts:650999, idx:216, timesize:1.0009, drain: 0
07:18:34.476 T:3711955872   DEBUG: CAMLCodec::Decode: ret: 2, sz: 0, dts_in: 18442240474082.1797[BB800], pts_in: 18442240474082.1797[BB800], adj:0, ptsOut:7.2333, amlpts:650999, idx:216, timesize:0.9676, drain: 0
07:18:34.484 T:4117546464   DEBUG: CAMLCodec::ReleaseFrame idx:214
07:18:34.487 T:3711955872   DEBUG: CAMLCodec::Decode: ret: 0, sz: 2085, dts_in: 8.5667[BC3B8], pts_in: 8.7000[BF298], adj:0, ptsOut:7.2333, amlpts:650999, idx:216, timesize:1.0009, drain: 0
07:18:34.487 T:3711955872   DEBUG: CAMLCodec::Decode: ret: 4, sz: 0, dts_in: 18442240474082.1797[BC3B8], pts_in: 18442240474082.1797[BF298], adj:0, ptsOut:7.2667, amlpts:653999, idx:217, timesize:1.0009, drain: 0
07:18:34.497 T:3711955872   DEBUG: CAMLCodec::Decode: ret: 0, sz: 0, dts_in: 18442240474082.1797[BC3B8], pts_in: 18442240474082.1797[BF298], adj:0, ptsOut:7.2667, amlpts:653999, idx:217, timesize:1.0009, drain: 0
07:18:34.508 T:3711955872   DEBUG: CAMLCodec::Decode: ret: 2, sz: 0, dts_in: 18442240474082.1797[BC3B8], pts_in: 18442240474082.1797[BF298], adj:0, ptsOut:7.2667, amlpts:653999, idx:217, timesize:0.9676, drain: 0
07:18:34.518 T:4117546464   DEBUG: CAMLCodec::ReleaseFrame idx:215
07:18:34.518 T:3711955872   DEBUG: CAMLCodec::Decode: ret: 0, sz: 1023, dts_in: 8.6000[BCF70], pts_in: 8.6000[BCF70], adj:0, ptsOut:7.2667, amlpts:653999, idx:217, timesize:1.0009, drain: 0
07:18:34.518 T:3711955872   DEBUG: CAMLCodec::Decode: ret: 4, sz: 0, dts_in: 18442240474082.1797[BCF70], pts_in: 18442240474082.1797[BCF70], adj:0, ptsOut:7.3000, amlpts:657000, idx:218, timesize:1.0009, drain: 0
07:18:34.528 T:3711955872   DEBUG: CAMLCodec::Decode: ret: 0, sz: 0, dts_in: 18442240474082.1797[BCF70], pts_in: 18442240474082.1797[BCF70], adj:0, ptsOut:7.3000, amlpts:657000, idx:218, timesize:1.0009, drain: 0
07:18:34.539 T:3711955872   DEBUG: CAMLCodec::Decode: ret: 2, sz: 0, dts_in: 18442240474082.1797[BCF70], pts_in: 18442240474082.1797[BCF70], adj:0, ptsOut:7.3000, amlpts:657000, idx:218, timesize:0.9676, drain: 0
07:18:34.549 T:3711955872   DEBUG: CAMLCodec::Decode: ret: 0, sz: 1031, dts_in: 8.6333[BDB28], pts_in: 8.6333[BDB28], adj:0, ptsOut:7.3000, amlpts:657000, idx:218, timesize:1.0009, drain: 0
07:18:34.551 T:4117546464   DEBUG: CAMLCodec::ReleaseFrame idx:216
07:18:34.559 T:3711955872   DEBUG: CAMLCodec::Decode: ret: 0, sz: 0, dts_in: 18442240474082.1797[BDB28], pts_in: 18442240474082.1797[BDB28], adj:0, ptsOut:7.3000, amlpts:657000, idx:218, timesize:1.0009, drain: 0
07:18:34.559 T:3711955872   DEBUG: CAMLCodec::Decode: ret: 6, sz: 0, dts_in: 18442240474082.1797[BDB28], pts_in: 18442240474082.1797[BDB28], adj:0, ptsOut:7.3333, amlpts:659999, idx:219, timesize:0.9676, drain: 0
07:18:34.570 T:3711955872   DEBUG: CAMLCodec::Decode: ret: 0, sz: 1056, dts_in: 8.6667[BE6E0], pts_in: 8.6667[BE6E0], adj:0, ptsOut:7.3333, amlpts:659999, idx:219, timesize:1.0009, drain: 0
07:18:34.580 T:3711955872   DEBUG: CAMLCodec::Decode: ret: 0, sz: 0, dts_in: 18442240474082.1797[BE6E0], pts_in: 18442240474082.1797[BE6E0], adj:0, ptsOut:7.3333, amlpts:659999, idx:219, timesize:1.0009, drain: 0
07:18:34.584 T:4117546464   DEBUG: CAMLCodec::ReleaseFrame idx:217
07:18:34.590 T:3711955872   DEBUG: CAMLCodec::Decode: ret: 0, sz: 0, dts_in: 18442240474082.1797[BE6E0], pts_in: 18442240474082.1797[BE6E0], adj:0, ptsOut:7.3333, amlpts:659999, idx:219, timesize:1.0009, drain: 0
07:18:34.590 T:3711955872   DEBUG: CAMLCodec::Decode: ret: 4, sz: 0, dts_in: 18442240474082.1797[BE6E0], pts_in: 18442240474082.1797[BE6E0], adj:0, ptsOut:7.3667, amlpts:662999, idx:220, timesize:1.0009, drain: 0
07:18:34.601 T:3711955872   DEBUG: CAMLCodec::Decode: ret: 0, sz: 0, dts_in: 18442240474082.1797[BE6E0], pts_in: 18442240474082.1797[BE6E0], adj:0, ptsOut:7.3667, amlpts:662999, idx:220, timesize:1.0009, drain: 0
07:18:34.611 T:3711955872   DEBUG: CAMLCodec::Decode: ret: 2, sz: 0, dts_in: 18442240474082.1797[BE6E0], pts_in: 18442240474082.1797[BE6E0], adj:0, ptsOut:7.3667, amlpts:662999, idx:220, timesize:0.9676, drain: 0
07:18:34.618 T:4117546464   DEBUG: CAMLCodec::ReleaseFrame idx:218
07:18:34.621 T:3711955872   DEBUG: CAMLCodec::Decode: ret: 0, sz: 2081, dts_in: 8.7000[BF298], pts_in: 8.8333[C2178], adj:0, ptsOut:7.3667, amlpts:662999, idx:220, timesize:1.0009, drain: 0
07:18:34.621 T:3711955872   DEBUG: CAMLCodec::Decode: ret: 4, sz: 0, dts_in: 18442240474082.1797[BF298], pts_in: 18442240474082.1797[C2178], adj:0, ptsOut:7.4000, amlpts:666000, idx:221, timesize:1.0009, drain: 0
07:18:34.627 T:3847218080    INFO: Python script stopped
07:18:34.628 T:3847218080   DEBUG: Thread LanguageInvoker 3847218080 terminating
07:18:34.632 T:3711955872   DEBUG: CAMLCodec::Decode: ret: 0, sz: 0, dts_in: 18442240474082.1797[BF298], pts_in: 18442240474082.1797[C2178], adj:0, ptsOut:7.4000, amlpts:666000, idx:221, timesize:1.0009, drain: 0
07:18:34.642 T:3711955872   DEBUG: CAMLCodec::Decode: ret: 2, sz: 0, dts_in: 18442240474082.1797[BF298], pts_in: 18442240474082.1797[C2178], adj:0, ptsOut:7.4000, amlpts:666000, idx:221, timesize:0.9676, drain: 0
07:18:34.646 T:3674207136   DEBUG: CSettingsManager: requested setting (filelists.showhidden) was not found.
07:18:34.646 T:3556766624   DEBUG: Super Favourites V1001.0.62 : ------------------ Launch Parameters ------------------
07:18:34.646 T:3556766624   DEBUG: Super Favourites V1001.0.62 : ?label=%EC%B5%9C%EC%8B%A0%EB%93%9C%EB%9D%BC%EB%A7%88&mode=400&path=special%3A%2F%2Fprofile%2Faddon_data%2Fplugin.program.super.favourites%2FSuper+Favourites%2FSystem%2F%EC%B5%9C%EC%8B%A0%EB%93%9C%EB%9D%BC%EB%A7%88&image=https%3A%2F%2Fsp.ondemandkorea.com%2Fincludes%2Ftimthumb.php%3Fw%3D168%26h%3D238%26src%3D%2Fwp-content%2Fthemes%2Fondemandkorea%2Fuploads%2Fposter%2F3651_my_husband_mr_oh_poster_kr.jpg&fanart=%2Fstorage%2F.kodi%2Faddons%2Fplugin.program.super.favourites%2Ffanart.jpg&content_type=&reload=
07:18:34.646 T:3674207136   DEBUG: CSettingsManager: requested setting (filelists.showhidden) was not found.
07:18:34.647 T:3556766624   DEBUG: Super Favourites V1001.0.62 : ['plugin://plugin.program.super.favourites/', '3', '?label=%EC%B5%9C%EC%8B%A0%EB%93%9C%EB%9D%BC%EB%A7%88&mode=400&path=special%3A%2F%2Fprofile%2Faddon_data%2Fplugin.program.super.favourites%2FSuper+Favourites%2FSystem%2F%EC%B5%9C%EC%8B%A0%EB%93%9C%EB%9D%BC%EB%A7%88&image=https%3A%2F%2Fsp.ondemandkorea.com%2Fincludes%2Ftimthumb.php%3Fw%3D168%26h%3D238%26src%3D%2Fwp-content%2Fthemes%2Fondemandkorea%2Fuploads%2Fposter%2F3651_my_husband_mr_oh_poster_kr.jpg&fanart=%2Fstorage%2F.kodi%2Faddons%2Fplugin.program.super.favourites%2Ffanart.jpg&content_type=&reload=']
07:18:34.647 T:3556766624   DEBUG: Super Favourites V1001.0.62 : mode        = 400
07:18:34.647 T:3556766624   DEBUG: Super Favourites V1001.0.62 : cmd         = None
07:18:34.647 T:3556766624   DEBUG: Super Favourites V1001.0.62 : folder      =
07:18:34.647 T:3556766624   DEBUG: Super Favourites V1001.0.62 : params      = {'fanart': '/storage/.kodi/addons/plugin.program.super.favourites/fanart.jpg', 'image': 'https://sp.ondemandkorea.com/includes/timthumb.php?w=168&h=238&src=/wp-content/themes/ondemandkorea/uploads/poster/3651_my_husband_mr_oh_poster_kr.jpg', 'label': '\xec\xb5\x9c\xec\x8b\xa0\xeb\x93\x9c\xeb\x9d\xbc\xeb\xa7\x88', 'reload': '', 'mode': '400', 'content_type': '', 'path': 'special://profile/addon_data/plugin.program.super.favourites/Super Favourites/System/\xec\xb5\x9c\xec\x8b\xa0\xeb\x93\x9c\xeb\x9d\xbc\xeb\xa7\x88'}
07:18:34.647 T:3556766624   DEBUG: Super Favourites V1001.0.62 : launchMode  =
07:18:34.647 T:3556766624   DEBUG: Super Favourites V1001.0.62 : contentType = tvshows
07:18:34.647 T:3556766624   DEBUG: Super Favourites V1001.0.62 : viewType    = 0
07:18:34.647 T:3556766624   DEBUG: Super Favourites V1001.0.62 : isHome      = False
07:18:34.647 T:3556766624   DEBUG: Super Favourites V1001.0.62 : itemIndex   = -1
07:18:34.647 T:3556766624   DEBUG: Super Favourites V1001.0.62 : ident       = 3
07:18:34.647 T:3556766624   DEBUG: Super Favourites V1001.0.62 : -------------------------------------------------------
07:18:34.651 T:4117546464   DEBUG: CAMLCodec::ReleaseFrame idx:219
07:18:34.652 T:3711955872   DEBUG: CAMLCodec::Decode: ret: 0, sz: 1044, dts_in: 8.7333[BFE50], pts_in: 8.7333[BFE50], adj:0, ptsOut:7.4000, amlpts:666000, idx:221, timesize:1.0009, drain: 0
07:18:34.652 T:3711955872   DEBUG: CAMLCodec::Decode: ret: 4, sz: 0, dts_in: 18442240474082.1797[BFE50], pts_in: 18442240474082.1797[BFE50], adj:0, ptsOut:7.4333, amlpts:668999, idx:222, timesize:1.0009, drain: 0
07:18:34.663 T:3711955872   DEBUG: CAMLCodec::Decode: ret: 0, sz: 0, dts_in: 18442240474082.1797[BFE50], pts_in: 18442240474082.1797[BFE50], adj:0, ptsOut:7.4333, amlpts:668999, idx:222, timesize:1.0009, drain: 0
07:18:34.673 T:3711955872   DEBUG: CAMLCodec::Decode: ret: 2, sz: 0, dts_in: 18442240474082.1797[BFE50], pts_in: 18442240474082.1797[BFE50], adj:0, ptsOut:7.4333, amlpts:668999, idx:222, timesize:0.9676, drain: 0
07:18:34.683 T:3711955872   DEBUG: CAMLCodec::Decode: ret: 0, sz: 1034, dts_in: 8.7667[C0A08], pts_in: 8.7667[C0A08], adj:0, ptsOut:7.4333, amlpts:668999, idx:222, timesize:1.0009, drain: 0
07:18:34.684 T:4117546464   DEBUG: CAMLCodec::ReleaseFrame idx:220
07:18:34.694 T:3711955872   DEBUG: CAMLCodec::Decode: ret: 0, sz: 0, dts_in: 18442240474082.1797[C0A08], pts_in: 18442240474082.1797[C0A08], adj:0, ptsOut:7.4333, amlpts:668999, idx:222, timesize:1.0009, drain: 0
07:18:34.694 T:3711955872   DEBUG: CAMLCodec::Decode: ret: 4, sz: 0, dts_in: 18442240474082.1797[C0A08], pts_in: 18442240474082.1797[C0A08], adj:0, ptsOut:7.4667, amlpts:671999, idx:223, timesize:1.0009, drain: 0
07:18:34.704 T:3711955872   DEBUG: CAMLCodec::Decode: ret: 0, sz: 0, dts_in: 18442240474082.1797[C0A08], pts_in: 18442240474082.1797[C0A08], adj:0, ptsOut:7.4667, amlpts:671999, idx:223, timesize:1.0009, drain: 0
07:18:34.714 T:3556766624   DEBUG: CSettingsManager: requested setting (filelists.showhidden) was not found.
07:18:34.714 T:3711955872   DEBUG: Previous line repeats 1 times.
07:18:34.715 T:3711955872   DEBUG: CAMLCodec::Decode: ret: 2, sz: 0, dts_in: 18442240474082.1797[C0A08], pts_in: 18442240474082.1797[C0A08], adj:0, ptsOut:7.4667, amlpts:671999, idx:223, timesize:0.9676, drain: 0
07:18:34.718 T:4117546464   DEBUG: CAMLCodec::ReleaseFrame idx:221
07:18:34.725 T:3711955872   DEBUG: CAMLCodec::Decode: ret: 0, sz: 1092, dts_in: 8.8000[C15C0], pts_in: 8.8000[C15C0], adj:0, ptsOut:7.4667, amlpts:671999, idx:223, timesize:1.0009, drain: 0
07:18:34.725 T:3711955872   DEBUG: CAMLCodec::Decode: ret: 4, sz: 0, dts_in: 18442240474082.1797[C15C0], pts_in: 18442240474082.1797[C15C0], adj:0, ptsOut:7.5000, amlpts:675000, idx:224, timesize:1.0009, drain: 0
07:18:34.735 T:3711955872   DEBUG: CAMLCodec::Decode: ret: 0, sz: 0, dts_in: 18442240474082.1797[C15C0], pts_in: 18442240474082.1797[C15C0], adj:0, ptsOut:7.5000, amlpts:675000, idx:224, timesize:1.0009, drain: 0
07:18:34.746 T:3711955872   DEBUG: CAMLCodec::Decode: ret: 2, sz: 0, dts_in: 18442240474082.1797[C15C0], pts_in: 18442240474082.1797[C15C0], adj:0, ptsOut:7.5000, amlpts:675000, idx:224, timesize:0.9676, drain: 0
07:18:34.751 T:4117546464   DEBUG: CAMLCodec::ReleaseFrame idx:222
07:18:34.756 T:3711955872   DEBUG: CAMLCodec::Decode: ret: 0, sz: 2220, dts_in: 8.8333[C2178], pts_in: 8.9667[C5058], adj:0, ptsOut:7.5000, amlpts:675000, idx:224, timesize:1.0009, drain: 0
07:18:34.756 T:3711955872   DEBUG: CAMLCodec::Decode: ret: 4, sz: 0, dts_in: 18442240474082.1797[C2178], pts_in: 18442240474082.1797[C5058], adj:0, ptsOut:7.5333, amlpts:677999, idx:225, timesize:1.0009, drain: 0
07:18:34.767 T:3711955872   DEBUG: CAMLCodec::Decode: ret: 0, sz: 0, dts_in: 18442240474082.1797[C2178], pts_in: 18442240474082.1797[C5058], adj:0, ptsOut:7.5333, amlpts:677999, idx:225, timesize:1.0009, drain: 0
07:18:34.777 T:3711955872   DEBUG: CAMLCodec::Decode: ret: 2, sz: 0, dts_in: 18442240474082.1797[C2178], pts_in: 18442240474082.1797[C5058], adj:0, ptsOut:7.5333, amlpts:677999, idx:225, timesize:0.9676, drain: 0
07:18:34.785 T:4117546464   DEBUG: CAMLCodec::ReleaseFrame idx:223
07:18:34.787 T:3711955872   DEBUG: CAMLCodec::Decode: ret: 0, sz: 1032, dts_in: 8.8667[C2D30], pts_in: 8.8667[C2D30], adj:0, ptsOut:7.5333, amlpts:677999, idx:225, timesize:1.0009, drain: 0
07:18:34.788 T:3711955872   DEBUG: CAMLCodec::Decode: ret: 4, sz: 0, dts_in: 18442240474082.1797[C2D30], pts_in: 18442240474082.1797[C2D30], adj:0, ptsOut:7.5667, amlpts:680999, idx:226, timesize:1.0009, drain: 0
07:18:34.798 T:3711955872   DEBUG: CAMLCodec::Decode: ret: 0, sz: 0, dts_in: 18442240474082.1797[C2D30], pts_in: 18442240474082.1797[C2D30], adj:0, ptsOut:7.5667, amlpts:680999, idx:226, timesize:1.0009, drain: 0
07:18:34.800 T:3880772512   DEBUG:  StorageServer Module loaded RUN
07:18:34.801 T:3880772512   DEBUG: StorageClient-2.5.4 Starting server
07:18:34.808 T:3711955872   DEBUG: CAMLCodec::Decode: ret: 2, sz: 0, dts_in: 18442240474082.1797[C2D30], pts_in: 18442240474082.1797[C2D30], adj:0, ptsOut:7.5667, amlpts:680999, idx:226, timesize:0.9676, drain: 0
07:18:34.818 T:3711955872   DEBUG: CAMLCodec::Decode: ret: 4, sz: 1045, dts_in: 8.9000[C38E8], pts_in: 8.9000[C38E8], adj:0, ptsOut:7.6000, amlpts:684000, idx:227, timesize:1.0009, drain: 0
07:18:34.819 T:3665818528   DEBUG: Super Favourites V1001.0.62 : ------------------ Launch Parameters ------------------
07:18:34.819 T:3665818528   DEBUG: Super Favourites V1001.0.62 : ?label=LilacTV&mode=400&path=special%3A%2F%2Fprofile%2Faddon_data%2Fplugin.program.super.favourites%2FSuper+Favourites%2FSystem%2FLilacTV&image=http%3A%2F%2Ft1.daumcdn.net%2Fmovie%2F3b66b4fe1ddf22eaab1a552d408184765594e9f1&fanart=http%3A%2F%2Ft1.daumcdn.net%2Fmovie%2Fe3f1635478112dafe97b8bb7ba88bf14f7aa404c&content_type=&reload=
07:18:34.820 T:3665818528   DEBUG: Super Favourites V1001.0.62 : ['plugin://plugin.program.super.favourites/', '2', '?label=LilacTV&mode=400&path=special%3A%2F%2Fprofile%2Faddon_data%2Fplugin.program.super.favourites%2FSuper+Favourites%2FSystem%2FLilacTV&image=http%3A%2F%2Ft1.daumcdn.net%2Fmovie%2F3b66b4fe1ddf22eaab1a552d408184765594e9f1&fanart=http%3A%2F%2Ft1.daumcdn.net%2Fmovie%2Fe3f1635478112dafe97b8bb7ba88bf14f7aa404c&content_type=&reload=']
07:18:34.820 T:3665818528   DEBUG: Super Favourites V1001.0.62 : mode        = 400
07:18:34.820 T:3665818528   DEBUG: Super Favourites V1001.0.62 : cmd         = None
07:18:34.820 T:3665818528   DEBUG: Super Favourites V1001.0.62 : folder      =
07:18:34.821 T:3665818528   DEBUG: Super Favourites V1001.0.62 : params      = {'fanart': 'http://t1.daumcdn.net/movie/e3f1635478112dafe97b8bb7ba88bf14f7aa404c', 'image': 'http://t1.daumcdn.net/movie/3b66b4fe1ddf22eaab1a552d408184765594e9f1', 'label': 'LilacTV', 'reload': '', 'mode': '400', 'content_type': '', 'path': 'special://profile/addon_data/plugin.program.super.favourites/Super Favourites/System/LilacTV'}
07:18:34.821 T:3665818528   DEBUG: Super Favourites V1001.0.62 : launchMode  =
07:18:34.821 T:3665818528   DEBUG: Super Favourites V1001.0.62 : contentType = tvshows
07:18:34.821 T:3665818528   DEBUG: Super Favourites V1001.0.62 : viewType    = 0
07:18:34.821 T:3665818528   DEBUG: Super Favourites V1001.0.62 : isHome      = False
07:18:34.821 T:3665818528   DEBUG: Super Favourites V1001.0.62 : itemIndex   = -1
07:18:34.822 T:4117546464   DEBUG: CAMLCodec::ReleaseFrame idx:224
07:18:34.833 T:3665818528   DEBUG: Super Favourites V1001.0.62 : ident       = 2
07:18:34.833 T:3665818528   DEBUG: Super Favourites V1001.0.62 : -------------------------------------------------------
07:18:34.833 T:3711955872   DEBUG: CAMLCodec::Decode: ret: 0, sz: 0, dts_in: 18442240474082.1797[C38E8], pts_in: 18442240474082.1797[C38E8], adj:0, ptsOut:7.6000, amlpts:684000, idx:227, timesize:1.0009, drain: 0
07:18:34.843 T:3711955872   DEBUG: CAMLCodec::Decode: ret: 2, sz: 0, dts_in: 18442240474082.1797[C38E8], pts_in: 18442240474082.1797[C38E8], adj:0, ptsOut:7.6000, amlpts:684000, idx:227, timesize:0.9676, drain: 0
07:18:34.851 T:4117546464   DEBUG: CAMLCodec::ReleaseFrame idx:225
