07:18:30.310 T:3711955872   DEBUG: CAMLCodec::Decode: ret: 2, sz: 0, dts_in: 18442240474082.1797[5FF28], pts_in: 18442240474082.1797[5FF28], adj:0, ptsOut:3.0667, amlpts:275999, idx:91, timesize:0.9676, drain: 0
07:18:30.318 T:4117546464   DEBUG: CAMLCodec::ReleaseFrame idx:89
07:18:30.320 T:3711955872   DEBUG: CAMLCodec::Decode: ret: 0, sz: 6198, dts_in: 4.4000[60AE0], pts_in: 4.4000[60AE0], adj:0, ptsOut:3.0667, amlpts:275999, idx:91, timesize:1.0009, drain: 0
07:18:30.321 T:3711955872   DEBUG: CAMLCodec::Decode: ret: 4, sz: 0, dts_in: 18442240474082.1797[60AE0], pts_in: 18442240474082.1797[60AE0], adj:0, ptsOut:3.1000, amlpts:279000, idx:92, timesize:1.0009, drain: 0
07:18:30.331 T:3711955872   DEBUG: CAMLCodec::Decode: ret: 0, sz: 0, dts_in: 18442240474082.1797[60AE0], pts_in: 18442240474082.1797[60AE0], adj:0, ptsOut:3.1000, amlpts:279000, idx:92, timesize:1.0009, drain: 0
07:18:30.341 T:3711955872   DEBUG: CAMLCodec::Decode: ret: 2, sz: 0, dts_in: 18442240474082.1797[60AE0], pts_in: 18442240474082.1797[60AE0], adj:0, ptsOut:3.1000, amlpts:279000, idx:92, timesize:0.9676, drain: 0
07:18:30.351 T:3711955872   DEBUG: CAMLCodec::Decode: ret: 0, sz: 10585, dts_in: 4.4333[61698], pts_in: 4.5667[64578], adj:0, ptsOut:3.1000, amlpts:279000, idx:92, timesize:1.0009, drain: 0
07:18:30.352 T:4117546464   DEBUG: CAMLCodec::ReleaseFrame idx:90
07:18:30.352 T:3711955872   DEBUG: CAMLCodec::Decode: ret: 4, sz: 0, dts_in: 18442240474082.1797[61698], pts_in: 18442240474082.1797[64578], adj:0, ptsOut:3.1333, amlpts:281999, idx:93, timesize:1.0009, drain: 0
07:18:30.362 T:3711955872   DEBUG: CAMLCodec::Decode: ret: 0, sz: 0, dts_in: 18442240474082.1797[61698], pts_in: 18442240474082.1797[64578], adj:0, ptsOut:3.1333, amlpts:281999, idx:93, timesize:1.0009, drain: 0
07:18:30.372 T:3711955872   DEBUG: CAMLCodec::Decode: ret: 2, sz: 0, dts_in: 18442240474082.1797[61698], pts_in: 18442240474082.1797[64578], adj:0, ptsOut:3.1333, amlpts:281999, idx:93, timesize:0.9676, drain: 0
07:18:30.383 T:3711955872   DEBUG: CAMLCodec::Decode: ret: 0, sz: 5596, dts_in: 4.4667[62250], pts_in: 4.4667[62250], adj:0, ptsOut:3.1333, amlpts:281999, idx:93, timesize:1.0009, drain: 0
07:18:30.385 T:4117546464   DEBUG: CAMLCodec::ReleaseFrame idx:91
07:18:30.393 T:3711955872   DEBUG: CAMLCodec::Decode: ret: 0, sz: 0, dts_in: 18442240474082.1797[62250], pts_in: 18442240474082.1797[62250], adj:0, ptsOut:3.1333, amlpts:281999, idx:93, timesize:1.0009, drain: 0
07:18:30.393 T:3711955872   DEBUG: CAMLCodec::Decode: ret: 4, sz: 0, dts_in: 18442240474082.1797[62250], pts_in: 18442240474082.1797[62250], adj:0, ptsOut:3.1667, amlpts:284999, idx:94, timesize:1.0009, drain: 0
07:18:30.403 T:3711955872   DEBUG: CAMLCodec::Decode: ret: 0, sz: 0, dts_in: 18442240474082.1797[62250], pts_in: 18442240474082.1797[62250], adj:0, ptsOut:3.1667, amlpts:284999, idx:94, timesize:1.0009, drain: 0
07:18:30.414 T:3711955872   DEBUG: CAMLCodec::Decode: ret: 2, sz: 0, dts_in: 18442240474082.1797[62250], pts_in: 18442240474082.1797[62250], adj:0, ptsOut:3.1667, amlpts:284999, idx:94, timesize:0.9676, drain: 0
07:18:30.418 T:4117546464   DEBUG: CAMLCodec::ReleaseFrame idx:92
07:18:30.424 T:3711955872   DEBUG: CAMLCodec::Decode: ret: 0, sz: 6356, dts_in: 4.5000[62E08], pts_in: 4.5000[62E08], adj:0, ptsOut:3.1667, amlpts:284999, idx:94, timesize:1.0009, drain: 0
07:18:30.424 T:3711955872   DEBUG: CAMLCodec::Decode: ret: 4, sz: 0, dts_in: 18442240474082.1797[62E08], pts_in: 18442240474082.1797[62E08], adj:0, ptsOut:3.2000, amlpts:288000, idx:95, timesize:1.0009, drain: 0
07:18:30.434 T:3711955872   DEBUG: CAMLCodec::Decode: ret: 0, sz: 0, dts_in: 18442240474082.1797[62E08], pts_in: 18442240474082.1797[62E08], adj:0, ptsOut:3.2000, amlpts:288000, idx:95, timesize:1.0009, drain: 0
07:18:30.445 T:3711955872   DEBUG: CAMLCodec::Decode: ret: 2, sz: 0, dts_in: 18442240474082.1797[62E08], pts_in: 18442240474082.1797[62E08], adj:0, ptsOut:3.2000, amlpts:288000, idx:95, timesize:0.9676, drain: 0
07:18:30.453 T:4117546464   DEBUG: CAMLCodec::ReleaseFrame idx:93
07:18:30.455 T:3711955872   DEBUG: CAMLCodec::Decode: ret: 0, sz: 6506, dts_in: 4.5333[639C0], pts_in: 4.5333[639C0], adj:0, ptsOut:3.2000, amlpts:288000, idx:95, timesize:1.0009, drain: 0
07:18:30.455 T:3711955872   DEBUG: CAMLCodec::Decode: ret: 4, sz: 0, dts_in: 18442240474082.1797[639C0], pts_in: 18442240474082.1797[639C0], adj:0, ptsOut:3.2333, amlpts:290999, idx:96, timesize:1.0009, drain: 0
07:18:30.463 T:3922715552   DEBUG: GetAlbumsByWhere query: SELECT albumview.*, albumartistview.* FROM albumview JOIN albumartistview ON albumartistview.idalbum = albumview.idalbum  WHERE albumview.strReleaseType = 'album'
07:18:30.464 T:3922715552   DEBUG: GetAlbumsByWhere - query took 1 ms
07:18:30.465 T:3711955872   DEBUG: CAMLCodec::Decode: ret: 0, sz: 0, dts_in: 18442240474082.1797[639C0], pts_in: 18442240474082.1797[639C0], adj:0, ptsOut:3.2333, amlpts:290999, idx:96, timesize:1.0009, drain: 0
07:18:30.476 T:3711955872   DEBUG: CAMLCodec::Decode: ret: 2, sz: 0, dts_in: 18442240474082.1797[639C0], pts_in: 18442240474082.1797[639C0], adj:0, ptsOut:3.2333, amlpts:290999, idx:96, timesize:0.9676, drain: 0
07:18:30.485 T:4117546464   DEBUG: CAMLCodec::ReleaseFrame idx:94
07:18:30.486 T:3711955872   DEBUG: CAMLCodec::Decode: ret: 0, sz: 11112, dts_in: 4.5667[64578], pts_in: 4.7000[67458], adj:0, ptsOut:3.2333, amlpts:290999, idx:96, timesize:1.0009, drain: 0
07:18:30.486 T:3711955872   DEBUG: CAMLCodec::Decode: ret: 4, sz: 0, dts_in: 18442240474082.1797[64578], pts_in: 18442240474082.1797[67458], adj:0, ptsOut:3.2667, amlpts:293999, idx:97, timesize:1.0009, drain: 0
07:18:30.497 T:3711955872   DEBUG: CAMLCodec::Decode: ret: 0, sz: 0, dts_in: 18442240474082.1797[64578], pts_in: 18442240474082.1797[67458], adj:0, ptsOut:3.2667, amlpts:293999, idx:97, timesize:1.0009, drain: 0
07:18:30.507 T:3711955872   DEBUG: CAMLCodec::Decode: ret: 2, sz: 0, dts_in: 18442240474082.1797[64578], pts_in: 18442240474082.1797[67458], adj:0, ptsOut:3.2667, amlpts:293999, idx:97, timesize:0.9676, drain: 0
07:18:30.517 T:3711955872   DEBUG: CAMLCodec::Decode: ret: 0, sz: 6819, dts_in: 4.6000[65130], pts_in: 4.6000[65130], adj:0, ptsOut:3.2667, amlpts:293999, idx:97, timesize:1.0009, drain: 0
07:18:30.517 T:3711955872   DEBUG: CAMLCodec::Decode: ret: 4, sz: 0, dts_in: 18442240474082.1797[65130], pts_in: 18442240474082.1797[65130], adj:0, ptsOut:3.3000, amlpts:297000, idx:98, timesize:1.0009, drain: 0
07:18:30.519 T:4117546464   DEBUG: CAMLCodec::ReleaseFrame idx:95
07:18:30.529 T:3711955872   DEBUG: CAMLCodec::Decode: ret: 0, sz: 0, dts_in: 18442240474082.1797[65130], pts_in: 18442240474082.1797[65130], adj:0, ptsOut:3.3000, amlpts:297000, idx:98, timesize:1.0009, drain: 0
07:18:30.539 T:3711955872   DEBUG: CAMLCodec::Decode: ret: 2, sz: 0, dts_in: 18442240474082.1797[65130], pts_in: 18442240474082.1797[65130], adj:0, ptsOut:3.3000, amlpts:297000, idx:98, timesize:0.9676, drain: 0
07:18:30.549 T:3711955872   DEBUG: CAMLCodec::Decode: ret: 0, sz: 8433, dts_in: 4.6333[65CE8], pts_in: 4.6333[65CE8], adj:0, ptsOut:3.3000, amlpts:297000, idx:98, timesize:1.0009, drain: 0
07:18:30.552 T:4117546464   DEBUG: CAMLCodec::ReleaseFrame idx:96
07:18:30.559 T:3711955872   DEBUG: CAMLCodec::Decode: ret: 0, sz: 0, dts_in: 18442240474082.1797[65CE8], pts_in: 18442240474082.1797[65CE8], adj:0, ptsOut:3.3000, amlpts:297000, idx:98, timesize:1.0009, drain: 0
07:18:30.560 T:3711955872   DEBUG: CAMLCodec::Decode: ret: 6, sz: 0, dts_in: 18442240474082.1797[65CE8], pts_in: 18442240474082.1797[65CE8], adj:0, ptsOut:3.3333, amlpts:299999, idx:99, timesize:0.9676, drain: 0
07:18:30.570 T:3711955872   DEBUG: CAMLCodec::Decode: ret: 0, sz: 7670, dts_in: 4.6667[668A0], pts_in: 4.6667[668A0], adj:0, ptsOut:3.3333, amlpts:299999, idx:99, timesize:1.0009, drain: 0
07:18:30.580 T:3711955872   DEBUG: CAMLCodec::Decode: ret: 0, sz: 0, dts_in: 18442240474082.1797[668A0], pts_in: 18442240474082.1797[668A0], adj:0, ptsOut:3.3333, amlpts:299999, idx:99, timesize:1.0009, drain: 0
07:18:30.585 T:4117546464   DEBUG: CAMLCodec::ReleaseFrame idx:97
07:18:30.590 T:3711955872   DEBUG: CAMLCodec::Decode: ret: 0, sz: 0, dts_in: 18442240474082.1797[668A0], pts_in: 18442240474082.1797[668A0], adj:0, ptsOut:3.3333, amlpts:299999, idx:99, timesize:1.0009, drain: 0
07:18:30.591 T:3711955872   DEBUG: CAMLCodec::Decode: ret: 4, sz: 0, dts_in: 18442240474082.1797[668A0], pts_in: 18442240474082.1797[668A0], adj:0, ptsOut:3.3667, amlpts:302999, idx:100, timesize:1.0009, drain: 0
07:18:30.601 T:3711955872   DEBUG: CAMLCodec::Decode: ret: 0, sz: 0, dts_in: 18442240474082.1797[668A0], pts_in: 18442240474082.1797[668A0], adj:0, ptsOut:3.3667, amlpts:302999, idx:100, timesize:1.0009, drain: 0
07:18:30.611 T:3711955872   DEBUG: CAMLCodec::Decode: ret: 2, sz: 0, dts_in: 18442240474082.1797[668A0], pts_in: 18442240474082.1797[668A0], adj:0, ptsOut:3.3667, amlpts:302999, idx:100, timesize:0.9676, drain: 0
07:18:30.619 T:4117546464   DEBUG: CAMLCodec::ReleaseFrame idx:98
07:18:30.622 T:3711955872   DEBUG: CAMLCodec::Decode: ret: 2, sz: 14966, dts_in: 4.7000[67458], pts_in: 4.8333[6A338], adj:0, ptsOut:3.3667, amlpts:302999, idx:100, timesize:0.9676, drain: 0
07:18:30.622 T:3711955872   DEBUG: CAMLCodec::Decode: ret: 4, sz: 7606, dts_in: 4.7333[68010], pts_in: 4.7333[68010], adj:0, ptsOut:3.4000, amlpts:306000, idx:101, timesize:1.0009, drain: 0
07:18:30.632 T:3711955872   DEBUG: CAMLCodec::Decode: ret: 0, sz: 0, dts_in: 18442240474082.1797[68010], pts_in: 18442240474082.1797[68010], adj:0, ptsOut:3.4000, amlpts:306000, idx:101, timesize:1.0009, drain: 0
07:18:30.652 T:4117546464   DEBUG: Previous line repeats 1 times.
07:18:30.652 T:4117546464   DEBUG: CAMLCodec::ReleaseFrame idx:99
07:18:30.653 T:3711955872   DEBUG: CAMLCodec::Decode: ret: 0, sz: 0, dts_in: 18442240474082.1797[68010], pts_in: 18442240474082.1797[68010], adj:0, ptsOut:3.4000, amlpts:306000, idx:101, timesize:1.0009, drain: 0
07:18:30.653 T:3711955872   DEBUG: CAMLCodec::Decode: ret: 4, sz: 0, dts_in: 18442240474082.1797[68010], pts_in: 18442240474082.1797[68010], adj:0, ptsOut:3.4333, amlpts:308999, idx:102, timesize:1.0009, drain: 0
07:18:30.663 T:3711955872   DEBUG: CAMLCodec::Decode: ret: 0, sz: 0, dts_in: 18442240474082.1797[68010], pts_in: 18442240474082.1797[68010], adj:0, ptsOut:3.4333, amlpts:308999, idx:102, timesize:1.0009, drain: 0
07:18:30.673 T:3711955872   DEBUG: CAMLCodec::Decode: ret: 2, sz: 0, dts_in: 18442240474082.1797[68010], pts_in: 18442240474082.1797[68010], adj:0, ptsOut:3.4333, amlpts:308999, idx:102, timesize:0.9676, drain: 0
07:18:30.684 T:3711955872   DEBUG: CAMLCodec::Decode: ret: 0, sz: 8934, dts_in: 4.7667[68BC8], pts_in: 4.7667[68BC8], adj:0, ptsOut:3.4333, amlpts:308999, idx:102, timesize:1.0009, drain: 0
07:18:30.685 T:4117546464   DEBUG: CAMLCodec::ReleaseFrame idx:100
07:18:30.694 T:3711955872   DEBUG: CAMLCodec::Decode: ret: 0, sz: 0, dts_in: 18442240474082.1797[68BC8], pts_in: 18442240474082.1797[68BC8], adj:0, ptsOut:3.4333, amlpts:308999, idx:102, timesize:1.0009, drain: 0
07:18:30.694 T:3711955872   DEBUG: CAMLCodec::Decode: ret: 4, sz: 0, dts_in: 18442240474082.1797[68BC8], pts_in: 18442240474082.1797[68BC8], adj:0, ptsOut:3.4667, amlpts:311999, idx:103, timesize:1.0009, drain: 0
07:18:30.704 T:3711955872   DEBUG: CAMLCodec::Decode: ret: 0, sz: 0, dts_in: 18442240474082.1797[68BC8], pts_in: 18442240474082.1797[68BC8], adj:0, ptsOut:3.4667, amlpts:311999, idx:103, timesize:1.0009, drain: 0
07:18:30.715 T:3711955872   DEBUG: CAMLCodec::Decode: ret: 2, sz: 0, dts_in: 18442240474082.1797[68BC8], pts_in: 18442240474082.1797[68BC8], adj:0, ptsOut:3.4667, amlpts:311999, idx:103, timesize:0.9676, drain: 0
07:18:30.719 T:4117546464   DEBUG: CAMLCodec::ReleaseFrame idx:101
07:18:30.725 T:3711955872   DEBUG: CAMLCodec::Decode: ret: 0, sz: 8213, dts_in: 4.8000[69780], pts_in: 4.8000[69780], adj:0, ptsOut:3.4667, amlpts:311999, idx:103, timesize:1.0009, drain: 0
07:18:30.725 T:3711955872   DEBUG: CAMLCodec::Decode: ret: 4, sz: 0, dts_in: 18442240474082.1797[69780], pts_in: 18442240474082.1797[69780], adj:0, ptsOut:3.5000, amlpts:315000, idx:104, timesize:1.0009, drain: 0
07:18:30.735 T:3711955872   DEBUG: CAMLCodec::Decode: ret: 0, sz: 0, dts_in: 18442240474082.1797[69780], pts_in: 18442240474082.1797[69780], adj:0, ptsOut:3.5000, amlpts:315000, idx:104, timesize:1.0009, drain: 0
07:18:30.746 T:3711955872   DEBUG: CAMLCodec::Decode: ret: 2, sz: 0, dts_in: 18442240474082.1797[69780], pts_in: 18442240474082.1797[69780], adj:0, ptsOut:3.5000, amlpts:315000, idx:104, timesize:0.9676, drain: 0
07:18:30.752 T:4117546464   DEBUG: CAMLCodec::ReleaseFrame idx:102
07:18:30.756 T:3711955872   DEBUG: CAMLCodec::Decode: ret: 2, sz: 16025, dts_in: 4.8333[6A338], pts_in: 4.9667[6D218], adj:0, ptsOut:3.5000, amlpts:315000, idx:104, timesize:0.9676, drain: 0
07:18:30.756 T:3711955872   DEBUG: CAMLCodec::Decode: ret: 4, sz: 7657, dts_in: 4.8667[6AEF0], pts_in: 4.8667[6AEF0], adj:0, ptsOut:3.5333, amlpts:317999, idx:105, timesize:1.0009, drain: 0
07:18:30.767 T:3711955872   DEBUG: CAMLCodec::Decode: ret: 0, sz: 0, dts_in: 18442240474082.1797[6AEF0], pts_in: 18442240474082.1797[6AEF0], adj:0, ptsOut:3.5333, amlpts:317999, idx:105, timesize:1.0009, drain: 0
07:18:30.785 T:4117546464   DEBUG: Previous line repeats 1 times.
07:18:30.785 T:4117546464   DEBUG: CAMLCodec::ReleaseFrame idx:103
07:18:30.787 T:3711955872   DEBUG: CAMLCodec::Decode: ret: 0, sz: 0, dts_in: 18442240474082.1797[6AEF0], pts_in: 18442240474082.1797[6AEF0], adj:0, ptsOut:3.5333, amlpts:317999, idx:105, timesize:1.0009, drain: 0
07:18:30.787 T:3711955872   DEBUG: CAMLCodec::Decode: ret: 4, sz: 0, dts_in: 18442240474082.1797[6AEF0], pts_in: 18442240474082.1797[6AEF0], adj:0, ptsOut:3.5667, amlpts:320999, idx:106, timesize:1.0009, drain: 0
07:18:30.797 T:3711955872   DEBUG: CAMLCodec::Decode: ret: 0, sz: 0, dts_in: 18442240474082.1797[6AEF0], pts_in: 18442240474082.1797[6AEF0], adj:0, ptsOut:3.5667, amlpts:320999, idx:106, timesize:1.0009, drain: 0
07:18:30.808 T:3711955872   DEBUG: CAMLCodec::Decode: ret: 2, sz: 0, dts_in: 18442240474082.1797[6AEF0], pts_in: 18442240474082.1797[6AEF0], adj:0, ptsOut:3.5667, amlpts:320999, idx:106, timesize:0.9676, drain: 0
07:18:30.818 T:3711955872   DEBUG: CAMLCodec::Decode: ret: 0, sz: 10002, dts_in: 4.9000[6BAA8], pts_in: 4.9000[6BAA8], adj:0, ptsOut:3.5667, amlpts:320999, idx:106, timesize:1.0009, drain: 0
07:18:30.818 T:3711955872   DEBUG: CAMLCodec::Decode: ret: 4, sz: 0, dts_in: 18442240474082.1797[6BAA8], pts_in: 18442240474082.1797[6BAA8], adj:0, ptsOut:3.6000, amlpts:324000, idx:107, timesize:1.0009, drain: 0
07:18:30.819 T:4117546464   DEBUG: CAMLCodec::ReleaseFrame idx:104
07:18:30.829 T:3711955872   DEBUG: CAMLCodec::Decode: ret: 0, sz: 0, dts_in: 18442240474082.1797[6BAA8], pts_in: 18442240474082.1797[6BAA8], adj:0, ptsOut:3.6000, amlpts:324000, idx:107, timesize:1.0009, drain: 0
07:18:30.839 T:3711955872   DEBUG: CAMLCodec::Decode: ret: 2, sz: 0, dts_in: 18442240474082.1797[6BAA8], pts_in: 18442240474082.1797[6BAA8], adj:0, ptsOut:3.6000, amlpts:324000, idx:107, timesize:0.9676, drain: 0
07:18:30.849 T:3711955872   DEBUG: CAMLCodec::Decode: ret: 2, sz: 9297, dts_in: 4.9333[6C660], pts_in: 4.9333[6C660], adj:0, ptsOut:3.6000, amlpts:324000, idx:107, timesize:0.9676, drain: 0
07:18:30.852 T:4117546464   DEBUG: CAMLCodec::ReleaseFrame idx:105
07:18:30.860 T:3711955872   DEBUG: CAMLCodec::Decode: ret: 2, sz: 18874, dts_in: 4.9667[6D218], pts_in: 5.1000[700F8], adj:0, ptsOut:3.6000, amlpts:324000, idx:107, timesize:0.9676, drain: 0
07:18:30.860 T:3711955872   DEBUG: CAMLCodec::Decode: ret: 4, sz: 8983, dts_in: 5.0000[6DDD0], pts_in: 5.0000[6DDD0], adj:0, ptsOut:3.6333, amlpts:326999, idx:108, timesize:1.0009, drain: 0
07:18:30.870 T:3711955872   DEBUG: CAMLCodec::Decode: ret: 0, sz: 0, dts_in: 18442240474082.1797[6DDD0], pts_in: 18442240474082.1797[6DDD0], adj:0, ptsOut:3.6333, amlpts:326999, idx:108, timesize:1.0009, drain: 0
07:18:30.885 T:4117546464   DEBUG: Previous line repeats 1 times.
07:18:30.885 T:4117546464   DEBUG: CAMLCodec::ReleaseFrame idx:106
07:18:30.891 T:3711955872   DEBUG: CAMLCodec::Decode: ret: 0, sz: 0, dts_in: 18442240474082.1797[6DDD0], pts_in: 18442240474082.1797[6DDD0], adj:0, ptsOut:3.6333, amlpts:326999, idx:108, timesize:1.0009, drain: 0
07:18:30.891 T:3711955872   DEBUG: CAMLCodec::Decode: ret: 4, sz: 0, dts_in: 18442240474082.1797[6DDD0], pts_in: 18442240474082.1797[6DDD0], adj:0, ptsOut:3.6667, amlpts:329999, idx:109, timesize:1.0009, drain: 0
07:18:30.893 T:3922715552   DEBUG: RunQuery took 1 ms for 0 items query: select * from musicvideo_view  WHERE ((musicvideo_view.playCount IS NULL OR musicvideo_view.playCount < 1))
07:18:30.901 T:3711955872   DEBUG: CAMLCodec::Decode: ret: 0, sz: 0, dts_in: 18442240474082.1797[6DDD0], pts_in: 18442240474082.1797[6DDD0], adj:0, ptsOut:3.6667, amlpts:329999, idx:109, timesize:1.0009, drain: 0
07:18:30.918 T:4117546464   DEBUG: Previous line repeats 1 times.
07:18:30.919 T:4117546464   DEBUG: CAMLCodec::ReleaseFrame idx:107
07:18:30.922 T:3711955872   DEBUG: CAMLCodec::Decode: ret: 0, sz: 0, dts_in: 18442240474082.1797[6DDD0], pts_in: 18442240474082.1797[6DDD0], adj:0, ptsOut:3.6667, amlpts:329999, idx:109, timesize:1.0009, drain: 0
07:18:30.922 T:3711955872   DEBUG: CAMLCodec::Decode: ret: 4, sz: 0, dts_in: 18442240474082.1797[6DDD0], pts_in: 18442240474082.1797[6DDD0], adj:0, ptsOut:3.7000, amlpts:333000, idx:110, timesize:1.0009, drain: 0
07:18:30.932 T:3711955872   DEBUG: CAMLCodec::Decode: ret: 0, sz: 0, dts_in: 18442240474082.1797[6DDD0], pts_in: 18442240474082.1797[6DDD0], adj:0, ptsOut:3.7000, amlpts:333000, idx:110, timesize:1.0009, drain: 0
07:18:30.942 T:3711955872   DEBUG: CAMLCodec::Decode: ret: 2, sz: 0, dts_in: 18442240474082.1797[6DDD0], pts_in: 18442240474082.1797[6DDD0], adj:0, ptsOut:3.7000, amlpts:333000, idx:110, timesize:0.9676, drain: 0
07:18:30.952 T:4117546464   DEBUG: CAMLCodec::ReleaseFrame idx:108
07:18:30.953 T:3711955872   DEBUG: CAMLCodec::Decode: ret: 2, sz: 11109, dts_in: 5.0333[6E988], pts_in: 5.0333[6E988], adj:0, ptsOut:3.7000, amlpts:333000, idx:110, timesize:0.9676, drain: 0
07:18:30.953 T:3711955872   DEBUG: CAMLCodec::Decode: ret: 4, sz: 10705, dts_in: 5.0667[6F540], pts_in: 5.0667[6F540], adj:0, ptsOut:3.7333, amlpts:335999, idx:111, timesize:1.0009, drain: 0
07:18:30.963 T:3711955872   DEBUG: CAMLCodec::Decode: ret: 0, sz: 0, dts_in: 18442240474082.1797[6F540], pts_in: 18442240474082.1797[6F540], adj:0, ptsOut:3.7333, amlpts:335999, idx:111, timesize:1.0009, drain: 0
07:18:30.985 T:4117546464   DEBUG: Previous line repeats 2 times.
07:18:30.985 T:4117546464   DEBUG: CAMLCodec::ReleaseFrame idx:109
07:18:30.994 T:3711955872   DEBUG: CAMLCodec::Decode: ret: 0, sz: 0, dts_in: 18442240474082.1797[6F540], pts_in: 18442240474082.1797[6F540], adj:0, ptsOut:3.7333, amlpts:335999, idx:111, timesize:1.0009, drain: 0
07:18:30.994 T:3711955872   DEBUG: CAMLCodec::Decode: ret: 4, sz: 0, dts_in: 18442240474082.1797[6F540], pts_in: 18442240474082.1797[6F540], adj:0, ptsOut:3.7667, amlpts:338999, idx:112, timesize:1.0009, drain: 0
07:18:31.004 T:3711955872   DEBUG: CAMLCodec::Decode: ret: 0, sz: 0, dts_in: 18442240474082.1797[6F540], pts_in: 18442240474082.1797[6F540], adj:0, ptsOut:3.7667, amlpts:338999, idx:112, timesize:1.0009, drain: 0
07:18:31.015 T:3711955872   DEBUG: CAMLCodec::Decode: ret: 2, sz: 0, dts_in: 18442240474082.1797[6F540], pts_in: 18442240474082.1797[6F540], adj:0, ptsOut:3.7667, amlpts:338999, idx:112, timesize:0.9676, drain: 0
07:18:31.019 T:4117546464   DEBUG: CAMLCodec::ReleaseFrame idx:110
07:18:31.025 T:3711955872   DEBUG: CAMLCodec::Decode: ret: 2, sz: 24014, dts_in: 5.1000[700F8], pts_in: 5.2333[72FD8], adj:0, ptsOut:3.7667, amlpts:338999, idx:112, timesize:0.9008, drain: 0
07:18:31.025 T:3711955872   DEBUG: CAMLCodec::Decode: ret: 6, sz: 10217, dts_in: 5.1333[70CB0], pts_in: 5.1333[70CB0], adj:0, ptsOut:3.8000, amlpts:342000, idx:113, timesize:0.9342, drain: 0
07:18:31.036 T:3711955872   DEBUG: CAMLCodec::Decode: ret: 2, sz: 13801, dts_in: 5.1667[71868], pts_in: 5.1667[71868], adj:0, ptsOut:3.8000, amlpts:342000, idx:113, timesize:0.9676, drain: 0
07:18:31.046 T:3711955872   DEBUG: CAMLCodec::Decode: ret: 0, sz: 12798, dts_in: 5.2000[72420], pts_in: 5.2000[72420], adj:0, ptsOut:3.8000, amlpts:342000, idx:113, timesize:1.0009, drain: 0
07:18:31.052 T:4117546464   DEBUG: CAMLCodec::ReleaseFrame idx:111
07:18:31.056 T:3711955872   DEBUG: CAMLCodec::Decode: ret: 0, sz: 0, dts_in: 18442240474082.1797[72420], pts_in: 18442240474082.1797[72420], adj:0, ptsOut:3.8000, amlpts:342000, idx:113, timesize:1.0009, drain: 0
07:18:31.056 T:3711955872   DEBUG: CAMLCodec::Decode: ret: 4, sz: 0, dts_in: 18442240474082.1797[72420], pts_in: 18442240474082.1797[72420], adj:0, ptsOut:3.8333, amlpts:344999, idx:114, timesize:1.0009, drain: 0
07:18:31.067 T:3711955872   DEBUG: CAMLCodec::Decode: ret: 0, sz: 0, dts_in: 18442240474082.1797[72420], pts_in: 18442240474082.1797[72420], adj:0, ptsOut:3.8333, amlpts:344999, idx:114, timesize:1.0009, drain: 0
07:18:31.085 T:4117546464   DEBUG: Previous line repeats 1 times.
07:18:31.085 T:4117546464   DEBUG: CAMLCodec::ReleaseFrame idx:112
07:18:31.087 T:3711955872   DEBUG: CAMLCodec::Decode: ret: 0, sz: 0, dts_in: 18442240474082.1797[72420], pts_in: 18442240474082.1797[72420], adj:0, ptsOut:3.8333, amlpts:344999, idx:114, timesize:1.0009, drain: 0
07:18:31.087 T:3711955872   DEBUG: CAMLCodec::Decode: ret: 4, sz: 0, dts_in: 18442240474082.1797[72420], pts_in: 18442240474082.1797[72420], adj:0, ptsOut:3.8667, amlpts:347999, idx:115, timesize:1.0009, drain: 0
07:18:31.098 T:3711955872   DEBUG: CAMLCodec::Decode: ret: 0, sz: 0, dts_in: 18442240474082.1797[72420], pts_in: 18442240474082.1797[72420], adj:0, ptsOut:3.8667, amlpts:347999, idx:115, timesize:1.0009, drain: 0
07:18:31.118 T:3711955872   DEBUG: Previous line repeats 2 times.
07:18:31.118 T:3711955872   DEBUG: CAMLCodec::Decode: ret: 4, sz: 0, dts_in: 18442240474082.1797[72420], pts_in: 18442240474082.1797[72420], adj:0, ptsOut:3.9000, amlpts:351000, idx:116, timesize:1.0009, drain: 0
07:18:31.118 T:4117546464   DEBUG: CAMLCodec::ReleaseFrame idx:113
07:18:31.129 T:3711955872   DEBUG: CAMLCodec::Decode: ret: 0, sz: 0, dts_in: 18442240474082.1797[72420], pts_in: 18442240474082.1797[72420], adj:0, ptsOut:3.9000, amlpts:351000, idx:116, timesize:1.0009, drain: 0
07:18:31.139 T:3711955872   DEBUG: CAMLCodec::Decode: ret: 2, sz: 0, dts_in: 18442240474082.1797[72420], pts_in: 18442240474082.1797[72420], adj:0, ptsOut:3.9000, amlpts:351000, idx:116, timesize:0.9676, drain: 0
07:18:31.149 T:3711955872   DEBUG: CAMLCodec::Decode: ret: 2, sz: 27816, dts_in: 5.2333[72FD8], pts_in: 5.3667[75EB8], adj:0, ptsOut:3.9000, amlpts:351000, idx:116, timesize:0.8675, drain: 0
07:18:31.152 T:4117546464   DEBUG: CAMLCodec::ReleaseFrame idx:114
07:18:31.160 T:3711955872   DEBUG: CAMLCodec::Decode: ret: 2, sz: 13466, dts_in: 5.2667[73B90], pts_in: 5.2667[73B90], adj:0, ptsOut:3.9000, amlpts:351000, idx:116, timesize:0.9008, drain: 0
07:18:31.160 T:3711955872   DEBUG: CAMLCodec::Decode: ret: 6, sz: 17320, dts_in: 5.3000[74748], pts_in: 5.3000[74748], adj:0, ptsOut:3.9333, amlpts:353999, idx:117, timesize:0.9342, drain: 0
07:18:31.170 T:3711955872   DEBUG: CAMLCodec::Decode: ret: 2, sz: 15258, dts_in: 5.3333[75300], pts_in: 5.3333[75300], adj:0, ptsOut:3.9333, amlpts:353999, idx:117, timesize:0.9676, drain: 0
07:18:31.181 T:3711955872   DEBUG: CAMLCodec::Decode: ret: 2, sz: 27505, dts_in: 5.3667[75EB8], pts_in: 5.4667[781E0], adj:0, ptsOut:3.9333, amlpts:353999, idx:117, timesize:0.9676, drain: 0
07:18:31.185 T:4117546464   DEBUG: CAMLCodec::ReleaseFrame idx:115
07:18:31.191 T:3711955872   DEBUG: CAMLCodec::Decode: ret: 0, sz: 13598, dts_in: 5.4000[76A70], pts_in: 5.4000[76A70], adj:0, ptsOut:3.9333, amlpts:353999, idx:117, timesize:1.0009, drain: 0
07:18:31.191 T:3711955872   DEBUG: CAMLCodec::Decode: ret: 4, sz: 0, dts_in: 18442240474082.1797[76A70], pts_in: 18442240474082.1797[76A70], adj:0, ptsOut:3.9667, amlpts:356999, idx:118, timesize:1.0009, drain: 0
07:18:31.201 T:3711955872   DEBUG: CAMLCodec::Decode: ret: 0, sz: 0, dts_in: 18442240474082.1797[76A70], pts_in: 18442240474082.1797[76A70], adj:0, ptsOut:3.9667, amlpts:356999, idx:118, timesize:1.0009, drain: 0
07:18:31.218 T:4117546464   DEBUG: Previous line repeats 1 times.
07:18:31.219 T:4117546464   DEBUG: CAMLCodec::ReleaseFrame idx:116
07:18:31.222 T:3711955872   DEBUG: CAMLCodec::Decode: ret: 0, sz: 0, dts_in: 18442240474082.1797[76A70], pts_in: 18442240474082.1797[76A70], adj:0, ptsOut:3.9667, amlpts:356999, idx:118, timesize:1.0009, drain: 0
07:18:31.222 T:3711955872   DEBUG: CAMLCodec::Decode: ret: 4, sz: 0, dts_in: 18442240474082.1797[76A70], pts_in: 18442240474082.1797[76A70], adj:0, ptsOut:4.0000, amlpts:360000, idx:119, timesize:1.0009, drain: 0
07:18:31.232 T:3711955872   DEBUG: CAMLCodec::Decode: ret: 0, sz: 0, dts_in: 18442240474082.1797[76A70], pts_in: 18442240474082.1797[76A70], adj:0, ptsOut:4.0000, amlpts:360000, idx:119, timesize:1.0009, drain: 0
07:18:31.252 T:4117546464   DEBUG: Previous line repeats 1 times.
07:18:31.252 T:4117546464   DEBUG: CAMLCodec::ReleaseFrame idx:117
07:18:31.253 T:3711955872   DEBUG: CAMLCodec::Decode: ret: 0, sz: 0, dts_in: 18442240474082.1797[76A70], pts_in: 18442240474082.1797[76A70], adj:0, ptsOut:4.0000, amlpts:360000, idx:119, timesize:1.0009, drain: 0
07:18:31.253 T:3711955872   DEBUG: CAMLCodec::Decode: ret: 4, sz: 0, dts_in: 18442240474082.1797[76A70], pts_in: 18442240474082.1797[76A70], adj:0, ptsOut:4.0333, amlpts:362999, idx:120, timesize:1.0009, drain: 0
07:18:31.263 T:3711955872   DEBUG: CAMLCodec::Decode: ret: 0, sz: 0, dts_in: 18442240474082.1797[76A70], pts_in: 18442240474082.1797[76A70], adj:0, ptsOut:4.0333, amlpts:362999, idx:120, timesize:1.0009, drain: 0
07:18:31.285 T:4117546464   DEBUG: Previous line repeats 2 times.
07:18:31.285 T:4117546464   DEBUG: CAMLCodec::ReleaseFrame idx:118
07:18:31.294 T:3711955872   DEBUG: CAMLCodec::Decode: ret: 0, sz: 0, dts_in: 18442240474082.1797[76A70], pts_in: 18442240474082.1797[76A70], adj:0, ptsOut:4.0333, amlpts:362999, idx:120, timesize:1.0009, drain: 0
07:18:31.294 T:3711955872   DEBUG: CAMLCodec::Decode: ret: 4, sz: 0, dts_in: 18442240474082.1797[76A70], pts_in: 18442240474082.1797[76A70], adj:0, ptsOut:4.0667, amlpts:365999, idx:121, timesize:1.0009, drain: 0
07:18:31.304 T:3711955872   DEBUG: CAMLCodec::Decode: ret: 0, sz: 0, dts_in: 18442240474082.1797[76A70], pts_in: 18442240474082.1797[76A70], adj:0, ptsOut:4.0667, amlpts:365999, idx:121, timesize:1.0009, drain: 0
07:18:31.319 T:4117546464   DEBUG: Previous line repeats 1 times.
07:18:31.319 T:4117546464   DEBUG: CAMLCodec::ReleaseFrame idx:119
07:18:31.325 T:3711955872   DEBUG: CAMLCodec::Decode: ret: 0, sz: 0, dts_in: 18442240474082.1797[76A70], pts_in: 18442240474082.1797[76A70], adj:0, ptsOut:4.0667, amlpts:365999, idx:121, timesize:1.0009, drain: 0
07:18:31.325 T:3711955872   DEBUG: CAMLCodec::Decode: ret: 4, sz: 0, dts_in: 18442240474082.1797[76A70], pts_in: 18442240474082.1797[76A70], adj:0, ptsOut:4.1000, amlpts:369000, idx:122, timesize:1.0009, drain: 0
07:18:31.325 T:3711955872   DEBUG: CPullupCorrection: detected pattern of length 1: 33333.33, frameduration: 33333.333333
07:18:31.335 T:3711955872   DEBUG: CAMLCodec::Decode: ret: 0, sz: 0, dts_in: 18442240474082.1797[76A70], pts_in: 18442240474082.1797[76A70], adj:0, ptsOut:4.1000, amlpts:369000, idx:122, timesize:1.0009, drain: 0
07:18:31.346 T:3711955872   DEBUG: CAMLCodec::Decode: ret: 2, sz: 0, dts_in: 18442240474082.1797[76A70], pts_in: 18442240474082.1797[76A70], adj:0, ptsOut:4.1000, amlpts:369000, idx:122, timesize:0.9676, drain: 0
07:18:31.352 T:4117546464   DEBUG: CAMLCodec::ReleaseFrame idx:120
07:18:31.356 T:3711955872   DEBUG: CAMLCodec::Decode: ret: 2, sz: 15620, dts_in: 5.4333[77628], pts_in: 5.4333[77628], adj:0, ptsOut:4.1000, amlpts:369000, idx:122, timesize:0.9676, drain: 0
07:18:31.356 T:3711955872   DEBUG: CAMLCodec::Decode: ret: 6, sz: 25844, dts_in: 5.4667[781E0], pts_in: 5.6000[7B0C0], adj:0, ptsOut:4.1333, amlpts:371999, idx:123, timesize:0.9008, drain: 0
07:18:31.367 T:3711955872   DEBUG: CAMLCodec::Decode: ret: 2, sz: 15351, dts_in: 5.5000[78D98], pts_in: 5.5000[78D98], adj:0, ptsOut:4.1333, amlpts:371999, idx:123, timesize:0.9342, drain: 0
07:18:31.377 T:3711955872   DEBUG: CAMLCodec::Decode: ret: 2, sz: 19145, dts_in: 5.5333[79950], pts_in: 5.5333[79950], adj:0, ptsOut:4.1333, amlpts:371999, idx:123, timesize:0.9676, drain: 0
07:18:31.385 T:4117546464   DEBUG: CAMLCodec::ReleaseFrame idx:121
07:18:31.387 T:3711955872   DEBUG: CAMLCodec::Decode: ret: 0, sz: 16929, dts_in: 5.5667[7A508], pts_in: 5.5667[7A508], adj:0, ptsOut:4.1333, amlpts:371999, idx:123, timesize:1.0009, drain: 0
07:18:31.388 T:3711955872   DEBUG: CAMLCodec::Decode: ret: 4, sz: 0, dts_in: 18442240474082.1797[7A508], pts_in: 18442240474082.1797[7A508], adj:0, ptsOut:4.1667, amlpts:374999, idx:124, timesize:1.0009, drain: 0
07:18:31.398 T:3711955872   DEBUG: CAMLCodec::Decode: ret: 0, sz: 0, dts_in: 18442240474082.1797[7A508], pts_in: 18442240474082.1797[7A508], adj:0, ptsOut:4.1667, amlpts:374999, idx:124, timesize:1.0009, drain: 0
07:18:31.419 T:3711955872   DEBUG: Previous line repeats 2 times.
07:18:31.419 T:3711955872   DEBUG: CAMLCodec::Decode: ret: 4, sz: 0, dts_in: 18442240474082.1797[7A508], pts_in: 18442240474082.1797[7A508], adj:0, ptsOut:4.2000, amlpts:378000, idx:125, timesize:1.0009, drain: 0
07:18:31.419 T:4117546464   DEBUG: CAMLCodec::ReleaseFrame idx:122
07:18:31.429 T:3711955872   DEBUG: CAMLCodec::Decode: ret: 0, sz: 0, dts_in: 18442240474082.1797[7A508], pts_in: 18442240474082.1797[7A508], adj:0, ptsOut:4.2000, amlpts:378000, idx:125, timesize:1.0009, drain: 0
07:18:31.452 T:4117546464   DEBUG: Previous line repeats 2 times.
07:18:31.452 T:4117546464   DEBUG: CAMLCodec::ReleaseFrame idx:123
07:18:31.460 T:3711955872   DEBUG: CAMLCodec::Decode: ret: 0, sz: 0, dts_in: 18442240474082.1797[7A508], pts_in: 18442240474082.1797[7A508], adj:0, ptsOut:4.2000, amlpts:378000, idx:125, timesize:1.0009, drain: 0
07:18:31.460 T:3711955872   DEBUG: CAMLCodec::Decode: ret: 4, sz: 0, dts_in: 18442240474082.1797[7A508], pts_in: 18442240474082.1797[7A508], adj:0, ptsOut:4.2333, amlpts:380999, idx:126, timesize:1.0009, drain: 0
07:18:31.470 T:3711955872   DEBUG: CAMLCodec::Decode: ret: 0, sz: 0, dts_in: 18442240474082.1797[7A508], pts_in: 18442240474082.1797[7A508], adj:0, ptsOut:4.2333, amlpts:380999, idx:126, timesize:1.0009, drain: 0
07:18:31.485 T:4117546464   DEBUG: Previous line repeats 1 times.
07:18:31.485 T:4117546464   DEBUG: CAMLCodec::ReleaseFrame idx:124
07:18:31.490 T:3711955872   DEBUG: CAMLCodec::Decode: ret: 0, sz: 0, dts_in: 18442240474082.1797[7A508], pts_in: 18442240474082.1797[7A508], adj:0, ptsOut:4.2333, amlpts:380999, idx:126, timesize:1.0009, drain: 0
07:18:31.491 T:3711955872   DEBUG: CAMLCodec::Decode: ret: 4, sz: 0, dts_in: 18442240474082.1797[7A508], pts_in: 18442240474082.1797[7A508], adj:0, ptsOut:4.2667, amlpts:383999, idx:127, timesize:1.0009, drain: 0
07:18:31.501 T:3711955872   DEBUG: CAMLCodec::Decode: ret: 0, sz: 0, dts_in: 18442240474082.1797[7A508], pts_in: 18442240474082.1797[7A508], adj:0, ptsOut:4.2667, amlpts:383999, idx:127, timesize:1.0009, drain: 0
07:18:31.511 T:3711955872   DEBUG: CAMLCodec::Decode: ret: 2, sz: 0, dts_in: 18442240474082.1797[7A508], pts_in: 18442240474082.1797[7A508], adj:0, ptsOut:4.2667, amlpts:383999, idx:127, timesize:0.9676, drain: 0
07:18:31.519 T:4117546464   DEBUG: CAMLCodec::ReleaseFrame idx:125
07:18:31.522 T:3711955872   DEBUG: CAMLCodec::Decode: ret: 2, sz: 23906, dts_in: 5.6000[7B0C0], pts_in: 5.7333[7DFA0], adj:0, ptsOut:4.2667, amlpts:383999, idx:127, timesize:0.9008, drain: 0
07:18:31.522 T:3711955872   DEBUG: CAMLCodec::Decode: ret: 6, sz: 13805, dts_in: 5.6333[7BC78], pts_in: 5.6333[7BC78], adj:0, ptsOut:4.3000, amlpts:387000, idx:128, timesize:0.9342, drain: 0
07:18:31.532 T:3711955872   DEBUG: CAMLCodec::Decode: ret: 2, sz: 16452, dts_in: 5.6667[7C830], pts_in: 5.6667[7C830], adj:0, ptsOut:4.3000, amlpts:387000, idx:128, timesize:0.9676, drain: 0
07:18:31.543 T:3711955872   DEBUG: CAMLCodec::Decode: ret: 0, sz: 13714, dts_in: 5.7000[7D3E8], pts_in: 5.7000[7D3E8], adj:0, ptsOut:4.3000, amlpts:387000, idx:128, timesize:1.0009, drain: 0
07:18:31.552 T:4117546464   DEBUG: CAMLCodec::ReleaseFrame idx:126
07:18:31.553 T:3711955872   DEBUG: CAMLCodec::Decode: ret: 0, sz: 0, dts_in: 18442240474082.1797[7D3E8], pts_in: 18442240474082.1797[7D3E8], adj:0, ptsOut:4.3000, amlpts:387000, idx:128, timesize:1.0009, drain: 0
07:18:31.553 T:3711955872   DEBUG: CAMLCodec::Decode: ret: 4, sz: 0, dts_in: 18442240474082.1797[7D3E8], pts_in: 18442240474082.1797[7D3E8], adj:0, ptsOut:4.3333, amlpts:389999, idx:129, timesize:1.0009, drain: 0
07:18:31.563 T:3711955872   DEBUG: CAMLCodec::Decode: ret: 0, sz: 0, dts_in: 18442240474082.1797[7D3E8], pts_in: 18442240474082.1797[7D3E8], adj:0, ptsOut:4.3333, amlpts:389999, idx:129, timesize:1.0009, drain: 0
07:18:31.577 T:3922715552   DEBUG: Previous line repeats 1 times.
07:18:31.577 T:3922715552   DEBUG: RunQuery took 1 ms for 0 items query: select * from movie_view  WHERE ((movie_view.playCount IS NULL OR movie_view.playCount < 1))
07:18:31.584 T:3711955872   DEBUG: CAMLCodec::Decode: ret: 0, sz: 0, dts_in: 18442240474082.1797[7D3E8], pts_in: 18442240474082.1797[7D3E8], adj:0, ptsOut:4.3333, amlpts:389999, idx:129, timesize:1.0009, drain: 0
07:18:31.585 T:4117546464   DEBUG: CAMLCodec::ReleaseFrame idx:127
07:18:31.594 T:3711955872   DEBUG: CAMLCodec::Decode: ret: 0, sz: 0, dts_in: 18442240474082.1797[7D3E8], pts_in: 18442240474082.1797[7D3E8], adj:0, ptsOut:4.3333, amlpts:389999, idx:129, timesize:1.0009, drain: 0
07:18:31.594 T:3711955872   DEBUG: CAMLCodec::Decode: ret: 4, sz: 0, dts_in: 18442240474082.1797[7D3E8], pts_in: 18442240474082.1797[7D3E8], adj:0, ptsOut:4.3667, amlpts:392999, idx:130, timesize:1.0009, drain: 0
07:18:31.604 T:3711955872   DEBUG: CAMLCodec::Decode: ret: 0, sz: 0, dts_in: 18442240474082.1797[7D3E8], pts_in: 18442240474082.1797[7D3E8], adj:0, ptsOut:4.3667, amlpts:392999, idx:130, timesize:1.0009, drain: 0
07:18:31.619 T:4117546464   DEBUG: Previous line repeats 1 times.
07:18:31.619 T:4117546464   DEBUG: CAMLCodec::ReleaseFrame idx:128
07:18:31.625 T:3711955872   DEBUG: CAMLCodec::Decode: ret: 0, sz: 0, dts_in: 18442240474082.1797[7D3E8], pts_in: 18442240474082.1797[7D3E8], adj:0, ptsOut:4.3667, amlpts:392999, idx:130, timesize:1.0009, drain: 0
07:18:31.625 T:3711955872   DEBUG: CAMLCodec::Decode: ret: 4, sz: 0, dts_in: 18442240474082.1797[7D3E8], pts_in: 18442240474082.1797[7D3E8], adj:0, ptsOut:4.4000, amlpts:396000, idx:131, timesize:1.0009, drain: 0
07:18:31.635 T:3711955872   DEBUG: CAMLCodec::Decode: ret: 0, sz: 0, dts_in: 18442240474082.1797[7D3E8], pts_in: 18442240474082.1797[7D3E8], adj:0, ptsOut:4.4000, amlpts:396000, idx:131, timesize:1.0009, drain: 0
07:18:31.646 T:3711955872   DEBUG: CAMLCodec::Decode: ret: 2, sz: 0, dts_in: 18442240474082.1797[7D3E8], pts_in: 18442240474082.1797[7D3E8], adj:0, ptsOut:4.4000, amlpts:396000, idx:131, timesize:0.9676, drain: 0
07:18:31.652 T:4117546464   DEBUG: CAMLCodec::ReleaseFrame idx:129
07:18:31.656 T:3711955872   DEBUG: CAMLCodec::Decode: ret: 2, sz: 22000, dts_in: 5.7333[7DFA0], pts_in: 5.8667[80E80], adj:0, ptsOut:4.4000, amlpts:396000, idx:131, timesize:0.9342, drain: 0
07:18:31.656 T:3711955872   DEBUG: CAMLCodec::Decode: ret: 6, sz: 12018, dts_in: 5.7667[7EB58], pts_in: 5.7667[7EB58], adj:0, ptsOut:4.4333, amlpts:398999, idx:132, timesize:0.9676, drain: 0
07:18:31.667 T:3711955872   DEBUG: CAMLCodec::Decode: ret: 0, sz: 14946, dts_in: 5.8000[7F710], pts_in: 5.8000[7F710], adj:0, ptsOut:4.4333, amlpts:398999, idx:132, timesize:1.0009, drain: 0
07:18:31.671 T:3674207136   DEBUG: CPythonInvoker(14, /storage/.kodi/addons/plugin.program.super.favourites/default.py): setting the Python path to /storage/.kodi/addons/plugin.program.super.favourites:/storage/.kodi/addons/script.module.addon.common/lib:/storage/.kodi/addons/script.module.metahandler/lib:/storage/.kodi/addons/script.module.myconnpy/lib:/storage/.kodi/addons/script.module.simplejson/lib:/usr/lib/python27.zip:/usr/lib/python2.7:/usr/lib/python2.7/plat-linux2:/usr/lib/python2.7/lib-tk:/usr/lib/python2.7/lib-old:/usr/lib/python2.7/lib-dynload:/usr/lib/python2.7/site-packages:/usr/lib/python2.7/site-packages/gtk-2.0
07:18:31.671 T:3674207136   DEBUG: CPythonInvoker(14, /storage/.kodi/addons/plugin.program.super.favourites/default.py): entering source directory /storage/.kodi/addons/plugin.program.super.favourites
07:18:31.672 T:3674207136   DEBUG: CPythonInvoker(14, /storage/.kodi/addons/plugin.program.super.favourites/default.py): instantiating addon using automatically obtained id of "plugin.program.super.favourites" dependent on version 2.14.0 of the xbmc.python api
07:18:31.677 T:3711955872   DEBUG: CAMLCodec::Decode: ret: 0, sz: 0, dts_in: 18442240474082.1797[7F710], pts_in: 18442240474082.1797[7F710], adj:0, ptsOut:4.4333, amlpts:398999, idx:132, timesize:1.0009, drain: 0
07:18:31.685 T:4117546464   DEBUG: CAMLCodec::ReleaseFrame idx:130
07:18:31.687 T:3711955872   DEBUG: CAMLCodec::Decode: ret: 0, sz: 0, dts_in: 18442240474082.1797[7F710], pts_in: 18442240474082.1797[7F710], adj:0, ptsOut:4.4333, amlpts:398999, idx:132, timesize:1.0009, drain: 0
07:18:31.687 T:3711955872   DEBUG: CAMLCodec::Decode: ret: 4, sz: 0, dts_in: 18442240474082.1797[7F710], pts_in: 18442240474082.1797[7F710], adj:0, ptsOut:4.4667, amlpts:401999, idx:133, timesize:1.0009, drain: 0
07:18:31.698 T:3711955872   DEBUG: CAMLCodec::Decode: ret: 0, sz: 0, dts_in: 18442240474082.1797[7F710], pts_in: 18442240474082.1797[7F710], adj:0, ptsOut:4.4667, amlpts:401999, idx:133, timesize:1.0009, drain: 0
07:18:31.718 T:3711955872   DEBUG: Previous line repeats 2 times.
07:18:31.718 T:3711955872   DEBUG: CAMLCodec::Decode: ret: 4, sz: 0, dts_in: 18442240474082.1797[7F710], pts_in: 18442240474082.1797[7F710], adj:0, ptsOut:4.5000, amlpts:405000, idx:134, timesize:1.0009, drain: 0
07:18:31.718 T:4117546464   DEBUG: CAMLCodec::ReleaseFrame idx:131
07:18:31.729 T:3711955872   DEBUG: CAMLCodec::Decode: ret: 0, sz: 0, dts_in: 18442240474082.1797[7F710], pts_in: 18442240474082.1797[7F710], adj:0, ptsOut:4.5000, amlpts:405000, idx:134, timesize:1.0009, drain: 0
07:18:31.739 T:3711955872   DEBUG: CAMLCodec::Decode: ret: 2, sz: 0, dts_in: 18442240474082.1797[7F710], pts_in: 18442240474082.1797[7F710], adj:0, ptsOut:4.5000, amlpts:405000, idx:134, timesize:0.9676, drain: 0
07:18:31.739 T:3811570592   DEBUG: CPVRChannelGroups - LoadUserDefinedChannelGroups - 0 new user defined TV channel groups fetched from clients
07:18:31.743 T:3811570592   DEBUG: PVRChannelGroup - Load - 57 channels loaded from the database for group '스포츠'
07:18:31.743 T:3811570592   DEBUG: PVR - GetChannelGroupMembers - get group members for group '스포츠' from add-on 'IPTV Simple PVR Add-on:connected'
07:18:31.745 T:3811570592   DEBUG: PVRChannelGroup - Load - 15 channels loaded from the database for group '아웃도어'
07:18:31.746 T:3811570592   DEBUG: PVR - GetChannelGroupMembers - get group members for group '아웃도어' from add-on 'IPTV Simple PVR Add-on:connected'
07:18:31.749 T:3811570592   DEBUG: PVRChannelGroup - Load - 54 channels loaded from the database for group '공중파'
07:18:31.749 T:3811570592   DEBUG: PVR - GetChannelGroupMembers - get group members for group '공중파' from add-on 'IPTV Simple PVR Add-on:connected'
07:18:31.749 T:3711955872   DEBUG: CAMLCodec::Decode: ret: 0, sz: 12414, dts_in: 5.8333[802C8], pts_in: 5.8333[802C8], adj:0, ptsOut:4.5000, amlpts:405000, idx:134, timesize:1.0009, drain: 0
07:18:31.752 T:4117546464   DEBUG: CAMLCodec::ReleaseFrame idx:132
07:18:31.754 T:3811570592   DEBUG: PVRChannelGroup - Load - 63 channels loaded from the database for group '종편'
07:18:31.754 T:3811570592   DEBUG: PVR - GetChannelGroupMembers - get group members for group '종편' from add-on 'IPTV Simple PVR Add-on:connected'
07:18:31.758 T:3811570592   DEBUG: PVRChannelGroup - Load - 33 channels loaded from the database for group '영화'
07:18:31.758 T:3811570592   DEBUG: PVR - GetChannelGroupMembers - get group members for group '영화' from add-on 'IPTV Simple PVR Add-on:connected'
07:18:31.759 T:3711955872   DEBUG: CAMLCodec::Decode: ret: 0, sz: 0, dts_in: 18442240474082.1797[802C8], pts_in: 18442240474082.1797[802C8], adj:0, ptsOut:4.5000, amlpts:405000, idx:134, timesize:1.0009, drain: 0
07:18:31.760 T:3711955872   DEBUG: CAMLCodec::Decode: ret: 6, sz: 0, dts_in: 18442240474082.1797[802C8], pts_in: 18442240474082.1797[802C8], adj:0, ptsOut:4.5333, amlpts:407999, idx:135, timesize:0.9676, drain: 0
07:18:31.760 T:3811570592   DEBUG: PVRChannelGroup - Load - 18 channels loaded from the database for group 'Kids'
07:18:31.760 T:3811570592   DEBUG: PVR - GetChannelGroupMembers - get group members for group 'Kids' from add-on 'IPTV Simple PVR Add-on:connected'
07:18:31.760 T:3811570592   DEBUG: CPVRChannelGroups - PersistAll - persisting all changes in channel groups
07:18:31.761 T:3811570592   DEBUG: CPVRChannelGroup - Persist - persisting channel group '모든 채널' with 240 channels
07:18:31.770 T:3711955872   DEBUG: CAMLCodec::Decode: ret: 2, sz: 17109, dts_in: 5.8667[80E80], pts_in: 6.0000[83D60], adj:0, ptsOut:4.5333, amlpts:407999, idx:135, timesize:0.9676, drain: 0
07:18:31.780 T:3711955872   DEBUG: CAMLCodec::Decode: ret: 0, sz: 9255, dts_in: 5.9000[81A38], pts_in: 5.9000[81A38], adj:0, ptsOut:4.5333, amlpts:407999, idx:135, timesize:1.0009, drain: 0
07:18:31.785 T:4117546464   DEBUG: CAMLCodec::ReleaseFrame idx:133
07:18:31.791 T:3711955872   DEBUG: CAMLCodec::Decode: ret: 0, sz: 0, dts_in: 18442240474082.1797[81A38], pts_in: 18442240474082.1797[81A38], adj:0, ptsOut:4.5333, amlpts:407999, idx:135, timesize:1.0009, drain: 0
07:18:31.791 T:3711955872   DEBUG: CAMLCodec::Decode: ret: 4, sz: 0, dts_in: 18442240474082.1797[81A38], pts_in: 18442240474082.1797[81A38], adj:0, ptsOut:4.5667, amlpts:410999, idx:136, timesize:1.0009, drain: 0
07:18:31.801 T:3665818528   DEBUG: -->Python Interpreter Initialized<--
07:18:31.802 T:3665818528   DEBUG: CPythonInvoker(15, /storage/.kodi/addons/plugin.program.super.favourites/default.py): the source file to load is "/storage/.kodi/addons/plugin.program.super.favourites/default.py"
07:18:31.802 T:3711955872   DEBUG: CAMLCodec::Decode: ret: 0, sz: 0, dts_in: 18442240474082.1797[81A38], pts_in: 18442240474082.1797[81A38], adj:0, ptsOut:4.5667, amlpts:410999, idx:136, timesize:1.0009, drain: 0
07:18:31.803 T:3931104160   DEBUG: Skin Helper Simplecache --> Initialized
07:18:31.804 T:3931104160   DEBUG: script.module.metadatautils --> Initialized
07:18:31.813 T:3711955872   DEBUG: CAMLCodec::Decode: ret: 0, sz: 0, dts_in: 18442240474082.1797[81A38], pts_in: 18442240474082.1797[81A38], adj:0, ptsOut:4.5667, amlpts:410999, idx:136, timesize:1.0009, drain: 0
07:18:31.821 T:4117546464   DEBUG: CAMLCodec::ReleaseFrame idx:134
07:18:31.823 T:3711955872   DEBUG: CAMLCodec::Decode: ret: 0, sz: 0, dts_in: 18442240474082.1797[81A38], pts_in: 18442240474082.1797[81A38], adj:0, ptsOut:4.5667, amlpts:410999, idx:136, timesize:1.0009, drain: 0
07:18:31.824 T:3711955872   DEBUG: CAMLCodec::Decode: ret: 4, sz: 0, dts_in: 18442240474082.1797[81A38], pts_in: 18442240474082.1797[81A38], adj:0, ptsOut:4.6000, amlpts:414000, idx:137, timesize:1.0009, drain: 0
07:18:31.826 T:3922715552   DEBUG: RunQuery took 2 ms for 0 items query: select * from episode_view  WHERE ((episode_view.playCount IS NULL OR episode_view.playCount < 1))
07:18:31.834 T:3711955872   DEBUG: CAMLCodec::Decode: ret: 0, sz: 0, dts_in: 18442240474082.1797[81A38], pts_in: 18442240474082.1797[81A38], adj:0, ptsOut:4.6000, amlpts:414000, idx:137, timesize:1.0009, drain: 0
07:18:31.844 T:3711955872   DEBUG: CAMLCodec::Decode: ret: 2, sz: 0, dts_in: 18442240474082.1797[81A38], pts_in: 18442240474082.1797[81A38], adj:0, ptsOut:4.6000, amlpts:414000, idx:137, timesize:0.9676, drain: 0
07:18:31.852 T:4117546464   DEBUG: CAMLCodec::ReleaseFrame idx:135
07:18:31.855 T:3711955872   DEBUG: CAMLCodec::Decode: ret: 2, sz: 9634, dts_in: 5.9333[825F0], pts_in: 5.9333[825F0], adj:0, ptsOut:4.6000, amlpts:414000, idx:137, timesize:0.9676, drain: 0
07:18:31.855 T:3711955872   DEBUG: CAMLCodec::Decode: ret: 4, sz: 7678, dts_in: 5.9667[831A8], pts_in: 5.9667[831A8], adj:0, ptsOut:4.6333, amlpts:416999, idx:138, timesize:1.0009, drain: 0
07:18:31.862 T:3922715552   DEBUG: GetAlbumsByWhere query: SELECT albumview.*, albumartistview.* FROM albumview JOIN albumartistview ON albumartistview.idalbum = albumview.idalbum  WHERE albumview.strReleaseType = 'album'
07:18:31.863 T:3922715552   DEBUG: GetAlbumsByWhere - query took 1 ms
07:18:31.866 T:3711955872   DEBUG: CAMLCodec::Decode: ret: 0, sz: 0, dts_in: 18442240474082.1797[831A8], pts_in: 18442240474082.1797[831A8], adj:0, ptsOut:4.6333, amlpts:416999, idx:138, timesize:1.0009, drain: 0
07:18:31.885 T:4117546464   DEBUG: Previous line repeats 1 times.
07:18:31.885 T:4117546464   DEBUG: CAMLCodec::ReleaseFrame idx:136
07:18:31.886 T:3711955872   DEBUG: CAMLCodec::Decode: ret: 0, sz: 0, dts_in: 18442240474082.1797[831A8], pts_in: 18442240474082.1797[831A8], adj:0, ptsOut:4.6333, amlpts:416999, idx:138, timesize:1.0009, drain: 0
07:18:31.886 T:3711955872   DEBUG: CAMLCodec::Decode: ret: 4, sz: 0, dts_in: 18442240474082.1797[831A8], pts_in: 18442240474082.1797[831A8], adj:0, ptsOut:4.6667, amlpts:419999, idx:139, timesize:1.0009, drain: 0
07:18:31.897 T:3711955872   DEBUG: CAMLCodec::Decode: ret: 0, sz: 0, dts_in: 18442240474082.1797[831A8], pts_in: 18442240474082.1797[831A8], adj:0, ptsOut:4.6667, amlpts:419999, idx:139, timesize:1.0009, drain: 0
07:18:31.907 T:3711955872   DEBUG: CAMLCodec::Decode: ret: 2, sz: 0, dts_in: 18442240474082.1797[831A8], pts_in: 18442240474082.1797[831A8], adj:0, ptsOut:4.6667, amlpts:419999, idx:139, timesize:0.9676, drain: 0
07:18:31.918 T:3711955872   DEBUG: CAMLCodec::Decode: ret: 2, sz: 18386, dts_in: 6.0000[83D60], pts_in: 6.0333[84918], adj:0, ptsOut:4.6667, amlpts:419999, idx:139, timesize:0.9676, drain: 0
07:18:31.918 T:3711955872   DEBUG: CAMLCodec::Decode: ret: 4, sz: 17204, dts_in: 6.0333[84918], pts_in: 6.1667[877F8], adj:0, ptsOut:4.7000, amlpts:423000, idx:140, timesize:1.0009, drain: 0
07:18:31.918 T:4117546464   DEBUG: CAMLCodec::ReleaseFrame idx:137
07:18:31.928 T:3711955872   DEBUG: CAMLCodec::Decode: ret: 0, sz: 0, dts_in: 18442240474082.1797[84918], pts_in: 18442240474082.1797[877F8], adj:0, ptsOut:4.7000, amlpts:423000, idx:140, timesize:1.0009, drain: 0
07:18:31.938 T:3811570592   DEBUG: CPVRChannelGroups - Load - 7 TV channel groups loaded
07:18:31.938 T:3811570592   DEBUG: CPVRChannelGroups - Load - loading all radio channel groups
07:18:31.939 T:3811570592   DEBUG: CPVRChannelGroups - Load - 1 radio groups fetched from the database
07:18:31.939 T:3811570592   DEBUG: PVRChannelGroup - Load - 0 channels loaded from the database for group '모든 채널'
07:18:31.939 T:3711955872   DEBUG: CAMLCodec::Decode: ret: 0, sz: 0, dts_in: 18442240474082.1797[84918], pts_in: 18442240474082.1797[877F8], adj:0, ptsOut:4.7000, amlpts:423000, idx:140, timesize:1.0009, drain: 0
07:18:31.944 T:3811570592   DEBUG: CSettingsManager: requested setting (filelists.showhidden) was not found.
07:18:31.949 T:3711955872   DEBUG: CAMLCodec::Decode: ret: 0, sz: 0, dts_in: 18442240474082.1797[84918], pts_in: 18442240474082.1797[877F8], adj:0, ptsOut:4.7000, amlpts:423000, idx:140, timesize:1.0009, drain: 0
07:18:31.952 T:4117546464   DEBUG: CAMLCodec::ReleaseFrame idx:138
07:18:31.953 T:3811570592   DEBUG: CPVRChannelGroups - LoadUserDefinedChannelGroups - 0 new user defined radio channel groups fetched from clients
07:18:31.953 T:3811570592   DEBUG: CPVRChannelGroups - PersistAll - persisting all changes in channel groups
07:18:31.953 T:3811570592   DEBUG: CPVRChannelGroups - Load - 1 radio channel groups loaded
07:18:31.953 T:3811570592   DEBUG: CPVRTimers - Update - updating timers
07:18:31.953 T:3811570592   DEBUG: CPVRRecordings - Update - updating recordings
07:18:31.954 T:3482055584   DEBUG: Thread PVRGUIInfo start, auto delete: false
07:18:31.954 T:3811570592   DEBUG: PVRManager - Process - entering main loop
07:18:31.959 T:3711955872   DEBUG: CAMLCodec::Decode: ret: 0, sz: 0, dts_in: 18442240474082.1797[84918], pts_in: 18442240474082.1797[877F8], adj:0, ptsOut:4.7000, amlpts:423000, idx:140, timesize:1.0009, drain: 0
07:18:31.959 T:3711955872   DEBUG: CAMLCodec::Decode: ret: 6, sz: 0, dts_in: 18442240474082.1797[84918], pts_in: 18442240474082.1797[877F8], adj:0, ptsOut:4.7333, amlpts:425999, idx:141, timesize:0.9676, drain: 0
07:18:31.968 T:4117546464   DEBUG: ------ Window Deinit (DialogExtendedProgressBar.xml) ------
07:18:31.970 T:3711955872   DEBUG: CAMLCodec::Decode: ret: 0, sz: 6027, dts_in: 6.0667[854D0], pts_in: 6.0667[854D0], adj:0, ptsOut:4.7333, amlpts:425999, idx:141, timesize:1.0009, drain: 0
07:18:31.980 T:3711955872   DEBUG: CAMLCodec::Decode: ret: 0, sz: 0, dts_in: 18442240474082.1797[854D0], pts_in: 18442240474082.1797[854D0], adj:0, ptsOut:4.7333, amlpts:425999, idx:141, timesize:1.0009, drain: 0
07:18:31.985 T:4117546464   DEBUG: CAMLCodec::ReleaseFrame idx:139
07:18:31.990 T:3711955872   DEBUG: CAMLCodec::Decode: ret: 0, sz: 0, dts_in: 18442240474082.1797[854D0], pts_in: 18442240474082.1797[854D0], adj:0, ptsOut:4.7333, amlpts:425999, idx:141, timesize:1.0009, drain: 0
07:18:31.991 T:3711955872   DEBUG: CAMLCodec::Decode: ret: 4, sz: 0, dts_in: 18442240474082.1797[854D0], pts_in: 18442240474082.1797[854D0], adj:0, ptsOut:4.7667, amlpts:428999, idx:142, timesize:1.0009, drain: 0
