14:47:24.582 T:3724276640   DEBUG: CAMLCodec::Decode: ret: 0, sz: 0, dts_in: 18442240474082.1797[589F8], pts_in: 18442240474082.1797[5B8D8], adj:0, ptsOut:2.7333, amlpts:245999, idx:81, timesize:1.0009, drain: 0
14:47:24.592 T:3724276640   DEBUG: CAMLCodec::Decode: ret: 2, sz: 0, dts_in: 18442240474082.1797[589F8], pts_in: 18442240474082.1797[5B8D8], adj:0, ptsOut:2.7333, amlpts:245999, idx:81, timesize:0.9676, drain: 0
14:47:24.597 T:4115355104   DEBUG: CAMLCodec::ReleaseFrame idx:79
14:47:24.602 T:3724276640   DEBUG: CAMLCodec::Decode: ret: 0, sz: 4620, dts_in: 4.0667[595B0], pts_in: 4.0667[595B0], adj:0, ptsOut:2.7333, amlpts:245999, idx:81, timesize:1.0009, drain: 0
14:47:24.602 T:3724276640   DEBUG: CAMLCodec::Decode: ret: 4, sz: 0, dts_in: 18442240474082.1797[595B0], pts_in: 18442240474082.1797[595B0], adj:0, ptsOut:2.7667, amlpts:248999, idx:82, timesize:1.0009, drain: 0
14:47:24.613 T:3724276640   DEBUG: CAMLCodec::Decode: ret: 2, sz: 0, dts_in: 18442240474082.1797[595B0], pts_in: 18442240474082.1797[595B0], adj:0, ptsOut:2.7667, amlpts:248999, idx:82, timesize:0.9676, drain: 0
14:47:24.626 T:3724276640   DEBUG: CAMLCodec::Decode: ret: 0, sz: 5453, dts_in: 4.1000[5A168], pts_in: 4.1000[5A168], adj:0, ptsOut:2.7667, amlpts:248999, idx:82, timesize:1.0009, drain: 0
14:47:24.632 T:4115355104   DEBUG: CAMLCodec::ReleaseFrame idx:80
14:47:24.637 T:3724276640   DEBUG: CAMLCodec::Decode: ret: 0, sz: 0, dts_in: 18442240474082.1797[5A168], pts_in: 18442240474082.1797[5A168], adj:0, ptsOut:2.7667, amlpts:248999, idx:82, timesize:1.0009, drain: 0
14:47:24.637 T:3724276640   DEBUG: CAMLCodec::Decode: ret: 6, sz: 0, dts_in: 18442240474082.1797[5A168], pts_in: 18442240474082.1797[5A168], adj:0, ptsOut:2.8000, amlpts:252000, idx:83, timesize:0.9676, drain: 0
14:47:24.647 T:3724276640   DEBUG: CAMLCodec::Decode: ret: 0, sz: 4933, dts_in: 4.1333[5AD20], pts_in: 4.1333[5AD20], adj:0, ptsOut:2.8000, amlpts:252000, idx:83, timesize:1.0009, drain: 0
14:47:24.657 T:3724276640   DEBUG: CAMLCodec::Decode: ret: 0, sz: 0, dts_in: 18442240474082.1797[5AD20], pts_in: 18442240474082.1797[5AD20], adj:0, ptsOut:2.8000, amlpts:252000, idx:83, timesize:1.0009, drain: 0
14:47:24.662 T:4115355104   DEBUG: CAMLCodec::ReleaseFrame idx:81
14:47:24.668 T:3724276640   DEBUG: CAMLCodec::Decode: ret: 0, sz: 0, dts_in: 18442240474082.1797[5AD20], pts_in: 18442240474082.1797[5AD20], adj:0, ptsOut:2.8000, amlpts:252000, idx:83, timesize:1.0009, drain: 0
14:47:24.668 T:3724276640   DEBUG: CAMLCodec::Decode: ret: 4, sz: 0, dts_in: 18442240474082.1797[5AD20], pts_in: 18442240474082.1797[5AD20], adj:0, ptsOut:2.8333, amlpts:254999, idx:84, timesize:1.0009, drain: 0
14:47:24.678 T:3724276640   DEBUG: CAMLCodec::Decode: ret: 0, sz: 0, dts_in: 18442240474082.1797[5AD20], pts_in: 18442240474082.1797[5AD20], adj:0, ptsOut:2.8333, amlpts:254999, idx:84, timesize:1.0009, drain: 0
14:47:24.688 T:3724276640   DEBUG: CAMLCodec::Decode: ret: 2, sz: 0, dts_in: 18442240474082.1797[5AD20], pts_in: 18442240474082.1797[5AD20], adj:0, ptsOut:2.8333, amlpts:254999, idx:84, timesize:0.9676, drain: 0
14:47:24.695 T:4115355104   DEBUG: CAMLCodec::ReleaseFrame idx:82
14:47:24.699 T:3724276640   DEBUG: CAMLCodec::Decode: ret: 0, sz: 9098, dts_in: 4.1667[5B8D8], pts_in: 4.3000[5E7B8], adj:0, ptsOut:2.8333, amlpts:254999, idx:84, timesize:1.0009, drain: 0
14:47:24.699 T:3724276640   DEBUG: CAMLCodec::Decode: ret: 4, sz: 0, dts_in: 18442240474082.1797[5B8D8], pts_in: 18442240474082.1797[5E7B8], adj:0, ptsOut:2.8667, amlpts:257999, idx:85, timesize:1.0009, drain: 0
14:47:24.709 T:3724276640   DEBUG: CAMLCodec::Decode: ret: 0, sz: 0, dts_in: 18442240474082.1797[5B8D8], pts_in: 18442240474082.1797[5E7B8], adj:0, ptsOut:2.8667, amlpts:257999, idx:85, timesize:1.0009, drain: 0
14:47:24.720 T:3724276640   DEBUG: CAMLCodec::Decode: ret: 2, sz: 0, dts_in: 18442240474082.1797[5B8D8], pts_in: 18442240474082.1797[5E7B8], adj:0, ptsOut:2.8667, amlpts:257999, idx:85, timesize:0.9676, drain: 0
14:47:24.728 T:4115355104   DEBUG: CAMLCodec::ReleaseFrame idx:83
14:47:24.730 T:3724276640   DEBUG: CAMLCodec::Decode: ret: 0, sz: 5105, dts_in: 4.2000[5C490], pts_in: 4.2000[5C490], adj:0, ptsOut:2.8667, amlpts:257999, idx:85, timesize:1.0009, drain: 0
14:47:24.730 T:3724276640   DEBUG: CAMLCodec::Decode: ret: 4, sz: 0, dts_in: 18442240474082.1797[5C490], pts_in: 18442240474082.1797[5C490], adj:0, ptsOut:2.9000, amlpts:261000, idx:86, timesize:1.0009, drain: 0
14:47:24.741 T:3724276640   DEBUG: CAMLCodec::Decode: ret: 0, sz: 0, dts_in: 18442240474082.1797[5C490], pts_in: 18442240474082.1797[5C490], adj:0, ptsOut:2.9000, amlpts:261000, idx:86, timesize:1.0009, drain: 0
14:47:24.751 T:3724276640   DEBUG: CAMLCodec::Decode: ret: 2, sz: 0, dts_in: 18442240474082.1797[5C490], pts_in: 18442240474082.1797[5C490], adj:0, ptsOut:2.9000, amlpts:261000, idx:86, timesize:0.9676, drain: 0
14:47:24.761 T:3724276640   DEBUG: CAMLCodec::Decode: ret: 0, sz: 6321, dts_in: 4.2333[5D048], pts_in: 4.2333[5D048], adj:0, ptsOut:2.9000, amlpts:261000, idx:86, timesize:1.0009, drain: 0
14:47:24.761 T:3724276640   DEBUG: CAMLCodec::Decode: ret: 4, sz: 0, dts_in: 18442240474082.1797[5D048], pts_in: 18442240474082.1797[5D048], adj:0, ptsOut:2.9333, amlpts:263999, idx:87, timesize:1.0009, drain: 0
14:47:24.762 T:4115355104   DEBUG: CAMLCodec::ReleaseFrame idx:84
14:47:24.772 T:3724276640   DEBUG: CAMLCodec::Decode: ret: 0, sz: 0, dts_in: 18442240474082.1797[5D048], pts_in: 18442240474082.1797[5D048], adj:0, ptsOut:2.9333, amlpts:263999, idx:87, timesize:1.0009, drain: 0
14:47:24.792 T:3724276640   DEBUG: Previous line repeats 1 times.
14:47:24.792 T:3724276640   DEBUG: CAMLCodec::Decode: ret: 2, sz: 0, dts_in: 18442240474082.1797[5D048], pts_in: 18442240474082.1797[5D048], adj:0, ptsOut:2.9333, amlpts:263999, idx:87, timesize:0.9676, drain: 0
14:47:24.795 T:4115355104   DEBUG: CAMLCodec::ReleaseFrame idx:85
14:47:24.803 T:3724276640   DEBUG: CAMLCodec::Decode: ret: 0, sz: 5350, dts_in: 4.2667[5DC00], pts_in: 4.2667[5DC00], adj:0, ptsOut:2.9333, amlpts:263999, idx:87, timesize:1.0009, drain: 0
14:47:24.803 T:3724276640   DEBUG: CAMLCodec::Decode: ret: 6, sz: 0, dts_in: 18442240474082.1797[5DC00], pts_in: 18442240474082.1797[5DC00], adj:0, ptsOut:2.9667, amlpts:266999, idx:88, timesize:0.9676, drain: 0
14:47:24.813 T:3724276640   DEBUG: CAMLCodec::Decode: ret: 0, sz: 10139, dts_in: 4.3000[5E7B8], pts_in: 4.4333[61698], adj:0, ptsOut:2.9667, amlpts:266999, idx:88, timesize:1.0009, drain: 0
14:47:24.823 T:3724276640   DEBUG: CAMLCodec::Decode: ret: 0, sz: 0, dts_in: 18442240474082.1797[5E7B8], pts_in: 18442240474082.1797[61698], adj:0, ptsOut:2.9667, amlpts:266999, idx:88, timesize:1.0009, drain: 0
14:47:24.829 T:4115355104   DEBUG: CAMLCodec::ReleaseFrame idx:86
14:47:24.834 T:3724276640   DEBUG: CAMLCodec::Decode: ret: 0, sz: 0, dts_in: 18442240474082.1797[5E7B8], pts_in: 18442240474082.1797[61698], adj:0, ptsOut:2.9667, amlpts:266999, idx:88, timesize:1.0009, drain: 0
14:47:24.834 T:3724276640   DEBUG: CAMLCodec::Decode: ret: 6, sz: 0, dts_in: 18442240474082.1797[5E7B8], pts_in: 18442240474082.1797[61698], adj:0, ptsOut:3.0000, amlpts:270000, idx:89, timesize:0.9676, drain: 0
14:47:24.844 T:3724276640   DEBUG: CAMLCodec::Decode: ret: 0, sz: 4932, dts_in: 4.3333[5F370], pts_in: 4.3333[5F370], adj:0, ptsOut:3.0000, amlpts:270000, idx:89, timesize:1.0009, drain: 0
14:47:24.855 T:3724276640   DEBUG: CAMLCodec::Decode: ret: 0, sz: 0, dts_in: 18442240474082.1797[5F370], pts_in: 18442240474082.1797[5F370], adj:0, ptsOut:3.0000, amlpts:270000, idx:89, timesize:1.0009, drain: 0
14:47:24.862 T:4115355104   DEBUG: CAMLCodec::ReleaseFrame idx:87
14:47:24.865 T:3724276640   DEBUG: CAMLCodec::Decode: ret: 0, sz: 0, dts_in: 18442240474082.1797[5F370], pts_in: 18442240474082.1797[5F370], adj:0, ptsOut:3.0000, amlpts:270000, idx:89, timesize:1.0009, drain: 0
14:47:24.865 T:3724276640   DEBUG: CAMLCodec::Decode: ret: 4, sz: 0, dts_in: 18442240474082.1797[5F370], pts_in: 18442240474082.1797[5F370], adj:0, ptsOut:3.0333, amlpts:272999, idx:90, timesize:1.0009, drain: 0
14:47:24.875 T:3724276640   DEBUG: CAMLCodec::Decode: ret: 0, sz: 0, dts_in: 18442240474082.1797[5F370], pts_in: 18442240474082.1797[5F370], adj:0, ptsOut:3.0333, amlpts:272999, idx:90, timesize:1.0009, drain: 0
14:47:24.886 T:3724276640   DEBUG: CAMLCodec::Decode: ret: 2, sz: 0, dts_in: 18442240474082.1797[5F370], pts_in: 18442240474082.1797[5F370], adj:0, ptsOut:3.0333, amlpts:272999, idx:90, timesize:0.9676, drain: 0
14:47:24.895 T:4115355104   DEBUG: CAMLCodec::ReleaseFrame idx:88
14:47:24.896 T:3724276640   DEBUG: CAMLCodec::Decode: ret: 0, sz: 6232, dts_in: 4.3667[5FF28], pts_in: 4.3667[5FF28], adj:0, ptsOut:3.0333, amlpts:272999, idx:90, timesize:1.0009, drain: 0
14:47:24.896 T:3724276640   DEBUG: CAMLCodec::Decode: ret: 4, sz: 0, dts_in: 18442240474082.1797[5FF28], pts_in: 18442240474082.1797[5FF28], adj:0, ptsOut:3.0667, amlpts:275999, idx:91, timesize:1.0009, drain: 0
14:47:24.906 T:3724276640   DEBUG: CAMLCodec::Decode: ret: 0, sz: 0, dts_in: 18442240474082.1797[5FF28], pts_in: 18442240474082.1797[5FF28], adj:0, ptsOut:3.0667, amlpts:275999, idx:91, timesize:1.0009, drain: 0
14:47:24.917 T:3724276640   DEBUG: CAMLCodec::Decode: ret: 2, sz: 0, dts_in: 18442240474082.1797[5FF28], pts_in: 18442240474082.1797[5FF28], adj:0, ptsOut:3.0667, amlpts:275999, idx:91, timesize:0.9676, drain: 0
14:47:24.927 T:3724276640   DEBUG: CAMLCodec::Decode: ret: 0, sz: 6198, dts_in: 4.4000[60AE0], pts_in: 4.4000[60AE0], adj:0, ptsOut:3.0667, amlpts:275999, idx:91, timesize:1.0009, drain: 0
14:47:24.928 T:4115355104   DEBUG: CAMLCodec::ReleaseFrame idx:89
14:47:24.937 T:3724276640   DEBUG: CAMLCodec::Decode: ret: 0, sz: 0, dts_in: 18442240474082.1797[60AE0], pts_in: 18442240474082.1797[60AE0], adj:0, ptsOut:3.0667, amlpts:275999, idx:91, timesize:1.0009, drain: 0
14:47:24.937 T:3724276640   DEBUG: CAMLCodec::Decode: ret: 6, sz: 0, dts_in: 18442240474082.1797[60AE0], pts_in: 18442240474082.1797[60AE0], adj:0, ptsOut:3.1000, amlpts:279000, idx:92, timesize:0.9676, drain: 0
14:47:24.948 T:3724276640   DEBUG: CAMLCodec::Decode: ret: 0, sz: 10585, dts_in: 4.4333[61698], pts_in: 4.5667[64578], adj:0, ptsOut:3.1000, amlpts:279000, idx:92, timesize:1.0009, drain: 0
14:47:24.958 T:3724276640   DEBUG: CAMLCodec::Decode: ret: 0, sz: 0, dts_in: 18442240474082.1797[61698], pts_in: 18442240474082.1797[64578], adj:0, ptsOut:3.1000, amlpts:279000, idx:92, timesize:1.0009, drain: 0
14:47:24.962 T:4115355104   DEBUG: CAMLCodec::ReleaseFrame idx:90
14:47:24.968 T:3724276640   DEBUG: CAMLCodec::Decode: ret: 0, sz: 0, dts_in: 18442240474082.1797[61698], pts_in: 18442240474082.1797[64578], adj:0, ptsOut:3.1000, amlpts:279000, idx:92, timesize:1.0009, drain: 0
14:47:24.968 T:3724276640   DEBUG: CAMLCodec::Decode: ret: 4, sz: 0, dts_in: 18442240474082.1797[61698], pts_in: 18442240474082.1797[64578], adj:0, ptsOut:3.1333, amlpts:281999, idx:93, timesize:1.0009, drain: 0
14:47:24.979 T:3724276640   DEBUG: CAMLCodec::Decode: ret: 0, sz: 0, dts_in: 18442240474082.1797[61698], pts_in: 18442240474082.1797[64578], adj:0, ptsOut:3.1333, amlpts:281999, idx:93, timesize:1.0009, drain: 0
14:47:24.989 T:3724276640   DEBUG: CAMLCodec::Decode: ret: 2, sz: 0, dts_in: 18442240474082.1797[61698], pts_in: 18442240474082.1797[64578], adj:0, ptsOut:3.1333, amlpts:281999, idx:93, timesize:0.9676, drain: 0
14:47:24.995 T:4115355104   DEBUG: CAMLCodec::ReleaseFrame idx:91
14:47:24.999 T:3724276640   DEBUG: CAMLCodec::Decode: ret: 0, sz: 5596, dts_in: 4.4667[62250], pts_in: 4.4667[62250], adj:0, ptsOut:3.1333, amlpts:281999, idx:93, timesize:1.0009, drain: 0
14:47:25.000 T:3724276640   DEBUG: CAMLCodec::Decode: ret: 4, sz: 0, dts_in: 18442240474082.1797[62250], pts_in: 18442240474082.1797[62250], adj:0, ptsOut:3.1667, amlpts:284999, idx:94, timesize:1.0009, drain: 0
14:47:25.010 T:3724276640   DEBUG: CAMLCodec::Decode: ret: 0, sz: 0, dts_in: 18442240474082.1797[62250], pts_in: 18442240474082.1797[62250], adj:0, ptsOut:3.1667, amlpts:284999, idx:94, timesize:1.0009, drain: 0
14:47:25.020 T:3724276640   DEBUG: CAMLCodec::Decode: ret: 2, sz: 0, dts_in: 18442240474082.1797[62250], pts_in: 18442240474082.1797[62250], adj:0, ptsOut:3.1667, amlpts:284999, idx:94, timesize:0.9676, drain: 0
14:47:25.028 T:4115355104   DEBUG: CAMLCodec::ReleaseFrame idx:92
14:47:25.030 T:3724276640   DEBUG: CAMLCodec::Decode: ret: 0, sz: 6356, dts_in: 4.5000[62E08], pts_in: 4.5000[62E08], adj:0, ptsOut:3.1667, amlpts:284999, idx:94, timesize:1.0009, drain: 0
14:47:25.031 T:3724276640   DEBUG: CAMLCodec::Decode: ret: 4, sz: 0, dts_in: 18442240474082.1797[62E08], pts_in: 18442240474082.1797[62E08], adj:0, ptsOut:3.2000, amlpts:288000, idx:95, timesize:1.0009, drain: 0
14:47:25.041 T:3724276640   DEBUG: CAMLCodec::Decode: ret: 0, sz: 0, dts_in: 18442240474082.1797[62E08], pts_in: 18442240474082.1797[62E08], adj:0, ptsOut:3.2000, amlpts:288000, idx:95, timesize:1.0009, drain: 0
14:47:25.051 T:3724276640   DEBUG: CAMLCodec::Decode: ret: 2, sz: 0, dts_in: 18442240474082.1797[62E08], pts_in: 18442240474082.1797[62E08], adj:0, ptsOut:3.2000, amlpts:288000, idx:95, timesize:0.9676, drain: 0
14:47:25.061 T:4115355104   DEBUG: CAMLCodec::ReleaseFrame idx:93
14:47:25.062 T:3724276640   DEBUG: CAMLCodec::Decode: ret: 0, sz: 6506, dts_in: 4.5333[639C0], pts_in: 4.5333[639C0], adj:0, ptsOut:3.2000, amlpts:288000, idx:95, timesize:1.0009, drain: 0
14:47:25.062 T:3724276640   DEBUG: CAMLCodec::Decode: ret: 4, sz: 0, dts_in: 18442240474082.1797[639C0], pts_in: 18442240474082.1797[639C0], adj:0, ptsOut:3.2333, amlpts:290999, idx:96, timesize:1.0009, drain: 0
14:47:25.072 T:3724276640   DEBUG: CAMLCodec::Decode: ret: 0, sz: 0, dts_in: 18442240474082.1797[639C0], pts_in: 18442240474082.1797[639C0], adj:0, ptsOut:3.2333, amlpts:290999, idx:96, timesize:1.0009, drain: 0
14:47:25.092 T:3724276640   DEBUG: Previous line repeats 1 times.
14:47:25.093 T:3724276640   DEBUG: CAMLCodec::Decode: ret: 2, sz: 0, dts_in: 18442240474082.1797[639C0], pts_in: 18442240474082.1797[639C0], adj:0, ptsOut:3.2333, amlpts:290999, idx:96, timesize:0.9676, drain: 0
14:47:25.096 T:4115355104   DEBUG: CAMLCodec::ReleaseFrame idx:94
14:47:25.103 T:3724276640   DEBUG: CAMLCodec::Decode: ret: 0, sz: 11112, dts_in: 4.5667[64578], pts_in: 4.7000[67458], adj:0, ptsOut:3.2333, amlpts:290999, idx:96, timesize:1.0009, drain: 0
14:47:25.103 T:3724276640   DEBUG: CAMLCodec::Decode: ret: 6, sz: 0, dts_in: 18442240474082.1797[64578], pts_in: 18442240474082.1797[67458], adj:0, ptsOut:3.2667, amlpts:293999, idx:97, timesize:0.9676, drain: 0
14:47:25.114 T:3724276640   DEBUG: CAMLCodec::Decode: ret: 0, sz: 6819, dts_in: 4.6000[65130], pts_in: 4.6000[65130], adj:0, ptsOut:3.2667, amlpts:293999, idx:97, timesize:1.0009, drain: 0
14:47:25.124 T:3724276640   DEBUG: CAMLCodec::Decode: ret: 0, sz: 0, dts_in: 18442240474082.1797[65130], pts_in: 18442240474082.1797[65130], adj:0, ptsOut:3.2667, amlpts:293999, idx:97, timesize:1.0009, drain: 0
14:47:25.128 T:4115355104   DEBUG: CAMLCodec::ReleaseFrame idx:95
14:47:25.134 T:3724276640   DEBUG: CAMLCodec::Decode: ret: 0, sz: 0, dts_in: 18442240474082.1797[65130], pts_in: 18442240474082.1797[65130], adj:0, ptsOut:3.2667, amlpts:293999, idx:97, timesize:1.0009, drain: 0
14:47:25.134 T:3724276640   DEBUG: CAMLCodec::Decode: ret: 6, sz: 0, dts_in: 18442240474082.1797[65130], pts_in: 18442240474082.1797[65130], adj:0, ptsOut:3.3000, amlpts:297000, idx:98, timesize:0.9676, drain: 0
14:47:25.145 T:3724276640   DEBUG: CAMLCodec::Decode: ret: 0, sz: 8433, dts_in: 4.6333[65CE8], pts_in: 4.6333[65CE8], adj:0, ptsOut:3.3000, amlpts:297000, idx:98, timesize:1.0009, drain: 0
14:47:25.155 T:3724276640   DEBUG: CAMLCodec::Decode: ret: 0, sz: 0, dts_in: 18442240474082.1797[65CE8], pts_in: 18442240474082.1797[65CE8], adj:0, ptsOut:3.3000, amlpts:297000, idx:98, timesize:1.0009, drain: 0
14:47:25.162 T:4115355104   DEBUG: CAMLCodec::ReleaseFrame idx:96
14:47:25.165 T:3724276640   DEBUG: CAMLCodec::Decode: ret: 0, sz: 0, dts_in: 18442240474082.1797[65CE8], pts_in: 18442240474082.1797[65CE8], adj:0, ptsOut:3.3000, amlpts:297000, idx:98, timesize:1.0009, drain: 0
14:47:25.165 T:3724276640   DEBUG: CAMLCodec::Decode: ret: 4, sz: 0, dts_in: 18442240474082.1797[65CE8], pts_in: 18442240474082.1797[65CE8], adj:0, ptsOut:3.3333, amlpts:299999, idx:99, timesize:1.0009, drain: 0
14:47:25.176 T:3724276640   DEBUG: CAMLCodec::Decode: ret: 0, sz: 0, dts_in: 18442240474082.1797[65CE8], pts_in: 18442240474082.1797[65CE8], adj:0, ptsOut:3.3333, amlpts:299999, idx:99, timesize:1.0009, drain: 0
14:47:25.186 T:3724276640   DEBUG: CAMLCodec::Decode: ret: 2, sz: 0, dts_in: 18442240474082.1797[65CE8], pts_in: 18442240474082.1797[65CE8], adj:0, ptsOut:3.3333, amlpts:299999, idx:99, timesize:0.9676, drain: 0
14:47:25.195 T:4115355104   DEBUG: CAMLCodec::ReleaseFrame idx:97
14:47:25.196 T:3724276640   DEBUG: CAMLCodec::Decode: ret: 0, sz: 7670, dts_in: 4.6667[668A0], pts_in: 4.6667[668A0], adj:0, ptsOut:3.3333, amlpts:299999, idx:99, timesize:1.0009, drain: 0
14:47:25.196 T:3724276640   DEBUG: CAMLCodec::Decode: ret: 4, sz: 0, dts_in: 18442240474082.1797[668A0], pts_in: 18442240474082.1797[668A0], adj:0, ptsOut:3.3667, amlpts:302999, idx:100, timesize:1.0009, drain: 0
14:47:25.207 T:3724276640   DEBUG: CAMLCodec::Decode: ret: 0, sz: 0, dts_in: 18442240474082.1797[668A0], pts_in: 18442240474082.1797[668A0], adj:0, ptsOut:3.3667, amlpts:302999, idx:100, timesize:1.0009, drain: 0
14:47:25.217 T:3724276640   DEBUG: CAMLCodec::Decode: ret: 2, sz: 0, dts_in: 18442240474082.1797[668A0], pts_in: 18442240474082.1797[668A0], adj:0, ptsOut:3.3667, amlpts:302999, idx:100, timesize:0.9676, drain: 0
14:47:25.227 T:3724276640   DEBUG: CAMLCodec::Decode: ret: 2, sz: 14966, dts_in: 4.7000[67458], pts_in: 4.8333[6A338], adj:0, ptsOut:3.3667, amlpts:302999, idx:100, timesize:0.9676, drain: 0
14:47:25.228 T:3724276640   DEBUG: CAMLCodec::Decode: ret: 4, sz: 7606, dts_in: 4.7333[68010], pts_in: 4.7333[68010], adj:0, ptsOut:3.4000, amlpts:306000, idx:101, timesize:1.0009, drain: 0
14:47:25.228 T:4115355104   DEBUG: CAMLCodec::ReleaseFrame idx:98
14:47:25.238 T:3724276640   DEBUG: CAMLCodec::Decode: ret: 0, sz: 0, dts_in: 18442240474082.1797[68010], pts_in: 18442240474082.1797[68010], adj:0, ptsOut:3.4000, amlpts:306000, idx:101, timesize:1.0009, drain: 0
14:47:25.262 T:4115355104   DEBUG: Previous line repeats 2 times.
14:47:25.262 T:4115355104   DEBUG: CAMLCodec::ReleaseFrame idx:99
14:47:25.269 T:3724276640   DEBUG: CAMLCodec::Decode: ret: 0, sz: 0, dts_in: 18442240474082.1797[68010], pts_in: 18442240474082.1797[68010], adj:0, ptsOut:3.4000, amlpts:306000, idx:101, timesize:1.0009, drain: 0
14:47:25.269 T:3724276640   DEBUG: CAMLCodec::Decode: ret: 4, sz: 0, dts_in: 18442240474082.1797[68010], pts_in: 18442240474082.1797[68010], adj:0, ptsOut:3.4333, amlpts:308999, idx:102, timesize:1.0009, drain: 0
14:47:25.279 T:3724276640   DEBUG: CAMLCodec::Decode: ret: 0, sz: 0, dts_in: 18442240474082.1797[68010], pts_in: 18442240474082.1797[68010], adj:0, ptsOut:3.4333, amlpts:308999, idx:102, timesize:1.0009, drain: 0
14:47:25.290 T:3724276640   DEBUG: CAMLCodec::Decode: ret: 2, sz: 0, dts_in: 18442240474082.1797[68010], pts_in: 18442240474082.1797[68010], adj:0, ptsOut:3.4333, amlpts:308999, idx:102, timesize:0.9676, drain: 0
14:47:25.296 T:4115355104   DEBUG: CAMLCodec::ReleaseFrame idx:100
14:47:25.300 T:3724276640   DEBUG: CAMLCodec::Decode: ret: 0, sz: 8934, dts_in: 4.7667[68BC8], pts_in: 4.7667[68BC8], adj:0, ptsOut:3.4333, amlpts:308999, idx:102, timesize:1.0009, drain: 0
14:47:25.300 T:3724276640   DEBUG: CAMLCodec::Decode: ret: 4, sz: 0, dts_in: 18442240474082.1797[68BC8], pts_in: 18442240474082.1797[68BC8], adj:0, ptsOut:3.4667, amlpts:311999, idx:103, timesize:1.0009, drain: 0
14:47:25.310 T:3724276640   DEBUG: CAMLCodec::Decode: ret: 0, sz: 0, dts_in: 18442240474082.1797[68BC8], pts_in: 18442240474082.1797[68BC8], adj:0, ptsOut:3.4667, amlpts:311999, idx:103, timesize:1.0009, drain: 0
14:47:25.321 T:3724276640   DEBUG: CAMLCodec::Decode: ret: 2, sz: 0, dts_in: 18442240474082.1797[68BC8], pts_in: 18442240474082.1797[68BC8], adj:0, ptsOut:3.4667, amlpts:311999, idx:103, timesize:0.9676, drain: 0
14:47:25.328 T:4115355104   DEBUG: CAMLCodec::ReleaseFrame idx:101
14:47:25.331 T:3724276640   DEBUG: CAMLCodec::Decode: ret: 0, sz: 8213, dts_in: 4.8000[69780], pts_in: 4.8000[69780], adj:0, ptsOut:3.4667, amlpts:311999, idx:103, timesize:1.0009, drain: 0
14:47:25.331 T:3724276640   DEBUG: CAMLCodec::Decode: ret: 4, sz: 0, dts_in: 18442240474082.1797[69780], pts_in: 18442240474082.1797[69780], adj:0, ptsOut:3.5000, amlpts:315000, idx:104, timesize:1.0009, drain: 0
14:47:25.342 T:3724276640   DEBUG: CAMLCodec::Decode: ret: 0, sz: 0, dts_in: 18442240474082.1797[69780], pts_in: 18442240474082.1797[69780], adj:0, ptsOut:3.5000, amlpts:315000, idx:104, timesize:1.0009, drain: 0
14:47:25.352 T:3724276640   DEBUG: CAMLCodec::Decode: ret: 2, sz: 0, dts_in: 18442240474082.1797[69780], pts_in: 18442240474082.1797[69780], adj:0, ptsOut:3.5000, amlpts:315000, idx:104, timesize:0.9676, drain: 0
14:47:25.362 T:4115355104   DEBUG: CAMLCodec::ReleaseFrame idx:102
14:47:25.362 T:3724276640   DEBUG: CAMLCodec::Decode: ret: 2, sz: 16025, dts_in: 4.8333[6A338], pts_in: 4.9667[6D218], adj:0, ptsOut:3.5000, amlpts:315000, idx:104, timesize:0.9676, drain: 0
14:47:25.363 T:3724276640   DEBUG: CAMLCodec::Decode: ret: 4, sz: 7657, dts_in: 4.8667[6AEF0], pts_in: 4.8667[6AEF0], adj:0, ptsOut:3.5333, amlpts:317999, idx:105, timesize:1.0009, drain: 0
14:47:25.373 T:3724276640   DEBUG: CAMLCodec::Decode: ret: 0, sz: 0, dts_in: 18442240474082.1797[6AEF0], pts_in: 18442240474082.1797[6AEF0], adj:0, ptsOut:3.5333, amlpts:317999, idx:105, timesize:1.0009, drain: 0
14:47:25.395 T:4115355104   DEBUG: Previous line repeats 2 times.
14:47:25.395 T:4115355104   DEBUG: CAMLCodec::ReleaseFrame idx:103
14:47:25.403 T:3724276640   DEBUG: CAMLCodec::Decode: ret: 0, sz: 0, dts_in: 18442240474082.1797[6AEF0], pts_in: 18442240474082.1797[6AEF0], adj:0, ptsOut:3.5333, amlpts:317999, idx:105, timesize:1.0009, drain: 0
14:47:25.404 T:3724276640   DEBUG: CAMLCodec::Decode: ret: 6, sz: 0, dts_in: 18442240474082.1797[6AEF0], pts_in: 18442240474082.1797[6AEF0], adj:0, ptsOut:3.5667, amlpts:320999, idx:106, timesize:0.9676, drain: 0
14:47:25.414 T:3724276640   DEBUG: CAMLCodec::Decode: ret: 0, sz: 10002, dts_in: 4.9000[6BAA8], pts_in: 4.9000[6BAA8], adj:0, ptsOut:3.5667, amlpts:320999, idx:106, timesize:1.0009, drain: 0
14:47:25.424 T:3724276640   DEBUG: CAMLCodec::Decode: ret: 0, sz: 0, dts_in: 18442240474082.1797[6BAA8], pts_in: 18442240474082.1797[6BAA8], adj:0, ptsOut:3.5667, amlpts:320999, idx:106, timesize:1.0009, drain: 0
14:47:25.429 T:4115355104   DEBUG: CAMLCodec::ReleaseFrame idx:104
14:47:25.434 T:3724276640   DEBUG: CAMLCodec::Decode: ret: 0, sz: 0, dts_in: 18442240474082.1797[6BAA8], pts_in: 18442240474082.1797[6BAA8], adj:0, ptsOut:3.5667, amlpts:320999, idx:106, timesize:1.0009, drain: 0
14:47:25.435 T:3724276640   DEBUG: CAMLCodec::Decode: ret: 6, sz: 0, dts_in: 18442240474082.1797[6BAA8], pts_in: 18442240474082.1797[6BAA8], adj:0, ptsOut:3.6000, amlpts:324000, idx:107, timesize:0.9676, drain: 0
14:47:25.445 T:3724276640   DEBUG: CAMLCodec::Decode: ret: 2, sz: 9297, dts_in: 4.9333[6C660], pts_in: 4.9333[6C660], adj:0, ptsOut:3.6000, amlpts:324000, idx:107, timesize:0.9676, drain: 0
14:47:25.455 T:3724276640   DEBUG: CAMLCodec::Decode: ret: 2, sz: 18874, dts_in: 4.9667[6D218], pts_in: 5.1000[700F8], adj:0, ptsOut:3.6000, amlpts:324000, idx:107, timesize:0.9676, drain: 0
14:47:25.462 T:4115355104   DEBUG: CAMLCodec::ReleaseFrame idx:105
14:47:25.466 T:3724276640   DEBUG: CAMLCodec::Decode: ret: 0, sz: 8983, dts_in: 5.0000[6DDD0], pts_in: 5.0000[6DDD0], adj:0, ptsOut:3.6000, amlpts:324000, idx:107, timesize:1.0009, drain: 0
14:47:25.466 T:3724276640   DEBUG: CAMLCodec::Decode: ret: 4, sz: 0, dts_in: 18442240474082.1797[6DDD0], pts_in: 18442240474082.1797[6DDD0], adj:0, ptsOut:3.6333, amlpts:326999, idx:108, timesize:1.0009, drain: 0
14:47:25.476 T:3724276640   DEBUG: CAMLCodec::Decode: ret: 0, sz: 0, dts_in: 18442240474082.1797[6DDD0], pts_in: 18442240474082.1797[6DDD0], adj:0, ptsOut:3.6333, amlpts:326999, idx:108, timesize:1.0009, drain: 0
14:47:25.495 T:4115355104   DEBUG: Previous line repeats 1 times.
14:47:25.496 T:4115355104   DEBUG: CAMLCodec::ReleaseFrame idx:106
14:47:25.497 T:3724276640   DEBUG: CAMLCodec::Decode: ret: 0, sz: 0, dts_in: 18442240474082.1797[6DDD0], pts_in: 18442240474082.1797[6DDD0], adj:0, ptsOut:3.6333, amlpts:326999, idx:108, timesize:1.0009, drain: 0
14:47:25.497 T:3724276640   DEBUG: CAMLCodec::Decode: ret: 4, sz: 0, dts_in: 18442240474082.1797[6DDD0], pts_in: 18442240474082.1797[6DDD0], adj:0, ptsOut:3.6667, amlpts:329999, idx:109, timesize:1.0009, drain: 0
14:47:25.507 T:3724276640   DEBUG: CAMLCodec::Decode: ret: 0, sz: 0, dts_in: 18442240474082.1797[6DDD0], pts_in: 18442240474082.1797[6DDD0], adj:0, ptsOut:3.6667, amlpts:329999, idx:109, timesize:1.0009, drain: 0
14:47:25.528 T:3724276640   DEBUG: Previous line repeats 2 times.
14:47:25.528 T:3724276640   DEBUG: CAMLCodec::Decode: ret: 4, sz: 0, dts_in: 18442240474082.1797[6DDD0], pts_in: 18442240474082.1797[6DDD0], adj:0, ptsOut:3.7000, amlpts:333000, idx:110, timesize:1.0009, drain: 0
14:47:25.529 T:4115355104   DEBUG: CAMLCodec::ReleaseFrame idx:107
14:47:25.539 T:3724276640   DEBUG: CAMLCodec::Decode: ret: 0, sz: 0, dts_in: 18442240474082.1797[6DDD0], pts_in: 18442240474082.1797[6DDD0], adj:0, ptsOut:3.7000, amlpts:333000, idx:110, timesize:1.0009, drain: 0
14:47:25.549 T:3724276640   DEBUG: CAMLCodec::Decode: ret: 2, sz: 0, dts_in: 18442240474082.1797[6DDD0], pts_in: 18442240474082.1797[6DDD0], adj:0, ptsOut:3.7000, amlpts:333000, idx:110, timesize:0.9676, drain: 0
14:47:25.559 T:3724276640   DEBUG: CAMLCodec::Decode: ret: 2, sz: 11109, dts_in: 5.0333[6E988], pts_in: 5.0333[6E988], adj:0, ptsOut:3.7000, amlpts:333000, idx:110, timesize:0.9676, drain: 0
14:47:25.562 T:4115355104   DEBUG: CAMLCodec::ReleaseFrame idx:108
14:47:25.570 T:3724276640   DEBUG: CAMLCodec::Decode: ret: 0, sz: 10705, dts_in: 5.0667[6F540], pts_in: 5.0667[6F540], adj:0, ptsOut:3.7000, amlpts:333000, idx:110, timesize:1.0009, drain: 0
14:47:25.570 T:3724276640   DEBUG: CAMLCodec::Decode: ret: 4, sz: 0, dts_in: 18442240474082.1797[6F540], pts_in: 18442240474082.1797[6F540], adj:0, ptsOut:3.7333, amlpts:335999, idx:111, timesize:1.0009, drain: 0
14:47:25.580 T:3724276640   DEBUG: CAMLCodec::Decode: ret: 0, sz: 0, dts_in: 18442240474082.1797[6F540], pts_in: 18442240474082.1797[6F540], adj:0, ptsOut:3.7333, amlpts:335999, idx:111, timesize:1.0009, drain: 0
14:47:25.595 T:4115355104   DEBUG: Previous line repeats 1 times.
14:47:25.595 T:4115355104   DEBUG: CAMLCodec::ReleaseFrame idx:109
14:47:25.601 T:3724276640   DEBUG: CAMLCodec::Decode: ret: 0, sz: 0, dts_in: 18442240474082.1797[6F540], pts_in: 18442240474082.1797[6F540], adj:0, ptsOut:3.7333, amlpts:335999, idx:111, timesize:1.0009, drain: 0
14:47:25.601 T:3724276640   DEBUG: CAMLCodec::Decode: ret: 4, sz: 0, dts_in: 18442240474082.1797[6F540], pts_in: 18442240474082.1797[6F540], adj:0, ptsOut:3.7667, amlpts:338999, idx:112, timesize:1.0009, drain: 0
14:47:25.611 T:3724276640   DEBUG: CAMLCodec::Decode: ret: 0, sz: 0, dts_in: 18442240474082.1797[6F540], pts_in: 18442240474082.1797[6F540], adj:0, ptsOut:3.7667, amlpts:338999, idx:112, timesize:1.0009, drain: 0
14:47:25.621 T:3724276640   DEBUG: CAMLCodec::Decode: ret: 2, sz: 0, dts_in: 18442240474082.1797[6F540], pts_in: 18442240474082.1797[6F540], adj:0, ptsOut:3.7667, amlpts:338999, idx:112, timesize:0.9676, drain: 0
14:47:25.628 T:4115355104   DEBUG: CAMLCodec::ReleaseFrame idx:110
14:47:25.632 T:3724276640   DEBUG: CAMLCodec::Decode: ret: 2, sz: 24014, dts_in: 5.1000[700F8], pts_in: 5.2333[72FD8], adj:0, ptsOut:3.7667, amlpts:338999, idx:112, timesize:0.9008, drain: 0
14:47:25.632 T:3724276640   DEBUG: CAMLCodec::Decode: ret: 6, sz: 10217, dts_in: 5.1333[70CB0], pts_in: 5.1333[70CB0], adj:0, ptsOut:3.8000, amlpts:342000, idx:113, timesize:0.9342, drain: 0
14:47:25.643 T:3724276640   DEBUG: CAMLCodec::Decode: ret: 2, sz: 13801, dts_in: 5.1667[71868], pts_in: 5.1667[71868], adj:0, ptsOut:3.8000, amlpts:342000, idx:113, timesize:0.9676, drain: 0
14:47:25.653 T:3724276640   DEBUG: CAMLCodec::Decode: ret: 0, sz: 12798, dts_in: 5.2000[72420], pts_in: 5.2000[72420], adj:0, ptsOut:3.8000, amlpts:342000, idx:113, timesize:1.0009, drain: 0
14:47:25.662 T:4115355104   DEBUG: CAMLCodec::ReleaseFrame idx:111
14:47:25.663 T:3724276640   DEBUG: CAMLCodec::Decode: ret: 0, sz: 0, dts_in: 18442240474082.1797[72420], pts_in: 18442240474082.1797[72420], adj:0, ptsOut:3.8000, amlpts:342000, idx:113, timesize:1.0009, drain: 0
14:47:25.663 T:3724276640   DEBUG: CAMLCodec::Decode: ret: 4, sz: 0, dts_in: 18442240474082.1797[72420], pts_in: 18442240474082.1797[72420], adj:0, ptsOut:3.8333, amlpts:344999, idx:114, timesize:1.0009, drain: 0
14:47:25.674 T:3724276640   DEBUG: CAMLCodec::Decode: ret: 0, sz: 0, dts_in: 18442240474082.1797[72420], pts_in: 18442240474082.1797[72420], adj:0, ptsOut:3.8333, amlpts:344999, idx:114, timesize:1.0009, drain: 0
14:47:25.694 T:3724276640   DEBUG: Previous line repeats 2 times.
14:47:25.694 T:3724276640   DEBUG: CAMLCodec::Decode: ret: 4, sz: 0, dts_in: 18442240474082.1797[72420], pts_in: 18442240474082.1797[72420], adj:0, ptsOut:3.8667, amlpts:347999, idx:115, timesize:1.0009, drain: 0
14:47:25.695 T:4115355104   DEBUG: CAMLCodec::ReleaseFrame idx:112
14:47:25.705 T:3724276640   DEBUG: CAMLCodec::Decode: ret: 0, sz: 0, dts_in: 18442240474082.1797[72420], pts_in: 18442240474082.1797[72420], adj:0, ptsOut:3.8667, amlpts:347999, idx:115, timesize:1.0009, drain: 0
14:47:25.729 T:4115355104   DEBUG: Previous line repeats 2 times.
14:47:25.729 T:4115355104   DEBUG: CAMLCodec::ReleaseFrame idx:113
14:47:25.736 T:3724276640   DEBUG: CAMLCodec::Decode: ret: 0, sz: 0, dts_in: 18442240474082.1797[72420], pts_in: 18442240474082.1797[72420], adj:0, ptsOut:3.8667, amlpts:347999, idx:115, timesize:1.0009, drain: 0
14:47:25.736 T:3724276640   DEBUG: CAMLCodec::Decode: ret: 6, sz: 0, dts_in: 18442240474082.1797[72420], pts_in: 18442240474082.1797[72420], adj:0, ptsOut:3.9000, amlpts:351000, idx:116, timesize:0.9676, drain: 0
14:47:25.746 T:3724276640   DEBUG: CAMLCodec::Decode: ret: 2, sz: 27816, dts_in: 5.2333[72FD8], pts_in: 5.3667[75EB8], adj:0, ptsOut:3.9000, amlpts:351000, idx:116, timesize:0.8675, drain: 0
14:47:25.757 T:3724276640   DEBUG: CAMLCodec::Decode: ret: 2, sz: 13466, dts_in: 5.2667[73B90], pts_in: 5.2667[73B90], adj:0, ptsOut:3.9000, amlpts:351000, idx:116, timesize:0.9008, drain: 0
14:47:25.762 T:4115355104   DEBUG: CAMLCodec::ReleaseFrame idx:114
14:47:25.767 T:3724276640   DEBUG: CAMLCodec::Decode: ret: 2, sz: 17320, dts_in: 5.3000[74748], pts_in: 5.3000[74748], adj:0, ptsOut:3.9000, amlpts:351000, idx:116, timesize:0.9342, drain: 0
14:47:25.767 T:3724276640   DEBUG: CAMLCodec::Decode: ret: 6, sz: 15258, dts_in: 5.3333[75300], pts_in: 5.3333[75300], adj:0, ptsOut:3.9333, amlpts:353999, idx:117, timesize:0.9676, drain: 0
14:47:25.778 T:3724276640   DEBUG: CAMLCodec::Decode: ret: 0, sz: 27505, dts_in: 5.3667[75EB8], pts_in: 5.4667[781E0], adj:0, ptsOut:3.9333, amlpts:353999, idx:117, timesize:1.0009, drain: 0
14:47:25.788 T:3724276640   DEBUG: CAMLCodec::Decode: ret: 0, sz: 0, dts_in: 18442240474082.1797[75EB8], pts_in: 18442240474082.1797[781E0], adj:0, ptsOut:3.9333, amlpts:353999, idx:117, timesize:1.0009, drain: 0
14:47:25.795 T:4115355104   DEBUG: CAMLCodec::ReleaseFrame idx:115
14:47:25.798 T:3724276640   DEBUG: CAMLCodec::Decode: ret: 0, sz: 0, dts_in: 18442240474082.1797[75EB8], pts_in: 18442240474082.1797[781E0], adj:0, ptsOut:3.9333, amlpts:353999, idx:117, timesize:1.0009, drain: 0
14:47:25.799 T:3724276640   DEBUG: CAMLCodec::Decode: ret: 4, sz: 0, dts_in: 18442240474082.1797[75EB8], pts_in: 18442240474082.1797[781E0], adj:0, ptsOut:3.9667, amlpts:356999, idx:118, timesize:1.0009, drain: 0
14:47:25.809 T:3724276640   DEBUG: CAMLCodec::Decode: ret: 0, sz: 0, dts_in: 18442240474082.1797[75EB8], pts_in: 18442240474082.1797[781E0], adj:0, ptsOut:3.9667, amlpts:356999, idx:118, timesize:1.0009, drain: 0
14:47:25.828 T:4115355104   DEBUG: Previous line repeats 1 times.
14:47:25.829 T:4115355104   DEBUG: CAMLCodec::ReleaseFrame idx:116
14:47:25.829 T:3724276640   DEBUG: CAMLCodec::Decode: ret: 0, sz: 0, dts_in: 18442240474082.1797[75EB8], pts_in: 18442240474082.1797[781E0], adj:0, ptsOut:3.9667, amlpts:356999, idx:118, timesize:1.0009, drain: 0
14:47:25.829 T:3724276640   DEBUG: CAMLCodec::Decode: ret: 4, sz: 0, dts_in: 18442240474082.1797[75EB8], pts_in: 18442240474082.1797[781E0], adj:0, ptsOut:4.0000, amlpts:360000, idx:119, timesize:1.0009, drain: 0
14:47:25.840 T:3724276640   DEBUG: CAMLCodec::Decode: ret: 0, sz: 0, dts_in: 18442240474082.1797[75EB8], pts_in: 18442240474082.1797[781E0], adj:0, ptsOut:4.0000, amlpts:360000, idx:119, timesize:1.0009, drain: 0
14:47:25.860 T:3939492768   DEBUG: Previous line repeats 1 times.
14:47:25.860 T:3939492768   DEBUG: [plugin.video.youtube] send_notification: |check_settings| -> |{"httpd_address": "0.0.0.0", "use_httpd": true, "whitelist": "", "httpd_port": 50152}|
14:47:25.860 T:3724276640   DEBUG: CAMLCodec::Decode: ret: 0, sz: 0, dts_in: 18442240474082.1797[75EB8], pts_in: 18442240474082.1797[781E0], adj:0, ptsOut:4.0000, amlpts:360000, idx:119, timesize:1.0009, drain: 0
14:47:25.861 T:4115342240   DEBUG: CAnnouncementManager - Announcement: check_settings from plugin.video.youtube
14:47:25.862 T:4115342240   DEBUG: GOT ANNOUNCEMENT, type: 512, from plugin.video.youtube, message check_settings
14:47:25.863 T:4115355104   DEBUG: CAMLCodec::ReleaseFrame idx:117
14:47:25.864 T:3939492768   DEBUG: [plugin.video.youtube] JSONStore Load |/storage/.kodi/userdata/addon_data/plugin.video.youtube/api_keys.json|
14:47:25.866 T:3939492768   DEBUG: [plugin.video.youtube] JSONStore Load |/storage/.kodi/userdata/addon_data/plugin.video.youtube/access_manager.json|
14:47:25.870 T:3939492768   DEBUG: [plugin.video.youtube] User: |0| Using API key set: |own|
14:47:25.871 T:3724276640   DEBUG: CAMLCodec::Decode: ret: 0, sz: 0, dts_in: 18442240474082.1797[75EB8], pts_in: 18442240474082.1797[781E0], adj:0, ptsOut:4.0000, amlpts:360000, idx:119, timesize:1.0009, drain: 0
14:47:25.871 T:3724276640   DEBUG: CAMLCodec::Decode: ret: 4, sz: 0, dts_in: 18442240474082.1797[75EB8], pts_in: 18442240474082.1797[781E0], adj:0, ptsOut:4.0333, amlpts:362999, idx:120, timesize:1.0009, drain: 0
14:47:25.881 T:3724276640   DEBUG: CAMLCodec::Decode: ret: 0, sz: 0, dts_in: 18442240474082.1797[75EB8], pts_in: 18442240474082.1797[781E0], adj:0, ptsOut:4.0333, amlpts:362999, idx:120, timesize:1.0009, drain: 0
14:47:25.896 T:4115355104   DEBUG: Previous line repeats 1 times.
14:47:25.896 T:4115355104   DEBUG: CAMLCodec::ReleaseFrame idx:118
14:47:25.900 T:3914326944   DEBUG: -->Python Interpreter Initialized<--
14:47:25.901 T:3914326944   DEBUG: CPythonInvoker(3, /storage/.kodi/addons/script.module.simple.downloader/default.py): the source file to load is "/storage/.kodi/addons/script.module.simple.downloader/default.py"
14:47:25.901 T:3914326944   DEBUG: CPythonInvoker(3, /storage/.kodi/addons/script.module.simple.downloader/default.py): setting the Python path to /storage/.kodi/addons/script.module.simple.downloader:/storage/.kodi/addons/script.common.plugin.cache/lib:/storage/.kodi/addons/script.module.parsedom/lib:/usr/lib/python27.zip:/usr/lib/python2.7:/usr/lib/python2.7/plat-linux2:/usr/lib/python2.7/lib-tk:/usr/lib/python2.7/lib-old:/usr/lib/python2.7/lib-dynload:/usr/lib/python2.7/site-packages:/usr/lib/python2.7/site-packages/gtk-2.0
14:47:25.901 T:3914326944   DEBUG: CPythonInvoker(3, /storage/.kodi/addons/script.module.simple.downloader/default.py): entering source directory /storage/.kodi/addons/script.module.simple.downloader
14:47:25.901 T:3939492768   DEBUG: [plugin.video.youtube] YouTube service initialization...
14:47:25.901 T:3724276640   DEBUG: CAMLCodec::Decode: ret: 0, sz: 0, dts_in: 18442240474082.1797[75EB8], pts_in: 18442240474082.1797[781E0], adj:0, ptsOut:4.0333, amlpts:362999, idx:120, timesize:1.0009, drain: 0
14:47:25.902 T:3724276640   DEBUG: CAMLCodec::Decode: ret: 4, sz: 0, dts_in: 18442240474082.1797[75EB8], pts_in: 18442240474082.1797[781E0], adj:0, ptsOut:4.0667, amlpts:365999, idx:121, timesize:1.0009, drain: 0
14:47:25.909 T:3939492768   DEBUG: [plugin.video.youtube] HTTPServer: Starting |0.0.0.0:50152|
14:47:25.912 T:3914326944   DEBUG: CPythonInvoker(3, /storage/.kodi/addons/script.module.simple.downloader/default.py): instantiating addon using automatically obtained id of "script.module.simple.downloader" dependent on version 2.1.0 of the xbmc.python api
14:47:25.912 T:3724276640   DEBUG: CAMLCodec::Decode: ret: 0, sz: 0, dts_in: 18442240474082.1797[75EB8], pts_in: 18442240474082.1797[781E0], adj:0, ptsOut:4.0667, amlpts:365999, idx:121, timesize:1.0009, drain: 0
14:47:25.914 T:3880772512   DEBUG: -->Python Interpreter Initialized<--
14:47:25.914 T:3880772512   DEBUG: CPythonInvoker(6, /storage/.kodi/addons/script.common.plugin.cache/default.py): the source file to load is "/storage/.kodi/addons/script.common.plugin.cache/default.py"
14:47:25.923 T:3724276640   DEBUG: CAMLCodec::Decode: ret: 2, sz: 0, dts_in: 18442240474082.1797[75EB8], pts_in: 18442240474082.1797[781E0], adj:0, ptsOut:4.0667, amlpts:365999, idx:121, timesize:0.9676, drain: 0
14:47:25.930 T:4115355104   DEBUG: CAMLCodec::ReleaseFrame idx:119
14:47:25.933 T:3724276640   DEBUG: CAMLCodec::Decode: ret: 2, sz: 13598, dts_in: 5.4000[76A70], pts_in: 5.4000[76A70], adj:0, ptsOut:4.0667, amlpts:365999, idx:121, timesize:0.9676, drain: 0
14:47:25.934 T:3724276640   DEBUG: CAMLCodec::Decode: ret: 6, sz: 15620, dts_in: 5.4333[77628], pts_in: 5.4333[77628], adj:0, ptsOut:4.1000, amlpts:369000, idx:122, timesize:0.9676, drain: 0
14:47:25.934 T:3724276640   DEBUG: CPullupCorrection: detected pattern of length 1: 33333.33, frameduration: 33333.333333
14:47:25.944 T:3724276640   DEBUG: CAMLCodec::Decode: ret: 2, sz: 25844, dts_in: 5.4667[781E0], pts_in: 5.6000[7B0C0], adj:0, ptsOut:4.1000, amlpts:369000, idx:122, timesize:0.9342, drain: 0
14:47:25.950 T:3678401440   DEBUG: -->Python Interpreter Initialized<--
14:47:25.950 T:3678401440   DEBUG: CPythonInvoker(13, /storage/.kodi/addons/plugin.program.super.favourites/default.py): the source file to load is "/storage/.kodi/addons/plugin.program.super.favourites/default.py"
14:47:25.953 T:3703567264   DEBUG: -->Python Interpreter Initialized<--
14:47:25.953 T:3703567264   DEBUG: CPythonInvoker(10, /storage/.kodi/addons/script.skinshortcuts/default.py): the source file to load is "/storage/.kodi/addons/script.skinshortcuts/default.py"
14:47:25.956 T:3724276640   DEBUG: CAMLCodec::Decode: ret: 2, sz: 15351, dts_in: 5.5000[78D98], pts_in: 5.5000[78D98], adj:0, ptsOut:4.1000, amlpts:369000, idx:122, timesize:0.9676, drain: 0
14:47:25.962 T:4115355104   DEBUG: CAMLCodec::ReleaseFrame idx:120
14:47:25.966 T:3724276640   DEBUG: CAMLCodec::Decode: ret: 0, sz: 19145, dts_in: 5.5333[79950], pts_in: 5.5333[79950], adj:0, ptsOut:4.1000, amlpts:369000, idx:122, timesize:1.0009, drain: 0
14:47:25.967 T:3724276640   DEBUG: CAMLCodec::Decode: ret: 4, sz: 0, dts_in: 18442240474082.1797[79950], pts_in: 18442240474082.1797[79950], adj:0, ptsOut:4.1333, amlpts:371999, idx:123, timesize:1.0009, drain: 0
14:47:25.977 T:3724276640   DEBUG: CAMLCodec::Decode: ret: 0, sz: 0, dts_in: 18442240474082.1797[79950], pts_in: 18442240474082.1797[79950], adj:0, ptsOut:4.1333, amlpts:371999, idx:123, timesize:1.0009, drain: 0
14:47:25.981 T:3678401440   DEBUG: CPythonInvoker(13, /storage/.kodi/addons/plugin.program.super.favourites/default.py): setting the Python path to /storage/.kodi/addons/plugin.program.super.favourites:/storage/.kodi/addons/script.module.addon.common/lib:/storage/.kodi/addons/script.module.metahandler/lib:/storage/.kodi/addons/script.module.myconnpy/lib:/storage/.kodi/addons/script.module.simplejson/lib:/usr/lib/python27.zip:/usr/lib/python2.7:/usr/lib/python2.7/plat-linux2:/usr/lib/python2.7/lib-tk:/usr/lib/python2.7/lib-old:/usr/lib/python2.7/lib-dynload:/usr/lib/python2.7/site-packages:/usr/lib/python2.7/site-packages/gtk-2.0
14:47:25.981 T:3678401440   DEBUG: CPythonInvoker(13, /storage/.kodi/addons/plugin.program.super.favourites/default.py): entering source directory /storage/.kodi/addons/plugin.program.super.favourites
14:47:25.989 T:3724276640   DEBUG: CAMLCodec::Decode: ret: 0, sz: 0, dts_in: 18442240474082.1797[79950], pts_in: 18442240474082.1797[79950], adj:0, ptsOut:4.1333, amlpts:371999, idx:123, timesize:1.0009, drain: 0
14:47:25.991 T:3678401440   DEBUG: CPythonInvoker(13, /storage/.kodi/addons/plugin.program.super.favourites/default.py): instantiating addon using automatically obtained id of "plugin.program.super.favourites" dependent on version 2.14.0 of the xbmc.python api
14:47:25.995 T:4115355104   DEBUG: CAMLCodec::ReleaseFrame idx:121
14:47:25.999 T:3724276640   DEBUG: CAMLCodec::Decode: ret: 0, sz: 0, dts_in: 18442240474082.1797[79950], pts_in: 18442240474082.1797[79950], adj:0, ptsOut:4.1333, amlpts:371999, idx:123, timesize:1.0009, drain: 0
14:47:25.999 T:3724276640   DEBUG: CAMLCodec::Decode: ret: 4, sz: 0, dts_in: 18442240474082.1797[79950], pts_in: 18442240474082.1797[79950], adj:0, ptsOut:4.1667, amlpts:374999, idx:124, timesize:1.0009, drain: 0
14:47:26.009 T:3724276640   DEBUG: CAMLCodec::Decode: ret: 0, sz: 0, dts_in: 18442240474082.1797[79950], pts_in: 18442240474082.1797[79950], adj:0, ptsOut:4.1667, amlpts:374999, idx:124, timesize:1.0009, drain: 0
14:47:26.028 T:4115355104   DEBUG: Previous line repeats 1 times.
14:47:26.028 T:4115355104   DEBUG: CAMLCodec::ReleaseFrame idx:122
14:47:26.030 T:3724276640   DEBUG: CAMLCodec::Decode: ret: 0, sz: 0, dts_in: 18442240474082.1797[79950], pts_in: 18442240474082.1797[79950], adj:0, ptsOut:4.1667, amlpts:374999, idx:124, timesize:1.0009, drain: 0
14:47:26.030 T:3724276640   DEBUG: CAMLCodec::Decode: ret: 4, sz: 0, dts_in: 18442240474082.1797[79950], pts_in: 18442240474082.1797[79950], adj:0, ptsOut:4.2000, amlpts:378000, idx:125, timesize:1.0009, drain: 0
14:47:26.040 T:3724276640   DEBUG: CAMLCodec::Decode: ret: 0, sz: 0, dts_in: 18442240474082.1797[79950], pts_in: 18442240474082.1797[79950], adj:0, ptsOut:4.2000, amlpts:378000, idx:125, timesize:1.0009, drain: 0
14:47:26.062 T:4115355104   DEBUG: Previous line repeats 1 times.
14:47:26.062 T:4115355104   DEBUG: CAMLCodec::ReleaseFrame idx:123
14:47:26.062 T:3724276640   DEBUG: CAMLCodec::Decode: ret: 0, sz: 0, dts_in: 18442240474082.1797[79950], pts_in: 18442240474082.1797[79950], adj:0, ptsOut:4.2000, amlpts:378000, idx:125, timesize:1.0009, drain: 0
14:47:26.062 T:3724276640   DEBUG: CAMLCodec::Decode: ret: 4, sz: 0, dts_in: 18442240474082.1797[79950], pts_in: 18442240474082.1797[79950], adj:0, ptsOut:4.2333, amlpts:380999, idx:126, timesize:1.0009, drain: 0
14:47:26.072 T:3724276640   DEBUG: CAMLCodec::Decode: ret: 0, sz: 0, dts_in: 18442240474082.1797[79950], pts_in: 18442240474082.1797[79950], adj:0, ptsOut:4.2333, amlpts:380999, idx:126, timesize:1.0009, drain: 0
14:47:26.093 T:3724276640   DEBUG: Previous line repeats 1 times.
14:47:26.093 T:3724276640   DEBUG: CAMLCodec::Decode: ret: 2, sz: 0, dts_in: 18442240474082.1797[79950], pts_in: 18442240474082.1797[79950], adj:0, ptsOut:4.2333, amlpts:380999, idx:126, timesize:0.9676, drain: 0
14:47:26.095 T:4115355104   DEBUG: CAMLCodec::ReleaseFrame idx:124
14:47:26.103 T:3724276640   DEBUG: CAMLCodec::Decode: ret: 2, sz: 16929, dts_in: 5.5667[7A508], pts_in: 5.5667[7A508], adj:0, ptsOut:4.2333, amlpts:380999, idx:126, timesize:0.9676, drain: 0
14:47:26.104 T:3724276640   DEBUG: CAMLCodec::Decode: ret: 6, sz: 23906, dts_in: 5.6000[7B0C0], pts_in: 5.7333[7DFA0], adj:0, ptsOut:4.2667, amlpts:383999, idx:127, timesize:0.9342, drain: 0
14:47:26.113 T:3939492768   DEBUG: [plugin.video.youtube] HTTPServer: Serving on |0.0.0.0:50152|
14:47:26.114 T:3724276640   DEBUG: CAMLCodec::Decode: ret: 2, sz: 13805, dts_in: 5.6333[7BC78], pts_in: 5.6333[7BC78], adj:0, ptsOut:4.2667, amlpts:383999, idx:127, timesize:0.9676, drain: 0
14:47:26.118 T:3931104160   DEBUG: Skin Helper Service --> Kodi_Monitor: sender plugin.video.youtube - method: Other.check_settings  - data: ["%7B%22httpd_address%22%3A%20%220.0.0.0%22%2C%20%22use_httpd%22%3A%20true%2C%20%22whitelist%22%3A%20%22%22%2C%20%22httpd_port%22%3A%2050152%7D"]
14:47:26.125 T:3724276640   DEBUG: CAMLCodec::Decode: ret: 0, sz: 16452, dts_in: 5.6667[7C830], pts_in: 5.6667[7C830], adj:0, ptsOut:4.2667, amlpts:383999, idx:127, timesize:1.0009, drain: 0
14:47:26.128 T:4115355104   DEBUG: CAMLCodec::ReleaseFrame idx:125
14:47:26.135 T:3724276640   DEBUG: CAMLCodec::Decode: ret: 0, sz: 0, dts_in: 18442240474082.1797[7C830], pts_in: 18442240474082.1797[7C830], adj:0, ptsOut:4.2667, amlpts:383999, idx:127, timesize:1.0009, drain: 0
14:47:26.135 T:3724276640   DEBUG: CAMLCodec::Decode: ret: 4, sz: 0, dts_in: 18442240474082.1797[7C830], pts_in: 18442240474082.1797[7C830], adj:0, ptsOut:4.3000, amlpts:387000, idx:128, timesize:1.0009, drain: 0
14:47:26.146 T:3724276640   DEBUG: CAMLCodec::Decode: ret: 0, sz: 0, dts_in: 18442240474082.1797[7C830], pts_in: 18442240474082.1797[7C830], adj:0, ptsOut:4.3000, amlpts:387000, idx:128, timesize:1.0009, drain: 0
14:47:26.162 T:4115355104   DEBUG: Previous line repeats 1 times.
14:47:26.162 T:4115355104   DEBUG: CAMLCodec::ReleaseFrame idx:126
14:47:26.166 T:3724276640   DEBUG: CAMLCodec::Decode: ret: 0, sz: 0, dts_in: 18442240474082.1797[7C830], pts_in: 18442240474082.1797[7C830], adj:0, ptsOut:4.3000, amlpts:387000, idx:128, timesize:1.0009, drain: 0
14:47:26.166 T:3724276640   DEBUG: CAMLCodec::Decode: ret: 4, sz: 0, dts_in: 18442240474082.1797[7C830], pts_in: 18442240474082.1797[7C830], adj:0, ptsOut:4.3333, amlpts:389999, idx:129, timesize:1.0009, drain: 0
14:47:26.177 T:3724276640   DEBUG: CAMLCodec::Decode: ret: 0, sz: 0, dts_in: 18442240474082.1797[7C830], pts_in: 18442240474082.1797[7C830], adj:0, ptsOut:4.3333, amlpts:389999, idx:129, timesize:1.0009, drain: 0
14:47:26.195 T:4115355104   DEBUG: Previous line repeats 1 times.
14:47:26.195 T:4115355104   DEBUG: CAMLCodec::ReleaseFrame idx:127
14:47:26.197 T:3724276640   DEBUG: CAMLCodec::Decode: ret: 0, sz: 0, dts_in: 18442240474082.1797[7C830], pts_in: 18442240474082.1797[7C830], adj:0, ptsOut:4.3333, amlpts:389999, idx:129, timesize:1.0009, drain: 0
14:47:26.197 T:3724276640   DEBUG: CAMLCodec::Decode: ret: 4, sz: 0, dts_in: 18442240474082.1797[7C830], pts_in: 18442240474082.1797[7C830], adj:0, ptsOut:4.3667, amlpts:392999, idx:130, timesize:1.0009, drain: 0
14:47:26.208 T:3724276640   DEBUG: CAMLCodec::Decode: ret: 0, sz: 0, dts_in: 18442240474082.1797[7C830], pts_in: 18442240474082.1797[7C830], adj:0, ptsOut:4.3667, amlpts:392999, idx:130, timesize:1.0009, drain: 0
14:47:26.218 T:3724276640   DEBUG: CAMLCodec::Decode: ret: 2, sz: 0, dts_in: 18442240474082.1797[7C830], pts_in: 18442240474082.1797[7C830], adj:0, ptsOut:4.3667, amlpts:392999, idx:130, timesize:0.9676, drain: 0
14:47:26.228 T:3724276640   DEBUG: CAMLCodec::Decode: ret: 0, sz: 13714, dts_in: 5.7000[7D3E8], pts_in: 5.7000[7D3E8], adj:0, ptsOut:4.3667, amlpts:392999, idx:130, timesize:1.0009, drain: 0
14:47:26.228 T:4115355104   DEBUG: CAMLCodec::ReleaseFrame idx:128
14:47:26.229 T:3724276640   DEBUG: CAMLCodec::Decode: ret: 4, sz: 0, dts_in: 18442240474082.1797[7D3E8], pts_in: 18442240474082.1797[7D3E8], adj:0, ptsOut:4.4000, amlpts:396000, idx:131, timesize:1.0009, drain: 0
14:47:26.239 T:3724276640   DEBUG: CAMLCodec::Decode: ret: 0, sz: 0, dts_in: 18442240474082.1797[7D3E8], pts_in: 18442240474082.1797[7D3E8], adj:0, ptsOut:4.4000, amlpts:396000, idx:131, timesize:1.0009, drain: 0
14:47:26.249 T:3724276640   DEBUG: CAMLCodec::Decode: ret: 2, sz: 0, dts_in: 18442240474082.1797[7D3E8], pts_in: 18442240474082.1797[7D3E8], adj:0, ptsOut:4.4000, amlpts:396000, idx:131, timesize:0.9676, drain: 0
14:47:26.260 T:3724276640   DEBUG: CAMLCodec::Decode: ret: 2, sz: 22000, dts_in: 5.7333[7DFA0], pts_in: 5.8667[80E80], adj:0, ptsOut:4.4000, amlpts:396000, idx:131, timesize:0.9342, drain: 0
14:47:26.262 T:4115355104   DEBUG: CAMLCodec::ReleaseFrame idx:129
14:47:26.270 T:3724276640   DEBUG: CAMLCodec::Decode: ret: 2, sz: 12018, dts_in: 5.7667[7EB58], pts_in: 5.7667[7EB58], adj:0, ptsOut:4.4000, amlpts:396000, idx:131, timesize:0.9676, drain: 0
14:47:26.270 T:3724276640   DEBUG: CAMLCodec::Decode: ret: 4, sz: 14946, dts_in: 5.8000[7F710], pts_in: 5.8000[7F710], adj:0, ptsOut:4.4333, amlpts:398999, idx:132, timesize:1.0009, drain: 0
14:47:26.281 T:3724276640   DEBUG: CAMLCodec::Decode: ret: 0, sz: 0, dts_in: 18442240474082.1797[7F710], pts_in: 18442240474082.1797[7F710], adj:0, ptsOut:4.4333, amlpts:398999, idx:132, timesize:1.0009, drain: 0
14:47:26.295 T:4115355104   DEBUG: Previous line repeats 1 times.
14:47:26.295 T:4115355104   DEBUG: CAMLCodec::ReleaseFrame idx:130
14:47:26.301 T:3724276640   DEBUG: CAMLCodec::Decode: ret: 0, sz: 0, dts_in: 18442240474082.1797[7F710], pts_in: 18442240474082.1797[7F710], adj:0, ptsOut:4.4333, amlpts:398999, idx:132, timesize:1.0009, drain: 0
14:47:26.301 T:3724276640   DEBUG: CAMLCodec::Decode: ret: 4, sz: 0, dts_in: 18442240474082.1797[7F710], pts_in: 18442240474082.1797[7F710], adj:0, ptsOut:4.4667, amlpts:401999, idx:133, timesize:1.0009, drain: 0
14:47:26.313 T:3724276640   DEBUG: CAMLCodec::Decode: ret: 0, sz: 0, dts_in: 18442240474082.1797[7F710], pts_in: 18442240474082.1797[7F710], adj:0, ptsOut:4.4667, amlpts:401999, idx:133, timesize:1.0009, drain: 0
14:47:26.328 T:4115355104   DEBUG: Previous line repeats 1 times.
14:47:26.328 T:4115355104   DEBUG: CAMLCodec::ReleaseFrame idx:131
