14:47:26.333 T:3724276640   DEBUG: CAMLCodec::Decode: ret: 0, sz: 0, dts_in: 18442240474082.1797[7F710], pts_in: 18442240474082.1797[7F710], adj:0, ptsOut:4.4667, amlpts:401999, idx:133, timesize:1.0009, drain: 0
14:47:26.334 T:3724276640   DEBUG: CAMLCodec::Decode: ret: 6, sz: 0, dts_in: 18442240474082.1797[7F710], pts_in: 18442240474082.1797[7F710], adj:0, ptsOut:4.5000, amlpts:405000, idx:134, timesize:0.9676, drain: 0
14:47:26.344 T:3724276640   DEBUG: CAMLCodec::Decode: ret: 0, sz: 12414, dts_in: 5.8333[802C8], pts_in: 5.8333[802C8], adj:0, ptsOut:4.5000, amlpts:405000, idx:134, timesize:1.0009, drain: 0
14:47:26.346 T:3889161120   DEBUG: ## LibreELEC Addon ## 8.2.0
14:47:26.354 T:3724276640   DEBUG: CAMLCodec::Decode: ret: 0, sz: 0, dts_in: 18442240474082.1797[802C8], pts_in: 18442240474082.1797[802C8], adj:0, ptsOut:4.5000, amlpts:405000, idx:134, timesize:1.0009, drain: 0
14:47:26.361 T:4115355104   DEBUG: CAMLCodec::ReleaseFrame idx:132
14:47:26.365 T:3724276640   DEBUG: CAMLCodec::Decode: ret: 0, sz: 0, dts_in: 18442240474082.1797[802C8], pts_in: 18442240474082.1797[802C8], adj:0, ptsOut:4.5000, amlpts:405000, idx:134, timesize:1.0009, drain: 0
14:47:26.365 T:3724276640   DEBUG: CAMLCodec::Decode: ret: 4, sz: 0, dts_in: 18442240474082.1797[802C8], pts_in: 18442240474082.1797[802C8], adj:0, ptsOut:4.5333, amlpts:407999, idx:135, timesize:1.0009, drain: 0
14:47:26.375 T:3724276640   DEBUG: CAMLCodec::Decode: ret: 0, sz: 0, dts_in: 18442240474082.1797[802C8], pts_in: 18442240474082.1797[802C8], adj:0, ptsOut:4.5333, amlpts:407999, idx:135, timesize:1.0009, drain: 0
14:47:26.385 T:3724276640   DEBUG: CAMLCodec::Decode: ret: 2, sz: 0, dts_in: 18442240474082.1797[802C8], pts_in: 18442240474082.1797[802C8], adj:0, ptsOut:4.5333, amlpts:407999, idx:135, timesize:0.9676, drain: 0
14:47:26.395 T:4115355104   DEBUG: CAMLCodec::ReleaseFrame idx:133
14:47:26.396 T:3724276640   DEBUG: CAMLCodec::Decode: ret: 2, sz: 17109, dts_in: 5.8667[80E80], pts_in: 6.0000[83D60], adj:0, ptsOut:4.5333, amlpts:407999, idx:135, timesize:0.9676, drain: 0
14:47:26.396 T:3724276640   DEBUG: CAMLCodec::Decode: ret: 4, sz: 9255, dts_in: 5.9000[81A38], pts_in: 5.9000[81A38], adj:0, ptsOut:4.5667, amlpts:410999, idx:136, timesize:1.0009, drain: 0
14:47:26.406 T:3724276640   DEBUG: CAMLCodec::Decode: ret: 0, sz: 0, dts_in: 18442240474082.1797[81A38], pts_in: 18442240474082.1797[81A38], adj:0, ptsOut:4.5667, amlpts:410999, idx:136, timesize:1.0009, drain: 0
14:47:26.428 T:4115355104   DEBUG: Previous line repeats 2 times.
14:47:26.428 T:4115355104   DEBUG: CAMLCodec::ReleaseFrame idx:134
14:47:26.437 T:3724276640   DEBUG: CAMLCodec::Decode: ret: 0, sz: 0, dts_in: 18442240474082.1797[81A38], pts_in: 18442240474082.1797[81A38], adj:0, ptsOut:4.5667, amlpts:410999, idx:136, timesize:1.0009, drain: 0
14:47:26.437 T:3724276640   DEBUG: CAMLCodec::Decode: ret: 6, sz: 0, dts_in: 18442240474082.1797[81A38], pts_in: 18442240474082.1797[81A38], adj:0, ptsOut:4.6000, amlpts:414000, idx:137, timesize:0.9676, drain: 0
14:47:26.447 T:3724276640   DEBUG: CAMLCodec::Decode: ret: 2, sz: 9634, dts_in: 5.9333[825F0], pts_in: 5.9333[825F0], adj:0, ptsOut:4.6000, amlpts:414000, idx:137, timesize:0.9676, drain: 0
14:47:26.458 T:3724276640   DEBUG: CAMLCodec::Decode: ret: 0, sz: 7678, dts_in: 5.9667[831A8], pts_in: 5.9667[831A8], adj:0, ptsOut:4.6000, amlpts:414000, idx:137, timesize:1.0009, drain: 0
14:47:26.462 T:4115355104   DEBUG: CAMLCodec::ReleaseFrame idx:135
14:47:26.468 T:3724276640   DEBUG: CAMLCodec::Decode: ret: 0, sz: 0, dts_in: 18442240474082.1797[831A8], pts_in: 18442240474082.1797[831A8], adj:0, ptsOut:4.6000, amlpts:414000, idx:137, timesize:1.0009, drain: 0
14:47:26.468 T:3724276640   DEBUG: CAMLCodec::Decode: ret: 4, sz: 0, dts_in: 18442240474082.1797[831A8], pts_in: 18442240474082.1797[831A8], adj:0, ptsOut:4.6333, amlpts:416999, idx:138, timesize:1.0009, drain: 0
14:47:26.479 T:3724276640   DEBUG: CAMLCodec::Decode: ret: 0, sz: 0, dts_in: 18442240474082.1797[831A8], pts_in: 18442240474082.1797[831A8], adj:0, ptsOut:4.6333, amlpts:416999, idx:138, timesize:1.0009, drain: 0
14:47:26.482 T:3703567264   DEBUG: CPythonInvoker(10, /storage/.kodi/addons/script.skinshortcuts/default.py): setting the Python path to /storage/.kodi/addons/script.skinshortcuts:/storage/.kodi/addons/script.module.simplejson/lib:/storage/.kodi/addons/script.module.unidecode/lib:/usr/lib/python27.zip:/usr/lib/python2.7:/usr/lib/python2.7/plat-linux2:/usr/lib/python2.7/lib-tk:/usr/lib/python2.7/lib-old:/usr/lib/python2.7/lib-dynload:/usr/lib/python2.7/site-packages:/usr/lib/python2.7/site-packages/gtk-2.0
14:47:26.482 T:3703567264   DEBUG: CPythonInvoker(10, /storage/.kodi/addons/script.skinshortcuts/default.py): entering source directory /storage/.kodi/addons/script.skinshortcuts
14:47:26.482 T:3703567264   DEBUG: CPythonInvoker(10, /storage/.kodi/addons/script.skinshortcuts/default.py): instantiating addon using automatically obtained id of "script.skinshortcuts" dependent on version 2.20.0 of the xbmc.python api
14:47:26.489 T:3724276640   DEBUG: CAMLCodec::Decode: ret: 0, sz: 0, dts_in: 18442240474082.1797[831A8], pts_in: 18442240474082.1797[831A8], adj:0, ptsOut:4.6333, amlpts:416999, idx:138, timesize:1.0009, drain: 0
14:47:26.495 T:4115355104   DEBUG: CAMLCodec::ReleaseFrame idx:136
14:47:26.499 T:3724276640   DEBUG: CAMLCodec::Decode: ret: 0, sz: 0, dts_in: 18442240474082.1797[831A8], pts_in: 18442240474082.1797[831A8], adj:0, ptsOut:4.6333, amlpts:416999, idx:138, timesize:1.0009, drain: 0
14:47:26.499 T:3724276640   DEBUG: CAMLCodec::Decode: ret: 4, sz: 0, dts_in: 18442240474082.1797[831A8], pts_in: 18442240474082.1797[831A8], adj:0, ptsOut:4.6667, amlpts:419999, idx:139, timesize:1.0009, drain: 0
14:47:26.510 T:3724276640   DEBUG: CAMLCodec::Decode: ret: 0, sz: 0, dts_in: 18442240474082.1797[831A8], pts_in: 18442240474082.1797[831A8], adj:0, ptsOut:4.6667, amlpts:419999, idx:139, timesize:1.0009, drain: 0
14:47:26.513 T:3855606688    INFO: Python script stopped
14:47:26.513 T:3855606688   DEBUG: Thread LanguageInvoker 3855606688 terminating
14:47:26.520 T:3724276640   DEBUG: CAMLCodec::Decode: ret: 2, sz: 0, dts_in: 18442240474082.1797[831A8], pts_in: 18442240474082.1797[831A8], adj:0, ptsOut:4.6667, amlpts:419999, idx:139, timesize:0.9676, drain: 0
14:47:26.529 T:4115355104   DEBUG: CAMLCodec::ReleaseFrame idx:137
14:47:26.530 T:3724276640   DEBUG: CAMLCodec::Decode: ret: 2, sz: 18386, dts_in: 6.0000[83D60], pts_in: 6.0333[84918], adj:0, ptsOut:4.6667, amlpts:419999, idx:139, timesize:0.9676, drain: 0
14:47:26.531 T:3724276640   DEBUG: CAMLCodec::Decode: ret: 4, sz: 17204, dts_in: 6.0333[84918], pts_in: 6.1667[877F8], adj:0, ptsOut:4.7000, amlpts:423000, idx:140, timesize:1.0009, drain: 0
14:47:26.541 T:3724276640   DEBUG: CAMLCodec::Decode: ret: 0, sz: 0, dts_in: 18442240474082.1797[84918], pts_in: 18442240474082.1797[877F8], adj:0, ptsOut:4.7000, amlpts:423000, idx:140, timesize:1.0009, drain: 0
14:47:26.562 T:3724276640   DEBUG: Previous line repeats 2 times.
14:47:26.562 T:3724276640   DEBUG: CAMLCodec::Decode: ret: 4, sz: 0, dts_in: 18442240474082.1797[84918], pts_in: 18442240474082.1797[877F8], adj:0, ptsOut:4.7333, amlpts:425999, idx:141, timesize:1.0009, drain: 0
14:47:26.563 T:4115355104   DEBUG: CAMLCodec::ReleaseFrame idx:138
14:47:26.573 T:3724276640   DEBUG: CAMLCodec::Decode: ret: 0, sz: 0, dts_in: 18442240474082.1797[84918], pts_in: 18442240474082.1797[877F8], adj:0, ptsOut:4.7333, amlpts:425999, idx:141, timesize:1.0009, drain: 0
14:47:26.594 T:3724276640   DEBUG: Previous line repeats 1 times.
14:47:26.594 T:3724276640   DEBUG: CAMLCodec::Decode: ret: 2, sz: 0, dts_in: 18442240474082.1797[84918], pts_in: 18442240474082.1797[877F8], adj:0, ptsOut:4.7333, amlpts:425999, idx:141, timesize:0.9676, drain: 0
14:47:26.594 T:3724276640   DEBUG: CAMLCodec::Decode: ret: 4, sz: 6027, dts_in: 6.0667[854D0], pts_in: 6.0667[854D0], adj:0, ptsOut:4.7667, amlpts:428999, idx:142, timesize:1.0009, drain: 0
14:47:26.595 T:4115355104   DEBUG: CAMLCodec::ReleaseFrame idx:139
14:47:26.605 T:3724276640   DEBUG: CAMLCodec::Decode: ret: 0, sz: 0, dts_in: 18442240474082.1797[854D0], pts_in: 18442240474082.1797[854D0], adj:0, ptsOut:4.7667, amlpts:428999, idx:142, timesize:1.0009, drain: 0
14:47:26.615 T:3724276640   DEBUG: CAMLCodec::Decode: ret: 2, sz: 0, dts_in: 18442240474082.1797[854D0], pts_in: 18442240474082.1797[854D0], adj:0, ptsOut:4.7667, amlpts:428999, idx:142, timesize:0.9676, drain: 0
14:47:26.626 T:3724276640   DEBUG: CAMLCodec::Decode: ret: 0, sz: 7369, dts_in: 6.1000[86088], pts_in: 6.1000[86088], adj:0, ptsOut:4.7667, amlpts:428999, idx:142, timesize:1.0009, drain: 0
14:47:26.628 T:4115355104   DEBUG: CAMLCodec::ReleaseFrame idx:140
14:47:26.636 T:3724276640   DEBUG: CAMLCodec::Decode: ret: 0, sz: 0, dts_in: 18442240474082.1797[86088], pts_in: 18442240474082.1797[86088], adj:0, ptsOut:4.7667, amlpts:428999, idx:142, timesize:1.0009, drain: 0
14:47:26.636 T:3724276640   DEBUG: CAMLCodec::Decode: ret: 6, sz: 0, dts_in: 18442240474082.1797[86088], pts_in: 18442240474082.1797[86088], adj:0, ptsOut:4.8000, amlpts:432000, idx:143, timesize:0.9676, drain: 0
14:47:26.647 T:3724276640   DEBUG: CAMLCodec::Decode: ret: 0, sz: 6563, dts_in: 6.1333[86C40], pts_in: 6.1333[86C40], adj:0, ptsOut:4.8000, amlpts:432000, idx:143, timesize:1.0009, drain: 0
14:47:26.657 T:3724276640   DEBUG: CAMLCodec::Decode: ret: 0, sz: 0, dts_in: 18442240474082.1797[86C40], pts_in: 18442240474082.1797[86C40], adj:0, ptsOut:4.8000, amlpts:432000, idx:143, timesize:1.0009, drain: 0
14:47:26.662 T:4115355104   DEBUG: CAMLCodec::ReleaseFrame idx:141
14:47:26.664 T:3914326944    INFO: CPythonInvoker(3, /storage/.kodi/addons/script.module.simple.downloader/default.py): script successfully run
14:47:26.667 T:3724276640   DEBUG: CAMLCodec::Decode: ret: 0, sz: 0, dts_in: 18442240474082.1797[86C40], pts_in: 18442240474082.1797[86C40], adj:0, ptsOut:4.8000, amlpts:432000, idx:143, timesize:1.0009, drain: 0
14:47:26.667 T:3724276640   DEBUG: CAMLCodec::Decode: ret: 4, sz: 0, dts_in: 18442240474082.1797[86C40], pts_in: 18442240474082.1797[86C40], adj:0, ptsOut:4.8333, amlpts:434999, idx:144, timesize:1.0009, drain: 0
14:47:26.678 T:3724276640   DEBUG: CAMLCodec::Decode: ret: 0, sz: 0, dts_in: 18442240474082.1797[86C40], pts_in: 18442240474082.1797[86C40], adj:0, ptsOut:4.8333, amlpts:434999, idx:144, timesize:1.0009, drain: 0
14:47:26.688 T:3724276640   DEBUG: CAMLCodec::Decode: ret: 2, sz: 0, dts_in: 18442240474082.1797[86C40], pts_in: 18442240474082.1797[86C40], adj:0, ptsOut:4.8333, amlpts:434999, idx:144, timesize:0.9676, drain: 0
14:47:26.695 T:4115355104   DEBUG: CAMLCodec::ReleaseFrame idx:142
14:47:26.699 T:3724276640   DEBUG: CAMLCodec::Decode: ret: 2, sz: 24317, dts_in: 6.1667[877F8], pts_in: 6.2667[89B20], adj:0, ptsOut:4.8333, amlpts:434999, idx:144, timesize:0.9676, drain: 0
14:47:26.699 T:3724276640   DEBUG: CAMLCodec::Decode: ret: 4, sz: 10033, dts_in: 6.2000[883B0], pts_in: 6.2000[883B0], adj:0, ptsOut:4.8667, amlpts:437999, idx:145, timesize:1.0009, drain: 0
14:47:26.716 T:3724276640   DEBUG: CAMLCodec::Decode: ret: 0, sz: 0, dts_in: 18442240474082.1797[883B0], pts_in: 18442240474082.1797[883B0], adj:0, ptsOut:4.8667, amlpts:437999, idx:145, timesize:1.0009, drain: 0
14:47:26.721 T:4115355104   DEBUG: CAMLCodec::ReleaseFrame idx:143
14:47:26.727 T:3724276640   DEBUG: CAMLCodec::Decode: ret: 0, sz: 0, dts_in: 18442240474082.1797[883B0], pts_in: 18442240474082.1797[883B0], adj:0, ptsOut:4.8667, amlpts:437999, idx:145, timesize:1.0009, drain: 0
14:47:26.737 T:3724276640   DEBUG: Previous line repeats 1 times.
14:47:26.737 T:3724276640   DEBUG: CAMLCodec::Decode: ret: 6, sz: 0, dts_in: 18442240474082.1797[883B0], pts_in: 18442240474082.1797[883B0], adj:0, ptsOut:4.9000, amlpts:441000, idx:146, timesize:0.9676, drain: 0
14:47:26.738 T:3594515360   DEBUG: -->Python Interpreter Initialized<--
14:47:26.738 T:3594515360   DEBUG: CPythonInvoker(15, /storage/.kodi/addons/plugin.video.tempest/tempest.py): the source file to load is "/storage/.kodi/addons/plugin.video.tempest/tempest.py"
14:47:26.748 T:3724276640   DEBUG: CAMLCodec::Decode: ret: 0, sz: 12581, dts_in: 6.2333[88F68], pts_in: 6.2333[88F68], adj:0, ptsOut:4.9000, amlpts:441000, idx:146, timesize:1.0009, drain: 0
14:47:26.748 T:3724276640   DEBUG: CAMLCodec::Decode: ret: 4, sz: 0, dts_in: 18442240474082.1797[88F68], pts_in: 18442240474082.1797[88F68], adj:0, ptsOut:4.9333, amlpts:443999, idx:147, timesize:1.0009, drain: 0
14:47:26.762 T:4115355104   DEBUG: CAMLCodec::ReleaseFrame idx:144
14:47:26.772 T:3724276640   DEBUG: CAMLCodec::Decode: ret: 2, sz: 0, dts_in: 18442240474082.1797[88F68], pts_in: 18442240474082.1797[88F68], adj:0, ptsOut:4.9333, amlpts:443999, idx:147, timesize:0.9676, drain: 0
14:47:26.783 T:3724276640   DEBUG: CAMLCodec::Decode: ret: 2, sz: 31376, dts_in: 6.2667[89B20], pts_in: 6.3333[8B290], adj:0, ptsOut:4.9333, amlpts:443999, idx:147, timesize:0.9342, drain: 0
14:47:26.793 T:3724276640   DEBUG: CAMLCodec::Decode: ret: 2, sz: 12546, dts_in: 6.3000[8A6D8], pts_in: 6.3000[8A6D8], adj:0, ptsOut:4.9333, amlpts:443999, idx:147, timesize:0.9676, drain: 0
14:47:26.795 T:4115355104   DEBUG: CAMLCodec::ReleaseFrame idx:145
14:47:26.804 T:3724276640   DEBUG: CAMLCodec::Decode: ret: 0, sz: 33083, dts_in: 6.3333[8B290], pts_in: 6.4000[8CA00], adj:0, ptsOut:4.9333, amlpts:443999, idx:147, timesize:1.0009, drain: 0
14:47:26.804 T:3724276640   DEBUG: CAMLCodec::Decode: ret: 4, sz: 0, dts_in: 18442240474082.1797[8B290], pts_in: 18442240474082.1797[8CA00], adj:0, ptsOut:4.9667, amlpts:446999, idx:148, timesize:1.0009, drain: 0
14:47:26.814 T:3724276640   DEBUG: CAMLCodec::Decode: ret: 0, sz: 0, dts_in: 18442240474082.1797[8B290], pts_in: 18442240474082.1797[8CA00], adj:0, ptsOut:4.9667, amlpts:446999, idx:148, timesize:1.0009, drain: 0
14:47:26.830 T:4115355104   DEBUG: Previous line repeats 1 times.
14:47:26.830 T:4115355104   DEBUG: CAMLCodec::ReleaseFrame idx:146
14:47:26.836 T:3724276640   DEBUG: CAMLCodec::Decode: ret: 0, sz: 0, dts_in: 18442240474082.1797[8B290], pts_in: 18442240474082.1797[8CA00], adj:0, ptsOut:4.9667, amlpts:446999, idx:148, timesize:1.0009, drain: 0
14:47:26.836 T:3724276640   DEBUG: CAMLCodec::Decode: ret: 4, sz: 0, dts_in: 18442240474082.1797[8B290], pts_in: 18442240474082.1797[8CA00], adj:0, ptsOut:5.0000, amlpts:450000, idx:149, timesize:1.0009, drain: 0
14:47:26.846 T:3724276640   DEBUG: CAMLCodec::Decode: ret: 0, sz: 0, dts_in: 18442240474082.1797[8B290], pts_in: 18442240474082.1797[8CA00], adj:0, ptsOut:5.0000, amlpts:450000, idx:149, timesize:1.0009, drain: 0
14:47:26.862 T:4115355104   DEBUG: Previous line repeats 1 times.
14:47:26.862 T:4115355104   DEBUG: CAMLCodec::ReleaseFrame idx:147
14:47:26.864 T:3828347808   DEBUG: CPVRChannelGroups - LoadUserDefinedChannelGroups - 0 new user defined TV channel groups fetched from clients
14:47:26.867 T:3724276640   DEBUG: CAMLCodec::Decode: ret: 0, sz: 0, dts_in: 18442240474082.1797[8B290], pts_in: 18442240474082.1797[8CA00], adj:0, ptsOut:5.0000, amlpts:450000, idx:149, timesize:1.0009, drain: 0
14:47:26.867 T:3724276640   DEBUG: CAMLCodec::Decode: ret: 4, sz: 0, dts_in: 18442240474082.1797[8B290], pts_in: 18442240474082.1797[8CA00], adj:0, ptsOut:5.0333, amlpts:452999, idx:150, timesize:1.0009, drain: 0
14:47:26.867 T:3828347808   DEBUG: PVRChannelGroup - Load - 59 channels loaded from the database for group '스포츠'
14:47:26.867 T:3828347808   DEBUG: PVR - GetChannelGroupMembers - get group members for group '스포츠' from add-on 'IPTV Simple PVR Add-on:connected'
14:47:26.871 T:3828347808   DEBUG: PVRChannelGroup - Load - 32 channels loaded from the database for group '아웃도어'
14:47:26.871 T:3828347808   DEBUG: PVR - GetChannelGroupMembers - get group members for group '아웃도어' from add-on 'IPTV Simple PVR Add-on:connected'
14:47:26.874 T:3828347808   DEBUG: PVRChannelGroup - Load - 46 channels loaded from the database for group '공중파'
14:47:26.875 T:3828347808   DEBUG: PVR - GetChannelGroupMembers - get group members for group '공중파' from add-on 'IPTV Simple PVR Add-on:connected'
14:47:26.877 T:3724276640   DEBUG: CAMLCodec::Decode: ret: 0, sz: 0, dts_in: 18442240474082.1797[8B290], pts_in: 18442240474082.1797[8CA00], adj:0, ptsOut:5.0333, amlpts:452999, idx:150, timesize:1.0009, drain: 0
14:47:26.879 T:3828347808   DEBUG: PVRChannelGroup - Load - 63 channels loaded from the database for group '종편'
14:47:26.879 T:3828347808   DEBUG: PVR - GetChannelGroupMembers - get group members for group '종편' from add-on 'IPTV Simple PVR Add-on:connected'
14:47:26.883 T:3828347808   DEBUG: PVRChannelGroup - Load - 35 channels loaded from the database for group '영화'
14:47:26.883 T:3828347808   DEBUG: PVR - GetChannelGroupMembers - get group members for group '영화' from add-on 'IPTV Simple PVR Add-on:connected'
14:47:26.885 T:3828347808   DEBUG: PVRChannelGroup - Load - 18 channels loaded from the database for group 'Kids'
14:47:26.885 T:3828347808   DEBUG: PVR - GetChannelGroupMembers - get group members for group 'Kids' from add-on 'IPTV Simple PVR Add-on:connected'
14:47:26.885 T:3828347808   DEBUG: CPVRChannelGroups - PersistAll - persisting all changes in channel groups
14:47:26.886 T:3828347808   DEBUG: CPVRChannelGroup - Persist - persisting channel group '모든 채널' with 253 channels
14:47:26.888 T:3724276640   DEBUG: CAMLCodec::Decode: ret: 2, sz: 0, dts_in: 18442240474082.1797[8B290], pts_in: 18442240474082.1797[8CA00], adj:0, ptsOut:5.0333, amlpts:452999, idx:150, timesize:0.9676, drain: 0
14:47:26.896 T:4115355104   DEBUG: CAMLCodec::ReleaseFrame idx:148
14:47:26.898 T:3724276640   DEBUG: CAMLCodec::Decode: ret: 0, sz: 13742, dts_in: 6.3667[8BE48], pts_in: 6.3667[8BE48], adj:0, ptsOut:5.0333, amlpts:452999, idx:150, timesize:1.0009, drain: 0
14:47:26.899 T:3724276640   DEBUG: CAMLCodec::Decode: ret: 4, sz: 0, dts_in: 18442240474082.1797[8BE48], pts_in: 18442240474082.1797[8BE48], adj:0, ptsOut:5.0667, amlpts:455999, idx:151, timesize:1.0009, drain: 0
14:47:26.908 T:3914326944    INFO: Python script stopped
14:47:26.908 T:3914326944   DEBUG: Thread LanguageInvoker 3914326944 terminating
14:47:26.911 T:3724276640   DEBUG: CAMLCodec::Decode: ret: 0, sz: 0, dts_in: 18442240474082.1797[8BE48], pts_in: 18442240474082.1797[8BE48], adj:0, ptsOut:5.0667, amlpts:455999, idx:151, timesize:1.0009, drain: 0
14:47:26.921 T:3724276640   DEBUG: CAMLCodec::Decode: ret: 2, sz: 0, dts_in: 18442240474082.1797[8BE48], pts_in: 18442240474082.1797[8BE48], adj:0, ptsOut:5.0667, amlpts:455999, idx:151, timesize:0.9676, drain: 0
14:47:26.928 T:4115355104   DEBUG: CAMLCodec::ReleaseFrame idx:149
14:47:26.932 T:3724276640   DEBUG: CAMLCodec::Decode: ret: 2, sz: 32720, dts_in: 6.4000[8CA00], pts_in: 6.4667[8E170], adj:0, ptsOut:5.0667, amlpts:455999, idx:151, timesize:0.9342, drain: 0
14:47:26.932 T:3724276640   DEBUG: CAMLCodec::Decode: ret: 6, sz: 19199, dts_in: 6.4333[8D5B8], pts_in: 6.4333[8D5B8], adj:0, ptsOut:5.1000, amlpts:459000, idx:152, timesize:0.9676, drain: 0
14:47:26.942 T:3724276640   DEBUG: CAMLCodec::Decode: ret: 0, sz: 37908, dts_in: 6.4667[8E170], pts_in: 6.5333[8F8E0], adj:0, ptsOut:5.1000, amlpts:459000, idx:152, timesize:1.0009, drain: 0
14:47:26.953 T:3724276640   DEBUG: CAMLCodec::Decode: ret: 0, sz: 0, dts_in: 18442240474082.1797[8E170], pts_in: 18442240474082.1797[8F8E0], adj:0, ptsOut:5.1000, amlpts:459000, idx:152, timesize:1.0009, drain: 0
14:47:26.962 T:4115355104   DEBUG: CAMLCodec::ReleaseFrame idx:150
14:47:26.963 T:3724276640   DEBUG: CAMLCodec::Decode: ret: 0, sz: 0, dts_in: 18442240474082.1797[8E170], pts_in: 18442240474082.1797[8F8E0], adj:0, ptsOut:5.1000, amlpts:459000, idx:152, timesize:1.0009, drain: 0
14:47:26.963 T:3724276640   DEBUG: CAMLCodec::Decode: ret: 4, sz: 0, dts_in: 18442240474082.1797[8E170], pts_in: 18442240474082.1797[8F8E0], adj:0, ptsOut:5.1333, amlpts:461999, idx:153, timesize:1.0009, drain: 0
14:47:26.965 T:3880772512   DEBUG: CPythonInvoker(6, /storage/.kodi/addons/script.common.plugin.cache/default.py): setting the Python path to /storage/.kodi/addons/script.common.plugin.cache:/usr/lib/python27.zip:/usr/lib/python2.7:/usr/lib/python2.7/plat-linux2:/usr/lib/python2.7/lib-tk:/usr/lib/python2.7/lib-old:/usr/lib/python2.7/lib-dynload:/usr/lib/python2.7/site-packages:/usr/lib/python2.7/site-packages/gtk-2.0
14:47:26.965 T:3880772512   DEBUG: CPythonInvoker(6, /storage/.kodi/addons/script.common.plugin.cache/default.py): entering source directory /storage/.kodi/addons/script.common.plugin.cache
14:47:26.965 T:3880772512   DEBUG: CPythonInvoker(6, /storage/.kodi/addons/script.common.plugin.cache/default.py): instantiating addon using automatically obtained id of "script.common.plugin.cache" dependent on version 2.24.0 of the xbmc.python api
14:47:26.967 T:3863995296   DEBUG: CPythonInvoker(8, /storage/.kodi/addons/service.vpn.manager/service.py): setting the Python path to /storage/.kodi/addons/service.vpn.manager:/usr/lib/python27.zip:/usr/lib/python2.7:/usr/lib/python2.7/plat-linux2:/usr/lib/python2.7/lib-tk:/usr/lib/python2.7/lib-old:/usr/lib/python2.7/lib-dynload:/usr/lib/python2.7/site-packages:/usr/lib/python2.7/site-packages/gtk-2.0
14:47:26.967 T:3863995296   DEBUG: CPythonInvoker(8, /storage/.kodi/addons/service.vpn.manager/service.py): entering source directory /storage/.kodi/addons/service.vpn.manager
14:47:26.967 T:3863995296   DEBUG: CPythonInvoker(8, /storage/.kodi/addons/service.vpn.manager/service.py): instantiating addon using automatically obtained id of "service.vpn.manager" dependent on version 2.7.0 of the xbmc.python api
14:47:26.974 T:3724276640   DEBUG: CAMLCodec::Decode: ret: 0, sz: 0, dts_in: 18442240474082.1797[8E170], pts_in: 18442240474082.1797[8F8E0], adj:0, ptsOut:5.1333, amlpts:461999, idx:153, timesize:1.0009, drain: 0
14:47:26.994 T:3724276640   DEBUG: Previous line repeats 2 times.
14:47:26.995 T:3724276640   DEBUG: CAMLCodec::Decode: ret: 4, sz: 0, dts_in: 18442240474082.1797[8E170], pts_in: 18442240474082.1797[8F8E0], adj:0, ptsOut:5.1667, amlpts:464999, idx:154, timesize:1.0009, drain: 0
14:47:26.998 T:4115355104   DEBUG: CAMLCodec::ReleaseFrame idx:151
14:47:27.006 T:3724276640   DEBUG: CAMLCodec::Decode: ret: 0, sz: 0, dts_in: 18442240474082.1797[8E170], pts_in: 18442240474082.1797[8F8E0], adj:0, ptsOut:5.1667, amlpts:464999, idx:154, timesize:1.0009, drain: 0
14:47:27.016 T:3724276640   DEBUG: CAMLCodec::Decode: ret: 2, sz: 0, dts_in: 18442240474082.1797[8E170], pts_in: 18442240474082.1797[8F8E0], adj:0, ptsOut:5.1667, amlpts:464999, idx:154, timesize:0.9676, drain: 0
14:47:27.019 T:3552572320   DEBUG: -->Python Interpreter Initialized<--
14:47:27.019 T:3552572320   DEBUG: CPythonInvoker(14, /storage/.kodi/addons/plugin.program.super.favourites/default.py): the source file to load is "/storage/.kodi/addons/plugin.program.super.favourites/default.py"
14:47:27.024 T:3594515360   DEBUG: CPythonInvoker(15, /storage/.kodi/addons/plugin.video.tempest/tempest.py): setting the Python path to /storage/.kodi/addons/plugin.video.tempest:/storage/.kodi/addons/plugin.video.youtube/resources/lib/:/storage/.kodi/addons/script.module.addon.common/lib:/storage/.kodi/addons/script.module.beautifulsoup4/lib:/storage/.kodi/addons/script.module.certifi/lib:/storage/.kodi/addons/script.module.chardet/lib:/storage/.kodi/addons/script.module.idna/lib:/storage/.kodi/addons/script.module.metahandler/lib:/storage/.kodi/addons/script.module.myconnpy/lib:/storage/.kodi/addons/script.module.requests/lib:/storage/.kodi/addons/script.module.simplejson/lib:/storage/.kodi/addons/script.module.six/lib:/storage/.kodi/addons/script.module.urllib3/lib:/storage/.kodi/addons/script.module.urlresolver/lib:/storage/.kodi/addons/script.tempest.artwork/lib:/storage/.kodi/addons/script.tempest.metadata/lib:/usr/lib/python27.zip:/usr/lib/python2.7:/usr/lib/python2.7/plat-linux2:/usr/lib/python2.7/lib-tk:/usr/lib/python2.7/lib-old:/usr/lib/python2.7/lib-dynload:/usr/lib/python2.7/site-packages:/usr/lib/python2.7/site-packages/gtk-2.0
14:47:27.024 T:3594515360   DEBUG: CPythonInvoker(15, /storage/.kodi/addons/plugin.video.tempest/tempest.py): entering source directory /storage/.kodi/addons/plugin.video.tempest
14:47:27.024 T:3594515360   DEBUG: CPythonInvoker(15, /storage/.kodi/addons/plugin.video.tempest/tempest.py): instantiating addon using automatically obtained id of "plugin.video.tempest" dependent on version 2.19.0 of the xbmc.python api
14:47:27.027 T:3724276640   DEBUG: CAMLCodec::Decode: ret: 2, sz: 20717, dts_in: 6.5000[8ED28], pts_in: 6.5000[8ED28], adj:0, ptsOut:5.1667, amlpts:464999, idx:154, timesize:0.9676, drain: 0
14:47:27.031 T:4115355104   DEBUG: CAMLCodec::ReleaseFrame idx:152
14:47:27.037 T:3724276640   DEBUG: CAMLCodec::Decode: ret: 2, sz: 40443, dts_in: 6.5333[8F8E0], pts_in: 6.6000[91050], adj:0, ptsOut:5.1667, amlpts:464999, idx:154, timesize:0.9676, drain: 0
14:47:27.037 T:3724276640   DEBUG: CAMLCodec::Decode: ret: 4, sz: 23439, dts_in: 6.5667[90498], pts_in: 6.5667[90498], adj:0, ptsOut:5.2000, amlpts:468000, idx:155, timesize:1.0009, drain: 0
14:47:27.048 T:3724276640   DEBUG: CAMLCodec::Decode: ret: 0, sz: 0, dts_in: 18442240474082.1797[90498], pts_in: 18442240474082.1797[90498], adj:0, ptsOut:5.2000, amlpts:468000, idx:155, timesize:1.0009, drain: 0
14:47:27.061 T:3828347808   DEBUG: Previous line repeats 1 times.
14:47:27.061 T:3828347808   DEBUG: CPVRChannelGroups - Load - 7 TV channel groups loaded
14:47:27.061 T:3828347808   DEBUG: CPVRChannelGroups - Load - loading all radio channel groups
14:47:27.062 T:3828347808   DEBUG: CPVRChannelGroups - Load - 1 radio groups fetched from the database
14:47:27.062 T:3828347808   DEBUG: PVRChannelGroup - Load - 0 channels loaded from the database for group '모든 채널'
14:47:27.062 T:4115355104   DEBUG: CAMLCodec::ReleaseFrame idx:153
14:47:27.066 T:3828347808   DEBUG: CSettingsManager: requested setting (filelists.showhidden) was not found.
14:47:27.068 T:3724276640   DEBUG: CAMLCodec::Decode: ret: 0, sz: 0, dts_in: 18442240474082.1797[90498], pts_in: 18442240474082.1797[90498], adj:0, ptsOut:5.2000, amlpts:468000, idx:155, timesize:1.0009, drain: 0
14:47:27.068 T:3724276640   DEBUG: CAMLCodec::Decode: ret: 4, sz: 0, dts_in: 18442240474082.1797[90498], pts_in: 18442240474082.1797[90498], adj:0, ptsOut:5.2333, amlpts:470999, idx:156, timesize:1.0009, drain: 0
14:47:27.078 T:3724276640   DEBUG: CAMLCodec::Decode: ret: 0, sz: 0, dts_in: 18442240474082.1797[90498], pts_in: 18442240474082.1797[90498], adj:0, ptsOut:5.2333, amlpts:470999, idx:156, timesize:1.0009, drain: 0
14:47:27.079 T:3828347808   DEBUG: CPVRChannelGroups - LoadUserDefinedChannelGroups - 0 new user defined radio channel groups fetched from clients
14:47:27.080 T:3828347808   DEBUG: CPVRChannelGroups - PersistAll - persisting all changes in channel groups
14:47:27.080 T:3828347808   DEBUG: CPVRChannelGroups - Load - 1 radio channel groups loaded
14:47:27.080 T:3828347808   DEBUG: CPVRTimers - Update - updating timers
14:47:27.080 T:3828347808   DEBUG: CPVRRecordings - Update - updating recordings
14:47:27.080 T:3914326944   DEBUG: Thread PVRGUIInfo start, auto delete: false
14:47:27.080 T:3828347808   DEBUG: PVRManager - Process - entering main loop
14:47:27.089 T:3724276640   DEBUG: CAMLCodec::Decode: ret: 0, sz: 0, dts_in: 18442240474082.1797[90498], pts_in: 18442240474082.1797[90498], adj:0, ptsOut:5.2333, amlpts:470999, idx:156, timesize:1.0009, drain: 0
14:47:27.095 T:4115355104   DEBUG: ------ Window Deinit (DialogExtendedProgressBar.xml) ------
14:47:27.096 T:4115355104   DEBUG: CAMLCodec::ReleaseFrame idx:154
14:47:27.099 T:3724276640   DEBUG: CAMLCodec::Decode: ret: 0, sz: 0, dts_in: 18442240474082.1797[90498], pts_in: 18442240474082.1797[90498], adj:0, ptsOut:5.2333, amlpts:470999, idx:156, timesize:1.0009, drain: 0
14:47:27.099 T:3724276640   DEBUG: CAMLCodec::Decode: ret: 4, sz: 0, dts_in: 18442240474082.1797[90498], pts_in: 18442240474082.1797[90498], adj:0, ptsOut:5.2667, amlpts:473999, idx:157, timesize:1.0009, drain: 0
14:47:27.110 T:3724276640   DEBUG: CAMLCodec::Decode: ret: 0, sz: 0, dts_in: 18442240474082.1797[90498], pts_in: 18442240474082.1797[90498], adj:0, ptsOut:5.2667, amlpts:473999, idx:157, timesize:1.0009, drain: 0
14:47:27.120 T:3724276640   DEBUG: CAMLCodec::Decode: ret: 2, sz: 0, dts_in: 18442240474082.1797[90498], pts_in: 18442240474082.1797[90498], adj:0, ptsOut:5.2667, amlpts:473999, idx:157, timesize:0.9676, drain: 0
14:47:27.128 T:4115355104   DEBUG: CAMLCodec::ReleaseFrame idx:155
14:47:27.130 T:3724276640   DEBUG: CAMLCodec::Decode: ret: 2, sz: 42632, dts_in: 6.6000[91050], pts_in: 6.6667[927C0], adj:0, ptsOut:5.2667, amlpts:473999, idx:157, timesize:0.9342, drain: 0
14:47:27.131 T:3724276640   DEBUG: CAMLCodec::Decode: ret: 6, sz: 22439, dts_in: 6.6333[91C08], pts_in: 6.6333[91C08], adj:0, ptsOut:5.3000, amlpts:477000, idx:158, timesize:0.9676, drain: 0
14:47:27.141 T:3724276640   DEBUG: CAMLCodec::Decode: ret: 0, sz: 49138, dts_in: 6.6667[927C0], pts_in: 6.8000[956A0], adj:0, ptsOut:5.3000, amlpts:477000, idx:158, timesize:1.0009, drain: 0
14:47:27.151 T:3724276640   DEBUG: CAMLCodec::Decode: ret: 0, sz: 0, dts_in: 18442240474082.1797[927C0], pts_in: 18442240474082.1797[956A0], adj:0, ptsOut:5.3000, amlpts:477000, idx:158, timesize:1.0009, drain: 0
14:47:27.161 T:3477799840   DEBUG: [plugin.video.youtube] HTTPServer: Request uri path |/ping|
14:47:27.161 T:4115355104   DEBUG: CAMLCodec::ReleaseFrame idx:156
14:47:27.162 T:3477799840   DEBUG: [plugin.video.youtube] HTTPServer: Connection from |127.0.0.1| Local range: |True|
14:47:27.162 T:3724276640   DEBUG: CAMLCodec::Decode: ret: 0, sz: 0, dts_in: 18442240474082.1797[927C0], pts_in: 18442240474082.1797[956A0], adj:0, ptsOut:5.3000, amlpts:477000, idx:158, timesize:1.0009, drain: 0
14:47:27.162 T:3724276640   DEBUG: CAMLCodec::Decode: ret: 4, sz: 0, dts_in: 18442240474082.1797[927C0], pts_in: 18442240474082.1797[956A0], adj:0, ptsOut:5.3333, amlpts:479999, idx:159, timesize:1.0009, drain: 0
14:47:27.171 T:3939492768   DEBUG: [plugin.video.youtube] HTTPServer: Ping |127.0.0.1:50152| |204|
14:47:27.172 T:3724276640   DEBUG: CAMLCodec::Decode: ret: 0, sz: 0, dts_in: 18442240474082.1797[927C0], pts_in: 18442240474082.1797[956A0], adj:0, ptsOut:5.3333, amlpts:479999, idx:159, timesize:1.0009, drain: 0
14:47:27.194 T:4115355104   DEBUG: Previous line repeats 2 times.
14:47:27.194 T:4115355104   DEBUG: CAMLCodec::ReleaseFrame idx:157
14:47:27.203 T:3724276640   DEBUG: CAMLCodec::Decode: ret: 0, sz: 0, dts_in: 18442240474082.1797[927C0], pts_in: 18442240474082.1797[956A0], adj:0, ptsOut:5.3333, amlpts:479999, idx:159, timesize:1.0009, drain: 0
14:47:27.203 T:3724276640   DEBUG: CAMLCodec::Decode: ret: 4, sz: 0, dts_in: 18442240474082.1797[927C0], pts_in: 18442240474082.1797[956A0], adj:0, ptsOut:5.3667, amlpts:482999, idx:160, timesize:1.0009, drain: 0
14:47:27.213 T:3724276640   DEBUG: CAMLCodec::Decode: ret: 2, sz: 0, dts_in: 18442240474082.1797[927C0], pts_in: 18442240474082.1797[956A0], adj:0, ptsOut:5.3667, amlpts:482999, idx:160, timesize:0.9676, drain: 0
14:47:27.224 T:3724276640   DEBUG: CAMLCodec::Decode: ret: 2, sz: 27367, dts_in: 6.7000[93378], pts_in: 6.7000[93378], adj:0, ptsOut:5.3667, amlpts:482999, idx:160, timesize:0.9676, drain: 0
14:47:27.228 T:4115355104   DEBUG: CAMLCodec::ReleaseFrame idx:158
14:47:27.234 T:3724276640   DEBUG: CAMLCodec::Decode: ret: 0, sz: 31402, dts_in: 6.7333[93F30], pts_in: 6.7333[93F30], adj:0, ptsOut:5.3667, amlpts:482999, idx:160, timesize:1.0009, drain: 0
14:47:27.234 T:3724276640   DEBUG: CAMLCodec::Decode: ret: 4, sz: 0, dts_in: 18442240474082.1797[93F30], pts_in: 18442240474082.1797[93F30], adj:0, ptsOut:5.4000, amlpts:486000, idx:161, timesize:1.0009, drain: 0
14:47:27.245 T:3724276640   DEBUG: CAMLCodec::Decode: ret: 0, sz: 0, dts_in: 18442240474082.1797[93F30], pts_in: 18442240474082.1797[93F30], adj:0, ptsOut:5.4000, amlpts:486000, idx:161, timesize:1.0009, drain: 0
14:47:27.261 T:4115355104   DEBUG: Previous line repeats 1 times.
14:47:27.261 T:4115355104   DEBUG: CAMLCodec::ReleaseFrame idx:159
14:47:27.265 T:3724276640   DEBUG: CAMLCodec::Decode: ret: 0, sz: 0, dts_in: 18442240474082.1797[93F30], pts_in: 18442240474082.1797[93F30], adj:0, ptsOut:5.4000, amlpts:486000, idx:161, timesize:1.0009, drain: 0
14:47:27.265 T:3724276640   DEBUG: CAMLCodec::Decode: ret: 4, sz: 0, dts_in: 18442240474082.1797[93F30], pts_in: 18442240474082.1797[93F30], adj:0, ptsOut:5.4333, amlpts:488999, idx:162, timesize:1.0009, drain: 0
14:47:27.276 T:3724276640   DEBUG: CAMLCodec::Decode: ret: 0, sz: 0, dts_in: 18442240474082.1797[93F30], pts_in: 18442240474082.1797[93F30], adj:0, ptsOut:5.4333, amlpts:488999, idx:162, timesize:1.0009, drain: 0
14:47:27.286 T:3724276640   DEBUG: CAMLCodec::Decode: ret: 2, sz: 0, dts_in: 18442240474082.1797[93F30], pts_in: 18442240474082.1797[93F30], adj:0, ptsOut:5.4333, amlpts:488999, idx:162, timesize:0.9676, drain: 0
14:47:27.294 T:4115355104   DEBUG: CAMLCodec::ReleaseFrame idx:160
14:47:27.296 T:3724276640   DEBUG: CAMLCodec::Decode: ret: 2, sz: 28364, dts_in: 6.7667[94AE8], pts_in: 6.7667[94AE8], adj:0, ptsOut:5.4333, amlpts:488999, idx:162, timesize:0.9342, drain: 0
14:47:27.297 T:3724276640   DEBUG: CAMLCodec::Decode: ret: 6, sz: 110290, dts_in: 6.8000[956A0], pts_in: 6.8667[96E10], adj:0, ptsOut:5.4667, amlpts:491999, idx:163, timesize:0.7674, drain: 0
14:47:27.307 T:3724276640   DEBUG: CAMLCodec::Decode: ret: 2, sz: 8223, dts_in: 6.8333[96258], pts_in: 6.8333[96258], adj:0, ptsOut:5.4667, amlpts:491999, idx:163, timesize:0.8008, drain: 0
14:47:27.317 T:3724276640   DEBUG: CAMLCodec::Decode: ret: 2, sz: 27073, dts_in: 6.8667[96E10], pts_in: 7.0000[99CF0], adj:0, ptsOut:5.4667, amlpts:491999, idx:163, timesize:0.8341, drain: 0
14:47:27.328 T:4115355104   DEBUG: CAMLCodec::ReleaseFrame idx:161
14:47:27.328 T:3724276640   DEBUG: CAMLCodec::Decode: ret: 2, sz: 14291, dts_in: 6.9000[979C8], pts_in: 6.9000[979C8], adj:0, ptsOut:5.4667, amlpts:491999, idx:163, timesize:0.8675, drain: 0
14:47:27.328 T:3724276640   DEBUG: CAMLCodec::Decode: ret: 6, sz: 14644, dts_in: 6.9333[98580], pts_in: 6.9333[98580], adj:0, ptsOut:5.5000, amlpts:495000, idx:164, timesize:0.9008, drain: 0
14:47:27.338 T:3724276640   DEBUG: CAMLCodec::Decode: ret: 2, sz: 13899, dts_in: 6.9667[99138], pts_in: 6.9667[99138], adj:0, ptsOut:5.5000, amlpts:495000, idx:164, timesize:0.9342, drain: 0
14:47:27.349 T:3724276640   DEBUG: CAMLCodec::Decode: ret: 2, sz: 102293, dts_in: 7.0000[99CF0], pts_in: 7.1333[9CBD0], adj:0, ptsOut:5.5000, amlpts:495000, idx:164, timesize:0.9008, drain: 0
14:47:27.359 T:3724276640   DEBUG: CAMLCodec::Decode: ret: 2, sz: 11678, dts_in: 7.0333[9A8A8], pts_in: 7.0333[9A8A8], adj:0, ptsOut:5.5000, amlpts:495000, idx:164, timesize:0.9342, drain: 0
14:47:27.361 T:4115355104   DEBUG: CAMLCodec::ReleaseFrame idx:162
14:47:27.370 T:3724276640   DEBUG: CAMLCodec::Decode: ret: 2, sz: 15061, dts_in: 7.0667[9B460], pts_in: 7.0667[9B460], adj:0, ptsOut:5.5000, amlpts:495000, idx:164, timesize:0.9676, drain: 0
14:47:27.370 T:3724276640   DEBUG: CAMLCodec::Decode: ret: 4, sz: 16897, dts_in: 7.1000[9C018], pts_in: 7.1000[9C018], adj:0, ptsOut:5.5333, amlpts:497999, idx:165, timesize:1.0009, drain: 0
14:47:27.381 T:3724276640   DEBUG: CAMLCodec::Decode: ret: 0, sz: 0, dts_in: 18442240474082.1797[9C018], pts_in: 18442240474082.1797[9C018], adj:0, ptsOut:5.5333, amlpts:497999, idx:165, timesize:1.0009, drain: 0
14:47:27.394 T:4115355104   DEBUG: Previous line repeats 1 times.
14:47:27.394 T:4115355104   DEBUG: CAMLCodec::ReleaseFrame idx:163
14:47:27.401 T:3724276640   DEBUG: CAMLCodec::Decode: ret: 0, sz: 0, dts_in: 18442240474082.1797[9C018], pts_in: 18442240474082.1797[9C018], adj:0, ptsOut:5.5333, amlpts:497999, idx:165, timesize:1.0009, drain: 0
14:47:27.401 T:3724276640   DEBUG: CAMLCodec::Decode: ret: 4, sz: 0, dts_in: 18442240474082.1797[9C018], pts_in: 18442240474082.1797[9C018], adj:0, ptsOut:5.5667, amlpts:500999, idx:166, timesize:1.0009, drain: 0
14:47:27.417 T:3724276640   DEBUG: CAMLCodec::Decode: ret: 0, sz: 0, dts_in: 18442240474082.1797[9C018], pts_in: 18442240474082.1797[9C018], adj:0, ptsOut:5.5667, amlpts:500999, idx:166, timesize:1.0009, drain: 0
14:47:27.422 T:4115355104   DEBUG: CAMLCodec::ReleaseFrame idx:164
14:47:27.428 T:3724276640   DEBUG: CAMLCodec::Decode: ret: 0, sz: 0, dts_in: 18442240474082.1797[9C018], pts_in: 18442240474082.1797[9C018], adj:0, ptsOut:5.5667, amlpts:500999, idx:166, timesize:1.0009, drain: 0
14:47:27.428 T:3724276640   DEBUG: CAMLCodec::Decode: ret: 4, sz: 0, dts_in: 18442240474082.1797[9C018], pts_in: 18442240474082.1797[9C018], adj:0, ptsOut:5.6000, amlpts:504000, idx:167, timesize:1.0009, drain: 0
14:47:27.438 T:3724276640   DEBUG: CAMLCodec::Decode: ret: 0, sz: 0, dts_in: 18442240474082.1797[9C018], pts_in: 18442240474082.1797[9C018], adj:0, ptsOut:5.6000, amlpts:504000, idx:167, timesize:1.0009, drain: 0
14:47:27.448 T:3724276640   DEBUG: Previous line repeats 1 times.
14:47:27.449 T:3724276640   DEBUG: CAMLCodec::Decode: ret: 4, sz: 0, dts_in: 18442240474082.1797[9C018], pts_in: 18442240474082.1797[9C018], adj:0, ptsOut:5.6333, amlpts:506999, idx:168, timesize:1.0009, drain: 0
14:47:27.461 T:4115355104   DEBUG: CAMLCodec::ReleaseFrame idx:165
14:47:27.471 T:3724276640   DEBUG: CAMLCodec::Decode: ret: 0, sz: 0, dts_in: 18442240474082.1797[9C018], pts_in: 18442240474082.1797[9C018], adj:0, ptsOut:5.6333, amlpts:506999, idx:168, timesize:1.0009, drain: 0
14:47:27.495 T:4115355104   DEBUG: Previous line repeats 2 times.
14:47:27.495 T:4115355104   DEBUG: CAMLCodec::ReleaseFrame idx:166
14:47:27.496 T:3695178656   DEBUG: -->Python Interpreter Initialized<--
14:47:27.496 T:3695178656   DEBUG: CPythonInvoker(11, /storage/.kodi/addons/plugin.program.super.favourites/default.py): the source file to load is "/storage/.kodi/addons/plugin.program.super.favourites/default.py"
14:47:27.497 T:3695178656   DEBUG: CPythonInvoker(11, /storage/.kodi/addons/plugin.program.super.favourites/default.py): setting the Python path to /storage/.kodi/addons/plugin.program.super.favourites:/storage/.kodi/addons/script.module.addon.common/lib:/storage/.kodi/addons/script.module.metahandler/lib:/storage/.kodi/addons/script.module.myconnpy/lib:/storage/.kodi/addons/script.module.simplejson/lib:/usr/lib/python27.zip:/usr/lib/python2.7:/usr/lib/python2.7/plat-linux2:/usr/lib/python2.7/lib-tk:/usr/lib/python2.7/lib-old:/usr/lib/python2.7/lib-dynload:/usr/lib/python2.7/site-packages:/usr/lib/python2.7/site-packages/gtk-2.0
14:47:27.497 T:3695178656   DEBUG: CPythonInvoker(11, /storage/.kodi/addons/plugin.program.super.favourites/default.py): entering source directory /storage/.kodi/addons/plugin.program.super.favourites
14:47:27.498 T:3695178656   DEBUG: CPythonInvoker(11, /storage/.kodi/addons/plugin.program.super.favourites/default.py): instantiating addon using automatically obtained id of "plugin.program.super.favourites" dependent on version 2.14.0 of the xbmc.python api
14:47:27.502 T:3724276640   DEBUG: CAMLCodec::Decode: ret: 0, sz: 0, dts_in: 18442240474082.1797[9C018], pts_in: 18442240474082.1797[9C018], adj:0, ptsOut:5.6333, amlpts:506999, idx:168, timesize:1.0009, drain: 0
14:47:27.502 T:3724276640   DEBUG: CAMLCodec::Decode: ret: 4, sz: 0, dts_in: 18442240474082.1797[9C018], pts_in: 18442240474082.1797[9C018], adj:0, ptsOut:5.6667, amlpts:509999, idx:169, timesize:1.0009, drain: 0
14:47:27.512 T:3724276640   DEBUG: CAMLCodec::Decode: ret: 0, sz: 0, dts_in: 18442240474082.1797[9C018], pts_in: 18442240474082.1797[9C018], adj:0, ptsOut:5.6667, amlpts:509999, idx:169, timesize:1.0009, drain: 0
14:47:27.528 T:4115355104   DEBUG: Previous line repeats 1 times.
14:47:27.528 T:4115355104   DEBUG: CAMLCodec::ReleaseFrame idx:167
14:47:27.532 T:3724276640   DEBUG: CAMLCodec::Decode: ret: 0, sz: 0, dts_in: 18442240474082.1797[9C018], pts_in: 18442240474082.1797[9C018], adj:0, ptsOut:5.6667, amlpts:509999, idx:169, timesize:1.0009, drain: 0
14:47:27.533 T:3724276640   DEBUG: CAMLCodec::Decode: ret: 4, sz: 0, dts_in: 18442240474082.1797[9C018], pts_in: 18442240474082.1797[9C018], adj:0, ptsOut:5.7000, amlpts:513000, idx:170, timesize:1.0009, drain: 0
14:47:27.543 T:3724276640   DEBUG: CAMLCodec::Decode: ret: 0, sz: 0, dts_in: 18442240474082.1797[9C018], pts_in: 18442240474082.1797[9C018], adj:0, ptsOut:5.7000, amlpts:513000, idx:170, timesize:1.0009, drain: 0
14:47:27.561 T:4115355104   DEBUG: Previous line repeats 1 times.
14:47:27.561 T:4115355104   DEBUG: CAMLCodec::ReleaseFrame idx:168
14:47:27.564 T:3724276640   DEBUG: CAMLCodec::Decode: ret: 0, sz: 0, dts_in: 18442240474082.1797[9C018], pts_in: 18442240474082.1797[9C018], adj:0, ptsOut:5.7000, amlpts:513000, idx:170, timesize:1.0009, drain: 0
14:47:27.564 T:3724276640   DEBUG: CAMLCodec::Decode: ret: 4, sz: 0, dts_in: 18442240474082.1797[9C018], pts_in: 18442240474082.1797[9C018], adj:0, ptsOut:5.7333, amlpts:515999, idx:171, timesize:1.0009, drain: 0
14:47:27.574 T:3724276640   DEBUG: CAMLCodec::Decode: ret: 0, sz: 0, dts_in: 18442240474082.1797[9C018], pts_in: 18442240474082.1797[9C018], adj:0, ptsOut:5.7333, amlpts:515999, idx:171, timesize:1.0009, drain: 0
14:47:27.595 T:4115355104   DEBUG: Previous line repeats 1 times.
14:47:27.595 T:4115355104   DEBUG: CAMLCodec::ReleaseFrame idx:169
14:47:27.595 T:3724276640   DEBUG: CAMLCodec::Decode: ret: 0, sz: 0, dts_in: 18442240474082.1797[9C018], pts_in: 18442240474082.1797[9C018], adj:0, ptsOut:5.7333, amlpts:515999, idx:171, timesize:1.0009, drain: 0
14:47:27.595 T:3724276640   DEBUG: CAMLCodec::Decode: ret: 4, sz: 0, dts_in: 18442240474082.1797[9C018], pts_in: 18442240474082.1797[9C018], adj:0, ptsOut:5.7667, amlpts:518999, idx:172, timesize:1.0009, drain: 0
14:47:27.605 T:3724276640   DEBUG: CAMLCodec::Decode: ret: 0, sz: 0, dts_in: 18442240474082.1797[9C018], pts_in: 18442240474082.1797[9C018], adj:0, ptsOut:5.7667, amlpts:518999, idx:172, timesize:1.0009, drain: 0
14:47:27.628 T:4115355104   DEBUG: Previous line repeats 2 times.
14:47:27.628 T:4115355104   DEBUG: CAMLCodec::ReleaseFrame idx:170
14:47:27.636 T:3724276640   DEBUG: CAMLCodec::Decode: ret: 0, sz: 0, dts_in: 18442240474082.1797[9C018], pts_in: 18442240474082.1797[9C018], adj:0, ptsOut:5.7667, amlpts:518999, idx:172, timesize:1.0009, drain: 0
14:47:27.636 T:3724276640   DEBUG: CAMLCodec::Decode: ret: 6, sz: 0, dts_in: 18442240474082.1797[9C018], pts_in: 18442240474082.1797[9C018], adj:0, ptsOut:5.8000, amlpts:522000, idx:173, timesize:0.9676, drain: 0
14:47:27.647 T:3724276640   DEBUG: CAMLCodec::Decode: ret: 2, sz: 36740, dts_in: 7.1333[9CBD0], pts_in: 7.2667[9FAB0], adj:0, ptsOut:5.8000, amlpts:522000, idx:173, timesize:0.9342, drain: 0
14:47:27.657 T:3724276640   DEBUG: CAMLCodec::Decode: ret: 2, sz: 19652, dts_in: 7.1667[9D788], pts_in: 7.1667[9D788], adj:0, ptsOut:5.8000, amlpts:522000, idx:173, timesize:0.9676, drain: 0
14:47:27.661 T:4115355104   DEBUG: CAMLCodec::ReleaseFrame idx:171
14:47:27.673 T:3724276640   DEBUG: CAMLCodec::Decode: ret: 0, sz: 21240, dts_in: 7.2000[9E340], pts_in: 7.2000[9E340], adj:0, ptsOut:5.8000, amlpts:522000, idx:173, timesize:1.0009, drain: 0
14:47:27.673 T:3724276640   DEBUG: CAMLCodec::Decode: ret: 4, sz: 0, dts_in: 18442240474082.1797[9E340], pts_in: 18442240474082.1797[9E340], adj:0, ptsOut:5.8333, amlpts:524999, idx:174, timesize:1.0009, drain: 0
14:47:27.684 T:3724276640   DEBUG: CAMLCodec::Decode: ret: 0, sz: 0, dts_in: 18442240474082.1797[9E340], pts_in: 18442240474082.1797[9E340], adj:0, ptsOut:5.8333, amlpts:524999, idx:174, timesize:1.0009, drain: 0
14:47:27.694 T:3724276640   DEBUG: Previous line repeats 1 times.
14:47:27.694 T:3724276640   DEBUG: CAMLCodec::Decode: ret: 4, sz: 0, dts_in: 18442240474082.1797[9E340], pts_in: 18442240474082.1797[9E340], adj:0, ptsOut:5.8667, amlpts:527999, idx:175, timesize:1.0009, drain: 0
14:47:27.694 T:4115355104   DEBUG: CAMLCodec::ReleaseFrame idx:172
14:47:27.705 T:3724276640   DEBUG: CAMLCodec::Decode: ret: 0, sz: 0, dts_in: 18442240474082.1797[9E340], pts_in: 18442240474082.1797[9E340], adj:0, ptsOut:5.8667, amlpts:527999, idx:175, timesize:1.0009, drain: 0
14:47:27.728 T:4115355104   DEBUG: Previous line repeats 2 times.
14:47:27.728 T:4115355104   DEBUG: CAMLCodec::ReleaseFrame idx:173
14:47:27.735 T:3724276640   DEBUG: CAMLCodec::Decode: ret: 0, sz: 0, dts_in: 18442240474082.1797[9E340], pts_in: 18442240474082.1797[9E340], adj:0, ptsOut:5.8667, amlpts:527999, idx:175, timesize:1.0009, drain: 0
14:47:27.735 T:3724276640   DEBUG: CAMLCodec::Decode: ret: 6, sz: 0, dts_in: 18442240474082.1797[9E340], pts_in: 18442240474082.1797[9E340], adj:0, ptsOut:5.9000, amlpts:531000, idx:176, timesize:0.9676, drain: 0
14:47:27.746 T:3724276640   DEBUG: CAMLCodec::Decode: ret: 2, sz: 19089, dts_in: 7.2333[9EEF8], pts_in: 7.2333[9EEF8], adj:0, ptsOut:5.9000, amlpts:531000, idx:176, timesize:0.9676, drain: 0
14:47:27.756 T:3724276640   DEBUG: CAMLCodec::Decode: ret: 0, sz: 35693, dts_in: 7.2667[9FAB0], pts_in: 7.4000[A2990], adj:0, ptsOut:5.9000, amlpts:531000, idx:176, timesize:1.0009, drain: 0
14:47:27.761 T:4115355104   DEBUG: CAMLCodec::ReleaseFrame idx:174
14:47:27.766 T:3724276640   DEBUG: CAMLCodec::Decode: ret: 0, sz: 0, dts_in: 18442240474082.1797[9FAB0], pts_in: 18442240474082.1797[A2990], adj:0, ptsOut:5.9000, amlpts:531000, idx:176, timesize:1.0009, drain: 0
14:47:27.767 T:3724276640   DEBUG: CAMLCodec::Decode: ret: 4, sz: 0, dts_in: 18442240474082.1797[9FAB0], pts_in: 18442240474082.1797[A2990], adj:0, ptsOut:5.9333, amlpts:533999, idx:177, timesize:1.0009, drain: 0
14:47:27.777 T:3724276640   DEBUG: CAMLCodec::Decode: ret: 0, sz: 0, dts_in: 18442240474082.1797[9FAB0], pts_in: 18442240474082.1797[A2990], adj:0, ptsOut:5.9333, amlpts:533999, idx:177, timesize:1.0009, drain: 0
14:47:27.794 T:4115355104   DEBUG: Previous line repeats 1 times.
14:47:27.795 T:4115355104   DEBUG: CAMLCodec::ReleaseFrame idx:175
14:47:27.797 T:3724276640   DEBUG: CAMLCodec::Decode: ret: 0, sz: 0, dts_in: 18442240474082.1797[9FAB0], pts_in: 18442240474082.1797[A2990], adj:0, ptsOut:5.9333, amlpts:533999, idx:177, timesize:1.0009, drain: 0
14:47:27.797 T:3724276640   DEBUG: CAMLCodec::Decode: ret: 4, sz: 0, dts_in: 18442240474082.1797[9FAB0], pts_in: 18442240474082.1797[A2990], adj:0, ptsOut:5.9667, amlpts:536999, idx:178, timesize:1.0009, drain: 0
14:47:27.808 T:3724276640   DEBUG: CAMLCodec::Decode: ret: 0, sz: 0, dts_in: 18442240474082.1797[9FAB0], pts_in: 18442240474082.1797[A2990], adj:0, ptsOut:5.9667, amlpts:536999, idx:178, timesize:1.0009, drain: 0
14:47:27.818 T:3724276640   DEBUG: CAMLCodec::Decode: ret: 2, sz: 0, dts_in: 18442240474082.1797[9FAB0], pts_in: 18442240474082.1797[A2990], adj:0, ptsOut:5.9667, amlpts:536999, idx:178, timesize:0.9676, drain: 0
14:47:27.825 T:3552572320   DEBUG: CPythonInvoker(14, /storage/.kodi/addons/plugin.program.super.favourites/default.py): setting the Python path to /storage/.kodi/addons/plugin.program.super.favourites:/storage/.kodi/addons/script.module.addon.common/lib:/storage/.kodi/addons/script.module.metahandler/lib:/storage/.kodi/addons/script.module.myconnpy/lib:/storage/.kodi/addons/script.module.simplejson/lib:/usr/lib/python27.zip:/usr/lib/python2.7:/usr/lib/python2.7/plat-linux2:/usr/lib/python2.7/lib-tk:/usr/lib/python2.7/lib-old:/usr/lib/python2.7/lib-dynload:/usr/lib/python2.7/site-packages:/usr/lib/python2.7/site-packages/gtk-2.0
14:47:27.825 T:3552572320   DEBUG: CPythonInvoker(14, /storage/.kodi/addons/plugin.program.super.favourites/default.py): entering source directory /storage/.kodi/addons/plugin.program.super.favourites
14:47:27.825 T:3552572320   DEBUG: CPythonInvoker(14, /storage/.kodi/addons/plugin.program.super.favourites/default.py): instantiating addon using automatically obtained id of "plugin.program.super.favourites" dependent on version 2.14.0 of the xbmc.python api
14:47:27.828 T:4115355104   DEBUG: CAMLCodec::ReleaseFrame idx:176
14:47:27.829 T:3724276640   DEBUG: CAMLCodec::Decode: ret: 2, sz: 14090, dts_in: 7.3000[A0668], pts_in: 7.3000[A0668], adj:0, ptsOut:5.9667, amlpts:536999, idx:178, timesize:0.9676, drain: 0
14:47:27.829 T:3724276640   DEBUG: CAMLCodec::Decode: ret: 4, sz: 15147, dts_in: 7.3333[A1220], pts_in: 7.3333[A1220], adj:0, ptsOut:6.0000, amlpts:540000, idx:179, timesize:1.0009, drain: 0
14:47:27.839 T:3724276640   DEBUG: CAMLCodec::Decode: ret: 0, sz: 0, dts_in: 18442240474082.1797[A1220], pts_in: 18442240474082.1797[A1220], adj:0, ptsOut:6.0000, amlpts:540000, idx:179, timesize:1.0009, drain: 0
14:47:27.861 T:4115355104   DEBUG: Previous line repeats 2 times.
14:47:27.861 T:4115355104   DEBUG: CAMLCodec::ReleaseFrame idx:177
14:47:27.870 T:3724276640   DEBUG: CAMLCodec::Decode: ret: 0, sz: 0, dts_in: 18442240474082.1797[A1220], pts_in: 18442240474082.1797[A1220], adj:0, ptsOut:6.0000, amlpts:540000, idx:179, timesize:1.0009, drain: 0
14:47:27.870 T:3724276640   DEBUG: CAMLCodec::Decode: ret: 4, sz: 0, dts_in: 18442240474082.1797[A1220], pts_in: 18442240474082.1797[A1220], adj:0, ptsOut:6.0333, amlpts:542999, idx:180, timesize:1.0009, drain: 0
14:47:27.880 T:3724276640   DEBUG: CAMLCodec::Decode: ret: 0, sz: 0, dts_in: 18442240474082.1797[A1220], pts_in: 18442240474082.1797[A1220], adj:0, ptsOut:6.0333, amlpts:542999, idx:180, timesize:1.0009, drain: 0
14:47:27.891 T:3724276640   DEBUG: CAMLCodec::Decode: ret: 2, sz: 0, dts_in: 18442240474082.1797[A1220], pts_in: 18442240474082.1797[A1220], adj:0, ptsOut:6.0333, amlpts:542999, idx:180, timesize:0.9676, drain: 0
14:47:27.894 T:4115355104   DEBUG: CAMLCodec::ReleaseFrame idx:178
14:47:27.901 T:3724276640   DEBUG: CAMLCodec::Decode: ret: 0, sz: 14091, dts_in: 7.3667[A1DD8], pts_in: 7.3667[A1DD8], adj:0, ptsOut:6.0333, amlpts:542999, idx:180, timesize:1.0009, drain: 0
