09:11:50.378 T:3441423264   DEBUG: Thread PVRGUIInfo start, auto delete: false
09:11:50.378 T:3809473440   DEBUG: PVRManager - Process - entering main loop
09:11:50.378 T:3897549728   DEBUG: CurlFile::Open(0xe84fdb08) https://raw.githubusercontent.com/marcelveldt/repository.marcelveldt/master/addons.xml
09:11:50.387 T:3836736416   DEBUG: CAMLCodec::Decode: ret: 0, sz: 0, dts_in: 18442240474082.1797[8E170], pts_in: 18442240474082.1797[8F8E0], adj:0, ptsOut:5.1333, amlpts:461999, idx:153, timesize:1.0009, drain: 0
09:11:50.389 T:3664769952   DEBUG: CPythonInvoker(13, /etc/seebo/CheckUpdateInternet.py): setting the Python path to /etc/seebo:/storage/.kodi/addons/plugin.video.youtube/resources/lib/:/usr/share/kodi/addons/script.module.pil/lib:/storage/.kodi/addons/script.module.requests/lib:/storage/.kodi/addons/script.module.metahandler/lib:/storage/.kodi/addons/script.module.urlresolver/lib:/storage/.kodi/addons/script.module.liveresolver/lib:/storage/.kodi/addons/script.module.simplejson/lib:/storage/.kodi/addons/script.module.autocompletion/lib:/storage/.kodi/addons/script.module.addon.signals/lib:/storage/.kodi/addons/script.module.youtube.dl/lib:/storage/.kodi/addons/script.module.kodi65/lib:/storage/.kodi/addons/script.module.routing/lib:/storage/.kodi/addons/script.module.six/lib:/storage/.kodi/addons/script.module.dateutil/lib:/storage/.kodi/addons/script.module.arrow/lib:/storage/.kodi/addons/script.module.beautifulsoup/lib:/storage/.kodi/addons/script.module.musicbrainz/lib:/storage/.kodi/addons/script.module.simplecache/lib:/storage/.kodi/addons/script.module.thetvdb/lib:/storage/.kodi/addons/script.module.metadatautils/lib:/storage/.kodi/addons/script.module.unidecode/lib:/storage/.kodi/addons/script.module.beautifulsoup4/lib:/storage/.kodi/addons/script.module.pyxbmct/lib:/storage/.kodi/addons/script.video.F4mProxy/lib:/storage/.kodi/addons/script.module.addon.common/lib:/storage/.kodi/addons/script.module.httplib2/lib:/storage/.kodi/addons/script.common.plugin.cache/lib:/storage/.kodi/addons/script.module.parsedom/lib:/storage/.kodi/addons/script.module.simple.downloader/lib:/storage/.kodi/addons/script.module.futures/lib:/storage/.kodi/addons/script.module.singledispatch/lib:/storage/.kodi/addons/script.module.livestreamer/lib:/storage/.kodi/addons/script.module.jesusboxmedia.common/lib:/storage/.kodi/addons/script.module.buggalo/lib:/storage/.kodi/addons/script.module.xbmcswift2/lib:/storage/.kodi/addons/script.module.html5lib/lib:/storage/.kodi/addons/script.module.iso8601/lib:/storage/.kodi/addons/script.module.m3u8/lib:/storage/.kodi/addons/script.module.nanscrapers/lib:/storage/.kodi/addons/script.module.python.koding.aio/lib:/storage/.kodi/addons/script.module.xmltodict/lib:/storage/.kodi/addons/service.vpn.manager/libs:/storage/.kodi/addons/script.module.t0mm0.common/lib:/storage/.kodi/addons/script.module.schism.common/lib:/storage/.kodi/addons/script.module.myconnpy/lib:/storage/.kodi/addons/script.module.certifi/lib:/storage/.kodi/addons/script.module.chardet/lib:/storage/.kodi/addons/script.module.idna/lib:/storage/.kodi/addons/script.module.urllib3/lib:/storage/.kodi/addons/script.neptune.artwork/lib:/storage/.kodi/addons/script.neptune.metadata/lib:/storage/.kodi/addons/script.module.resolveurl/lib:/storage/.kodi/addons/script.module.cherrypy/lib:/storage/.kodi/addons/script.module.universalscrapers/lib:/storage/.kodi/addons/script.module.placenta/lib:/storage/.kodi/addons/script.placenta.artwork/lib:/storage/.kodi/addons/script.placenta.metadata/lib:/storage/.kodi/addons/script.module.exodusscrapers/lib:/storage/.kodi/addons/script.module.future/libs:/storage/.kodi/addons/script.module.kodi-six/libs:/storage/.kodi/addons/script.module.slproxy/lib/:/storage/.kodi/addons/script.realdebrid.mod/lib:/storage/.kodi/addons/script.module.yoda/lib:/storage/.kodi/addons/script.yoda.artwork/lib:/storage/.kodi/addons/script.yoda.metadata/lib:/storage/.kodi/addons/script.exodus.artwork/lib:/storage/.kodi/addons/script.exodus.metadata/lib:/storage/.kodi/addons/script.module.exodus/lib:/storage/.kodi/addons/script.tempest.artwork/lib:/storage/.kodi/addons/script.tempest.metadata/lib:/storage/.kodi/addons/script.module.exoscrapers/lib:/storage/.kodi/addons/script.module.pyjsparser/lib:/storage/.kodi/addons/script.module.pytz/lib:/storage/.kodi/addons/script.module.tzlocal/lib:/storage/.kodi/addons/script.module.js2py/lib:/usr/lib/python27.zip:/usr/lib/python2.7:/usr/lib/python2.7/plat-linux2:/usr/lib/python2.7/lib-tk:/usr/lib/python2.7/lib-old:/usr/lib/python2.7/lib-dynload:/usr/lib/python2.7/site-packages:/usr/lib/python2.7/site-packages/gtk-2.0
09:11:50.390 T:3664769952   DEBUG: CPythonInvoker(13, /etc/seebo/CheckUpdateInternet.py): entering source directory /etc/seebo
09:11:50.394 T:4116944352   DEBUG: ------ Window Deinit (DialogExtendedProgressBar.xml) ------
09:11:50.395 T:4116944352   DEBUG: CAMLCodec::ReleaseFrame idx:151
09:11:50.397 T:3836736416   DEBUG: CAMLCodec::Decode: ret: 0, sz: 0, dts_in: 18442240474082.1797[8E170], pts_in: 18442240474082.1797[8F8E0], adj:0, ptsOut:5.1333, amlpts:461999, idx:153, timesize:1.0009, drain: 0
09:11:50.397 T:3836736416   DEBUG: CAMLCodec::Decode: ret: 4, sz: 0, dts_in: 18442240474082.1797[8E170], pts_in: 18442240474082.1797[8F8E0], adj:0, ptsOut:5.1667, amlpts:464999, idx:154, timesize:1.0009, drain: 0
09:11:50.398 T:3922715552   DEBUG: Library Data Provider: service version 0.3.2 started
09:11:50.408 T:3836736416   DEBUG: CAMLCodec::Decode: ret: 0, sz: 0, dts_in: 18442240474082.1797[8E170], pts_in: 18442240474082.1797[8F8E0], adj:0, ptsOut:5.1667, amlpts:464999, idx:154, timesize:1.0009, drain: 0
09:11:50.418 T:3836736416   DEBUG: CAMLCodec::Decode: ret: 2, sz: 0, dts_in: 18442240474082.1797[8E170], pts_in: 18442240474082.1797[8F8E0], adj:0, ptsOut:5.1667, amlpts:464999, idx:154, timesize:0.9676, drain: 0
09:11:50.428 T:4116944352   DEBUG: CAMLCodec::ReleaseFrame idx:152
09:11:50.429 T:3836736416   DEBUG: CAMLCodec::Decode: ret: 2, sz: 20717, dts_in: 6.5000[8ED28], pts_in: 6.5000[8ED28], adj:0, ptsOut:5.1667, amlpts:464999, idx:154, timesize:0.9676, drain: 0
09:11:50.429 T:3836736416   DEBUG: CAMLCodec::Decode: ret: 6, sz: 40443, dts_in: 6.5333[8F8E0], pts_in: 6.6000[91050], adj:0, ptsOut:5.2000, amlpts:468000, idx:155, timesize:0.9676, drain: 0
09:11:50.440 T:3836736416   DEBUG: CAMLCodec::Decode: ret: 0, sz: 23439, dts_in: 6.5667[90498], pts_in: 6.5667[90498], adj:0, ptsOut:5.2000, amlpts:468000, idx:155, timesize:1.0009, drain: 0
09:11:50.450 T:3836736416   DEBUG: CAMLCodec::Decode: ret: 0, sz: 0, dts_in: 18442240474082.1797[90498], pts_in: 18442240474082.1797[90498], adj:0, ptsOut:5.2000, amlpts:468000, idx:155, timesize:1.0009, drain: 0
09:11:50.458 T:4116944352   DEBUG: CAMLCodec::ReleaseFrame idx:153
09:11:50.460 T:3836736416   DEBUG: CAMLCodec::Decode: ret: 0, sz: 0, dts_in: 18442240474082.1797[90498], pts_in: 18442240474082.1797[90498], adj:0, ptsOut:5.2000, amlpts:468000, idx:155, timesize:1.0009, drain: 0
09:11:50.460 T:3836736416   DEBUG: CAMLCodec::Decode: ret: 4, sz: 0, dts_in: 18442240474082.1797[90498], pts_in: 18442240474082.1797[90498], adj:0, ptsOut:5.2333, amlpts:470999, idx:156, timesize:1.0009, drain: 0
09:11:50.471 T:3836736416   DEBUG: CAMLCodec::Decode: ret: 0, sz: 0, dts_in: 18442240474082.1797[90498], pts_in: 18442240474082.1797[90498], adj:0, ptsOut:5.2333, amlpts:470999, idx:156, timesize:1.0009, drain: 0
09:11:50.482 T:3922715552   DEBUG: Previous line repeats 1 times.
09:11:50.482 T:3922715552   DEBUG: RunQuery took 2 ms for 0 items query: select * from movie_view  WHERE ((movie_view.playCount IS NULL OR movie_view.playCount < 1))
09:11:50.487 T:3897549728   DEBUG: CurlFile::Open(0xe84fdb08) https://raw.githubusercontent.com/jenaddon/repository.jenrepo/master/zips/addons.xml
09:11:50.491 T:4116944352   DEBUG: CAMLCodec::ReleaseFrame idx:154
09:11:50.491 T:3836736416   DEBUG: CAMLCodec::Decode: ret: 0, sz: 0, dts_in: 18442240474082.1797[90498], pts_in: 18442240474082.1797[90498], adj:0, ptsOut:5.2333, amlpts:470999, idx:156, timesize:1.0009, drain: 0
09:11:50.492 T:3836736416   DEBUG: CAMLCodec::Decode: ret: 4, sz: 0, dts_in: 18442240474082.1797[90498], pts_in: 18442240474082.1797[90498], adj:0, ptsOut:5.2667, amlpts:473999, idx:157, timesize:1.0009, drain: 0
09:11:50.502 T:3836736416   DEBUG: CAMLCodec::Decode: ret: 0, sz: 0, dts_in: 18442240474082.1797[90498], pts_in: 18442240474082.1797[90498], adj:0, ptsOut:5.2667, amlpts:473999, idx:157, timesize:1.0009, drain: 0
09:11:50.506 T:3897549728   DEBUG: CurlFile::Open(0xe84fdb08) https://raw.githubusercontent.com/jsergio123/zips/master/addons.xml
09:11:50.512 T:3836736416   DEBUG: CAMLCodec::Decode: ret: 0, sz: 0, dts_in: 18442240474082.1797[90498], pts_in: 18442240474082.1797[90498], adj:0, ptsOut:5.2667, amlpts:473999, idx:157, timesize:1.0009, drain: 0
09:11:50.522 T:3836736416   DEBUG: CAMLCodec::Decode: ret: 2, sz: 0, dts_in: 18442240474082.1797[90498], pts_in: 18442240474082.1797[90498], adj:0, ptsOut:5.2667, amlpts:473999, idx:157, timesize:0.9676, drain: 0
09:11:50.524 T:4116944352   DEBUG: CAMLCodec::ReleaseFrame idx:155
09:11:50.533 T:3836736416   DEBUG: CAMLCodec::Decode: ret: 2, sz: 42632, dts_in: 6.6000[91050], pts_in: 6.6667[927C0], adj:0, ptsOut:5.2667, amlpts:473999, idx:157, timesize:0.9342, drain: 0
09:11:50.533 T:3836736416   DEBUG: CAMLCodec::Decode: ret: 6, sz: 22439, dts_in: 6.6333[91C08], pts_in: 6.6333[91C08], adj:0, ptsOut:5.3000, amlpts:477000, idx:158, timesize:0.9676, drain: 0
09:11:50.542 T:3897549728   DEBUG: CurlFile::Open(0xe84fdb08) https://raw.githubusercontent.com/teamuniversal/scrapers/master/_modules4all/zips/addons.xml
09:11:50.544 T:3836736416   DEBUG: CAMLCodec::Decode: ret: 2, sz: 49138, dts_in: 6.6667[927C0], pts_in: 6.8000[956A0], adj:0, ptsOut:5.3000, amlpts:477000, idx:158, timesize:0.9008, drain: 0
09:11:50.554 T:3836736416   DEBUG: CAMLCodec::Decode: ret: 2, sz: 27367, dts_in: 6.7000[93378], pts_in: 6.7000[93378], adj:0, ptsOut:5.3000, amlpts:477000, idx:158, timesize:0.9342, drain: 0
09:11:50.558 T:4116944352   DEBUG: CAMLCodec::ReleaseFrame idx:156
09:11:50.564 T:3836736416   DEBUG: CAMLCodec::Decode: ret: 2, sz: 31402, dts_in: 6.7333[93F30], pts_in: 6.7333[93F30], adj:0, ptsOut:5.3000, amlpts:477000, idx:158, timesize:0.9676, drain: 0
09:11:50.565 T:3836736416   DEBUG: CAMLCodec::Decode: ret: 4, sz: 28364, dts_in: 6.7667[94AE8], pts_in: 6.7667[94AE8], adj:0, ptsOut:5.3333, amlpts:479999, idx:159, timesize:1.0009, drain: 0
09:11:50.575 T:3836736416   DEBUG: CAMLCodec::Decode: ret: 0, sz: 0, dts_in: 18442240474082.1797[94AE8], pts_in: 18442240474082.1797[94AE8], adj:0, ptsOut:5.3333, amlpts:479999, idx:159, timesize:1.0009, drain: 0
09:11:50.577 T:3897549728   DEBUG: CurlFile::Open(0xe84fdb08) https://raw.githubusercontent.com/totalrevolution/python-koding/master/zips/addons.xml
09:11:50.585 T:3836736416   DEBUG: CAMLCodec::Decode: ret: 0, sz: 0, dts_in: 18442240474082.1797[94AE8], pts_in: 18442240474082.1797[94AE8], adj:0, ptsOut:5.3333, amlpts:479999, idx:159, timesize:1.0009, drain: 0
09:11:50.591 T:4116944352   DEBUG: CAMLCodec::ReleaseFrame idx:157
09:11:50.596 T:3836736416   DEBUG: CAMLCodec::Decode: ret: 0, sz: 0, dts_in: 18442240474082.1797[94AE8], pts_in: 18442240474082.1797[94AE8], adj:0, ptsOut:5.3333, amlpts:479999, idx:159, timesize:1.0009, drain: 0
09:11:50.596 T:3836736416   DEBUG: CAMLCodec::Decode: ret: 4, sz: 0, dts_in: 18442240474082.1797[94AE8], pts_in: 18442240474082.1797[94AE8], adj:0, ptsOut:5.3667, amlpts:482999, idx:160, timesize:1.0009, drain: 0
09:11:50.602 T:3897549728   DEBUG: CurlFile::Open(0xe84fdb08) https://raw.githubusercontent.com/TVKINGS/ManCaveRepo/master/zips/addons.xml
09:11:50.606 T:3836736416   DEBUG: CAMLCodec::Decode: ret: 0, sz: 0, dts_in: 18442240474082.1797[94AE8], pts_in: 18442240474082.1797[94AE8], adj:0, ptsOut:5.3667, amlpts:482999, idx:160, timesize:1.0009, drain: 0
09:11:50.624 T:4116944352   DEBUG: Previous line repeats 1 times.
09:11:50.624 T:4116944352   DEBUG: CAMLCodec::ReleaseFrame idx:158
09:11:50.626 T:3836736416   DEBUG: CAMLCodec::Decode: ret: 0, sz: 0, dts_in: 18442240474082.1797[94AE8], pts_in: 18442240474082.1797[94AE8], adj:0, ptsOut:5.3667, amlpts:482999, idx:160, timesize:1.0009, drain: 0
09:11:50.627 T:3836736416   DEBUG: CAMLCodec::Decode: ret: 4, sz: 0, dts_in: 18442240474082.1797[94AE8], pts_in: 18442240474082.1797[94AE8], adj:0, ptsOut:5.4000, amlpts:486000, idx:161, timesize:1.0009, drain: 0
09:11:50.637 T:3836736416   DEBUG: CAMLCodec::Decode: ret: 0, sz: 0, dts_in: 18442240474082.1797[94AE8], pts_in: 18442240474082.1797[94AE8], adj:0, ptsOut:5.4000, amlpts:486000, idx:161, timesize:1.0009, drain: 0
09:11:50.657 T:3836736416   DEBUG: Previous line repeats 2 times.
09:11:50.658 T:3836736416   DEBUG: CAMLCodec::Decode: ret: 4, sz: 0, dts_in: 18442240474082.1797[94AE8], pts_in: 18442240474082.1797[94AE8], adj:0, ptsOut:5.4333, amlpts:488999, idx:162, timesize:1.0009, drain: 0
09:11:50.658 T:4116944352   DEBUG: CAMLCodec::ReleaseFrame idx:159
09:11:50.668 T:3836736416   DEBUG: CAMLCodec::Decode: ret: 0, sz: 0, dts_in: 18442240474082.1797[94AE8], pts_in: 18442240474082.1797[94AE8], adj:0, ptsOut:5.4333, amlpts:488999, idx:162, timesize:1.0009, drain: 0
09:11:50.672 T:3914326944    INFO: Python script stopped
09:11:50.672 T:3914326944   DEBUG: Thread LanguageInvoker 3914326944 terminating
09:11:50.678 T:3836736416   DEBUG: CAMLCodec::Decode: ret: 0, sz: 0, dts_in: 18442240474082.1797[94AE8], pts_in: 18442240474082.1797[94AE8], adj:0, ptsOut:5.4333, amlpts:488999, idx:162, timesize:1.0009, drain: 0
09:11:50.689 T:3922715552   DEBUG: Previous line repeats 1 times.
09:11:50.689 T:3922715552   DEBUG: RunQuery took 2 ms for 0 items query: select * from episode_view  WHERE ((episode_view.playCount IS NULL OR episode_view.playCount < 1))
09:11:50.691 T:4116944352   DEBUG: CAMLCodec::ReleaseFrame idx:160
09:11:50.699 T:3836736416   DEBUG: CAMLCodec::Decode: ret: 0, sz: 0, dts_in: 18442240474082.1797[94AE8], pts_in: 18442240474082.1797[94AE8], adj:0, ptsOut:5.4333, amlpts:488999, idx:162, timesize:1.0009, drain: 0
09:11:50.699 T:3836736416   DEBUG: CAMLCodec::Decode: ret: 4, sz: 0, dts_in: 18442240474082.1797[94AE8], pts_in: 18442240474082.1797[94AE8], adj:0, ptsOut:5.4667, amlpts:491999, idx:163, timesize:1.0009, drain: 0
09:11:50.709 T:3836736416   DEBUG: CAMLCodec::Decode: ret: 0, sz: 0, dts_in: 18442240474082.1797[94AE8], pts_in: 18442240474082.1797[94AE8], adj:0, ptsOut:5.4667, amlpts:491999, idx:163, timesize:1.0009, drain: 0
09:11:50.719 T:3836736416   DEBUG: CAMLCodec::Decode: ret: 2, sz: 0, dts_in: 18442240474082.1797[94AE8], pts_in: 18442240474082.1797[94AE8], adj:0, ptsOut:5.4667, amlpts:491999, idx:163, timesize:0.9676, drain: 0
09:11:50.724 T:4116944352   DEBUG: CAMLCodec::ReleaseFrame idx:161
09:11:50.730 T:3836736416   DEBUG: CAMLCodec::Decode: ret: 2, sz: 110290, dts_in: 6.8000[956A0], pts_in: 6.8667[96E10], adj:0, ptsOut:5.4667, amlpts:491999, idx:163, timesize:0.7340, drain: 0
09:11:50.730 T:3836736416   DEBUG: CAMLCodec::Decode: ret: 6, sz: 8223, dts_in: 6.8333[96258], pts_in: 6.8333[96258], adj:0, ptsOut:5.5000, amlpts:495000, idx:164, timesize:0.7674, drain: 0
09:11:50.741 T:3836736416   DEBUG: CAMLCodec::Decode: ret: 2, sz: 27073, dts_in: 6.8667[96E10], pts_in: 7.0000[99CF0], adj:0, ptsOut:5.5000, amlpts:495000, idx:164, timesize:0.8008, drain: 0
09:11:50.751 T:3836736416   DEBUG: CAMLCodec::Decode: ret: 2, sz: 14291, dts_in: 6.9000[979C8], pts_in: 6.9000[979C8], adj:0, ptsOut:5.5000, amlpts:495000, idx:164, timesize:0.8341, drain: 0
09:11:50.758 T:4116944352   DEBUG: CAMLCodec::ReleaseFrame idx:162
09:11:50.759 T:3673158560   DEBUG: -->Python Interpreter Initialized<--
09:11:50.759 T:3673158560   DEBUG: CPythonInvoker(12, /storage/.kodi/addons/script.skinshortcuts/default.py): the source file to load is "/storage/.kodi/addons/script.skinshortcuts/default.py"
09:11:50.761 T:3836736416   DEBUG: CAMLCodec::Decode: ret: 2, sz: 14644, dts_in: 6.9333[98580], pts_in: 6.9333[98580], adj:0, ptsOut:5.5000, amlpts:495000, idx:164, timesize:0.8675, drain: 0
09:11:50.778 T:3836736416   DEBUG: CAMLCodec::Decode: ret: 6, sz: 13899, dts_in: 6.9667[99138], pts_in: 6.9667[99138], adj:0, ptsOut:5.5333, amlpts:497999, idx:165, timesize:0.9008, drain: 0
09:11:50.778 T:3922715552   DEBUG: GetSongsFullByWhere query = SELECT sv.*, songartistview.* FROM (SELECT songview.* FROM songview  WHERE ((CAST(songview.iTimesPlayed as DECIMAL(5,1)) < 1)) ORDER BY RANDOM() LIMIT 20) AS sv JOIN songartistview ON songartistview.idsong = sv.idsong  ORDER BY songartistview.idsong, songartistview.idRole, songartistview.iOrder
09:11:50.788 T:3836736416   DEBUG: CAMLCodec::Decode: ret: 2, sz: 102293, dts_in: 7.0000[99CF0], pts_in: 7.1333[9CBD0], adj:0, ptsOut:5.5333, amlpts:497999, idx:165, timesize:0.8341, drain: 0
09:11:50.791 T:4116944352   DEBUG: CAMLCodec::ReleaseFrame idx:163
09:11:50.799 T:3836736416   DEBUG: CAMLCodec::Decode: ret: 2, sz: 11678, dts_in: 7.0333[9A8A8], pts_in: 7.0333[9A8A8], adj:0, ptsOut:5.5333, amlpts:497999, idx:165, timesize:0.8675, drain: 0
09:11:50.799 T:3836736416   DEBUG: CAMLCodec::Decode: ret: 6, sz: 15061, dts_in: 7.0667[9B460], pts_in: 7.0667[9B460], adj:0, ptsOut:5.5667, amlpts:500999, idx:166, timesize:0.9008, drain: 0
09:11:50.810 T:3836736416   DEBUG: CAMLCodec::Decode: ret: 2, sz: 16897, dts_in: 7.1000[9C018], pts_in: 7.1000[9C018], adj:0, ptsOut:5.5667, amlpts:500999, idx:166, timesize:0.9342, drain: 0
09:11:50.820 T:3836736416   DEBUG: CAMLCodec::Decode: ret: 2, sz: 36740, dts_in: 7.1333[9CBD0], pts_in: 7.2667[9FAB0], adj:0, ptsOut:5.5667, amlpts:500999, idx:166, timesize:0.9676, drain: 0
09:11:50.824 T:4116944352   DEBUG: CAMLCodec::ReleaseFrame idx:164
09:11:50.830 T:3836736416   DEBUG: CAMLCodec::Decode: ret: 0, sz: 19652, dts_in: 7.1667[9D788], pts_in: 7.1667[9D788], adj:0, ptsOut:5.5667, amlpts:500999, idx:166, timesize:1.0009, drain: 0
09:11:50.831 T:3836736416   DEBUG: CAMLCodec::Decode: ret: 4, sz: 0, dts_in: 18442240474082.1797[9D788], pts_in: 18442240474082.1797[9D788], adj:0, ptsOut:5.6000, amlpts:504000, idx:167, timesize:1.0009, drain: 0
09:11:50.841 T:3836736416   DEBUG: CAMLCodec::Decode: ret: 0, sz: 0, dts_in: 18442240474082.1797[9D788], pts_in: 18442240474082.1797[9D788], adj:0, ptsOut:5.6000, amlpts:504000, idx:167, timesize:1.0009, drain: 0
09:11:50.858 T:4116944352   DEBUG: Previous line repeats 1 times.
09:11:50.858 T:4116944352   DEBUG: CAMLCodec::ReleaseFrame idx:165
09:11:50.861 T:3836736416   DEBUG: CAMLCodec::Decode: ret: 0, sz: 0, dts_in: 18442240474082.1797[9D788], pts_in: 18442240474082.1797[9D788], adj:0, ptsOut:5.6000, amlpts:504000, idx:167, timesize:1.0009, drain: 0
09:11:50.862 T:3836736416   DEBUG: CAMLCodec::Decode: ret: 4, sz: 0, dts_in: 18442240474082.1797[9D788], pts_in: 18442240474082.1797[9D788], adj:0, ptsOut:5.6333, amlpts:506999, idx:168, timesize:1.0009, drain: 0
09:11:50.872 T:3836736416   DEBUG: CAMLCodec::Decode: ret: 0, sz: 0, dts_in: 18442240474082.1797[9D788], pts_in: 18442240474082.1797[9D788], adj:0, ptsOut:5.6333, amlpts:506999, idx:168, timesize:1.0009, drain: 0
09:11:50.879 T:3897549728   DEBUG: CRepositoryUpdateJob[repository.thebackup] checking for updates.
09:11:50.882 T:3836736416   DEBUG: CAMLCodec::Decode: ret: 0, sz: 0, dts_in: 18442240474082.1797[9D788], pts_in: 18442240474082.1797[9D788], adj:0, ptsOut:5.6333, amlpts:506999, idx:168, timesize:1.0009, drain: 0
09:11:50.882 T:3897549728   DEBUG: CFileCache::Open - opening <tvaddonsco/tva-resolvers-repo/raw/master/addons.xml.md5> using cache
09:11:50.883 T:3897549728   DEBUG: CurlFile::Open(0xdc5a5398) https://github.com/tvaddonsco/tva-resolvers-repo/raw/master/addons.xml.md5
09:11:50.891 T:4116944352   DEBUG: CAMLCodec::ReleaseFrame idx:166
09:11:50.892 T:3836736416   DEBUG: CAMLCodec::Decode: ret: 0, sz: 0, dts_in: 18442240474082.1797[9D788], pts_in: 18442240474082.1797[9D788], adj:0, ptsOut:5.6333, amlpts:506999, idx:168, timesize:1.0009, drain: 0
09:11:50.893 T:3836736416   DEBUG: CAMLCodec::Decode: ret: 4, sz: 0, dts_in: 18442240474082.1797[9D788], pts_in: 18442240474082.1797[9D788], adj:0, ptsOut:5.6667, amlpts:509999, idx:169, timesize:1.0009, drain: 0
09:11:50.903 T:3836736416   DEBUG: CAMLCodec::Decode: ret: 0, sz: 0, dts_in: 18442240474082.1797[9D788], pts_in: 18442240474082.1797[9D788], adj:0, ptsOut:5.6667, amlpts:509999, idx:169, timesize:1.0009, drain: 0
09:11:50.906 T:3673158560   DEBUG: CPythonInvoker(12, /storage/.kodi/addons/script.skinshortcuts/default.py): setting the Python path to /storage/.kodi/addons/script.skinshortcuts:/storage/.kodi/addons/script.module.simplejson/lib:/storage/.kodi/addons/script.module.unidecode/lib:/usr/lib/python27.zip:/usr/lib/python2.7:/usr/lib/python2.7/plat-linux2:/usr/lib/python2.7/lib-tk:/usr/lib/python2.7/lib-old:/usr/lib/python2.7/lib-dynload:/usr/lib/python2.7/site-packages:/usr/lib/python2.7/site-packages/gtk-2.0
09:11:50.906 T:3673158560   DEBUG: CPythonInvoker(12, /storage/.kodi/addons/script.skinshortcuts/default.py): entering source directory /storage/.kodi/addons/script.skinshortcuts
09:11:50.906 T:3673158560   DEBUG: CPythonInvoker(12, /storage/.kodi/addons/script.skinshortcuts/default.py): instantiating addon using automatically obtained id of "script.skinshortcuts" dependent on version 2.20.0 of the xbmc.python api
09:11:50.913 T:3836736416   DEBUG: CAMLCodec::Decode: ret: 0, sz: 0, dts_in: 18442240474082.1797[9D788], pts_in: 18442240474082.1797[9D788], adj:0, ptsOut:5.6667, amlpts:509999, idx:169, timesize:1.0009, drain: 0
09:11:50.918 T:4116944352   DEBUG: CAMLCodec::ReleaseFrame idx:167
09:11:50.923 T:3836736416   DEBUG: CAMLCodec::Decode: ret: 0, sz: 0, dts_in: 18442240474082.1797[9D788], pts_in: 18442240474082.1797[9D788], adj:0, ptsOut:5.6667, amlpts:509999, idx:169, timesize:1.0009, drain: 0
09:11:50.930 T:3897549728   DEBUG: CCurlFile::Open - effective URL: <https://raw.githubusercontent.com/tvaddonsco/tva-resolvers-repo/master/addons.xml.md5>
09:11:50.930 T:3914326944   DEBUG: Thread FileCache start, auto delete: false
09:11:50.930 T:3914326944    INFO: CFileCache::Process - Source read didn't return any data! Hit eof(?)
09:11:50.934 T:3836736416   DEBUG: CAMLCodec::Decode: ret: 0, sz: 0, dts_in: 18442240474082.1797[9D788], pts_in: 18442240474082.1797[9D788], adj:0, ptsOut:5.6667, amlpts:509999, idx:169, timesize:1.0009, drain: 0
09:11:50.934 T:3836736416   DEBUG: CAMLCodec::Decode: ret: 4, sz: 0, dts_in: 18442240474082.1797[9D788], pts_in: 18442240474082.1797[9D788], adj:0, ptsOut:5.7000, amlpts:513000, idx:170, timesize:1.0009, drain: 0
09:11:50.934 T:3922715552   DEBUG: GetAlbumsByWhere query: SELECT albumview.*, albumartistview.* FROM albumview JOIN albumartistview ON albumartistview.idalbum = albumview.idalbum  WHERE albumview.strReleaseType = 'album'
09:11:50.935 T:3922715552   DEBUG: GetAlbumsByWhere - query took 1 ms
09:11:50.944 T:3836736416   DEBUG: CAMLCodec::Decode: ret: 0, sz: 0, dts_in: 18442240474082.1797[9D788], pts_in: 18442240474082.1797[9D788], adj:0, ptsOut:5.7000, amlpts:513000, idx:170, timesize:1.0009, drain: 0
09:11:50.944 T:3836736416   DEBUG: CAMLCodec::Decode: ret: 4, sz: 0, dts_in: 18442240474082.1797[9D788], pts_in: 18442240474082.1797[9D788], adj:0, ptsOut:5.7333, amlpts:515999, idx:171, timesize:1.0009, drain: 0
09:11:50.958 T:4116944352   DEBUG: CAMLCodec::ReleaseFrame idx:168
09:11:50.971 T:3836736416   DEBUG: CAMLCodec::Decode: ret: 0, sz: 0, dts_in: 18442240474082.1797[9D788], pts_in: 18442240474082.1797[9D788], adj:0, ptsOut:5.7333, amlpts:515999, idx:171, timesize:1.0009, drain: 0
09:11:50.976 T:3878679456   DEBUG:  StorageServer Module loaded RUN
09:11:50.977 T:3878679456   DEBUG: StorageClient-2.5.4 Starting server
09:11:50.980 T:3914326944   DEBUG: Thread FileCache 3914326944 terminating
09:11:50.981 T:3897549728   DEBUG: CFileCache::Open - opening <thebackup/repository.thebackup/master/addons.xml.md5> using cache
09:11:50.981 T:3836736416   DEBUG: CAMLCodec::Decode: ret: 0, sz: 0, dts_in: 18442240474082.1797[9D788], pts_in: 18442240474082.1797[9D788], adj:0, ptsOut:5.7333, amlpts:515999, idx:171, timesize:1.0009, drain: 0
09:11:50.981 T:3897549728   DEBUG: CurlFile::Open(0xdc5a5398) https://raw.githubusercontent.com/thebackup/repository.thebackup/master/addons.xml.md5
09:11:50.991 T:3861902240   DEBUG: VPN Mgr : -- Entered service.py --
09:11:50.991 T:3836736416   DEBUG: CAMLCodec::Decode: ret: 0, sz: 0, dts_in: 18442240474082.1797[9D788], pts_in: 18442240474082.1797[9D788], adj:0, ptsOut:5.7333, amlpts:515999, idx:171, timesize:1.0009, drain: 0
09:11:50.991 T:3836736416   DEBUG: CAMLCodec::Decode: ret: 4, sz: 0, dts_in: 18442240474082.1797[9D788], pts_in: 18442240474082.1797[9D788], adj:0, ptsOut:5.7667, amlpts:518999, idx:172, timesize:1.0009, drain: 0
09:11:50.992 T:3861902240  NOTICE: VPN Mgr : (service.py) Starting VPN monitor service, platform is 2, version is 1003.0.16
09:11:50.992 T:3861902240  NOTICE: VPN Mgr : (service.py) Kodi build is 17.6 Git:LilacTV-1.0.6
09:11:50.993 T:4116944352   DEBUG: CAMLCodec::ReleaseFrame idx:169
09:11:50.998 T:3914326944   DEBUG: Thread FileCache start, auto delete: false
09:11:50.998 T:3914326944    INFO: CFileCache::Process - Source read didn't return any data! Hit eof(?)
09:11:51.003 T:3836736416   DEBUG: CAMLCodec::Decode: ret: 0, sz: 0, dts_in: 18442240474082.1797[9D788], pts_in: 18442240474082.1797[9D788], adj:0, ptsOut:5.7667, amlpts:518999, idx:172, timesize:1.0009, drain: 0
09:11:51.024 T:3836736416   DEBUG: Previous line repeats 2 times.
09:11:51.024 T:3836736416   DEBUG: CAMLCodec::Decode: ret: 4, sz: 0, dts_in: 18442240474082.1797[9D788], pts_in: 18442240474082.1797[9D788], adj:0, ptsOut:5.8000, amlpts:522000, idx:173, timesize:1.0009, drain: 0
09:11:51.025 T:4116944352   DEBUG: CAMLCodec::ReleaseFrame idx:170
09:11:51.035 T:3836736416   DEBUG: CAMLCodec::Decode: ret: 0, sz: 0, dts_in: 18442240474082.1797[9D788], pts_in: 18442240474082.1797[9D788], adj:0, ptsOut:5.8000, amlpts:522000, idx:173, timesize:1.0009, drain: 0
09:11:51.036 T:3922715552   DEBUG: RunQuery took 1 ms for 0 items query: select * from musicvideo_view  WHERE ((musicvideo_view.playCount IS NULL OR musicvideo_view.playCount < 1))
09:11:51.045 T:3836736416   DEBUG: CAMLCodec::Decode: ret: 0, sz: 0, dts_in: 18442240474082.1797[9D788], pts_in: 18442240474082.1797[9D788], adj:0, ptsOut:5.8000, amlpts:522000, idx:173, timesize:1.0009, drain: 0
09:11:51.048 T:3914326944   DEBUG: Thread FileCache 3914326944 terminating
09:11:51.049 T:3897549728   DEBUG: CurlFile::Open(0xe84fdb08) https://github.com/tvaddonsco/tva-resolvers-repo/raw/master/addons.xml
09:11:51.057 T:3836736416   DEBUG: CAMLCodec::Decode: ret: 0, sz: 0, dts_in: 18442240474082.1797[9D788], pts_in: 18442240474082.1797[9D788], adj:0, ptsOut:5.8000, amlpts:522000, idx:173, timesize:1.0009, drain: 0
09:11:51.058 T:3836736416   DEBUG: CAMLCodec::Decode: ret: 4, sz: 0, dts_in: 18442240474082.1797[9D788], pts_in: 18442240474082.1797[9D788], adj:0, ptsOut:5.8333, amlpts:524999, idx:174, timesize:1.0009, drain: 0
09:11:51.061 T:4116944352   DEBUG: CAMLCodec::ReleaseFrame idx:171
09:11:51.071 T:3836736416   DEBUG: CAMLCodec::Decode: ret: 0, sz: 0, dts_in: 18442240474082.1797[9D788], pts_in: 18442240474082.1797[9D788], adj:0, ptsOut:5.8333, amlpts:524999, idx:174, timesize:1.0009, drain: 0
09:11:51.084 T:3897549728   DEBUG: Previous line repeats 1 times.
09:11:51.084 T:3897549728   DEBUG: CCurlFile::Open - effective URL: <https://raw.githubusercontent.com/tvaddonsco/tva-resolvers-repo/master/addons.xml>
09:11:51.091 T:3836736416   DEBUG: CAMLCodec::Decode: ret: 0, sz: 0, dts_in: 18442240474082.1797[9D788], pts_in: 18442240474082.1797[9D788], adj:0, ptsOut:5.8333, amlpts:524999, idx:174, timesize:1.0009, drain: 0
09:11:51.092 T:3836736416   DEBUG: CAMLCodec::Decode: ret: 4, sz: 0, dts_in: 18442240474082.1797[9D788], pts_in: 18442240474082.1797[9D788], adj:0, ptsOut:5.8667, amlpts:527999, idx:175, timesize:1.0009, drain: 0
09:11:51.094 T:4116944352   DEBUG: CAMLCodec::ReleaseFrame idx:172
09:11:51.105 T:3836736416   DEBUG: CAMLCodec::Decode: ret: 0, sz: 0, dts_in: 18442240474082.1797[9D788], pts_in: 18442240474082.1797[9D788], adj:0, ptsOut:5.8667, amlpts:527999, idx:175, timesize:1.0009, drain: 0
09:11:51.113 T:3922715552   DEBUG: RunQuery took 1 ms for 0 items query: select * from movie_view  WHERE ((movie_view.playCount IS NULL OR movie_view.playCount < 1))
09:11:51.115 T:3836736416   DEBUG: CAMLCodec::Decode: ret: 2, sz: 0, dts_in: 18442240474082.1797[9D788], pts_in: 18442240474082.1797[9D788], adj:0, ptsOut:5.8667, amlpts:527999, idx:175, timesize:0.9676, drain: 0
09:11:51.124 T:4116944352   DEBUG: CAMLCodec::ReleaseFrame idx:173
09:11:51.125 T:3897549728   ERROR: ADDON: extension '' is not currently supported for service addon
09:11:51.126 T:3836736416   DEBUG: CAMLCodec::Decode: ret: 2, sz: 21240, dts_in: 7.2000[9E340], pts_in: 7.2000[9E340], adj:0, ptsOut:5.8667, amlpts:527999, idx:175, timesize:0.9676, drain: 0
09:11:51.126 T:3836736416   DEBUG: CAMLCodec::Decode: ret: 4, sz: 19089, dts_in: 7.2333[9EEF8], pts_in: 7.2333[9EEF8], adj:0, ptsOut:5.9000, amlpts:531000, idx:176, timesize:1.0009, drain: 0
09:11:51.136 T:3836736416   DEBUG: CAMLCodec::Decode: ret: 0, sz: 0, dts_in: 18442240474082.1797[9EEF8], pts_in: 18442240474082.1797[9EEF8], adj:0, ptsOut:5.9000, amlpts:531000, idx:176, timesize:1.0009, drain: 0
09:11:51.137 T:3897549728   DEBUG: CurlFile::Open(0xe84fdb08) https://raw.githubusercontent.com/thebackup/repository.thebackup/master/addons.xml
09:11:51.146 T:3836736416   DEBUG: CAMLCodec::Decode: ret: 0, sz: 0, dts_in: 18442240474082.1797[9EEF8], pts_in: 18442240474082.1797[9EEF8], adj:0, ptsOut:5.9000, amlpts:531000, idx:176, timesize:1.0009, drain: 0
09:11:51.158 T:4116944352   DEBUG: Previous line repeats 1 times.
09:11:51.158 T:4116944352   DEBUG: CAMLCodec::ReleaseFrame idx:174
09:11:51.167 T:3836736416   DEBUG: CAMLCodec::Decode: ret: 0, sz: 0, dts_in: 18442240474082.1797[9EEF8], pts_in: 18442240474082.1797[9EEF8], adj:0, ptsOut:5.9000, amlpts:531000, idx:176, timesize:1.0009, drain: 0
09:11:51.167 T:3836736416   DEBUG: CAMLCodec::Decode: ret: 6, sz: 0, dts_in: 18442240474082.1797[9EEF8], pts_in: 18442240474082.1797[9EEF8], adj:0, ptsOut:5.9333, amlpts:533999, idx:177, timesize:0.9676, drain: 0
09:11:51.177 T:3836736416   DEBUG: CAMLCodec::Decode: ret: 2, sz: 35693, dts_in: 7.2667[9FAB0], pts_in: 7.4000[A2990], adj:0, ptsOut:5.9333, amlpts:533999, idx:177, timesize:0.9676, drain: 0
09:11:51.188 T:3836736416   DEBUG: CAMLCodec::Decode: ret: 0, sz: 14090, dts_in: 7.3000[A0668], pts_in: 7.3000[A0668], adj:0, ptsOut:5.9333, amlpts:533999, idx:177, timesize:1.0009, drain: 0
09:11:51.191 T:4116944352   DEBUG: CAMLCodec::ReleaseFrame idx:175
09:11:51.198 T:3836736416   DEBUG: CAMLCodec::Decode: ret: 0, sz: 0, dts_in: 18442240474082.1797[A0668], pts_in: 18442240474082.1797[A0668], adj:0, ptsOut:5.9333, amlpts:533999, idx:177, timesize:1.0009, drain: 0
09:11:51.198 T:3836736416   DEBUG: CAMLCodec::Decode: ret: 4, sz: 0, dts_in: 18442240474082.1797[A0668], pts_in: 18442240474082.1797[A0668], adj:0, ptsOut:5.9667, amlpts:536999, idx:178, timesize:1.0009, drain: 0
09:11:51.208 T:3922715552   DEBUG: RunQuery took 2 ms for 0 items query: select * from episode_view  WHERE ((episode_view.playCount IS NULL OR episode_view.playCount < 1))
09:11:51.209 T:3836736416   DEBUG: CAMLCodec::Decode: ret: 0, sz: 0, dts_in: 18442240474082.1797[A0668], pts_in: 18442240474082.1797[A0668], adj:0, ptsOut:5.9667, amlpts:536999, idx:178, timesize:1.0009, drain: 0
09:11:51.224 T:4116944352   DEBUG: Previous line repeats 1 times.
09:11:51.225 T:4116944352   DEBUG: CAMLCodec::ReleaseFrame idx:176
09:11:51.229 T:3836736416   DEBUG: CAMLCodec::Decode: ret: 0, sz: 0, dts_in: 18442240474082.1797[A0668], pts_in: 18442240474082.1797[A0668], adj:0, ptsOut:5.9667, amlpts:536999, idx:178, timesize:1.0009, drain: 0
09:11:51.229 T:3836736416   DEBUG: CAMLCodec::Decode: ret: 4, sz: 0, dts_in: 18442240474082.1797[A0668], pts_in: 18442240474082.1797[A0668], adj:0, ptsOut:6.0000, amlpts:540000, idx:179, timesize:1.0009, drain: 0
09:11:51.235 T:3861902240   DEBUG: VPN Mgr : Getting contents of keymaps directory /storage/.kodi/userdata/keymaps/vpn.manager.xml*
09:11:51.239 T:3836736416   DEBUG: CAMLCodec::Decode: ret: 0, sz: 0, dts_in: 18442240474082.1797[A0668], pts_in: 18442240474082.1797[A0668], adj:0, ptsOut:6.0000, amlpts:540000, idx:179, timesize:1.0009, drain: 0
09:11:51.247 T:3897549728   DEBUG: CRepositoryUpdateJob[repository.tempest] checking for updates.
09:11:51.250 T:3836736416   DEBUG: CAMLCodec::Decode: ret: 2, sz: 0, dts_in: 18442240474082.1797[A0668], pts_in: 18442240474082.1797[A0668], adj:0, ptsOut:6.0000, amlpts:540000, idx:179, timesize:0.9676, drain: 0
09:11:51.251 T:3897549728   DEBUG: CFileCache::Open - opening <Tempest0580/tempest/master/zips/addons.xml.md5> using cache
09:11:51.251 T:3897549728   DEBUG: CurlFile::Open(0xe32a6798) https://raw.githubusercontent.com/Tempest0580/tempest/master/zips/addons.xml.md5
09:11:51.258 T:4116944352   DEBUG: CAMLCodec::ReleaseFrame idx:177
09:11:51.259 T:3922715552   DEBUG: GetAlbumsByWhere query: SELECT albumview.*, albumartistview.* FROM albumview JOIN albumartistview ON albumartistview.idalbum = albumview.idalbum  WHERE albumview.strReleaseType = 'album'
09:11:51.260 T:3836736416   DEBUG: CAMLCodec::Decode: ret: 0, sz: 15147, dts_in: 7.3333[A1220], pts_in: 7.3333[A1220], adj:0, ptsOut:6.0000, amlpts:540000, idx:179, timesize:1.0009, drain: 0
09:11:51.260 T:3836736416   DEBUG: CAMLCodec::Decode: ret: 4, sz: 0, dts_in: 18442240474082.1797[A1220], pts_in: 18442240474082.1797[A1220], adj:0, ptsOut:6.0333, amlpts:542999, idx:180, timesize:1.0009, drain: 0
09:11:51.261 T:3922715552   DEBUG: GetAlbumsByWhere - query took 2 ms
09:11:51.271 T:3836736416   DEBUG: CAMLCodec::Decode: ret: 0, sz: 0, dts_in: 18442240474082.1797[A1220], pts_in: 18442240474082.1797[A1220], adj:0, ptsOut:6.0333, amlpts:542999, idx:180, timesize:1.0009, drain: 0
09:11:51.281 T:3836736416   DEBUG: CAMLCodec::Decode: ret: 2, sz: 0, dts_in: 18442240474082.1797[A1220], pts_in: 18442240474082.1797[A1220], adj:0, ptsOut:6.0333, amlpts:542999, idx:180, timesize:0.9676, drain: 0
09:11:51.291 T:4116944352   DEBUG: CAMLCodec::ReleaseFrame idx:178
09:11:51.291 T:3836736416   DEBUG: CAMLCodec::Decode: ret: 2, sz: 14091, dts_in: 7.3667[A1DD8], pts_in: 7.3667[A1DD8], adj:0, ptsOut:6.0333, amlpts:542999, idx:180, timesize:0.9676, drain: 0
09:11:51.291 T:3836736416   DEBUG: CAMLCodec::Decode: ret: 4, sz: 27770, dts_in: 7.4000[A2990], pts_in: 7.5333[A5870], adj:0, ptsOut:6.0667, amlpts:545999, idx:181, timesize:1.0009, drain: 0
09:11:51.303 T:3922715552   DEBUG: RunQuery took 1 ms for 0 items query: select * from musicvideo_view  WHERE ((musicvideo_view.playCount IS NULL OR musicvideo_view.playCount < 1))
09:11:51.310 T:3836736416   DEBUG: CAMLCodec::Decode: ret: 0, sz: 0, dts_in: 18442240474082.1797[A2990], pts_in: 18442240474082.1797[A5870], adj:0, ptsOut:6.0667, amlpts:545999, idx:181, timesize:1.0009, drain: 0
09:11:51.322 T:3861902240   DEBUG: Previous line repeats 1 times.
09:11:51.323 T:3861902240   DEBUG: VPN Mgr : Update service requested service initalisation
09:11:51.324 T:4116944352   DEBUG: CAMLCodec::ReleaseFrame idx:179
09:11:51.334 T:3836736416   DEBUG: CAMLCodec::Decode: ret: 0, sz: 0, dts_in: 18442240474082.1797[A2990], pts_in: 18442240474082.1797[A5870], adj:0, ptsOut:6.0667, amlpts:545999, idx:181, timesize:1.0009, drain: 0
09:11:51.335 T:3836736416   DEBUG: CAMLCodec::Decode: ret: 6, sz: 0, dts_in: 18442240474082.1797[A2990], pts_in: 18442240474082.1797[A5870], adj:0, ptsOut:6.1000, amlpts:549000, idx:182, timesize:0.9676, drain: 0
09:11:51.346 T:3836736416   DEBUG: CAMLCodec::Decode: ret: 0, sz: 13094, dts_in: 7.4333[A3548], pts_in: 7.4333[A3548], adj:0, ptsOut:6.1000, amlpts:549000, idx:182, timesize:1.0009, drain: 0
09:11:51.356 T:3836736416   DEBUG: CAMLCodec::Decode: ret: 0, sz: 0, dts_in: 18442240474082.1797[A3548], pts_in: 18442240474082.1797[A3548], adj:0, ptsOut:6.1000, amlpts:549000, idx:182, timesize:1.0009, drain: 0
09:11:51.358 T:4116944352   DEBUG: CAMLCodec::ReleaseFrame idx:180
09:11:51.362 T:3861902240   DEBUG: VPN Mgr : VPN monitor service was requested to run an update
09:11:51.365 T:3922715552   DEBUG: RunQuery took 2 ms for 0 items query: select * from movie_view  WHERE (movie_view.idFile  IN (SELECT DISTINCT idFile FROM bookmark WHERE type = 1))
09:11:51.366 T:3836736416   DEBUG: CAMLCodec::Decode: ret: 0, sz: 0, dts_in: 18442240474082.1797[A3548], pts_in: 18442240474082.1797[A3548], adj:0, ptsOut:6.1000, amlpts:549000, idx:182, timesize:1.0009, drain: 0
09:11:51.366 T:3836736416   DEBUG: CAMLCodec::Decode: ret: 6, sz: 0, dts_in: 18442240474082.1797[A3548], pts_in: 18442240474082.1797[A3548], adj:0, ptsOut:6.1333, amlpts:551999, idx:183, timesize:0.9676, drain: 0
09:11:51.377 T:3836736416   DEBUG: CAMLCodec::Decode: ret: 0, sz: 14762, dts_in: 7.4667[A4100], pts_in: 7.4667[A4100], adj:0, ptsOut:6.1333, amlpts:551999, idx:183, timesize:1.0009, drain: 0
09:11:51.382 T:3861902240   DEBUG: VPN Mgr : Update primary VPNs from settings
09:11:51.385 T:3922715552   DEBUG: RunQuery took 3 ms for 0 items query: SELECT * FROM tvshow_view  WHERE ((CASE WHEN COALESCE(tvshow_view.totalCount - tvshow_view.watchedcount, 0) > 0 THEN 0 ELSE 1 END  < 1)) AND ( ((tvshow_view.watchedcount > 0 AND tvshow_view.watchedcount < tvshow_view.totalCount) OR (tvshow_view.watchedcount = 0 AND EXISTS (SELECT 1 FROM episode_view WHERE episode_view.idShow = tvshow_view.idShow AND episode_view.resumeTimeInSeconds > 0))))
09:11:51.387 T:3836736416   DEBUG: CAMLCodec::Decode: ret: 0, sz: 0, dts_in: 18442240474082.1797[A4100], pts_in: 18442240474082.1797[A4100], adj:0, ptsOut:6.1333, amlpts:551999, idx:183, timesize:1.0009, drain: 0
09:11:51.391 T:4116944352   DEBUG: CAMLCodec::ReleaseFrame idx:181
09:11:51.397 T:3836736416   DEBUG: CAMLCodec::Decode: ret: 0, sz: 0, dts_in: 18442240474082.1797[A4100], pts_in: 18442240474082.1797[A4100], adj:0, ptsOut:6.1333, amlpts:551999, idx:183, timesize:1.0009, drain: 0
09:11:51.397 T:3836736416   DEBUG: CAMLCodec::Decode: ret: 4, sz: 0, dts_in: 18442240474082.1797[A4100], pts_in: 18442240474082.1797[A4100], adj:0, ptsOut:6.1667, amlpts:554999, idx:184, timesize:1.0009, drain: 0
09:11:51.408 T:3836736416   DEBUG: CAMLCodec::Decode: ret: 0, sz: 0, dts_in: 18442240474082.1797[A4100], pts_in: 18442240474082.1797[A4100], adj:0, ptsOut:6.1667, amlpts:554999, idx:184, timesize:1.0009, drain: 0
09:11:51.418 T:3836736416   DEBUG: CAMLCodec::Decode: ret: 2, sz: 0, dts_in: 18442240474082.1797[A4100], pts_in: 18442240474082.1797[A4100], adj:0, ptsOut:6.1667, amlpts:554999, idx:184, timesize:0.9676, drain: 0
09:11:51.420 T:3861902240   DEBUG: VPN Mgr : Found 10 VPNs, setup is valid
09:11:51.424 T:4116944352   DEBUG: CAMLCodec::ReleaseFrame idx:182
09:11:51.428 T:3836736416   DEBUG: CAMLCodec::Decode: ret: 0, sz: 12340, dts_in: 7.5000[A4CB8], pts_in: 7.5000[A4CB8], adj:0, ptsOut:6.1667, amlpts:554999, idx:184, timesize:1.0009, drain: 0
09:11:51.428 T:3836736416   DEBUG: CAMLCodec::Decode: ret: 4, sz: 0, dts_in: 18442240474082.1797[A4CB8], pts_in: 18442240474082.1797[A4CB8], adj:0, ptsOut:6.2000, amlpts:558000, idx:185, timesize:1.0009, drain: 0
09:11:51.439 T:3836736416   DEBUG: CAMLCodec::Decode: ret: 0, sz: 0, dts_in: 18442240474082.1797[A4CB8], pts_in: 18442240474082.1797[A4CB8], adj:0, ptsOut:6.2000, amlpts:558000, idx:185, timesize:1.0009, drain: 0
09:11:51.439 T:3922715552   DEBUG: GetAlbumsByWhere query: SELECT albumview.*, albumartistview.* FROM albumview JOIN albumartistview ON albumartistview.idalbum = albumview.idalbum  WHERE albumview.strReleaseType = 'album'
09:11:51.440 T:3922715552   DEBUG: GetAlbumsByWhere - query took 1 ms
09:11:51.449 T:3836736416   DEBUG: CAMLCodec::Decode: ret: 2, sz: 0, dts_in: 18442240474082.1797[A4CB8], pts_in: 18442240474082.1797[A4CB8], adj:0, ptsOut:6.2000, amlpts:558000, idx:185, timesize:0.9676, drain: 0
09:11:51.451 T:3861902240   DEBUG: VPN Mgr : Flag lists have changed
09:11:51.456 T:3922715552   DEBUG: CFavourites::Load - no system favourites found, skipping
09:11:51.456 T:3922715552   DEBUG: CFavourites::Load - no userdata favourites found, skipping
09:11:51.458 T:4116944352   DEBUG: CAMLCodec::ReleaseFrame idx:183
09:11:51.459 T:3836736416   DEBUG: CAMLCodec::Decode: ret: 0, sz: 24785, dts_in: 7.5333[A5870], pts_in: 7.6667[A8750], adj:0, ptsOut:6.2000, amlpts:558000, idx:185, timesize:1.0009, drain: 0
09:11:51.459 T:3836736416   DEBUG: CAMLCodec::Decode: ret: 4, sz: 0, dts_in: 18442240474082.1797[A5870], pts_in: 18442240474082.1797[A8750], adj:0, ptsOut:6.2333, amlpts:560999, idx:186, timesize:1.0009, drain: 0
09:11:51.466 T:3861902240   DEBUG: VPN Mgr : VPN not started, state is
09:11:51.470 T:3836736416   DEBUG: CAMLCodec::Decode: ret: 0, sz: 0, dts_in: 18442240474082.1797[A5870], pts_in: 18442240474082.1797[A8750], adj:0, ptsOut:6.2333, amlpts:560999, idx:186, timesize:1.0009, drain: 0
09:11:51.480 T:3836736416   DEBUG: CAMLCodec::Decode: ret: 2, sz: 0, dts_in: 18442240474082.1797[A5870], pts_in: 18442240474082.1797[A8750], adj:0, ptsOut:6.2333, amlpts:560999, idx:186, timesize:0.9676, drain: 0
09:11:51.490 T:3836736416   DEBUG: CAMLCodec::Decode: ret: 0, sz: 12081, dts_in: 7.5667[A6428], pts_in: 7.5667[A6428], adj:0, ptsOut:6.2333, amlpts:560999, idx:186, timesize:1.0009, drain: 0
09:11:51.491 T:4116944352   DEBUG: CAMLCodec::ReleaseFrame idx:184
09:11:51.492 T:3861902240   DEBUG: VPN Mgr : Encountered a new window ID 12005
09:11:51.496 T:3914326944   DEBUG: Thread FileCache start, auto delete: false
09:11:51.496 T:3914326944    INFO: CFileCache::Process - Source read didn't return any data! Hit eof(?)
09:11:51.501 T:3836736416   DEBUG: CAMLCodec::Decode: ret: 0, sz: 0, dts_in: 18442240474082.1797[A6428], pts_in: 18442240474082.1797[A6428], adj:0, ptsOut:6.2333, amlpts:560999, idx:186, timesize:1.0009, drain: 0
09:11:51.501 T:3836736416   DEBUG: CAMLCodec::Decode: ret: 4, sz: 0, dts_in: 18442240474082.1797[A6428], pts_in: 18442240474082.1797[A6428], adj:0, ptsOut:6.2667, amlpts:563999, idx:187, timesize:1.0009, drain: 0
09:11:51.503 T:3861902240   DEBUG: VPN Mgr : Previous window ID was 0
09:11:51.511 T:3836736416   DEBUG: CAMLCodec::Decode: ret: 0, sz: 0, dts_in: 18442240474082.1797[A6428], pts_in: 18442240474082.1797[A6428], adj:0, ptsOut:6.2667, amlpts:563999, idx:187, timesize:1.0009, drain: 0
09:11:51.521 T:3836736416   DEBUG: CAMLCodec::Decode: ret: 2, sz: 0, dts_in: 18442240474082.1797[A6428], pts_in: 18442240474082.1797[A6428], adj:0, ptsOut:6.2667, amlpts:563999, idx:187, timesize:0.9676, drain: 0
09:11:51.524 T:4116944352   DEBUG: CAMLCodec::ReleaseFrame idx:185
09:11:51.532 T:3836736416   DEBUG: CAMLCodec::Decode: ret: 0, sz: 12255, dts_in: 7.6000[A6FE0], pts_in: 7.6000[A6FE0], adj:0, ptsOut:6.2667, amlpts:563999, idx:187, timesize:1.0009, drain: 0
09:11:51.532 T:3836736416   DEBUG: CAMLCodec::Decode: ret: 4, sz: 0, dts_in: 18442240474082.1797[A6FE0], pts_in: 18442240474082.1797[A6FE0], adj:0, ptsOut:6.3000, amlpts:567000, idx:188, timesize:1.0009, drain: 0
09:11:51.542 T:3836736416   DEBUG: CAMLCodec::Decode: ret: 0, sz: 0, dts_in: 18442240474082.1797[A6FE0], pts_in: 18442240474082.1797[A6FE0], adj:0, ptsOut:6.3000, amlpts:567000, idx:188, timesize:1.0009, drain: 0
09:11:51.546 T:3914326944   DEBUG: Thread FileCache 3914326944 terminating
09:11:51.547 T:3897549728   DEBUG: CurlFile::Open(0xe84fdb08) https://raw.githubusercontent.com/Tempest0580/tempest/master/zips/addons.xml
09:11:51.552 T:3836736416   DEBUG: CAMLCodec::Decode: ret: 2, sz: 0, dts_in: 18442240474082.1797[A6FE0], pts_in: 18442240474082.1797[A6FE0], adj:0, ptsOut:6.3000, amlpts:567000, idx:188, timesize:0.9676, drain: 0
09:11:51.563 T:3836736416   DEBUG: CAMLCodec::Decode: ret: 0, sz: 13325, dts_in: 7.6333[A7B98], pts_in: 7.6333[A7B98], adj:0, ptsOut:6.3000, amlpts:567000, idx:188, timesize:1.0009, drain: 0
09:11:51.563 T:3664769952    INFO: CPythonInvoker(13, /etc/seebo/CheckUpdateInternet.py): script successfully run
09:11:51.563 T:3836736416   DEBUG: CAMLCodec::Decode: ret: 4, sz: 0, dts_in: 18442240474082.1797[A7B98], pts_in: 18442240474082.1797[A7B98], adj:0, ptsOut:6.3333, amlpts:569999, idx:189, timesize:1.0009, drain: 0
09:11:51.570 T:3664769952    INFO: Python script stopped
09:11:51.570 T:3664769952   DEBUG: Thread LanguageInvoker 3664769952 terminating
09:11:51.571 T:3922715552   DEBUG: Library Data Provider: Total time needed for all queries: 0:00:01.108368
09:11:51.577 T:4116944352   DEBUG: CAMLCodec::ReleaseFrame idx:186
09:11:51.587 T:3836736416   DEBUG: CAMLCodec::Decode: ret: 2, sz: 0, dts_in: 18442240474082.1797[A7B98], pts_in: 18442240474082.1797[A7B98], adj:0, ptsOut:6.3333, amlpts:569999, idx:189, timesize:0.9676, drain: 0
09:11:51.591 T:4116944352   DEBUG: CAMLCodec::ReleaseFrame idx:187
09:11:51.597 T:3836736416   DEBUG: CAMLCodec::Decode: ret: 0, sz: 23722, dts_in: 7.6667[A8750], pts_in: 7.8000[AB630], adj:0, ptsOut:6.3333, amlpts:569999, idx:189, timesize:1.0009, drain: 0
09:11:51.608 T:3836736416   DEBUG: CAMLCodec::Decode: ret: 0, sz: 0, dts_in: 18442240474082.1797[A8750], pts_in: 18442240474082.1797[AB630], adj:0, ptsOut:6.3333, amlpts:569999, idx:189, timesize:1.0009, drain: 0
09:11:51.608 T:3836736416   DEBUG: CAMLCodec::Decode: ret: 4, sz: 0, dts_in: 18442240474082.1797[A8750], pts_in: 18442240474082.1797[AB630], adj:0, ptsOut:6.3667, amlpts:572999, idx:190, timesize:1.0009, drain: 0
09:11:51.618 T:3836736416   DEBUG: CAMLCodec::Decode: ret: 0, sz: 0, dts_in: 18442240474082.1797[A8750], pts_in: 18442240474082.1797[AB630], adj:0, ptsOut:6.3667, amlpts:572999, idx:190, timesize:1.0009, drain: 0
09:11:51.624 T:4116944352   DEBUG: CAMLCodec::ReleaseFrame idx:188
09:11:51.628 T:3836736416   DEBUG: CAMLCodec::Decode: ret: 2, sz: 0, dts_in: 18442240474082.1797[A8750], pts_in: 18442240474082.1797[AB630], adj:0, ptsOut:6.3667, amlpts:572999, idx:190, timesize:0.9676, drain: 0
09:11:51.629 T:3836736416   DEBUG: CAMLCodec::Decode: ret: 4, sz: 11608, dts_in: 7.7000[A9308], pts_in: 7.7000[A9308], adj:0, ptsOut:6.4000, amlpts:576000, idx:191, timesize:1.0009, drain: 0
09:11:51.639 T:3836736416   DEBUG: CAMLCodec::Decode: ret: 0, sz: 0, dts_in: 18442240474082.1797[A9308], pts_in: 18442240474082.1797[A9308], adj:0, ptsOut:6.4000, amlpts:576000, idx:191, timesize:1.0009, drain: 0
09:11:51.649 T:3836736416   DEBUG: CAMLCodec::Decode: ret: 2, sz: 0, dts_in: 18442240474082.1797[A9308], pts_in: 18442240474082.1797[A9308], adj:0, ptsOut:6.4000, amlpts:576000, idx:191, timesize:0.9676, drain: 0
09:11:51.658 T:4116944352   DEBUG: CAMLCodec::ReleaseFrame idx:189
09:11:51.659 T:3836736416   DEBUG: CAMLCodec::Decode: ret: 0, sz: 12046, dts_in: 7.7333[A9EC0], pts_in: 7.7333[A9EC0], adj:0, ptsOut:6.4000, amlpts:576000, idx:191, timesize:1.0009, drain: 0
09:11:51.660 T:3836736416   DEBUG: CAMLCodec::Decode: ret: 4, sz: 0, dts_in: 18442240474082.1797[A9EC0], pts_in: 18442240474082.1797[A9EC0], adj:0, ptsOut:6.4333, amlpts:578999, idx:192, timesize:1.0009, drain: 0
09:11:51.670 T:3836736416   DEBUG: CAMLCodec::Decode: ret: 0, sz: 0, dts_in: 18442240474082.1797[A9EC0], pts_in: 18442240474082.1797[A9EC0], adj:0, ptsOut:6.4333, amlpts:578999, idx:192, timesize:1.0009, drain: 0
09:11:51.680 T:3836736416   DEBUG: CAMLCodec::Decode: ret: 2, sz: 0, dts_in: 18442240474082.1797[A9EC0], pts_in: 18442240474082.1797[A9EC0], adj:0, ptsOut:6.4333, amlpts:578999, idx:192, timesize:0.9676, drain: 0
09:11:51.691 T:3836736416   DEBUG: CAMLCodec::Decode: ret: 0, sz: 13832, dts_in: 7.7667[AAA78], pts_in: 7.7667[AAA78], adj:0, ptsOut:6.4333, amlpts:578999, idx:192, timesize:1.0009, drain: 0
09:11:51.691 T:3836736416   DEBUG: CAMLCodec::Decode: ret: 4, sz: 0, dts_in: 18442240474082.1797[AAA78], pts_in: 18442240474082.1797[AAA78], adj:0, ptsOut:6.4667, amlpts:581999, idx:193, timesize:1.0009, drain: 0
09:11:51.691 T:4116944352   DEBUG: CAMLCodec::ReleaseFrame idx:190
09:11:51.701 T:3836736416   DEBUG: CAMLCodec::Decode: ret: 0, sz: 0, dts_in: 18442240474082.1797[AAA78], pts_in: 18442240474082.1797[AAA78], adj:0, ptsOut:6.4667, amlpts:581999, idx:193, timesize:1.0009, drain: 0
09:11:51.708 T:3664769952   DEBUG: Thread Timer start, auto delete: false
09:11:51.711 T:3836736416   DEBUG: CAMLCodec::Decode: ret: 0, sz: 0, dts_in: 18442240474082.1797[AAA78], pts_in: 18442240474082.1797[AAA78], adj:0, ptsOut:6.4667, amlpts:581999, idx:193, timesize:1.0009, drain: 0
09:11:51.720 T:4116944352   DEBUG: CAMLCodec::ReleaseFrame idx:191
09:11:51.722 T:3836736416   DEBUG: CAMLCodec::Decode: ret: 2, sz: 0, dts_in: 18442240474082.1797[AAA78], pts_in: 18442240474082.1797[AAA78], adj:0, ptsOut:6.4667, amlpts:581999, idx:193, timesize:0.9676, drain: 0
09:11:51.730 T:3861902240   DEBUG: VPN Mgr : Requested update to service process via settings monitor
09:11:51.732 T:3836736416   DEBUG: CAMLCodec::Decode: ret: 0, sz: 22774, dts_in: 7.8000[AB630], pts_in: 7.9333[AE510], adj:0, ptsOut:6.4667, amlpts:581999, idx:193, timesize:1.0009, drain: 0
09:11:51.732 T:3836736416   DEBUG: CAMLCodec::Decode: ret: 4, sz: 0, dts_in: 18442240474082.1797[AB630], pts_in: 18442240474082.1797[AE510], adj:0, ptsOut:6.5000, amlpts:585000, idx:194, timesize:1.0009, drain: 0
09:11:51.740 T:3861902240   DEBUG: VPN Mgr : Update service requested KodiMonitor
09:11:51.743 T:3836736416   DEBUG: CAMLCodec::Decode: ret: 0, sz: 0, dts_in: 18442240474082.1797[AB630], pts_in: 18442240474082.1797[AE510], adj:0, ptsOut:6.5000, amlpts:585000, idx:194, timesize:1.0009, drain: 0
09:11:51.743 T:3836736416   DEBUG: CAMLCodec::Decode: ret: 6, sz: 0, dts_in: 18442240474082.1797[AB630], pts_in: 18442240474082.1797[AE510], adj:0, ptsOut:6.5333, amlpts:587999, idx:195, timesize:0.9676, drain: 0
09:11:51.758 T:4116944352   DEBUG: CAMLCodec::ReleaseFrame idx:192
