09:11:44.364 T:3809473440    INFO: PVRChannelGroupInternal - AddAndUpdateChannels - updated TV channel 'SkySports'
09:11:44.364 T:3809473440    INFO: PVRChannelGroupInternal - AddAndUpdateChannels - updated TV channel 'mplex'
09:11:44.364 T:3809473440    INFO: PVRChannelGroupInternal - AddAndUpdateChannels - updated TV channel 'FTV'
09:11:44.364 T:3809473440    INFO: PVRChannelGroupInternal - AddAndUpdateChannels - updated TV channel 'Mnet'
09:11:44.364 T:3809473440    INFO: PVRChannelGroupInternal - AddAndUpdateChannels - updated TV channel 'SkySports'
09:11:44.364 T:3809473440    INFO: PVRChannelGroupInternal - AddAndUpdateChannels - updated TV channel 'OGN'
09:11:44.364 T:3809473440    INFO: PVRChannelGroupInternal - AddAndUpdateChannels - updated TV channel 'tvN'
09:11:44.364 T:3809473440    INFO: PVRChannelGroupInternal - AddAndUpdateChannels - updated TV channel 'MBC Dramanet'
09:11:44.364 T:3809473440    INFO: PVRChannelGroupInternal - AddAndUpdateChannels - updated TV channel 'FOX'
09:11:44.364 T:3809473440    INFO: PVRChannelGroupInternal - AddAndUpdateChannels - updated TV channel 'KBS JOY'
09:11:44.364 T:3809473440    INFO: PVRChannelGroupInternal - AddAndUpdateChannels - updated TV channel 'tvN'
09:11:44.364 T:3809473440    INFO: PVRChannelGroupInternal - AddAndUpdateChannels - updated TV channel 'KBS2'
09:11:44.364 T:3809473440    INFO: PVRChannelGroupInternal - AddAndUpdateChannels - updated TV channel 'JTBC Golf'
09:11:44.364 T:3809473440    INFO: PVRChannelGroupInternal - AddAndUpdateChannels - updated TV channel '온스타일'
09:11:44.364 T:3809473440    INFO: PVRChannelGroupInternal - AddAndUpdateChannels - updated TV channel 'SBS Sports'
09:11:44.364 T:3809473440    INFO: PVRChannelGroupInternal - AddAndUpdateChannels - updated TV channel 'SBS GOLF'
09:11:44.364 T:3809473440    INFO: PVRChannelGroupInternal - AddAndUpdateChannels - updated TV channel '채널CGV'
09:11:44.364 T:3809473440    INFO: PVRChannelGroupInternal - AddAndUpdateChannels - updated TV channel 'YTN'
09:11:44.364 T:3809473440    INFO: PVRChannelGroupInternal - AddAndUpdateChannels - updated TV channel 'KBS DRAMA'
09:11:44.365 T:3809473440    INFO: PVRChannelGroupInternal - AddAndUpdateChannels - updated TV channel 'SBS Sports'
09:11:44.365 T:3809473440    INFO: PVRChannelGroupInternal - AddAndUpdateChannels - updated TV channel 'XtvN'
09:11:44.365 T:3809473440    INFO: PVRChannelGroupInternal - AddAndUpdateChannels - updated TV channel 'MBC Every1'
09:11:44.365 T:3809473440    INFO: PVRChannelGroupInternal - AddAndUpdateChannels - updated TV channel 'TV조선'
09:11:44.365 T:3809473440    INFO: PVRChannelGroupInternal - AddAndUpdateChannels - updated TV channel 'SPOTV+'
09:11:44.365 T:3809473440    INFO: PVRChannelGroupInternal - AddAndUpdateChannels - updated TV channel 'FOX'
09:11:44.365 T:3809473440    INFO: PVRChannelGroupInternal - AddAndUpdateChannels - updated TV channel 'SBS GOLF'
09:11:44.365 T:3809473440    INFO: PVRChannelGroupInternal - AddAndUpdateChannels - updated TV channel 'MBC Dramanet'
09:11:44.365 T:3809473440    INFO: PVRChannelGroupInternal - AddAndUpdateChannels - updated TV channel 'FTV'
09:11:44.365 T:3809473440    INFO: PVRChannelGroupInternal - AddAndUpdateChannels - updated TV channel 'JTBC Golf'
09:11:44.365 T:3809473440    INFO: PVRChannelGroupInternal - AddAndUpdateChannels - updated TV channel '스크린'
09:11:44.365 T:3809473440    INFO: PVRChannelGroupInternal - AddAndUpdateChannels - updated TV channel 'MBC SPORTS+'
09:11:44.365 T:3809473440    INFO: PVRChannelGroupInternal - AddAndUpdateChannels - updated TV channel '슈퍼액션'
09:11:44.365 T:3809473440    INFO: PVRChannelGroupInternal - AddAndUpdateChannels - updated TV channel 'SBS'
09:11:44.365 T:3809473440    INFO: PVRChannelGroupInternal - AddAndUpdateChannels - updated TV channel 'Disney Channel'
09:11:44.365 T:3809473440    INFO: PVRChannelGroupInternal - AddAndUpdateChannels - updated TV channel 'mplex'
09:11:44.365 T:3809473440    INFO: PVRChannelGroupInternal - AddAndUpdateChannels - updated TV channel 'EBS'
09:11:44.365 T:3809473440    INFO: PVRChannelGroupInternal - AddAndUpdateChannels - updated TV channel 'SBS'
09:11:44.365 T:3809473440    INFO: PVRChannelGroupInternal - AddAndUpdateChannels - updated TV channel 'History'
09:11:44.365 T:3809473440    INFO: PVRChannelGroupInternal - AddAndUpdateChannels - updated TV channel 'SPOTV Games'
09:11:44.365 T:3809473440    INFO: PVRChannelGroupInternal - AddAndUpdateChannels - updated TV channel 'SBS Plus'
09:11:44.365 T:3809473440    INFO: PVRChannelGroupInternal - AddAndUpdateChannels - updated TV channel 'FTV'
09:11:44.366 T:3809473440    INFO: PVRChannelGroupInternal - AddAndUpdateChannels - updated TV channel '마운틴TV'
09:11:44.366 T:3809473440    INFO: PVRChannelGroupInternal - AddAndUpdateChannels - updated TV channel 'SBS Plus'
09:11:44.366 T:3809473440    INFO: PVRChannelGroupInternal - AddAndUpdateChannels - updated TV channel 'NGC'
09:11:44.366 T:3809473440    INFO: PVRChannelGroupInternal - AddAndUpdateChannels - updated TV channel 'JTBC'
09:11:44.366 T:3809473440    INFO: PVRChannelGroupInternal - AddAndUpdateChannels - updated TV channel 'SPOTV+'
09:11:44.366 T:3809473440    INFO: PVRChannelGroupInternal - AddAndUpdateChannels - updated TV channel 'EBS'
09:11:44.366 T:3809473440    INFO: PVRChannelGroupInternal - AddAndUpdateChannels - updated TV channel 'KBS1'
09:11:44.366 T:3809473440    INFO: PVRChannelGroupInternal - AddAndUpdateChannels - updated TV channel 'SBS Sports'
09:11:44.366 T:3809473440    INFO: PVRChannelGroupInternal - AddAndUpdateChannels - updated TV channel 'SBS funE'
09:11:44.366 T:3809473440    INFO: PVRChannelGroupInternal - AddAndUpdateChannels - updated TV channel 'SPOTV+'
09:11:44.366 T:3809473440    INFO: PVRChannelGroupInternal - AddAndUpdateChannels - updated TV channel 'tvN'
09:11:44.366 T:3809473440    INFO: PVRChannelGroupInternal - AddAndUpdateChannels - updated TV channel 'KBS1'
09:11:44.366 T:3809473440    INFO: PVRChannelGroupInternal - AddAndUpdateChannels - updated TV channel 'MBN'
09:11:44.366 T:3809473440    INFO: PVRChannelGroupInternal - AddAndUpdateChannels - updated TV channel 'AXN'
09:11:44.366 T:3809473440    INFO: PVRChannelGroupInternal - AddAndUpdateChannels - updated TV channel '온스타일'
09:11:44.366 T:3809473440    INFO: PVRChannelGroupInternal - AddAndUpdateChannels - updated TV channel 'KBS2'
09:11:44.366 T:3809473440    INFO: PVRChannelGroupInternal - AddAndUpdateChannels - updated TV channel 'AXN'
09:11:44.366 T:3809473440    INFO: PVRChannelGroupInternal - AddAndUpdateChannels - updated TV channel 'SBS funE'
09:11:44.366 T:3809473440    INFO: PVRChannelGroupInternal - AddAndUpdateChannels - updated TV channel 'Tooniverse'
09:11:44.366 T:3809473440    INFO: PVRChannelGroupInternal - AddAndUpdateChannels - updated TV channel 'EBS2'
09:11:44.366 T:3809473440    INFO: PVRChannelGroupInternal - AddAndUpdateChannels - updated TV channel 'Mnet'
09:11:44.366 T:3809473440    INFO: PVRChannelGroupInternal - AddAndUpdateChannels - updated TV channel 'JTBC'
09:11:44.366 T:3809473440    INFO: PVRChannelGroupInternal - AddAndUpdateChannels - updated TV channel 'JTBC2'
09:11:44.367 T:3809473440    INFO: PVRChannelGroupInternal - AddAndUpdateChannels - updated TV channel 'JTBC Golf'
09:11:44.367 T:3809473440    INFO: PVRChannelGroupInternal - AddAndUpdateChannels - updated TV channel 'SBS funE'
09:11:44.367 T:3809473440    INFO: PVRChannelGroupInternal - AddAndUpdateChannels - updated TV channel 'KBS N Sports'
09:11:44.367 T:3809473440    INFO: PVRChannelGroupInternal - AddAndUpdateChannels - updated TV channel 'SkySports'
09:11:44.367 T:3809473440    INFO: PVRChannelGroupInternal - AddAndUpdateChannels - updated TV channel 'SPOTV2'
09:11:44.367 T:3809473440    INFO: PVRChannelGroupInternal - AddAndUpdateChannels - updated TV channel '채널A'
09:11:44.367 T:3809473440    INFO: PVRChannelGroupInternal - AddAndUpdateChannels - updated TV channel '온스타일'
09:11:44.367 T:3809473440    INFO: PVRChannelGroupInternal - AddAndUpdateChannels - updated TV channel 'SPOTV2'
09:11:44.367 T:3809473440    INFO: PVRChannelGroupInternal - AddAndUpdateChannels - updated TV channel '스크린'
09:11:44.367 T:3809473440    INFO: PVRChannelGroupInternal - AddAndUpdateChannels - updated TV channel 'JTBC3'
09:11:44.367 T:3809473440    INFO: PVRChannelGroupInternal - AddAndUpdateChannels - updated TV channel 'EBS'
09:11:44.367 T:3809473440    INFO: PVRChannelGroupInternal - AddAndUpdateChannels - updated TV channel 'MBN'
09:11:44.367 T:3809473440    INFO: PVRChannelGroupInternal - AddAndUpdateChannels - updated TV channel 'OCN'
09:11:44.367 T:3809473440    INFO: PVRChannelGroupInternal - AddAndUpdateChannels - updated TV channel 'XtvN'
09:11:44.367 T:3809473440    INFO: PVRChannelGroupInternal - AddAndUpdateChannels - updated TV channel 'MBC Every1'
09:11:44.367 T:3809473440    INFO: PVRChannelGroupInternal - AddAndUpdateChannels - updated TV channel 'Disney Channel'
09:11:44.367 T:3809473440    INFO: PVRChannelGroupInternal - AddAndUpdateChannels - updated TV channel 'XtvN'
09:11:44.367 T:3809473440    INFO: PVRChannelGroupInternal - AddAndUpdateChannels - updated TV channel 'TV조선'
09:11:44.367 T:3809473440    INFO: PVRChannelGroupInternal - AddAndUpdateChannels - updated TV channel '마운틴TV'
09:11:44.367 T:3809473440    INFO: PVRChannelGroupInternal - AddAndUpdateChannels - updated TV channel '바둑TV'
09:11:44.367 T:3809473440    INFO: PVRChannelGroupInternal - AddAndUpdateChannels - updated TV channel 'KBS DRAMA'
09:11:44.368 T:3809473440    INFO: PVRChannelGroupInternal - AddAndUpdateChannels - updated TV channel '채널A'
09:11:44.368 T:3809473440    INFO: PVRChannelGroupInternal - AddAndUpdateChannels - updated TV channel 'OCN'
09:11:44.368 T:3809473440    INFO: PVRChannelGroupInternal - AddAndUpdateChannels - updated TV channel 'JTBC2'
09:11:44.368 T:3809473440    INFO: PVRChannelGroupInternal - AddAndUpdateChannels - updated TV channel 'OGN'
09:11:44.368 T:3809473440    INFO: PVRChannelGroupInternal - AddAndUpdateChannels - updated TV channel '연합뉴스TV'
09:11:44.368 T:3809473440    INFO: PVRChannelGroupInternal - AddAndUpdateChannels - updated TV channel '슈퍼액션'
09:11:44.368 T:3809473440    INFO: PVRChannelGroupInternal - AddAndUpdateChannels - updated TV channel '올리브'
09:11:44.368 T:3809473440    INFO: PVRChannelGroupInternal - AddAndUpdateChannels - updated TV channel 'MBC SPORTS+'
09:11:44.368 T:3809473440    INFO: PVRChannelGroupInternal - AddAndUpdateChannels - updated TV channel 'SkyTravel'
09:11:44.368 T:3809473440    INFO: PVRChannelGroupInternal - AddAndUpdateChannels - updated TV channel '연합뉴스TV'
09:11:44.368 T:3809473440    INFO: PVRChannelGroupInternal - AddAndUpdateChannels - updated TV channel '스크린'
09:11:44.368 T:3809473440    INFO: PVRChannelGroupInternal - AddAndUpdateChannels - updated TV channel 'Tooniverse'
09:11:44.368 T:3809473440    INFO: PVRChannelGroupInternal - AddAndUpdateChannels - updated TV channel '연합뉴스TV'
09:11:44.368 T:3809473440    INFO: PVRChannelGroupInternal - AddAndUpdateChannels - updated TV channel 'YTN'
09:11:44.368 T:3809473440    INFO: PVRChannelGroupInternal - AddAndUpdateChannels - updated TV channel '디즈니주니어'
09:11:44.368 T:3809473440    INFO: PVRChannelGroupInternal - AddAndUpdateChannels - updated TV channel '온스타일'
09:11:44.368 T:3809473440    INFO: PVRChannelGroupInternal - AddAndUpdateChannels - updated TV channel 'EBS'
09:11:44.368 T:3809473440    INFO: PVRChannelGroupInternal - AddAndUpdateChannels - updated TV channel 'MBC Dramanet'
09:11:44.368 T:3809473440    INFO: PVRChannelGroupInternal - AddAndUpdateChannels - updated TV channel 'JTBC3'
09:11:44.368 T:3809473440    INFO: PVRChannelGroupInternal - AddAndUpdateChannels - updated TV channel '디스커버리채널'
09:11:44.368 T:3809473440    INFO: PVRChannelGroupInternal - AddAndUpdateChannels - updated TV channel '디즈니주니어'
09:11:44.368 T:3809473440    INFO: PVRChannelGroupInternal - AddAndUpdateChannels - updated TV channel 'Mnet'
09:11:44.368 T:3809473440    INFO: PVRChannelGroupInternal - AddAndUpdateChannels - updated TV channel 'MBC Every1'
09:11:44.369 T:3809473440    INFO: Previous line repeats 1 times.
09:11:44.369 T:3809473440    INFO: PVRChannelGroupInternal - AddAndUpdateChannels - updated TV channel 'JTBC'
09:11:44.369 T:3809473440    INFO: PVRChannelGroupInternal - AddAndUpdateChannels - updated TV channel 'TV조선'
09:11:44.369 T:3809473440    INFO: PVRChannelGroupInternal - AddAndUpdateChannels - updated TV channel 'KBS1'
09:11:44.369 T:3809473440    INFO: PVRChannelGroupInternal - AddAndUpdateChannels - updated TV channel '채널CGV'
09:11:44.369 T:3809473440    INFO: PVRChannelGroupInternal - AddAndUpdateChannels - updated TV channel 'O tvN'
09:11:44.369 T:3809473440    INFO: PVRChannelGroupInternal - AddAndUpdateChannels - updated TV channel 'SBS'
09:11:44.369 T:3809473440    INFO: PVRChannelGroupInternal - AddAndUpdateChannels - updated TV channel 'KBS JOY'
09:11:44.369 T:3809473440    INFO: PVRChannelGroupInternal - AddAndUpdateChannels - updated TV channel '올리브'
09:11:44.372 T:3809473440    INFO: PVRChannelGroupInternal - AddAndUpdateChannels - updated TV channel 'XtvN'
09:11:44.372 T:3809473440    INFO: PVRChannelGroupInternal - AddAndUpdateChannels - updated TV channel '마운틴TV'
09:11:44.372 T:3809473440    INFO: PVRChannelGroupInternal - AddAndUpdateChannels - updated TV channel 'KBS N Sports'
09:11:44.372 T:3809473440    INFO: PVRChannelGroupInternal - AddAndUpdateChannels - updated TV channel 'SPOTV Games'
09:11:44.372 T:3809473440    INFO: PVRChannelGroupInternal - AddAndUpdateChannels - updated TV channel 'JEI 재능TV'
09:11:44.372 T:3809473440    INFO: PVRChannelGroupInternal - AddAndUpdateChannels - updated TV channel 'OCN'
09:11:44.372 T:3809473440    INFO: PVRChannelGroupInternal - AddAndUpdateChannels - updated TV channel '슈퍼액션'
09:11:44.372 T:3809473440    INFO: PVRChannelGroupInternal - AddAndUpdateChannels - updated TV channel 'XtvN'
09:11:44.372 T:3809473440    INFO: PVRChannelGroupInternal - AddAndUpdateChannels - updated TV channel 'SBS'
09:11:44.372 T:3809473440    INFO: PVRChannelGroupInternal - AddAndUpdateChannels - updated TV channel 'Tooniverse'
09:11:44.372 T:3809473440    INFO: PVRChannelGroupInternal - AddAndUpdateChannels - updated TV channel 'FTV'
09:11:44.372 T:3809473440    INFO: PVRChannelGroupInternal - AddAndUpdateChannels - updated TV channel 'SPOTV+'
09:11:44.372 T:3809473440    INFO: PVRChannelGroupInternal - AddAndUpdateChannels - updated TV channel 'tvN'
09:11:44.372 T:3809473440    INFO: PVRChannelGroupInternal - AddAndUpdateChannels - updated TV channel 'MBC'
09:11:44.372 T:3809473440    INFO: PVRChannelGroupInternal - AddAndUpdateChannels - updated TV channel 'JEI 재능TV'
09:11:44.372 T:3809473440    INFO: PVRChannelGroupInternal - AddAndUpdateChannels - updated TV channel 'SPOTV+'
09:11:44.372 T:3809473440    INFO: PVRChannelGroupInternal - AddAndUpdateChannels - updated TV channel 'JTBC3'
09:11:44.372 T:3809473440    INFO: PVRChannelGroupInternal - AddAndUpdateChannels - updated TV channel 'FISHING TV'
09:11:44.372 T:3809473440    INFO: PVRChannelGroupInternal - AddAndUpdateChannels - updated TV channel 'FOX'
09:11:44.372 T:3809473440    INFO: PVRChannelGroupInternal - AddAndUpdateChannels - updated TV channel 'SBS GOLF'
09:11:44.372 T:3809473440    INFO: PVRChannelGroupInternal - AddAndUpdateChannels - updated TV channel '채널CGV'
09:11:44.372 T:3809473440    INFO: PVRChannelGroupInternal - AddAndUpdateChannels - updated TV channel 'JTBC'
09:11:44.373 T:3809473440    INFO: PVRChannelGroupInternal - AddAndUpdateChannels - updated TV channel 'SPOTV Games'
09:11:44.373 T:3809473440    INFO: PVRChannelGroupInternal - AddAndUpdateChannels - updated TV channel 'JTBC3'
09:11:44.373 T:3809473440    INFO: PVRChannelGroupInternal - AddAndUpdateChannels - updated TV channel 'SBS funE'
09:11:44.373 T:3809473440    INFO: PVRChannelGroupInternal - AddAndUpdateChannels - updated TV channel 'SPOTV'
09:11:44.373 T:3809473440    INFO: PVRChannelGroupInternal - AddAndUpdateChannels - updated TV channel '슈퍼액션'
09:11:44.373 T:3809473440    INFO: PVRChannelGroupInternal - AddAndUpdateChannels - updated TV channel '올리브'
09:11:44.373 T:3809473440    INFO: PVRChannelGroupInternal - AddAndUpdateChannels - updated TV channel 'SBS Plus'
09:11:44.373 T:3809473440    INFO: PVRChannelGroupInternal - AddAndUpdateChannels - updated TV channel 'MBC'
09:11:44.373 T:3809473440    INFO: PVRChannelGroupInternal - AddAndUpdateChannels - updated TV channel 'SBS Sports'
09:11:44.373 T:3809473440    INFO: PVRChannelGroupInternal - AddAndUpdateChannels - updated TV channel 'AXN'
09:11:44.373 T:3809473440    INFO: PVRChannelGroupInternal - AddAndUpdateChannels - updated TV channel 'JTBC Golf'
09:11:44.373 T:3809473440    INFO: PVRChannelGroupInternal - AddAndUpdateChannels - updated TV channel 'MBN'
09:11:44.373 T:3809473440    INFO: PVRChannelGroupInternal - AddAndUpdateChannels - updated TV channel 'O tvN'
09:11:44.373 T:3809473440    INFO: PVRChannelGroupInternal - AddAndUpdateChannels - updated TV channel '디즈니주니어'
09:11:44.373 T:3809473440    INFO: PVRChannelGroupInternal - AddAndUpdateChannels - updated TV channel 'NGC'
09:11:44.373 T:3809473440    INFO: Previous line repeats 1 times.
09:11:44.373 T:3809473440    INFO: PVRChannelGroupInternal - AddAndUpdateChannels - updated TV channel 'SPOTV Games'
09:11:44.373 T:3809473440    INFO: PVRChannelGroupInternal - AddAndUpdateChannels - updated TV channel 'EBS2'
09:11:44.373 T:3809473440    INFO: PVRChannelGroupInternal - AddAndUpdateChannels - updated TV channel 'AXN'
09:11:44.373 T:3809473440    INFO: PVRChannelGroupInternal - AddAndUpdateChannels - updated TV channel 'SBS GOLF'
09:11:44.373 T:3809473440    INFO: PVRChannelGroupInternal - AddAndUpdateChannels - updated TV channel 'SPOTV2'
09:11:44.373 T:3809473440    INFO: PVRChannelGroupInternal - AddAndUpdateChannels - updated TV channel 'mplex'
09:11:44.373 T:3809473440    INFO: PVRChannelGroupInternal - AddAndUpdateChannels - updated TV channel 'OCN'
09:11:44.374 T:3809473440    INFO: PVRChannelGroupInternal - AddAndUpdateChannels - updated TV channel 'MBC'
09:11:44.374 T:3809473440    INFO: PVRChannelGroupInternal - AddAndUpdateChannels - updated TV channel 'SBS funE'
09:11:44.374 T:3809473440    INFO: PVRChannelGroupInternal - AddAndUpdateChannels - updated TV channel 'JTBC2'
09:11:44.374 T:3809473440    INFO: PVRChannelGroupInternal - AddAndUpdateChannels - updated TV channel 'SPOTV2'
09:11:44.374 T:3809473440    INFO: PVRChannelGroupInternal - AddAndUpdateChannels - updated TV channel 'OGN'
09:11:44.374 T:3809473440    INFO: PVRChannelGroupInternal - AddAndUpdateChannels - updated TV channel 'SkyTravel'
09:11:44.374 T:3809473440    INFO: PVRChannelGroupInternal - AddAndUpdateChannels - updated TV channel 'SPOTV'
09:11:44.374 T:3809473440    INFO: PVRChannelGroupInternal - AddAndUpdateChannels - updated TV channel 'Disney Channel'
09:11:44.374 T:3809473440    INFO: PVRChannelGroupInternal - AddAndUpdateChannels - updated TV channel '채널CGV'
09:11:44.374 T:3809473440    INFO: PVRChannelGroupInternal - AddAndUpdateChannels - updated TV channel 'MBC SPORTS+'
09:11:44.374 T:3809473440    INFO: PVRChannelGroupInternal - AddAndUpdateChannels - updated TV channel 'FOX'
09:11:44.374 T:3809473440    INFO: PVRChannelGroupInternal - AddAndUpdateChannels - updated TV channel 'SkySports'
09:11:44.374 T:3809473440    INFO: PVRChannelGroupInternal - AddAndUpdateChannels - updated TV channel 'EBS2'
09:11:44.374 T:3809473440    INFO: PVRChannelGroupInternal - AddAndUpdateChannels - updated TV channel '연합뉴스TV'
09:11:44.374 T:3809473440    INFO: PVRChannelGroupInternal - AddAndUpdateChannels - updated TV channel 'TV조선'
09:11:44.374 T:3809473440    INFO: PVRChannelGroupInternal - AddAndUpdateChannels - updated TV channel 'Disney Channel'
09:11:44.374 T:3809473440    INFO: PVRChannelGroupInternal - AddAndUpdateChannels - updated TV channel 'MBC SPORTS+'
09:11:44.374 T:3809473440    INFO: PVRChannelGroupInternal - AddAndUpdateChannels - updated TV channel 'KBS JOY'
09:11:44.374 T:3809473440    INFO: PVRChannelGroupInternal - AddAndUpdateChannels - updated TV channel '올리브'
09:11:44.374 T:3809473440    INFO: PVRChannelGroupInternal - AddAndUpdateChannels - updated TV channel 'JTBC2'
09:11:44.374 T:3809473440    INFO: PVRChannelGroupInternal - AddAndUpdateChannels - updated TV channel 'MBC'
09:11:44.376 T:3692032928   DEBUG: Thread FileCache 3692032928 terminating
09:11:44.377 T:3897549728   DEBUG: CFileCache::Open - opening <OpenELEQ/repository.q/master/isengard/addons.xml.md5> using cache
09:11:44.377 T:3897549728   DEBUG: CurlFile::Open(0xdc5308d0) https://raw.githubusercontent.com/OpenELEQ/repository.q/master/isengard/addons.xml.md5
09:11:44.389 T:3809473440   DEBUG: CSettingsManager: requested setting (filelists.showhidden) was not found.
09:11:44.400 T:3692032928   DEBUG: Thread FileCache start, auto delete: false
09:11:44.400 T:3692032928    INFO: CFileCache::Process - Source read didn't return any data! Hit eof(?)
09:11:44.409 T:3542307744   DEBUG: Thread FileCache start, auto delete: false
09:11:44.409 T:3542307744    INFO: CFileCache::Process - Source read didn't return any data! Hit eof(?)
09:11:44.450 T:3692032928   DEBUG: Thread FileCache 3692032928 terminating
09:11:44.450 T:3897549728   DEBUG: CFileCache::Open - opening <OpenELEQ/repository.q/master/jarvis/addons.xml.md5> using cache
09:11:44.451 T:3897549728   DEBUG: CurlFile::Open(0xdc527a30) https://raw.githubusercontent.com/OpenELEQ/repository.q/master/jarvis/addons.xml.md5
09:11:44.459 T:3542307744   DEBUG: Thread FileCache 3542307744 terminating
09:11:44.465 T:4029670304   DEBUG: CRepositoryUpdateJob[repository.libreelec.tv] checksum not changed.
09:11:44.465 T:4029670304   DEBUG: CRepositoryUpdateJob[repository.xbmchub] checking for updates.
09:11:44.467 T:4116944352    INFO: Found input device /dev/input/event0
09:11:44.468 T:4116944352    INFO: opened device 'aml_keypad' (file name /dev/input/event0), m_bSkipNonKeyEvents 0
09:11:44.468 T:3542307744   DEBUG: Thread FileCache start, auto delete: false
09:11:44.468 T:3542307744    INFO: CFileCache::Process - Source read didn't return any data! Hit eof(?)
09:11:44.471 T:4029670304   DEBUG: CFileCache::Open - opening <tvaddonsco/tva-resolvers-repo/raw/master/addons.xml.md5> using cache
09:11:44.471 T:4029670304   DEBUG: CurlFile::Open(0xe31e1758) https://github.com/tvaddonsco/tva-resolvers-repo/raw/master/addons.xml.md5
09:11:44.472 T:4029670304    INFO: easy_aquire - Created session to https://github.com
09:11:44.518 T:3542307744   DEBUG: Thread FileCache 3542307744 terminating
09:11:44.519 T:3897549728   DEBUG: CFileCache::Open - opening <OpenELEQ/repository.q/master/krypton/addons.xml.md5> using cache
09:11:44.519 T:3897549728   DEBUG: CurlFile::Open(0xe32986a8) https://raw.githubusercontent.com/OpenELEQ/repository.q/master/krypton/addons.xml.md5
09:11:44.537 T:3542307744   DEBUG: Thread FileCache start, auto delete: false
09:11:44.537 T:3542307744    INFO: CFileCache::Process - Source read didn't return any data! Hit eof(?)
09:11:44.587 T:3542307744   DEBUG: Thread FileCache 3542307744 terminating
09:11:44.594 T:3897549728   DEBUG: CRepositoryUpdateJob[repository.q] checksum not changed.
09:11:44.594 T:3897549728   DEBUG: CRepositoryUpdateJob[repository.spoyser] checking for updates.
09:11:44.598 T:3897549728   DEBUG: CFileCache::Open - opening <spoyser/spoyser-repo/master/addons.xml.md5> using cache
09:11:44.598 T:3897549728   DEBUG: CurlFile::Open(0xe3297b90) https://raw.github.com/spoyser/spoyser-repo/master/addons.xml.md5
09:11:44.599 T:3897549728    INFO: easy_aquire - Created session to https://raw.github.com
09:11:44.647 T:3828347808   DEBUG: CPythonInvoker(11, /storage/.kodi/addons/script.updateShortCut/default.py): instantiating addon using automatically obtained id of "script.updateShortCut" dependent on version 2.19.0 of the xbmc.python api
09:11:44.727 T:4116944352    INFO: Found input device /dev/input/event2
09:11:44.728 T:4116944352    INFO: opened device 'cec_input' (file name /dev/input/event2), m_bSkipNonKeyEvents 0
09:11:44.751 T:3522479008   DEBUG: Thread FileCache start, auto delete: false
09:11:44.752 T:3522479008    INFO: CFileCache::Process - Source read didn't return any data! Hit eof(?)
09:11:44.802 T:3522479008   DEBUG: Thread FileCache 3522479008 terminating
09:11:44.802 T:3819959200   DEBUG: CurlFile::Open(0xe3afeb08) http://mirrors.kodi.tv/addons/krypton/addons.xml.gz
09:11:44.938 T:4116944352    INFO: Found input device /dev/input/event3
09:11:44.938 T:4116944352    INFO: opened device 'AirMouse' (file name /dev/input/event3), m_bSkipNonKeyEvents 0
09:11:44.964 T:3836736416 WARNING: CRenderManager::Configure - timeout waiting for configure
09:11:44.964 T:3836736416   ERROR: OutputPicture - failed to configure renderer
09:11:44.964 T:3836736416   DEBUG: CAMLCodec::Decode: ret: 2, sz: 0, dts_in: 18442240474082.1797[153D8], pts_in: 18442240474082.1797[153D8], adj:0, ptsOut:0.0333, amlpts:2999, idx:0, timesize:0.4671, drain: 0
09:11:44.969 T:3785356192   DEBUG: CVideoPlayer::HandleMessages - player started 2
09:11:44.969 T:3785356192   DEBUG: CVideoPlayer::SetCaching - caching state 3
09:11:44.969 T:3785356192   DEBUG: CDVDClock::SetSpeedAdjust - adjusted:0.000000
09:11:44.969 T:3785356192   DEBUG: CVideoPlayer::SetCaching - caching state 0
09:11:44.969 T:3785356192   DEBUG: CDVDClock::SetSpeedAdjust - adjusted:0.000000
09:11:44.969 T:3785356192   DEBUG: VideoPlayer::Sync - Audio - pts: 85333.000000, cache: 445994.093033, totalcache: 741333.305836
09:11:44.969 T:3785356192   DEBUG: VideoPlayer::Sync - Video - pts: 33322.222222, cache: 50000.000000, totalcache: 100000.000000
09:11:44.969 T:3836736416   DEBUG: CVideoPlayerVideo - CDVDMsg::GENERAL_RESYNC(-360661.093033)
09:11:44.969 T:3836736416   DEBUG: CVideoPlayerVideo::CalcDropRequirement - hurry: 0
09:11:44.969 T:3836736416   DEBUG: CAMLCodec::Decode: ret: 2, sz: 1590, dts_in: 1.0000[15F90], pts_in: 1.0000[15F90], adj:0, ptsOut:0.0333, amlpts:2999, idx:0, timesize:0.4671, drain: 0
09:11:44.969 T:3836736416   DEBUG: CVideoPlayerVideo::CalcDropRequirement - hurry: 0
09:11:44.969 T:3836736416   DEBUG: CAMLCodec::Decode: ret: 6, sz: 342, dts_in: 1.0333[16B48], pts_in: 1.0333[16B48], adj:0, ptsOut:0.0667, amlpts:5999, idx:1, timesize:0.5005, drain: 0
09:11:44.969 T:3793744800   DEBUG: CVideoPlayerAudio - CDVDMsg::GENERAL_RESYNC(-360661.093033)
09:11:44.970 T:3793744800   DEBUG: CDVDAudio::Resume - resume audio stream
09:11:44.970 T:4093731744   DEBUG: ActiveAE - start sync of audio stream
09:11:45.116 T:4093731744   DEBUG: ActiveAE::SyncStream - average error of 14.373718, start adjusting
09:11:45.116 T:4093731744   DEBUG: ActiveAE::SyncStream - average error 0.373718 below threshold of 30.000000
09:11:45.167 T:4116944352    INFO: Found input device /dev/input/event4
09:11:45.168 T:4116944352    INFO: opened device 'AirMouse' (file name /dev/input/event4), m_bSkipNonKeyEvents 0
09:11:45.168 T:3542307744   DEBUG: Thread CLinuxInputDevicesCheckHotplugged start, auto delete: false
09:11:45.352 T:4116944352   DEBUG: ------ Window Init (Custom_Rss.xml) ------
09:11:45.352 T:4116944352    INFO: Loading skin file: Custom_Rss.xml, load type: KEEP_IN_MEMORY
09:11:45.353 T:4029670304   DEBUG: CCurlFile::Open - effective URL: <https://raw.githubusercontent.com/tvaddonsco/tva-resolvers-repo/master/addons.xml.md5>
09:11:45.354 T:3530867616   DEBUG: Thread FileCache start, auto delete: false
09:11:45.354 T:3530867616    INFO: CFileCache::Process - Source read didn't return any data! Hit eof(?)
09:11:45.355 T:4030530464   DEBUG: Thread RSSReader start, auto delete: false
09:11:45.355 T:4116944352   DEBUG: DeleteRenderer - deleting renderer
09:11:45.355 T:4116944352   DEBUG: LinuxRendererGL: Cleaning up GL resources
09:11:45.355 T:4116944352   DEBUG: CRenderManager::Configure - 4
09:11:45.356 T:4030530464   DEBUG: CurlFile::Open(0xf03cfc68) http://172.104.51.248/BadJin/RSS/LilacTV_news.xml
09:11:45.356 T:3836736416   DEBUG: CVideoPlayerVideo::CalcDropRequirement - hurry: 1
09:11:45.356 T:3836736416   DEBUG: CAMLCodec::Decode: ret: 6, sz: 654, dts_in: 1.0667[17700], pts_in: 1.2000[1A5E0], adj:0, ptsOut:0.1000, amlpts:9000, idx:2, timesize:0.5338, drain: 0
09:11:45.356 T:3836736416   DEBUG: CAMLCodec::Decode: ret: 6, sz: 313, dts_in: 1.1000[182B8], pts_in: 1.1000[182B8], adj:0, ptsOut:0.1333, amlpts:11999, idx:3, timesize:0.5672, drain: 0
09:11:45.356 T:4030530464    INFO: easy_aquire - Created session to http://172.104.51.248
09:11:45.356 T:3836736416   DEBUG: CAMLCodec::Decode: ret: 6, sz: 316, dts_in: 1.1333[18E70], pts_in: 1.1333[18E70], adj:0, ptsOut:0.1667, amlpts:14999, idx:4, timesize:0.6006, drain: 0
09:11:45.366 T:3836736416   DEBUG: CAMLCodec::Decode: ret: 2, sz: 314, dts_in: 1.1667[19A28], pts_in: 1.1667[19A28], adj:0, ptsOut:0.1667, amlpts:14999, idx:4, timesize:0.6339, drain: 0
09:11:45.377 T:3836736416   DEBUG: CAMLCodec::Decode: ret: 2, sz: 474, dts_in: 1.2000[1A5E0], pts_in: 1.3333[1D4C0], adj:0, ptsOut:0.1667, amlpts:14999, idx:4, timesize:0.6673, drain: 0
09:11:45.387 T:3836736416   DEBUG: CAMLCodec::Decode: ret: 2, sz: 308, dts_in: 1.2333[1B198], pts_in: 1.2333[1B198], adj:0, ptsOut:0.1667, amlpts:14999, idx:4, timesize:0.7007, drain: 0
09:11:45.398 T:3836736416   DEBUG: CAMLCodec::Decode: ret: 2, sz: 309, dts_in: 1.2667[1BD50], pts_in: 1.2667[1BD50], adj:0, ptsOut:0.1667, amlpts:14999, idx:4, timesize:0.7340, drain: 0
09:11:45.404 T:3530867616   DEBUG: Thread FileCache 3530867616 terminating
09:11:45.404 T:4029670304   DEBUG: CFileCache::Open - opening <tvaddonsco/tva-release-repo/raw/master/addons.xml.md5> using cache
09:11:45.405 T:4029670304   DEBUG: CurlFile::Open(0xdc252ec8) https://github.com/tvaddonsco/tva-release-repo/raw/master/addons.xml.md5
09:11:45.407 T:4116944352   DEBUG: CAMLCodec::ReleaseFrame idx:1
09:11:45.407 T:4116944352    INFO: CAMLCodec::SetVideo3dMode: ppmgr_3d support not found in kernel.
09:11:45.407 T:4116944352   DEBUG: CAMLCodec::SetVideoRect:display(0,0,1920,1080)
09:11:45.407 T:4116944352   DEBUG: CAMLCodec::SetVideoRect:gui(0,0,1920,1080)
09:11:45.407 T:4116944352   DEBUG: CAMLCodec::SetVideoRect:m_dst_rect(38,22,1842,1036)
09:11:45.407 T:4116944352   DEBUG: CAMLCodec::SetVideoRect:dst_rect(38,22,1842,1036)
09:11:45.407 T:4116944352   DEBUG: CAMLCodec::SetVideoRect:m_stereo_mode(0)
09:11:45.407 T:4116944352   DEBUG: CAMLCodec::SetVideoRect:m_stereo_view(0)
09:11:45.410 T:3836736416   DEBUG: CAMLCodec::Decode: ret: 2, sz: 307, dts_in: 1.3000[1C908], pts_in: 1.3000[1C908], adj:0, ptsOut:0.1667, amlpts:14999, idx:4, timesize:0.7674, drain: 0
09:11:45.410 T:3836736416   DEBUG: CAMLCodec::Decode: ret: 6, sz: 413, dts_in: 1.3333[1D4C0], pts_in: 1.4667[203A0], adj:0, ptsOut:0.2000, amlpts:18000, idx:5, timesize:0.8008, drain: 0
09:11:45.411 T:4116931488   DEBUG: CAnnouncementManager - Announcement: OnPlay from xbmc
09:11:45.411 T:4116931488   DEBUG: GOT ANNOUNCEMENT, type: 1, from xbmc, message OnPlay
09:11:45.412 T:4116944352   DEBUG: Activating window ID: 12005
09:11:45.413 T:4116944352   DEBUG: ------ Window Deinit (Home.xml) ------
09:11:45.413 T:4116944352   DEBUG: ------ Window Init (VideoFullScreen.xml) ------
09:11:45.413 T:4116944352    INFO: Loading skin file: VideoFullScreen.xml, load type: KEEP_IN_MEMORY
09:11:45.414 T:3809473440    INFO: easy_aquire - Created session to http://i.imgur.com
09:11:45.419 T:4116944352   DEBUG: ------ Window Deinit (Custom_Rss.xml) ------
09:11:45.419 T:4116944352  NOTICE: Display resolution ADJUST : 1920x1080 @ 60.00 - Full Screen (16) (weight: 0.000)
09:11:45.419 T:4116944352   DEBUG: CAMLCodec::ReleaseFrame idx:2
09:11:45.420 T:4116944352    INFO: CAMLCodec::SetVideo3dMode: ppmgr_3d support not found in kernel.
09:11:45.420 T:4116944352   DEBUG: CAMLCodec::SetVideoRect:display(0,0,1920,1080)
09:11:45.420 T:4116944352   DEBUG: CAMLCodec::SetVideoRect:gui(0,0,1920,1080)
09:11:45.420 T:4116944352   DEBUG: CAMLCodec::SetVideoRect:m_dst_rect(0,0,1920,1080)
09:11:45.420 T:4116944352   DEBUG: CAMLCodec::SetVideoRect:dst_rect(0,0,1920,1080)
09:11:45.420 T:4116944352   DEBUG: CAMLCodec::SetVideoRect:m_stereo_mode(0)
09:11:45.420 T:4116944352   DEBUG: CAMLCodec::SetVideoRect:m_stereo_view(0)
09:11:45.422 T:4116944352   DEBUG: CAMLCodec::ReleaseFrame idx:3
09:11:45.430 T:3836736416   DEBUG: CAMLCodec::Decode: ret: 2, sz: 305, dts_in: 1.3667[1E078], pts_in: 1.3667[1E078], adj:0, ptsOut:0.2000, amlpts:18000, idx:5, timesize:0.8341, drain: 0
09:11:45.430 T:3836736416   DEBUG: CAMLCodec::Decode: ret: 6, sz: 310, dts_in: 1.4000[1EC30], pts_in: 1.4000[1EC30], adj:0, ptsOut:0.2333, amlpts:20999, idx:6, timesize:0.8675, drain: 0
09:11:45.439 T:4029670304   DEBUG: CCurlFile::Open - effective URL: <https://raw.githubusercontent.com/tvaddonsco/tva-release-repo/master/addons.xml.md5>
09:11:45.439 T:3580883872   DEBUG: Thread FileCache start, auto delete: false
09:11:45.439 T:3580883872    INFO: CFileCache::Process - Source read didn't return any data! Hit eof(?)
09:11:45.440 T:3836736416   DEBUG: CAMLCodec::Decode: ret: 2, sz: 308, dts_in: 1.4333[1F7E8], pts_in: 1.4333[1F7E8], adj:0, ptsOut:0.2333, amlpts:20999, idx:6, timesize:0.9008, drain: 0
09:11:45.441 T:4116944352   DEBUG: CAMLCodec::ReleaseFrame idx:4
09:11:45.451 T:3836736416   DEBUG: CAMLCodec::Decode: ret: 2, sz: 401, dts_in: 1.4667[203A0], pts_in: 1.6000[23280], adj:0, ptsOut:0.2333, amlpts:20999, idx:6, timesize:0.9008, drain: 0
09:11:45.451 T:3836736416   DEBUG: CAMLCodec::Decode: ret: 6, sz: 303, dts_in: 1.5000[20F58], pts_in: 1.5000[20F58], adj:0, ptsOut:0.2667, amlpts:23999, idx:7, timesize:0.9008, drain: 0
09:11:45.461 T:3836736416   DEBUG: CAMLCodec::Decode: ret: 2, sz: 300, dts_in: 1.5333[21B10], pts_in: 1.5333[21B10], adj:0, ptsOut:0.2667, amlpts:23999, idx:7, timesize:0.9342, drain: 0
09:11:45.473 T:3836736416   DEBUG: CAMLCodec::Decode: ret: 2, sz: 301, dts_in: 1.5667[226C8], pts_in: 1.5667[226C8], adj:0, ptsOut:0.2667, amlpts:23999, idx:7, timesize:0.9676, drain: 0
09:11:45.477 T:4116944352   DEBUG: CAMLCodec::ReleaseFrame idx:5
09:11:45.483 T:3836736416   DEBUG: CAMLCodec::Decode: ret: 2, sz: 3343, dts_in: 1.6000[23280], pts_in: 1.7333[26160], adj:0, ptsOut:0.2667, amlpts:23999, idx:7, timesize:0.9342, drain: 0
09:11:45.484 T:3836736416   DEBUG: CAMLCodec::Decode: ret: 6, sz: 322, dts_in: 1.6333[23E38], pts_in: 1.6333[23E38], adj:0, ptsOut:0.3000, amlpts:27000, idx:8, timesize:0.9676, drain: 0
09:11:45.489 T:3580883872   DEBUG: Thread FileCache 3580883872 terminating
09:11:45.489 T:4029670304   DEBUG: CurlFile::Open(0xf02fdb08) https://github.com/tvaddonsco/tva-resolvers-repo/raw/master/addons.xml
09:11:45.494 T:3836736416   DEBUG: CAMLCodec::Decode: ret: 0, sz: 321, dts_in: 1.6667[249F0], pts_in: 1.6667[249F0], adj:0, ptsOut:0.3000, amlpts:27000, idx:8, timesize:1.0009, drain: 0
09:11:45.504 T:3836736416   DEBUG: CAMLCodec::Decode: ret: 0, sz: 0, dts_in: 18442240474082.1797[249F0], pts_in: 18442240474082.1797[249F0], adj:0, ptsOut:0.3000, amlpts:27000, idx:8, timesize:1.0009, drain: 0
09:11:45.514 T:4116944352   DEBUG: CAMLCodec::ReleaseFrame idx:6
09:11:45.515 T:3836736416   DEBUG: CAMLCodec::Decode: ret: 0, sz: 0, dts_in: 18442240474082.1797[249F0], pts_in: 18442240474082.1797[249F0], adj:0, ptsOut:0.3000, amlpts:27000, idx:8, timesize:1.0009, drain: 0
09:11:45.515 T:3836736416   DEBUG: CAMLCodec::Decode: ret: 4, sz: 0, dts_in: 18442240474082.1797[249F0], pts_in: 18442240474082.1797[249F0], adj:0, ptsOut:0.3333, amlpts:29999, idx:9, timesize:1.0009, drain: 0
09:11:45.525 T:3836736416   DEBUG: CAMLCodec::Decode: ret: 0, sz: 0, dts_in: 18442240474082.1797[249F0], pts_in: 18442240474082.1797[249F0], adj:0, ptsOut:0.3333, amlpts:29999, idx:9, timesize:1.0009, drain: 0
09:11:45.526 T:4029670304   DEBUG: CCurlFile::Open - effective URL: <https://raw.githubusercontent.com/tvaddonsco/tva-resolvers-repo/master/addons.xml>
09:11:45.535 T:3836736416   DEBUG: CAMLCodec::Decode: ret: 0, sz: 0, dts_in: 18442240474082.1797[249F0], pts_in: 18442240474082.1797[249F0], adj:0, ptsOut:0.3333, amlpts:29999, idx:9, timesize:1.0009, drain: 0
09:11:45.544 T:4116944352   DEBUG: CAMLCodec::ReleaseFrame idx:7
09:11:45.546 T:3836736416   DEBUG: CAMLCodec::Decode: ret: 0, sz: 0, dts_in: 18442240474082.1797[249F0], pts_in: 18442240474082.1797[249F0], adj:0, ptsOut:0.3333, amlpts:29999, idx:9, timesize:1.0009, drain: 0
09:11:45.546 T:3836736416   DEBUG: CAMLCodec::Decode: ret: 4, sz: 0, dts_in: 18442240474082.1797[249F0], pts_in: 18442240474082.1797[249F0], adj:0, ptsOut:0.3667, amlpts:32999, idx:10, timesize:1.0009, drain: 0
09:11:45.552 T:4029670304   ERROR: ADDON: extension '' is not currently supported for service addon
09:11:45.556 T:3836736416   DEBUG: CAMLCodec::Decode: ret: 0, sz: 0, dts_in: 18442240474082.1797[249F0], pts_in: 18442240474082.1797[249F0], adj:0, ptsOut:0.3667, amlpts:32999, idx:10, timesize:1.0009, drain: 0
09:11:45.561 T:4029670304   DEBUG: CurlFile::Open(0xf02fdb08) https://github.com/tvaddonsco/tva-release-repo/raw/master/addons.xml
09:11:45.567 T:3836736416   DEBUG: CAMLCodec::Decode: ret: 2, sz: 0, dts_in: 18442240474082.1797[249F0], pts_in: 18442240474082.1797[249F0], adj:0, ptsOut:0.3667, amlpts:32999, idx:10, timesize:0.9676, drain: 0
09:11:45.577 T:4116944352   DEBUG: CAMLCodec::ReleaseFrame idx:8
09:11:45.578 T:3836736416   DEBUG: CAMLCodec::Decode: ret: 0, sz: 322, dts_in: 1.7000[255A8], pts_in: 1.7000[255A8], adj:0, ptsOut:0.3667, amlpts:32999, idx:10, timesize:1.0009, drain: 0
09:11:45.578 T:3836736416   DEBUG: CAMLCodec::Decode: ret: 4, sz: 0, dts_in: 18442240474082.1797[255A8], pts_in: 18442240474082.1797[255A8], adj:0, ptsOut:0.4000, amlpts:36000, idx:11, timesize:1.0009, drain: 0
09:11:45.588 T:3836736416   DEBUG: CAMLCodec::Decode: ret: 0, sz: 0, dts_in: 18442240474082.1797[255A8], pts_in: 18442240474082.1797[255A8], adj:0, ptsOut:0.4000, amlpts:36000, idx:11, timesize:1.0009, drain: 0
09:11:45.595 T:4029670304   DEBUG: CCurlFile::Open - effective URL: <https://raw.githubusercontent.com/tvaddonsco/tva-release-repo/master/addons.xml>
09:11:45.599 T:3836736416   DEBUG: CAMLCodec::Decode: ret: 2, sz: 0, dts_in: 18442240474082.1797[255A8], pts_in: 18442240474082.1797[255A8], adj:0, ptsOut:0.4000, amlpts:36000, idx:11, timesize:0.9676, drain: 0
09:11:45.609 T:3836736416   DEBUG: CAMLCodec::Decode: ret: 2, sz: 3509, dts_in: 1.7333[26160], pts_in: 1.8667[29040], adj:0, ptsOut:0.4000, amlpts:36000, idx:11, timesize:0.9342, drain: 0
09:11:45.610 T:3836736416   DEBUG: CAMLCodec::Decode: ret: 6, sz: 2521, dts_in: 1.7667[26D18], pts_in: 1.7667[26D18], adj:0, ptsOut:0.4333, amlpts:38999, idx:12, timesize:0.9676, drain: 0
09:11:45.612 T:4116944352   DEBUG: CAMLCodec::ReleaseFrame idx:9
09:11:45.620 T:3836736416   DEBUG: CAMLCodec::Decode: ret: 0, sz: 2272, dts_in: 1.8000[278D0], pts_in: 1.8000[278D0], adj:0, ptsOut:0.4333, amlpts:38999, idx:12, timesize:1.0009, drain: 0
09:11:45.628 T:4030530464   DEBUG: Got rss feed: http://172.104.51.248/BadJin/RSS/LilacTV_news.xml
09:11:45.628 T:4030530464   DEBUG: RSS feed encoding: UTF-8
09:11:45.630 T:4030530464   DEBUG: Parsed rss feed: http://172.104.51.248/BadJin/RSS/LilacTV_news.xml
09:11:45.630 T:4030530464   DEBUG: Thread RSSReader 4030530464 terminating
09:11:45.631 T:3836736416   DEBUG: CAMLCodec::Decode: ret: 0, sz: 0, dts_in: 18442240474082.1797[278D0], pts_in: 18442240474082.1797[278D0], adj:0, ptsOut:0.4333, amlpts:38999, idx:12, timesize:1.0009, drain: 0
09:11:45.641 T:3836736416   DEBUG: Previous line repeats 1 times.
09:11:45.641 T:3836736416   DEBUG: CAMLCodec::Decode: ret: 4, sz: 0, dts_in: 18442240474082.1797[278D0], pts_in: 18442240474082.1797[278D0], adj:0, ptsOut:0.4667, amlpts:41999, idx:13, timesize:1.0009, drain: 0
09:11:45.645 T:4116944352   DEBUG: CAMLCodec::ReleaseFrame idx:10
09:11:45.652 T:3836736416   DEBUG: CAMLCodec::Decode: ret: 0, sz: 0, dts_in: 18442240474082.1797[278D0], pts_in: 18442240474082.1797[278D0], adj:0, ptsOut:0.4667, amlpts:41999, idx:13, timesize:1.0009, drain: 0
09:11:45.678 T:4116944352   DEBUG: Previous line repeats 2 times.
09:11:45.678 T:4116944352   DEBUG: CAMLCodec::ReleaseFrame idx:11
09:11:45.682 T:3836736416   DEBUG: CAMLCodec::Decode: ret: 0, sz: 0, dts_in: 18442240474082.1797[278D0], pts_in: 18442240474082.1797[278D0], adj:0, ptsOut:0.4667, amlpts:41999, idx:13, timesize:1.0009, drain: 0
09:11:45.682 T:3836736416   DEBUG: CAMLCodec::Decode: ret: 6, sz: 0, dts_in: 18442240474082.1797[278D0], pts_in: 18442240474082.1797[278D0], adj:0, ptsOut:0.5000, amlpts:45000, idx:14, timesize:0.9676, drain: 0
09:11:45.693 T:3836736416   DEBUG: CAMLCodec::Decode: ret: 0, sz: 348, dts_in: 1.8333[28488], pts_in: 1.8333[28488], adj:0, ptsOut:0.5000, amlpts:45000, idx:14, timesize:1.0009, drain: 0
09:11:45.703 T:3836736416   DEBUG: CAMLCodec::Decode: ret: 0, sz: 0, dts_in: 18442240474082.1797[28488], pts_in: 18442240474082.1797[28488], adj:0, ptsOut:0.5000, amlpts:45000, idx:14, timesize:1.0009, drain: 0
09:11:45.712 T:4116944352   DEBUG: CAMLCodec::ReleaseFrame idx:12
09:11:45.713 T:3836736416   DEBUG: CAMLCodec::Decode: ret: 0, sz: 0, dts_in: 18442240474082.1797[28488], pts_in: 18442240474082.1797[28488], adj:0, ptsOut:0.5000, amlpts:45000, idx:14, timesize:1.0009, drain: 0
09:11:45.714 T:3836736416   DEBUG: CAMLCodec::Decode: ret: 6, sz: 0, dts_in: 18442240474082.1797[28488], pts_in: 18442240474082.1797[28488], adj:0, ptsOut:0.5333, amlpts:47999, idx:15, timesize:0.9676, drain: 0
09:11:45.720 T:4029670304   DEBUG: CRepository: invalidating cached art for 'script.module.js2py'
09:11:45.724 T:3836736416   DEBUG: CAMLCodec::Decode: ret: 2, sz: 4433, dts_in: 1.8667[29040], pts_in: 2.0000[2BF20], adj:0, ptsOut:0.5333, amlpts:47999, idx:15, timesize:0.9342, drain: 0
09:11:45.733 T:4029670304   DEBUG: CRepository: invalidating cached art for 'script.module.tzlocal'
09:11:45.734 T:3836736416   DEBUG: CAMLCodec::Decode: ret: 2, sz: 339, dts_in: 1.9000[29BF8], pts_in: 1.9000[29BF8], adj:0, ptsOut:0.5333, amlpts:47999, idx:15, timesize:0.9676, drain: 0
09:11:45.740 T:4029670304   DEBUG: CRepository: invalidating cached art for 'script.module.pyjsparser'
09:11:45.744 T:4116944352   DEBUG: CAMLCodec::ReleaseFrame idx:13
09:11:45.745 T:3836736416   DEBUG: CAMLCodec::Decode: ret: 0, sz: 1168, dts_in: 1.9333[2A7B0], pts_in: 1.9333[2A7B0], adj:0, ptsOut:0.5333, amlpts:47999, idx:15, timesize:1.0009, drain: 0
09:11:45.745 T:3836736416   DEBUG: CAMLCodec::Decode: ret: 4, sz: 0, dts_in: 18442240474082.1797[2A7B0], pts_in: 18442240474082.1797[2A7B0], adj:0, ptsOut:0.5667, amlpts:50999, idx:16, timesize:1.0009, drain: 0
09:11:45.752 T:4029670304   DEBUG: CRepository: invalidating cached art for 'script.module.tulip'
09:11:45.755 T:3836736416   DEBUG: CAMLCodec::Decode: ret: 0, sz: 0, dts_in: 18442240474082.1797[2A7B0], pts_in: 18442240474082.1797[2A7B0], adj:0, ptsOut:0.5667, amlpts:50999, idx:16, timesize:1.0009, drain: 0
09:11:45.776 T:3836736416   DEBUG: Previous line repeats 2 times.
09:11:45.776 T:3836736416   DEBUG: CAMLCodec::Decode: ret: 4, sz: 0, dts_in: 18442240474082.1797[2A7B0], pts_in: 18442240474082.1797[2A7B0], adj:0, ptsOut:0.6000, amlpts:54000, idx:17, timesize:1.0009, drain: 0
09:11:45.778 T:4116944352   DEBUG: CAMLCodec::ReleaseFrame idx:14
09:11:45.786 T:3836736416   DEBUG: CAMLCodec::Decode: ret: 0, sz: 0, dts_in: 18442240474082.1797[2A7B0], pts_in: 18442240474082.1797[2A7B0], adj:0, ptsOut:0.6000, amlpts:54000, idx:17, timesize:1.0009, drain: 0
09:11:45.811 T:4116944352   DEBUG: Previous line repeats 2 times.
09:11:45.811 T:4116944352   DEBUG: CAMLCodec::ReleaseFrame idx:15
09:11:45.817 T:3836736416   DEBUG: CAMLCodec::Decode: ret: 0, sz: 0, dts_in: 18442240474082.1797[2A7B0], pts_in: 18442240474082.1797[2A7B0], adj:0, ptsOut:0.6000, amlpts:54000, idx:17, timesize:1.0009, drain: 0
09:11:45.817 T:3836736416   DEBUG: CAMLCodec::Decode: ret: 6, sz: 0, dts_in: 18442240474082.1797[2A7B0], pts_in: 18442240474082.1797[2A7B0], adj:0, ptsOut:0.6333, amlpts:56999, idx:18, timesize:0.9676, drain: 0
09:11:45.828 T:3836736416   DEBUG: CAMLCodec::Decode: ret: 2, sz: 1220, dts_in: 1.9667[2B368], pts_in: 1.9667[2B368], adj:0, ptsOut:0.6333, amlpts:56999, idx:18, timesize:0.9676, drain: 0
09:11:45.838 T:3836736416   DEBUG: CAMLCodec::Decode: ret: 2, sz: 6404, dts_in: 2.0000[2BF20], pts_in: 2.0333[2CAD8], adj:0, ptsOut:0.6333, amlpts:56999, idx:18, timesize:0.6339, drain: 0
09:11:45.844 T:4116944352   DEBUG: CAMLCodec::ReleaseFrame idx:16
09:11:45.849 T:3836736416   DEBUG: CAMLCodec::Decode: ret: 2, sz: 4180, dts_in: 2.0333[2CAD8], pts_in: 2.1667[2F9B8], adj:0, ptsOut:0.6333, amlpts:56999, idx:18, timesize:0.6673, drain: 0
09:11:45.849 T:3836736416   DEBUG: CAMLCodec::Decode: ret: 6, sz: 1543, dts_in: 2.0667[2D690], pts_in: 2.0667[2D690], adj:0, ptsOut:0.6667, amlpts:59999, idx:19, timesize:0.7007, drain: 0
09:11:45.859 T:3836736416   DEBUG: CAMLCodec::Decode: ret: 2, sz: 1950, dts_in: 2.1000[2E248], pts_in: 2.1000[2E248], adj:0, ptsOut:0.6667, amlpts:59999, idx:19, timesize:0.7340, drain: 0
09:11:45.869 T:3836736416   DEBUG: CAMLCodec::Decode: ret: 2, sz: 1851, dts_in: 2.1333[2EE00], pts_in: 2.1333[2EE00], adj:0, ptsOut:0.6667, amlpts:59999, idx:19, timesize:0.7674, drain: 0
09:11:45.877 T:4116944352   DEBUG: CAMLCodec::ReleaseFrame idx:17
09:11:45.880 T:3836736416   DEBUG: CAMLCodec::Decode: ret: 2, sz: 6757, dts_in: 2.1667[2F9B8], pts_in: 2.3000[32898], adj:0, ptsOut:0.6667, amlpts:59999, idx:19, timesize:0.6339, drain: 0
09:11:45.880 T:3836736416   DEBUG: CAMLCodec::Decode: ret: 6, sz: 2914, dts_in: 2.2000[30570], pts_in: 2.2000[30570], adj:0, ptsOut:0.7000, amlpts:63000, idx:20, timesize:0.6673, drain: 0
09:11:45.890 T:3836736416   DEBUG: CAMLCodec::Decode: ret: 2, sz: 2687, dts_in: 2.2333[31128], pts_in: 2.2333[31128], adj:0, ptsOut:0.7000, amlpts:63000, idx:20, timesize:0.7007, drain: 0
09:11:45.901 T:3836736416   DEBUG: CAMLCodec::Decode: ret: 2, sz: 2645, dts_in: 2.2667[31CE0], pts_in: 2.2667[31CE0], adj:0, ptsOut:0.7000, amlpts:63000, idx:20, timesize:0.7340, drain: 0
09:11:45.911 T:3836736416   DEBUG: CAMLCodec::Decode: ret: 2, sz: 12012, dts_in: 2.3000[32898], pts_in: 2.4333[35778], adj:0, ptsOut:0.7000, amlpts:63000, idx:20, timesize:0.5672, drain: 0
09:11:45.912 T:3836736416   DEBUG: CAMLCodec::Decode: ret: 6, sz: 3260, dts_in: 2.3333[33450], pts_in: 2.3333[33450], adj:0, ptsOut:0.7333, amlpts:65999, idx:21, timesize:0.6006, drain: 0
09:11:45.912 T:4116944352   DEBUG: CAMLCodec::ReleaseFrame idx:18
09:11:45.913 T:3897549728   DEBUG: CCurlFile::Open - effective URL: <https://raw.githubusercontent.com/spoyser/spoyser-repo/master/addons.xml.md5>
09:11:45.913 T:3514090400   DEBUG: Thread FileCache start, auto delete: false
09:11:45.913 T:3514090400    INFO: CFileCache::Process - Source read didn't return any data! Hit eof(?)
09:11:45.922 T:3836736416   DEBUG: CAMLCodec::Decode: ret: 2, sz: 5316, dts_in: 2.3667[34008], pts_in: 2.3667[34008], adj:0, ptsOut:0.7333, amlpts:65999, idx:21, timesize:0.6339, drain: 0
09:11:45.932 T:3836736416   DEBUG: CAMLCodec::Decode: ret: 2, sz: 6167, dts_in: 2.4000[34BC0], pts_in: 2.4000[34BC0], adj:0, ptsOut:0.7333, amlpts:65999, idx:21, timesize:0.6673, drain: 0
09:11:45.943 T:3836736416   DEBUG: CAMLCodec::Decode: ret: 2, sz: 13165, dts_in: 2.4333[35778], pts_in: 2.5667[38658], adj:0, ptsOut:0.7333, amlpts:65999, idx:21, timesize:0.7007, drain: 0
09:11:45.943 T:3836736416   DEBUG: CAMLCodec::Decode: ret: 6, sz: 5649, dts_in: 2.4667[36330], pts_in: 2.4667[36330], adj:0, ptsOut:0.7667, amlpts:68999, idx:22, timesize:0.7340, drain: 0
09:11:45.944 T:4116944352   DEBUG: CAMLCodec::ReleaseFrame idx:19
09:11:45.944 T:4029670304   DEBUG: CRepositoryUpdateJob[repository.lilac] checking for updates.
09:11:45.949 T:4029670304   DEBUG: CFileCache::Open - opening <BadJin/Addons/addons.xml.md5> using cache
09:11:45.949 T:4029670304   DEBUG: CurlFile::Open(0xd0d49388) http://172.104.51.248/BadJin/Addons/addons.xml.md5
09:11:45.954 T:3836736416   DEBUG: CAMLCodec::Decode: ret: 2, sz: 5764, dts_in: 2.5000[36EE8], pts_in: 2.5000[36EE8], adj:0, ptsOut:0.7667, amlpts:68999, idx:22, timesize:0.7674, drain: 0
09:11:45.964 T:3836736416   DEBUG: CAMLCodec::Decode: ret: 2, sz: 6253, dts_in: 2.5333[37AA0], pts_in: 2.5333[37AA0], adj:0, ptsOut:0.7667, amlpts:68999, idx:22, timesize:0.8008, drain: 0
09:11:45.965 T:3514090400   DEBUG: Thread FileCache 3514090400 terminating
09:11:45.969 T:3897549728   DEBUG: CRepositoryUpdateJob[repository.spoyser] checksum not changed.
09:11:45.972 T:3897549728   DEBUG: CRepositoryUpdateJob[repository.aresproject] checking for updates.
09:11:45.975 T:3836736416   DEBUG: CAMLCodec::Decode: ret: 2, sz: 14330, dts_in: 2.5667[38658], pts_in: 2.7000[3B538], adj:0, ptsOut:0.7667, amlpts:68999, idx:22, timesize:0.8008, drain: 0
09:11:45.975 T:3836736416   DEBUG: CAMLCodec::Decode: ret: 6, sz: 7144, dts_in: 2.6000[39210], pts_in: 2.6000[39210], adj:0, ptsOut:0.8000, amlpts:72000, idx:23, timesize:0.8341, drain: 0
09:11:45.976 T:3897549728   DEBUG: CFileCache::Open - opening <Colossal1/repository.colossus.common/master/addons.xml.md5> using cache
09:11:45.977 T:3897549728   DEBUG: CurlFile::Open(0xf2d90c08) https://raw.githubusercontent.com/Colossal1/repository.colossus.common/master/addons.xml.md5
09:11:45.978 T:4116944352   DEBUG: CAMLCodec::ReleaseFrame idx:20
09:11:45.986 T:3836736416   DEBUG: CAMLCodec::Decode: ret: 2, sz: 7894, dts_in: 2.6333[39DC8], pts_in: 2.6333[39DC8], adj:0, ptsOut:0.8000, amlpts:72000, idx:23, timesize:0.8675, drain: 0
09:11:45.997 T:3836736416   DEBUG: CAMLCodec::Decode: ret: 2, sz: 7656, dts_in: 2.6667[3A980], pts_in: 2.6667[3A980], adj:0, ptsOut:0.8000, amlpts:72000, idx:23, timesize:0.9008, drain: 0
09:11:46.002 T:3897549728   ERROR: CCurlFile::Open failed with code 404 for https://raw.githubusercontent.com/Colossal1/repository.colossus.common/master/addons.xml.md5
